 cgamex86

 Timestamp is 58c96169 (Wed Mar 15 11:44:41 2017)

 Preferred load address is 30000000

 Start         Length     Name                   Class
 0001:00000000 0006b97bH .text                   CODE
 0001:0006b97b 00031a05H .textbss                CODE
 0002:00000000 0000986fH .rdata                  DATA
 0002:00009870 0000016aH .edata                  DATA
 0003:00000000 00000104H .CRT$XCA                DATA
 0003:00000104 00000104H .CRT$XCZ                DATA
 0003:00000208 00000104H .CRT$XIA                DATA
 0003:0000030c 00000109H .CRT$XIC                DATA
 0003:00000418 00000104H .CRT$XIZ                DATA
 0003:0000051c 00000104H .CRT$XPA                DATA
 0003:00000620 00000104H .CRT$XPX                DATA
 0003:00000724 00000104H .CRT$XPZ                DATA
 0003:00000828 00000104H .CRT$XTA                DATA
 0003:0000092c 00000104H .CRT$XTZ                DATA
 0003:00000a30 000056b2H .data                   DATA
 0003:000060e8 0061160cH .bss                    DATA
 0004:00000000 00000014H .idata$2                DATA
 0004:00000014 00000014H .idata$3                DATA
 0004:00000028 0000018cH .idata$4                DATA
 0004:000001b4 0000018cH .idata$5                DATA
 0004:00000340 000006c8H .idata$6                DATA

  Address         Publics by Value              Rva+Base     Lib:Object

 0001:00001970       _BG_FindItemForPowerup     30002970 f   bg_misc.obj
 0001:00001a10       _BG_FindItemForHoldable    30002a10 f   bg_misc.obj
 0001:00001aa0       _BG_FindItemForWeapon      30002aa0 f   bg_misc.obj
 0001:00001b10       _BG_FindItem               30002b10 f   bg_misc.obj
 0001:00001b70       _BG_PlayerTouchesItem      30002b70 f   bg_misc.obj
 0001:00001c60       _BG_CanItemBeGrabbed       30002c60 f   bg_misc.obj
 0001:00001f20       _BG_EvaluateTrajectory     30002f20 f   bg_misc.obj
 0001:00002210       _BG_EvaluateTrajectoryDelta 30003210 f   bg_misc.obj
 0001:00002440       _BG_AddPredictableEventToPlayerstate 30003440 f   bg_misc.obj
 0001:00002520       _BG_TouchJumpPad           30003520 f   bg_misc.obj
 0001:00002540       _BG_PlayerStateToEntityState 30003540 f   bg_misc.obj
 0001:000029e0       _BG_PlayerStateToEntityStateExtraPolate 300039e0 f   bg_misc.obj
 0001:00002e90       _Inv_GetVectorFromStat     30003e90 f   bg_pmove.obj
 0001:00002f70       _Inv_QuatNormalize         30003f70 f   bg_pmove.obj
 0001:00003040       _Inv_GetQuatFromStat       30004040 f   bg_pmove.obj
 0001:00003150       _Inv_MatrixToAngles        30004150 f   bg_pmove.obj
 0001:00003480       _Inv_AxisToQuat            30004480 f   bg_pmove.obj
 0001:00003560       _Inv_GetQuatMaxDelta       30004560 f   bg_pmove.obj
 0001:000035e0       _Inv_GetInvertAxis         300045e0 f   bg_pmove.obj
 0001:00003680       _Inv_MulQuat               30004680 f   bg_pmove.obj
 0001:000037d0       _Inv_FinbBestInvertAxisForQuat 300047d0 f   bg_pmove.obj
 0001:00003970       _Inv_QuatToMatrix          30004970 f   bg_pmove.obj
 0001:00003b70       _Inv_QuatMultiply          30004b70 f   bg_pmove.obj
 0001:00003bf0       _Inv_GetAngleDiff          30004bf0 f   bg_pmove.obj
 0001:00003dc0       _Inv_ComputeDynYaw         30004dc0 f   bg_pmove.obj
 0001:00004060       _Inv_QuatIntToStat         30005060 f   bg_pmove.obj
 0001:000040d0       _Inv_FinishDynYaw          300050d0 f   bg_pmove.obj
 0001:00004170       _Inv_QuatToInt             30005170 f   bg_pmove.obj
 0001:000041d0       _Inv_ApplyGravityRotation  300051d0 f   bg_pmove.obj
 0001:00004ba0       _Inv_RemoveGravityComponent 30005ba0 f   bg_pmove.obj
 0001:00004c40       _PM_AddEvent               30005c40 f   bg_pmove.obj
 0001:00004c70       _PM_AddEventParm           30005c70 f   bg_pmove.obj
 0001:00004cb0       _PM_AddTouchEnt            30005cb0 f   bg_pmove.obj
 0001:00004d60       _PM_ClipVelocity           30005d60 f   bg_pmove.obj
 0001:00004e20       _PM_UpdateViewAngles       30005e20 f   bg_pmove.obj
 0001:00004f60       _PmoveSingle               30005f60 f   bg_pmove.obj
 0001:0000b570       _Pmove                     3000c570 f   bg_pmove.obj
 0001:0000b6a0       _PM_SlideMove              3000c6a0 f   bg_slidemove.obj
 0001:0000c200       _PM_StepSlideMove          3000d200 f   bg_slidemove.obj
 0001:0000c930       _CG_TargetCommand_f        3000d930 f   cg_consolecmds.obj
 0001:0000cea0       _CG_ConsoleCommand         3000dea0 f   cg_consolecmds.obj
 0001:0000cf20       _CG_InitConsoleCommands    3000df20 f   cg_consolecmds.obj
 0001:0000d130       _CG_Draw3DModel            3000e130 f   cg_draw.obj
 0001:0000d2e0       _CG_DrawHead               3000e2e0 f   cg_draw.obj
 0001:0000d480       _CG_DrawFlagModel          3000e480 f   cg_draw.obj
 0001:0000d680       _CG_DrawTeamBackground     3000e680 f   cg_draw.obj
 0001:0000d740       _CG_AddLagometerFrameInfo  3000e740 f   cg_draw.obj
 0001:0000d790       _CG_AddLagometerSnapshotInfo 3000e790 f   cg_draw.obj
 0001:0000d830       _CG_CenterPrint            3000e830 f   cg_draw.obj
 0001:0000d8e0       _CG_DrawActive             3000e8e0 f   cg_draw.obj
 0001:00011d40       _CG_AdjustFrom640          30012d40 f   cg_drawtools.obj
 0001:00011db0       _CG_FillRect               30012db0 f   cg_drawtools.obj
 0001:00011e30       _CG_DrawSides              30012e30 f   cg_drawtools.obj
 0001:00011ee0       _CG_DrawTopBottom          30012ee0 f   cg_drawtools.obj
 0001:00011f90       _CG_DrawRect               30012f90 f   cg_drawtools.obj
 0001:00012010       _CG_DrawPic                30013010 f   cg_drawtools.obj
 0001:00012080       _CG_DrawChar               30013080 f   cg_drawtools.obj
 0001:00012180       _CG_DrawStringExt          30013180 f   cg_drawtools.obj
 0001:000123e0       _CG_DrawBigString          300133e0 f   cg_drawtools.obj
 0001:00012440       _CG_DrawBigStringColor     30013440 f   cg_drawtools.obj
 0001:00012480       _CG_DrawSmallString        30013480 f   cg_drawtools.obj
 0001:000124e0       _CG_DrawSmallStringColor   300134e0 f   cg_drawtools.obj
 0001:00012520       _CG_DrawStrlen             30013520 f   cg_drawtools.obj
 0001:000125b0       _CG_TileClear              300135b0 f   cg_drawtools.obj
 0001:000127b0       _CG_FadeColor              300137b0 f   cg_drawtools.obj
 0001:00012870       _CG_TeamColor              30013870 f   cg_drawtools.obj
 0001:000128d0       _CG_GetColorForHealth      300138d0 f   cg_drawtools.obj
 0001:00012a20       _CG_ColorForHealth         30013a20 f   cg_drawtools.obj
 0001:00012a70       _UI_DrawBannerString       30013a70 f   cg_drawtools.obj
 0001:00012dc0       _UI_ProportionalStringWidth 30013dc0 f   cg_drawtools.obj
 0001:00012e50       _UI_ProportionalSizeScale  30013e50 f   cg_drawtools.obj
 0001:00012e90       _UI_DrawProportionalString 30013e90 f   cg_drawtools.obj
 0001:00013360       _CG_BubbleTrail            30014360 f   cg_effects.obj
 0001:000136d0       _CG_SmokePuff              300146d0 f   cg_effects.obj
 0001:00013980       _CG_SpawnEffect            30014980 f   cg_effects.obj
 0001:00013ae0       _CG_ScorePlum              30014ae0 f   cg_effects.obj
 0001:00013cd0       _CG_MakeExplosion          30014cd0 f   cg_effects.obj
 0001:00013f60       _CG_Bleed                  30014f60 f   cg_effects.obj
 0001:00014080       _CG_LaunchGib              30015080 f   cg_effects.obj
 0001:00014210       _CG_GibPlayer              30015210 f   cg_effects.obj
 0001:00014af0       _CG_LaunchExplode          30015af0 f   cg_effects.obj
 0001:00014c80       _CG_BigExplode             30015c80 f   cg_effects.obj
 0001:00015100       _CG_PositionEntityOnTag    30016100 f   cg_ents.obj
 0001:00015250       _CG_PositionRotatedEntityOnTag 30016250 f   cg_ents.obj
 0001:000153b0       _CG_SetEntitySoundPosition 300163b0 f   cg_ents.obj
 0001:00015470       _CG_Beam                   30016470 f   cg_ents.obj
 0001:00015550       _CG_AdjustPositionForMover 30016550 f   cg_ents.obj
 0001:000156f0       _CG_AddPacketEntities      300166f0 f   cg_ents.obj
 0001:000172e0       _CG_PlaceString            300182e0 f   cg_event.obj
 0001:00017480       _CG_PainEvent              30018480 f   cg_event.obj
 0001:00017550       _CG_EntityEvent            30018550 f   cg_event.obj
 0001:00019a40       _CG_CheckEvents            3001aa40 f   cg_event.obj
 0001:00019b60       _CG_LoadingString          3001ab60 f   cg_info.obj
 0001:00019ba0       _CG_LoadingItem            3001aba0 f   cg_info.obj
 0001:00019c30       _CG_LoadingClient          3001ac30 f   cg_info.obj
 0001:00019e80       _CG_DrawInformation        3001ae80 f   cg_info.obj
 0001:0001a560       _CG_InitLocalEntities      3001b560 f   cg_localents.obj
 0001:0001a600       _CG_FreeLocalEntity        3001b600 f   cg_localents.obj
 0001:0001a670       _CG_AllocLocalEntity       3001b670 f   cg_localents.obj
 0001:0001a710       _CG_BloodTrail             3001b710 f   cg_localents.obj
 0001:0001a810       _CG_FragmentBounceMark     3001b810 f   cg_localents.obj
 0001:0001a960       _CG_FragmentBounceSound    3001b960 f   cg_localents.obj
 0001:0001aa10       _CG_ReflectVelocity        3001ba10 f   cg_localents.obj
 0001:0001abf0       _CG_AddFragment            3001bbf0 f   cg_localents.obj
 0001:0001aec0       _CG_AddFadeRGB             3001bec0 f   cg_localents.obj
 0001:0001af90       _CG_AddScorePlum           3001bf90 f   cg_localents.obj
 0001:0001b540       _CG_AddLocalEntities       3001c540 f   cg_localents.obj
 0001:0001bd90       _vmMain                    3001cd90 f   cg_main.obj
 0001:0001bec0       _CG_RegisterCvars          3001cec0 f   cg_main.obj
 0001:0001c000       _CG_UpdateCvars            3001d000 f   cg_main.obj
 0001:0001c170       _CG_CrosshairPlayer        3001d170 f   cg_main.obj
 0001:0001c1b0       _CG_LastAttacker           3001d1b0 f   cg_main.obj
 0001:0001c1f0       _CG_Printf                 3001d1f0 f   cg_main.obj
 0001:0001c250       _CG_Error                  3001d250 f   cg_main.obj
 0001:0001c2b0       _Com_Error                 3001d2b0 f   cg_main.obj
 0001:0001c310       _Com_Printf                3001d310 f   cg_main.obj
 0001:0001c370       _CG_Argv                   3001d370 f   cg_main.obj
 0001:0001c3b0       _CG_BuildSpectatorString   3001d3b0 f   cg_main.obj
 0001:0001c490       _CG_ConfigString           3001d490 f   cg_main.obj
 0001:0001c4e0       _CG_StartMusic             3001d4e0 f   cg_main.obj
 0001:0001c570       _CG_Init                   3001d570 f   cg_main.obj
 0001:0001dfe0       _CG_Shutdown               3001efe0 f   cg_main.obj
 0001:0001e000       _CG_EventHandling          3001f000 f   cg_main.obj
 0001:0001e020       _CG_KeyEvent               3001f020 f   cg_main.obj
 0001:0001e040       _CG_MouseEvent             3001f040 f   cg_main.obj
 0001:0001e060       _CG_InitMarkPolys          3001f060 f   cg_marks.obj
 0001:0001e100       _CG_FreeMarkPoly           3001f100 f   cg_marks.obj
 0001:0001e170       _CG_AllocMark              3001f170 f   cg_marks.obj
 0001:0001e240       _CG_ImpactMark             3001f240 f   cg_marks.obj
 0001:0001e860       _CG_AddMarks               3001f860 f   cg_marks.obj
 0001:0001eb30       _CG_ClearParticles         3001fb30 f   cg_marks.obj
 0001:0001ecb0       _CG_AddParticleToScene     3001fcb0 f   cg_marks.obj
 0001:00021820       _CG_AddParticles           30022820 f   cg_marks.obj
 0001:00021d00       _CG_ParticleSnowFlurry     30022d00 f   cg_marks.obj
 0001:00022070       _CG_ParticleSnow           30023070 f   cg_marks.obj
 0001:00022350       _CG_ParticleBubble         30023350 f   cg_marks.obj
 0001:000226a0       _CG_ParticleSmoke          300236a0 f   cg_marks.obj
 0001:000228e0       _CG_ParticleBulletDebris   300238e0 f   cg_marks.obj
 0001:00022aa0       _CG_ParticleExplosion      30023aa0 f   cg_marks.obj
 0001:00022d00       _CG_AddParticleShrapnel    30023d00 f   cg_marks.obj
 0001:00022d20       _CG_NewParticleArea        30023d20 f   cg_marks.obj
 0001:00022fb0       _CG_SnowLink               30023fb0 f   cg_marks.obj
 0001:00023050       _CG_ParticleImpactSmokePuff 30024050 f   cg_marks.obj
 0001:00023290       _CG_Particle_Bleed         30024290 f   cg_marks.obj
 0001:000234a0       _CG_Particle_OilParticle   300244a0 f   cg_marks.obj
 0001:000236d0       _CG_Particle_OilSlick      300246d0 f   cg_marks.obj
 0001:000239b0       _CG_OilSlickRemove         300249b0 f   cg_marks.obj
 0001:00023a60       _ValidBloodPool            30024a60 f   cg_marks.obj
 0001:00023cc0       _CG_BloodPool              30024cc0 f   cg_marks.obj
 0001:00023f10       _CG_ParticleBloodCloud     30024f10 f   cg_marks.obj
 0001:00024210       _CG_ParticleSparks         30025210 f   cg_marks.obj
 0001:00024570       _CG_ParticleDust           30025570 f   cg_marks.obj
 0001:00024a30       _CG_ParticleMisc           30025a30 f   cg_marks.obj
 0001:00024ba0       _CG_CustomSound            30025ba0 f   cg_players.obj
 0001:00024c90       _CG_NewClientInfo          30025c90 f   cg_players.obj
 0001:000276f0       _CG_LoadDeferredPlayers    300286f0 f   cg_players.obj
 0001:000277a0       _CG_AddRefEntityWithPowerups 300287a0 f   cg_players.obj
 0001:000278b0       _CG_LightVerts             300288b0 f   cg_players.obj
 0001:00027a80       _CG_Player                 30028a80 f   cg_players.obj
 0001:00029d40       _CG_ResetPlayerEntity      3002ad40 f   cg_players.obj
 0001:0002a040       _CG_CheckAmmo              3002b040 f   cg_playerstate.obj
 0001:0002a190       _CG_DamageFeedback         3002b190 f   cg_playerstate.obj
 0001:0002a570       _CG_Respawn                3002b570 f   cg_playerstate.obj
 0001:0002a5c0       _CG_CheckPlayerstateEvents 3002b5c0 f   cg_playerstate.obj
 0001:0002a770       _CG_CheckChangedPredictableEvents 3002b770 f   cg_playerstate.obj
 0001:0002a8a0       _CG_CheckLocalSounds       3002b8a0 f   cg_playerstate.obj
 0001:0002ac00       _CG_TransitionPlayerState  3002bc00 f   cg_playerstate.obj
 0001:0002ad80       _CG_BuildSolidList         3002bd80 f   cg_predict.obj
 0001:0002aed0       _CG_Trace                  3002bed0 f   cg_predict.obj
 0001:0002b230       _CG_PointContents          3002c230 f   cg_predict.obj
 0001:0002b320       _CG_PredictPlayerState     3002c320 f   cg_predict.obj
 0001:0002c100       _CG_DrawOldScoreboard      3002d100 f   cg_scoreboard.obj
 0001:0002d1c0       _CG_DrawOldTourneyScoreboard 3002e1c0 f   cg_scoreboard.obj
 0001:0002d610       _CG_ParseServerinfo        3002e610 f   cg_servercmds.obj
 0001:0002d830       _CG_SetConfigValues        3002e830 f   cg_servercmds.obj
 0001:0002d900       _CG_ShaderStateChanged     3002e900 f   cg_servercmds.obj
 0001:0002db30       _CG_ParseVoiceChats        3002eb30 f   cg_servercmds.obj
 0001:0002e110       _CG_LoadVoiceChats         3002f110 f   cg_servercmds.obj
 0001:0002e220       _CG_HeadModelVoiceChats    3002f220 f   cg_servercmds.obj
 0001:0002e3b0       _CG_GetVoiceChat           3002f3b0 f   cg_servercmds.obj
 0001:0002e4c0       _CG_VoiceChatListForClient 3002f4c0 f   cg_servercmds.obj
 0001:0002e950       _CG_PlayVoiceChat          3002f950 f   cg_servercmds.obj
 0001:0002e970       _CG_PlayBufferedVoiceChats 3002f970 f   cg_servercmds.obj
 0001:0002e990       _CG_AddBufferedVoiceChat   3002f990 f   cg_servercmds.obj
 0001:0002e9b0       _CG_VoiceChatLocal         3002f9b0 f   cg_servercmds.obj
 0001:0002e9d0       _CG_VoiceChat              3002f9d0 f   cg_servercmds.obj
 0001:0002e9f0       _CG_ExecuteNewServerCommands 3002f9f0 f   cg_servercmds.obj
 0001:0002fc80       _CG_SetInitialSnapshot     30030c80 f   cg_snapshot.obj
 0001:0002fea0       _CG_ProcessSnapshots       30030ea0 f   cg_snapshot.obj
 0001:00030600       _dllEntry                  30031600 f   cg_syscalls.obj
 0001:00030620       _PASSFLOAT                 30031620 f   cg_syscalls.obj
 0001:00030640       _trap_Print                30031640 f   cg_syscalls.obj
 0001:00030670       _trap_Error                30031670 f   cg_syscalls.obj
 0001:000306a0       _trap_Milliseconds         300316a0 f   cg_syscalls.obj
 0001:000306d0       _trap_Cvar_Register        300316d0 f   cg_syscalls.obj
 0001:00030710       _trap_Cvar_Update          30031710 f   cg_syscalls.obj
 0001:00030740       _trap_Cvar_Set             30031740 f   cg_syscalls.obj
 0001:00030770       _trap_Cvar_VariableStringBuffer 30031770 f   cg_syscalls.obj
 0001:000307a0       _trap_Argc                 300317a0 f   cg_syscalls.obj
 0001:000307d0       _trap_Argv                 300317d0 f   cg_syscalls.obj
 0001:00030800       _trap_Args                 30031800 f   cg_syscalls.obj
 0001:00030830       _trap_FS_FOpenFile         30031830 f   cg_syscalls.obj
 0001:00030860       _trap_FS_Read              30031860 f   cg_syscalls.obj
 0001:00030890       _trap_FS_Write             30031890 f   cg_syscalls.obj
 0001:000308c0       _trap_FS_FCloseFile        300318c0 f   cg_syscalls.obj
 0001:000308f0       _trap_FS_Seek              300318f0 f   cg_syscalls.obj
 0001:00030920       _trap_SendConsoleCommand   30031920 f   cg_syscalls.obj
 0001:00030950       _trap_AddCommand           30031950 f   cg_syscalls.obj
 0001:00030980       _trap_RemoveCommand        30031980 f   cg_syscalls.obj
 0001:000309b0       _trap_SendClientCommand    300319b0 f   cg_syscalls.obj
 0001:000309e0       _trap_UpdateScreen         300319e0 f   cg_syscalls.obj
 0001:00030a10       _trap_CM_LoadMap           30031a10 f   cg_syscalls.obj
 0001:00030a40       _trap_CM_NumInlineModels   30031a40 f   cg_syscalls.obj
 0001:00030a70       _trap_CM_InlineModel       30031a70 f   cg_syscalls.obj
 0001:00030aa0       _trap_CM_TempBoxModel      30031aa0 f   cg_syscalls.obj
 0001:00030ad0       _trap_CM_TempCapsuleModel  30031ad0 f   cg_syscalls.obj
 0001:00030b00       _trap_CM_PointContents     30031b00 f   cg_syscalls.obj
 0001:00030b30       _trap_CM_TransformedPointContents 30031b30 f   cg_syscalls.obj
 0001:00030b70       _trap_CM_BoxTrace          30031b70 f   cg_syscalls.obj
 0001:00030bc0       _trap_CM_CapsuleTrace      30031bc0 f   cg_syscalls.obj
 0001:00030c10       _trap_CM_TransformedBoxTrace 30031c10 f   cg_syscalls.obj
 0001:00030c60       _trap_CM_TransformedCapsuleTrace 30031c60 f   cg_syscalls.obj
 0001:00030cb0       _trap_CM_MarkFragments     30031cb0 f   cg_syscalls.obj
 0001:00030d00       _trap_S_StartSound         30031d00 f   cg_syscalls.obj
 0001:00030d40       _trap_S_StartLocalSound    30031d40 f   cg_syscalls.obj
 0001:00030d70       _trap_S_ClearLoopingSounds 30031d70 f   cg_syscalls.obj
 0001:00030da0       _trap_S_AddLoopingSound    30031da0 f   cg_syscalls.obj
 0001:00030de0       _trap_S_AddRealLoopingSound 30031de0 f   cg_syscalls.obj
 0001:00030e20       _trap_S_StopLoopingSound   30031e20 f   cg_syscalls.obj
 0001:00030e50       _trap_S_UpdateEntityPosition 30031e50 f   cg_syscalls.obj
 0001:00030e80       _trap_S_Respatialize       30031e80 f   cg_syscalls.obj
 0001:00030ec0       _trap_S_RegisterSound      30031ec0 f   cg_syscalls.obj
 0001:00030ef0       _trap_S_StartBackgroundTrack 30031ef0 f   cg_syscalls.obj
 0001:00030f20       _trap_R_LoadWorldMap       30031f20 f   cg_syscalls.obj
 0001:00030f50       _trap_R_RegisterModel      30031f50 f   cg_syscalls.obj
 0001:00030f80       _trap_R_RegisterSkin       30031f80 f   cg_syscalls.obj
 0001:00030fb0       _trap_R_RegisterShader     30031fb0 f   cg_syscalls.obj
 0001:00030fe0       _trap_R_RegisterShaderNoMip 30031fe0 f   cg_syscalls.obj
 0001:00031010       _trap_R_RegisterFont       30032010 f   cg_syscalls.obj
 0001:00031040       _trap_R_ClearScene         30032040 f   cg_syscalls.obj
 0001:00031070       _trap_R_AddRefEntityToScene 30032070 f   cg_syscalls.obj
 0001:000310a0       _trap_R_AddPolyToScene     300320a0 f   cg_syscalls.obj
 0001:000310d0       _trap_R_AddPolysToScene    300320d0 f   cg_syscalls.obj
 0001:00031110       _trap_R_LightForPoint      30032110 f   cg_syscalls.obj
 0001:00031150       _trap_R_AddLightToScene    30032150 f   cg_syscalls.obj
 0001:000311c0       _trap_R_AddAdditiveLightToScene 300321c0 f   cg_syscalls.obj
 0001:00031230       _trap_R_RenderScene        30032230 f   cg_syscalls.obj
 0001:00031260       _trap_R_SetColor           30032260 f   cg_syscalls.obj
 0001:00031290       _trap_R_DrawStretchPic     30032290 f   cg_syscalls.obj
 0001:00031340       _trap_R_ModelBounds        30032340 f   cg_syscalls.obj
 0001:00031370       _trap_R_LerpTag            30032370 f   cg_syscalls.obj
 0001:000313c0       _trap_R_RemapShader        300323c0 f   cg_syscalls.obj
 0001:000313f0       _trap_GetGlconfig          300323f0 f   cg_syscalls.obj
 0001:00031420       _trap_GetGameState         30032420 f   cg_syscalls.obj
 0001:00031450       _trap_GetCurrentSnapshotNumber 30032450 f   cg_syscalls.obj
 0001:00031480       _trap_GetSnapshot          30032480 f   cg_syscalls.obj
 0001:000314b0       _trap_GetServerCommand     300324b0 f   cg_syscalls.obj
 0001:000314e0       _trap_GetCurrentCmdNumber  300324e0 f   cg_syscalls.obj
 0001:00031510       _trap_GetUserCmd           30032510 f   cg_syscalls.obj
 0001:00031540       _trap_SetUserCmdValue      30032540 f   cg_syscalls.obj
 0001:00031580       _testPrintInt              30032580 f   cg_syscalls.obj
 0001:000315b0       _testPrintFloat            300325b0 f   cg_syscalls.obj
 0001:000315f0       _trap_MemoryRemaining      300325f0 f   cg_syscalls.obj
 0001:00031620       _trap_Key_IsDown           30032620 f   cg_syscalls.obj
 0001:00031650       _trap_Key_GetCatcher       30032650 f   cg_syscalls.obj
 0001:00031680       _trap_Key_SetCatcher       30032680 f   cg_syscalls.obj
 0001:000316b0       _trap_Key_GetKey           300326b0 f   cg_syscalls.obj
 0001:000316e0       _trap_PC_AddGlobalDefine   300326e0 f   cg_syscalls.obj
 0001:00031710       _trap_PC_LoadSource        30032710 f   cg_syscalls.obj
 0001:00031740       _trap_PC_FreeSource        30032740 f   cg_syscalls.obj
 0001:00031770       _trap_PC_ReadToken         30032770 f   cg_syscalls.obj
 0001:000317a0       _trap_PC_SourceFileAndLine 300327a0 f   cg_syscalls.obj
 0001:000317d0       _trap_S_StopBackgroundTrack 300327d0 f   cg_syscalls.obj
 0001:00031800       _trap_RealTime             30032800 f   cg_syscalls.obj
 0001:00031830       _trap_SnapVector           30032830 f   cg_syscalls.obj
 0001:00031860       _trap_CIN_PlayCinematic    30032860 f   cg_syscalls.obj
 0001:000318a0       _trap_CIN_StopCinematic    300328a0 f   cg_syscalls.obj
 0001:000318d0       _trap_CIN_RunCinematic     300328d0 f   cg_syscalls.obj
 0001:00031900       _trap_CIN_DrawCinematic    30032900 f   cg_syscalls.obj
 0001:00031930       _trap_CIN_SetExtents       30032930 f   cg_syscalls.obj
 0001:00031970       _trap_GetEntityToken       30032970 f   cg_syscalls.obj
 0001:000319a0       _trap_R_inPVS              300329a0 f   cg_syscalls.obj
 0001:000319d0       _CG_TestModel_f            300329d0 f   cg_view.obj
 0001:00031b50       _CG_TestGun_f              30032b50 f   cg_view.obj
 0001:00031b90       _CG_TestModelNextFrame_f   30032b90 f   cg_view.obj
 0001:00031bd0       _CG_TestModelPrevFrame_f   30032bd0 f   cg_view.obj
 0001:00031c30       _CG_TestModelNextSkin_f    30032c30 f   cg_view.obj
 0001:00031c70       _CG_TestModelPrevSkin_f    30032c70 f   cg_view.obj
 0001:00031cd0       _CG_ZoomDown_f             30032cd0 f   cg_view.obj
 0001:00031d10       _CG_ZoomUp_f               30032d10 f   cg_view.obj
 0001:00031d50       _CG_AddBufferedSound       30032d50 f   cg_view.obj
 0001:00031dc0       _CG_DrawActiveFrame        30032dc0 f   cg_view.obj
 0001:00033fe0       _CG_RailTrail              30034fe0 f   cg_weapons.obj
 0001:00034490       _CG_GrappleTrail           30035490 f   cg_weapons.obj
 0001:00034720       _CG_RegisterWeapon         30035720 f   cg_weapons.obj
 0001:00036200       _CG_RegisterItemVisuals    30037200 f   cg_weapons.obj
 0001:00036350       _CG_AddPlayerWeapon        30037350 f   cg_weapons.obj
 0001:00037270       _CG_AddViewWeapon          30038270 f   cg_weapons.obj
 0001:00037970       _CG_DrawWeaponSelect       30038970 f   cg_weapons.obj
 0001:00037c30       _CG_NextWeapon_f           30038c30 f   cg_weapons.obj
 0001:00037d70       _CG_PrevWeapon_f           30038d70 f   cg_weapons.obj
 0001:00037e50       _CG_Weapon_f               30038e50 f   cg_weapons.obj
 0001:00037f00       _CG_OutOfAmmoChange        30038f00 f   cg_weapons.obj
 0001:00037f70       _CG_FireWeapon             30038f70 f   cg_weapons.obj
 0001:00038100       _CG_MissileHitWall         30039100 f   cg_weapons.obj
 0001:000386f0       _CG_MissileHitPlayer       300396f0 f   cg_weapons.obj
 0001:00038750       _CG_ShotgunFire            30039750 f   cg_weapons.obj
 0001:00038cd0       _CG_Tracer                 30039cd0 f   cg_weapons.obj
 0001:00039190       _CG_Bullet                 3003a190 f   cg_weapons.obj
 0001:00039580       _Q_rand                    3003a580 f   q_math.obj
 0001:000395c0       _Q_random                  3003a5c0 f   q_math.obj
 0001:00039600       _Q_crandom                 3003a600 f   q_math.obj
 0001:00039630       _ClampChar                 3003a630 f   q_math.obj
 0001:00039660       _ClampShort                3003a660 f   q_math.obj
 0001:000396a0       _DirToByte                 3003a6a0 f   q_math.obj
 0001:00039770       _ByteToDir                 3003a770 f   q_math.obj
 0001:00039810       _ColorBytes3               3003a810 f   q_math.obj
 0001:00039870       _ColorBytes4               3003a870 f   q_math.obj
 0001:000398e0       _NormalizeColor            3003a8e0 f   q_math.obj
 0001:000399b0       _PlaneFromPoints           3003a9b0 f   q_math.obj
 0001:00039b40       _RotatePointAroundVector   3003ab40 f   q_math.obj
 0001:00039df0       _RotateAroundDirection     3003adf0 f   q_math.obj
 0001:00039ea0       _vectoangles               3003aea0 f   q_math.obj
 0001:0003a070       _AnglesToAxis              3003b070 f   q_math.obj
 0001:0003a0e0       _AxisClear                 3003b0e0 f   q_math.obj
 0001:0003a170       _AxisCopy                  3003b170 f   q_math.obj
 0001:0003a210       _ProjectPointOnPlane       3003b210 f   q_math.obj
 0001:0003a390       _MakeNormalVectors         3003b390 f   q_math.obj
 0001:0003a480       _VectorRotate              3003b480 f   q_math.obj
 0001:0003a540       _Q_rsqrt                   3003b540 f   q_math.obj
 0001:0003a5b0       _Q_fabs                    3003b5b0 f   q_math.obj
 0001:0003a5e0       _LerpAngle                 3003b5e0 f   q_math.obj
 0001:0003a660       _AngleSubtract             3003b660 f   q_math.obj
 0001:0003a6d0       _AnglesSubtract            3003b6d0 f   q_math.obj
 0001:0003a750       _AngleMod                  3003b750 f   q_math.obj
 0001:0003a790       _AngleNormalize360         3003b790 f   q_math.obj
 0001:0003a7d0       _AngleNormalize180         3003b7d0 f   q_math.obj
 0001:0003a820       _AngleDelta                3003b820 f   q_math.obj
 0001:0003a850       _SetPlaneSignbits          3003b850 f   q_math.obj
 0001:0003a8d0       _BoxOnPlaneSide            3003b8d0 f   q_math.obj
 0001:0003aba0       _RadiusFromBounds          3003bba0 f   q_math.obj
 0001:0003acc0       _ClearBounds               3003bcc0 f   q_math.obj
 0001:0003ad20       _AddPointToBounds          3003bd20 f   q_math.obj
 0001:0003ae20       _VectorNormalize           3003be20 f   q_math.obj
 0001:0003aee0       _VectorNormalize2          3003bee0 f   q_math.obj
 0001:0003afc0       __VectorMA                 3003bfc0 f   q_math.obj
 0001:0003b020       __DotProduct               3003c020 f   q_math.obj
 0001:0003b070       __VectorSubtract           3003c070 f   q_math.obj
 0001:0003b0d0       __VectorAdd                3003c0d0 f   q_math.obj
 0001:0003b130       __VectorCopy               3003c130 f   q_math.obj
 0001:0003b170       __VectorScale              3003c170 f   q_math.obj
 0001:0003b1c0       _Vector4Scale              3003c1c0 f   q_math.obj
 0001:0003b220       _Q_log2                    3003c220 f   q_math.obj
 0001:0003b260       _MatrixMultiply            3003c260 f   q_math.obj
 0001:0003b470       _AngleVectors              3003c470 f   q_math.obj
 0001:0003b6d0       _PerpendicularVector       3003c6d0 f   q_math.obj
 0001:0003b7c0       _TransposeMatrix           3003c7c0 f   q_math.obj
 0001:0003b840       _Com_Clamp                 3003c840 f   q_shared.obj
 0001:0003b890       _COM_SkipPath              3003c890 f   q_shared.obj
 0001:0003b8f0       _COM_StripExtension        3003c8f0 f   q_shared.obj
 0001:0003b950       _COM_DefaultExtension      3003c950 f   q_shared.obj
 0001:0003ba00       _ShortSwap                 3003ca00 f   q_shared.obj
 0001:0003ba60       _ShortNoSwap               3003ca60 f   q_shared.obj
 0001:0003ba80       _LongSwap                  3003ca80 f   q_shared.obj
 0001:0003bb20       _LongNoSwap                3003cb20 f   q_shared.obj
 0001:0003bb40       _Long64Swap                3003cb40 f   q_shared.obj
 0001:0003bba0       _Long64NoSwap              3003cba0 f   q_shared.obj
 0001:0003bbc0       _FloatSwap                 3003cbc0 f   q_shared.obj
 0001:0003bc00       _FloatNoSwap               3003cc00 f   q_shared.obj
 0001:0003bc20       _COM_BeginParseSession     3003cc20 f   q_shared.obj
 0001:0003bc70       _COM_GetCurrentParseLine   3003cc70 f   q_shared.obj
 0001:0003bc90       _COM_Parse                 3003cc90 f   q_shared.obj
 0001:0003bcc0       _COM_ParseError            3003ccc0 f   q_shared.obj
 0001:0003bd30       _COM_ParseWarning          3003cd30 f   q_shared.obj
 0001:0003bda0       _COM_Compress              3003cda0 f   q_shared.obj
 0001:0003c020       _COM_ParseExt              3003d020 f   q_shared.obj
 0001:0003c350       _COM_MatchToken            3003d350 f   q_shared.obj
 0001:0003c3b0       _SkipBracedSection         3003d3b0 f   q_shared.obj
 0001:0003c440       _SkipRestOfLine            3003d440 f   q_shared.obj
 0001:0003c4b0       _Parse1DMatrix             3003d4b0 f   q_shared.obj
 0001:0003c540       _Parse2DMatrix             3003d540 f   q_shared.obj
 0001:0003c5d0       _Parse3DMatrix             3003d5d0 f   q_shared.obj
 0001:0003c670       _Q_isprint                 3003d670 f   q_shared.obj
 0001:0003c6a0       _Q_islower                 3003d6a0 f   q_shared.obj
 0001:0003c6d0       _Q_isupper                 3003d6d0 f   q_shared.obj
 0001:0003c700       _Q_isalpha                 3003d700 f   q_shared.obj
 0001:0003c740       _Q_strrchr                 3003d740 f   q_shared.obj
 0001:0003c7c0       _Q_strncpyz                3003d7c0 f   q_shared.obj
 0001:0003c850       _Q_stricmpn                3003d850 f   q_shared.obj
 0001:0003c960       _Q_strncmp                 3003d960 f   q_shared.obj
 0001:0003c9f0       _Q_stricmp                 3003d9f0 f   q_shared.obj
 0001:0003ca40       _Q_strlwr                  3003da40 f   q_shared.obj
 0001:0003caa0       _Q_strupr                  3003daa0 f   q_shared.obj
 0001:0003cb00       _Q_strcat                  3003db00 f   q_shared.obj
 0001:0003cb70       _Q_PrintStrlen             3003db70 f   q_shared.obj
 0001:0003cc10       _Q_CleanStr                3003dc10 f   q_shared.obj
 0001:0003ccd0       _Com_sprintf               3003dcd0 f   q_shared.obj
 0001:0003cd80       _va                        3003dd80 f   q_shared.obj
 0001:0003cdf0       _Info_ValueForKey          3003ddf0 f   q_shared.obj
 0001:0003cfd0       _Info_NextPair             3003dfd0 f   q_shared.obj
 0001:0003d0e0       _Info_RemoveKey            3003e0e0 f   q_shared.obj
 0001:0003d2b0       _Info_RemoveKey_Big        3003e2b0 f   q_shared.obj
 0001:0003d480       _Info_Validate             3003e480 f   q_shared.obj
 0001:0003d4e0       _Info_SetValueForKey       3003e4e0 f   q_shared.obj
 0001:0003d6c0       _Info_SetValueForKey_Big   3003e6c0 f   q_shared.obj
 0001:0003d890       _CalcMuzzlePointStuff      3003e890 f   SPAAACE.obj
 0001:0003d9d0       _Inv_CalcMuzzleStuff       3003e9d0 f   SPAAACE.obj
 0001:0003da20       _CalcMuzzlePointOriginStuff 3003ea20 f   SPAAACE.obj
 0001:0003dbb0       _UI_Alloc                  3003ebb0 f   ui_shared.obj
 0001:0003dc50       _UI_InitMemory             3003ec50 f   ui_shared.obj
 0001:0003dc80       _UI_OutOfMemory            3003ec80 f   ui_shared.obj
 0001:0003dca0       _String_Alloc              3003eca0 f   ui_shared.obj
 0001:0003dee0       _String_Report             3003eee0 f   ui_shared.obj
 0001:0003dfb0       _String_Init               3003efb0 f   ui_shared.obj
 0001:0003e070       _PC_SourceWarning          3003f070 f   ui_shared.obj
 0001:0003e110       _PC_SourceError            3003f110 f   ui_shared.obj
 0001:0003e1b0       _LerpColor                 3003f1b0 f   ui_shared.obj
 0001:0003e270       _Float_Parse               3003f270 f   ui_shared.obj
 0001:0003e2d0       _PC_Float_Parse            3003f2d0 f   ui_shared.obj
 0001:0003e3c0       _Color_Parse               3003f3c0 f   ui_shared.obj
 0001:0003e430       _PC_Color_Parse            3003f430 f   ui_shared.obj
 0001:0003e4a0       _Int_Parse                 3003f4a0 f   ui_shared.obj
 0001:0003e500       _PC_Int_Parse              3003f500 f   ui_shared.obj
 0001:0003e5e0       _Rect_Parse                3003f5e0 f   ui_shared.obj
 0001:0003e670       _PC_Rect_Parse             3003f670 f   ui_shared.obj
 0001:0003e700       _String_Parse              3003f700 f   ui_shared.obj
 0001:0003e760       _PC_String_Parse           3003f760 f   ui_shared.obj
 0001:0003e7c0       _PC_Script_Parse           3003f7c0 f   ui_shared.obj
 0001:0003e950       _Init_Display              3003f950 f   ui_shared.obj
 0001:0003e970       _GradientBar_Paint         3003f970 f   ui_shared.obj
 0001:0003e9f0       _Window_Init               3003f9f0 f   ui_shared.obj
 0001:0003ea70       _Fade                      3003fa70 f   ui_shared.obj
 0001:0003eb70       _Window_Paint              3003fb70 f   ui_shared.obj
 0001:0003f1a0       _Item_SetScreenCoords      300401a0 f   ui_shared.obj
 0001:0003f250       _Item_UpdatePosition       30040250 f   ui_shared.obj
 0001:0003f2f0       _Menu_UpdatePosition       300402f0 f   ui_shared.obj
 0001:0003f3a0       _Menu_PostParse            300403a0 f   ui_shared.obj
 0001:0003f410       _Menu_ClearFocus           30040410 f   ui_shared.obj
 0001:0003f520       _IsVisible                 30040520 f   ui_shared.obj
 0001:0003f570       _Rect_ContainsPoint        30040570 f   ui_shared.obj
 0001:0003f600       _Menu_ItemsMatchingGroup   30040600 f   ui_shared.obj
 0001:0003f6c0       _Menu_GetMatchingItemByNumber 300406c0 f   ui_shared.obj
 0001:0003f7a0       _Script_SetColor           300407a0 f   ui_shared.obj
 0001:0003f8e0       _Script_SetAsset           300408e0 f   ui_shared.obj
 0001:0003f910       _Script_SetBackground      30040910 f   ui_shared.obj
 0001:0003f960       _Menu_FindItemByName       30040960 f   ui_shared.obj
 0001:0003fa00       _Script_SetTeamColor       30040a00 f   ui_shared.obj
 0001:0003fa70       _Script_SetItemColor       30040a70 f   ui_shared.obj
 0001:0003fc30       _Menu_ShowItemByName       30040c30 f   ui_shared.obj
 0001:0003fd10       _Menu_FadeItemByName       30040d10 f   ui_shared.obj
 0001:0003fde0       _Menus_FindByName          30040de0 f   ui_shared.obj
 0001:0003fe60       _Menus_ShowByName          30040e60 f   ui_shared.obj
 0001:0003fea0       _Menus_OpenByName          30040ea0 f   ui_shared.obj
 0001:0003fed0       _Menus_CloseByName         30040ed0 f   ui_shared.obj
 0001:0003ff90       _Menus_CloseAll            30040f90 f   ui_shared.obj
 0001:00040020       _Script_Show               30041020 f   ui_shared.obj
 0001:00040070       _Script_Hide               30041070 f   ui_shared.obj
 0001:000400c0       _Script_FadeIn             300410c0 f   ui_shared.obj
 0001:00040110       _Script_FadeOut            30041110 f   ui_shared.obj
 0001:00040160       _Script_Open               30041160 f   ui_shared.obj
 0001:000401a0       _Script_ConditionalOpen    300411a0 f   ui_shared.obj
 0001:00040250       _Script_Close              30041250 f   ui_shared.obj
 0001:00040290       _Menu_TransitionItemByName 30041290 f   ui_shared.obj
 0001:00040430       _Script_Transition         30041430 f   ui_shared.obj
 0001:00040540       _Menu_OrbitItemByName      30041540 f   ui_shared.obj
 0001:00040610       _Script_Orbit              30041610 f   ui_shared.obj
 0001:00040700       _Script_SetFocus           30041700 f   ui_shared.obj
 0001:00040810       _Script_SetPlayerModel     30041810 f   ui_shared.obj
 0001:00040860       _Script_SetPlayerHead      30041860 f   ui_shared.obj
 0001:000408b0       _Script_SetCvar            300418b0 f   ui_shared.obj
 0001:00040910       _Script_Exec               30041910 f   ui_shared.obj
 0001:00040970       _Script_Play               30041970 f   ui_shared.obj
 0001:000409d0       _Script_playLooped         300419d0 f   ui_shared.obj
 0001:00040a30       _Item_RunScript            30041a30 f   ui_shared.obj
 0001:00040be0       _Item_EnableShowViaCvar    30041be0 f   ui_shared.obj
 0001:00040de0       _Item_SetFocus             30041de0 f   ui_shared.obj
 0001:000410b0       _Item_ListBox_MaxScroll    300420b0 f   ui_shared.obj
 0001:00041170       _Item_ListBox_ThumbPosition 30042170 f   ui_shared.obj
 0001:000412c0       _Item_ListBox_ThumbDrawPosition 300422c0 f   ui_shared.obj
 0001:000414a0       _Item_Slider_ThumbPosition 300424a0 f   ui_shared.obj
 0001:000415c0       _Item_Slider_OverSlider    300425c0 f   ui_shared.obj
 0001:00041640       _Item_ListBox_OverLB       30042640 f   ui_shared.obj
 0001:000419a0       _Item_ListBox_MouseEnter   300429a0 f   ui_shared.obj
 0001:00041ba0       _Item_MouseEnter           30042ba0 f   ui_shared.obj
 0001:00041da0       _Item_MouseLeave           30042da0 f   ui_shared.obj
 0001:00041e30       _Menu_HitTest              30042e30 f   ui_shared.obj
 0001:00041eb0       _Item_SetMouseOver         30042eb0 f   ui_shared.obj
 0001:00041f00       _Item_OwnerDraw_HandleKey  30042f00 f   ui_shared.obj
 0001:00041f60       _Item_ListBox_HandleKey    30042f60 f   ui_shared.obj
 0001:00042940       _Item_YesNo_HandleKey      30043940 f   ui_shared.obj
 0001:00042a70       _Item_Multi_CountSettings  30043a70 f   ui_shared.obj
 0001:00042ab0       _Item_Multi_FindCvarByValue 30043ab0 f   ui_shared.obj
 0001:00042c20       _Item_Multi_Setting        30043c20 f   ui_shared.obj
 0001:00042db0       _Item_Multi_HandleKey      30043db0 f   ui_shared.obj
 0001:00042fb0       _Item_TextField_HandleKey  30043fb0 f   ui_shared.obj
 0001:00043780       _Item_StartCapture         30044780 f   ui_shared.obj
 0001:00043f50       _Item_StopCapture          30044f50 f   ui_shared.obj
 0001:00043f70       _Item_Slider_HandleKey     30044f70 f   ui_shared.obj
 0001:000441a0       _Item_HandleKey            300451a0 f   ui_shared.obj
 0001:00044380       _Item_Action               30045380 f   ui_shared.obj
 0001:000443c0       _Menu_SetPrevCursorItem    300453c0 f   ui_shared.obj
 0001:00044570       _Menu_SetNextCursorItem    30045570 f   ui_shared.obj
 0001:00044720       _Menus_Activate            30045720 f   ui_shared.obj
 0001:00044960       _Display_VisibleMenuCount  30045960 f   ui_shared.obj
 0001:000449d0       _Menus_HandleOOBClick      300459d0 f   ui_shared.obj
 0001:00044b90       _Menu_HandleKey            30045b90 f   ui_shared.obj
 0001:00045350       _ToWindowCoords            30046350 f   ui_shared.obj
 0001:000453c0       _Rect_ToWindowCoords       300463c0 f   ui_shared.obj
 0001:000453f0       _Item_SetTextExtents       300463f0 f   ui_shared.obj
 0001:00045700       _Item_TextColor            30046700 f   ui_shared.obj
 0001:000459f0       _Item_Text_AutoWrapped_Paint 300469f0 f   ui_shared.obj
 0001:00045e60       _Item_Text_Wrapped_Paint   30046e60 f   ui_shared.obj
 0001:00046120       _Item_Text_Paint           30047120 f   ui_shared.obj
 0001:000462b0       _Item_TextField_Paint      300472b0 f   ui_shared.obj
 0001:00046640       _Item_YesNo_Paint          30047640 f   ui_shared.obj
 0001:000468d0       _Item_Multi_Paint          300478d0 f   ui_shared.obj
 0001:00046ae0       _Controls_GetConfig        30047ae0 f   ui_shared.obj
 0001:00046c40       _Controls_SetConfig        30047c40 f   ui_shared.obj
 0001:00046d30       _Controls_SetDefaults      30047d30 f   ui_shared.obj
 0001:00046db0       _BindingIDFromName         30047db0 f   ui_shared.obj
 0001:00046e20       _BindingFromName           30047e20 f   ui_shared.obj
 0001:00046f70       _Item_Slider_Paint         30047f70 f   ui_shared.obj
 0001:000471d0       _Item_Bind_Paint           300481d0 f   ui_shared.obj
 0001:000474b0       _Display_KeyBindPending    300484b0 f   ui_shared.obj
 0001:000474d0       _Item_Bind_HandleKey       300484d0 f   ui_shared.obj
 0001:000478f0       _AdjustFrom640             300488f0 f   ui_shared.obj
 0001:00047980       _Item_Model_Paint          30048980 f   ui_shared.obj
 0001:00047dc0       _Item_Image_Paint          30048dc0 f   ui_shared.obj
 0001:00047e50       _Item_ListBox_Paint        30048e50 f   ui_shared.obj
 0001:00048910       _Item_OwnerDraw_Paint      30049910 f   ui_shared.obj
 0001:00048f00       _Item_Paint                30049f00 f   ui_shared.obj
 0001:000496d0       _Menu_Init                 3004a6d0 f   ui_shared.obj
 0001:00049770       _Menu_GetFocusedItem       3004a770 f   ui_shared.obj
 0001:000497f0       _Menu_GetFocused           3004a7f0 f   ui_shared.obj
 0001:00049880       _Menu_ScrollFeeder         3004a880 f   ui_shared.obj
 0001:00049920       _Menu_SetFeederSelection   3004a920 f   ui_shared.obj
 0001:00049a70       _Menus_AnyFullScreenVisible 3004aa70 f   ui_shared.obj
 0001:00049af0       _Menus_ActivateByName      3004aaf0 f   ui_shared.obj
 0001:00049c00       _Item_Init                 3004ac00 f   ui_shared.obj
 0001:00049c50       _Menu_HandleMouseMove      3004ac50 f   ui_shared.obj
 0001:00049f20       _Menu_Paint                3004af20 f   ui_shared.obj
 0001:0004a0e0       _Item_ValidateTypeData     3004b0e0 f   ui_shared.obj
 0001:0004a280       _KeywordHash_Key           3004b280 f   ui_shared.obj
 0001:0004a360       _KeywordHash_Add           3004b360 f   ui_shared.obj
 0001:0004a3b0       _KeywordHash_Find          3004b3b0 f   ui_shared.obj
 0001:0004a430       _ItemParse_name            3004b430 f   ui_shared.obj
 0001:0004a470       _ItemParse_focusSound      3004b470 f   ui_shared.obj
 0001:0004a4d0       _ItemParse_text            3004b4d0 f   ui_shared.obj
 0001:0004a510       _ItemParse_group           3004b510 f   ui_shared.obj
 0001:0004a550       _ItemParse_asset_model     3004b550 f   ui_shared.obj
 0001:0004a5e0       _ItemParse_asset_shader    3004b5e0 f   ui_shared.obj
 0001:0004a640       _ItemParse_model_origin    3004b640 f   ui_shared.obj
 0001:0004a6e0       _ItemParse_model_fovx      3004b6e0 f   ui_shared.obj
 0001:0004a740       _ItemParse_model_fovy      3004b740 f   ui_shared.obj
 0001:0004a7a0       _ItemParse_model_rotation  3004b7a0 f   ui_shared.obj
 0001:0004a800       _ItemParse_model_angle     3004b800 f   ui_shared.obj
 0001:0004a860       _ItemParse_rect            3004b860 f   ui_shared.obj
 0001:0004a8a0       _ItemParse_style           3004b8a0 f   ui_shared.obj
 0001:0004a8e0       _ItemParse_decoration      3004b8e0 f   ui_shared.obj
 0001:0004a910       _ItemParse_notselectable   3004b910 f   ui_shared.obj
 0001:0004a970       _ItemParse_wrapped         3004b970 f   ui_shared.obj
 0001:0004a9a0       _ItemParse_autowrapped     3004b9a0 f   ui_shared.obj
 0001:0004a9d0       _ItemParse_horizontalscroll 3004b9d0 f   ui_shared.obj
 0001:0004aa00       _ItemParse_type            3004ba00 f   ui_shared.obj
 0001:0004aa50       _ItemParse_elementwidth    3004ba50 f   ui_shared.obj
 0001:0004aab0       _ItemParse_elementheight   3004bab0 f   ui_shared.obj
 0001:0004ab10       _ItemParse_feeder          3004bb10 f   ui_shared.obj
 0001:0004ab50       _ItemParse_elementtype     3004bb50 f   ui_shared.obj
 0001:0004abc0       _ItemParse_columns         3004bbc0 f   ui_shared.obj
 0001:0004ad10       _ItemParse_border          3004bd10 f   ui_shared.obj
 0001:0004ad50       _ItemParse_bordersize      3004bd50 f   ui_shared.obj
 0001:0004ad90       _ItemParse_visible         3004bd90 f   ui_shared.obj
 0001:0004adf0       _ItemParse_ownerdraw       3004bdf0 f   ui_shared.obj
 0001:0004ae40       _ItemParse_align           3004be40 f   ui_shared.obj
 0001:0004ae80       _ItemParse_textalign       3004be80 f   ui_shared.obj
 0001:0004aec0       _ItemParse_textalignx      3004bec0 f   ui_shared.obj
 0001:0004af00       _ItemParse_textaligny      3004bf00 f   ui_shared.obj
 0001:0004af40       _ItemParse_textscale       3004bf40 f   ui_shared.obj
 0001:0004af80       _ItemParse_textstyle       3004bf80 f   ui_shared.obj
 0001:0004afc0       _ItemParse_backcolor       3004bfc0 f   ui_shared.obj
 0001:0004b030       _ItemParse_forecolor       3004c030 f   ui_shared.obj
 0001:0004b0b0       _ItemParse_bordercolor     3004c0b0 f   ui_shared.obj
 0001:0004b120       _ItemParse_outlinecolor    3004c120 f   ui_shared.obj
 0001:0004b160       _ItemParse_background      3004c160 f   ui_shared.obj
 0001:0004b1c0       _ItemParse_cinematic       3004c1c0 f   ui_shared.obj
 0001:0004b200       _ItemParse_doubleClick     3004c200 f   ui_shared.obj
 0001:0004b280       _ItemParse_onFocus         3004c280 f   ui_shared.obj
 0001:0004b2c0       _ItemParse_leaveFocus      3004c2c0 f   ui_shared.obj
 0001:0004b300       _ItemParse_mouseEnter      3004c300 f   ui_shared.obj
 0001:0004b340       _ItemParse_mouseExit       3004c340 f   ui_shared.obj
 0001:0004b380       _ItemParse_mouseEnterText  3004c380 f   ui_shared.obj
 0001:0004b3c0       _ItemParse_mouseExitText   3004c3c0 f   ui_shared.obj
 0001:0004b400       _ItemParse_action          3004c400 f   ui_shared.obj
 0001:0004b440       _ItemParse_special         3004c440 f   ui_shared.obj
 0001:0004b480       _ItemParse_cvarTest        3004c480 f   ui_shared.obj
 0001:0004b4c0       _ItemParse_cvar            3004c4c0 f   ui_shared.obj
 0001:0004b560       _ItemParse_maxChars        3004c560 f   ui_shared.obj
 0001:0004b5e0       _ItemParse_maxPaintChars   3004c5e0 f   ui_shared.obj
 0001:0004b660       _ItemParse_cvarFloat       3004c660 f   ui_shared.obj
 0001:0004b730       _ItemParse_cvarStrList     3004c730 f   ui_shared.obj
 0001:0004b950       _ItemParse_cvarFloatList   3004c950 f   ui_shared.obj
 0001:0004bb40       _ItemParse_addColorRange   3004cb40 f   ui_shared.obj
 0001:0004bc10       _ItemParse_ownerdrawFlag   3004cc10 f   ui_shared.obj
 0001:0004bc60       _ItemParse_enableCvar      3004cc60 f   ui_shared.obj
 0001:0004bcb0       _ItemParse_disableCvar     3004ccb0 f   ui_shared.obj
 0001:0004bd00       _ItemParse_showCvar        3004cd00 f   ui_shared.obj
 0001:0004bd50       _ItemParse_hideCvar        3004cd50 f   ui_shared.obj
 0001:0004bda0       _Item_SetupKeywordHash     3004cda0 f   ui_shared.obj
 0001:0004be20       _Item_Parse                3004ce20 f   ui_shared.obj
 0001:0004bf80       _Item_InitControls         3004cf80 f   ui_shared.obj
 0001:0004c010       _MenuParse_font            3004d010 f   ui_shared.obj
 0001:0004c0b0       _MenuParse_name            3004d0b0 f   ui_shared.obj
 0001:0004c110       _MenuParse_fullscreen      3004d110 f   ui_shared.obj
 0001:0004c160       _MenuParse_rect            3004d160 f   ui_shared.obj
 0001:0004c1a0       _MenuParse_style           3004d1a0 f   ui_shared.obj
 0001:0004c1f0       _MenuParse_visible         3004d1f0 f   ui_shared.obj
 0001:0004c250       _MenuParse_onOpen          3004d250 f   ui_shared.obj
 0001:0004c2a0       _MenuParse_onClose         3004d2a0 f   ui_shared.obj
 0001:0004c2f0       _MenuParse_onESC           3004d2f0 f   ui_shared.obj
 0001:0004c340       _MenuParse_border          3004d340 f   ui_shared.obj
 0001:0004c390       _MenuParse_borderSize      3004d390 f   ui_shared.obj
 0001:0004c3e0       _MenuParse_backcolor       3004d3e0 f   ui_shared.obj
 0001:0004c460       _MenuParse_forecolor       3004d460 f   ui_shared.obj
 0001:0004c4f0       _MenuParse_bordercolor     3004d4f0 f   ui_shared.obj
 0001:0004c570       _MenuParse_focuscolor      3004d570 f   ui_shared.obj
 0001:0004c5f0       _MenuParse_disablecolor    3004d5f0 f   ui_shared.obj
 0001:0004c670       _MenuParse_outlinecolor    3004d670 f   ui_shared.obj
 0001:0004c6c0       _MenuParse_background      3004d6c0 f   ui_shared.obj
 0001:0004c720       _MenuParse_cinematic       3004d720 f   ui_shared.obj
 0001:0004c770       _MenuParse_ownerdrawFlag   3004d770 f   ui_shared.obj
 0001:0004c7d0       _MenuParse_ownerdraw       3004d7d0 f   ui_shared.obj
 0001:0004c820       _MenuParse_popup           3004d820 f   ui_shared.obj
 0001:0004c860       _MenuParse_outOfBounds     3004d860 f   ui_shared.obj
 0001:0004c8a0       _MenuParse_soundLoop       3004d8a0 f   ui_shared.obj
 0001:0004c8f0       _MenuParse_fadeClamp       3004d8f0 f   ui_shared.obj
 0001:0004c940       _MenuParse_fadeAmount      3004d940 f   ui_shared.obj
 0001:0004c990       _MenuParse_fadeCycle       3004d990 f   ui_shared.obj
 0001:0004c9e0       _MenuParse_itemDef         3004d9e0 f   ui_shared.obj
 0001:0004cb00       _Menu_SetupKeywordHash     3004db00 f   ui_shared.obj
 0001:0004cb80       _Menu_Parse                3004db80 f   ui_shared.obj
 0001:0004ccf0       _Menu_New                  3004dcf0 f   ui_shared.obj
 0001:0004cd70       _Menu_Count                3004dd70 f   ui_shared.obj
 0001:0004cd90       _Menu_PaintAll             3004dd90 f   ui_shared.obj
 0001:0004ce90       _Menu_Reset                3004de90 f   ui_shared.obj
 0001:0004ceb0       _Display_GetContext        3004deb0 f   ui_shared.obj
 0001:0004ced0       _Display_CaptureItem       3004ded0 f   ui_shared.obj
 0001:0004cf60       _Display_MouseMove         3004df60 f   ui_shared.obj
 0001:0004d070       _Display_CursorType        3004e070 f   ui_shared.obj
 0001:0004d130       _Display_HandleKey         3004e130 f   ui_shared.obj
 0001:0004d190       _Display_CacheAll          3004e190 f   ui_shared.obj
 0001:0004d4d0       __fpmath                   3004e4d0 f   LIBCMTD:fpinit.obj
 0001:0004d500       __fpclear                  3004e500 f   LIBCMTD:fpinit.obj
 0001:0004d510       __cfltcvt_init             3004e510 f   LIBCMTD:fpinit.obj
 0001:0004d560       ___setfflag                3004e560 f   LIBCMTD:fpinit.obj
 0001:0004d580       __CIsin                    3004e580 f   LIBCMTD:sin.obj
 0001:0004d594       _sin                       3004e594 f   LIBCMTD:sin.obj
 0001:0004d630       __CIcos                    3004e630 f   LIBCMTD:cos.obj
 0001:0004d644       _cos                       3004e644 f   LIBCMTD:cos.obj
 0001:0004d6e0       _atof                      3004e6e0 f   LIBCMTD:atof.obj
 0001:0004d758       __ftol                     3004e758 f   LIBCMTD:ftol.obj
 0001:0004d780       __CIsqrt                   3004e780 f   LIBCMTD:sqrt.obj
 0001:0004d794       _sqrt                      3004e794 f   LIBCMTD:sqrt.obj
 0001:0004d840       _fabs                      3004e840 f   LIBCMTD:fabs.obj
 0001:0004d940       __CIacos                   3004e940 f   LIBCMTD:acos.obj
 0001:0004d954       _acos                      3004e954 f   LIBCMTD:acos.obj
 0001:0004da10       __assert                   3004ea10 f   LIBCMTD:assert.obj
 0001:0004dd90       _memcpy                    3004ed90 f   LIBCMTD:memcpy.obj
 0001:0004e0d0       _abs                       3004f0d0 f   LIBCMTD:abs.obj
 0001:0004e100       _memset                    3004f100 f   LIBCMTD:memset.obj
 0001:0004e160       _atol                      3004f160 f   LIBCMTD:atox.obj
 0001:0004e260       _atoi                      3004f260 f   LIBCMTD:atox.obj
 0001:0004e280       __atoi64                   3004f280 f   LIBCMTD:atox.obj
 0001:0004e3b0       _strlen                    3004f3b0 f   LIBCMTD:strlen.obj
 0001:0004e430       _srand                     3004f430 f   LIBCMTD:rand.obj
 0001:0004e440       _rand                      3004f440 f   LIBCMTD:rand.obj
 0001:0004e480       _strcpy                    3004f480 f   LIBCMTD:strcat.obj
 0001:0004e490       _strcat                    3004f490 f   LIBCMTD:strcat.obj
 0001:0004e570       _vsprintf                  3004f570 f   LIBCMTD:vsprintf.obj
 0001:0004e670       _strcmp                    3004f670 f   LIBCMTD:strcmp.obj
 0001:0004e700       __alloca_probe             3004f700 f   LIBCMTD:chkstk.obj
 0001:0004e700       __chkstk                   3004f700 f   LIBCMTD:chkstk.obj
 0001:0004e730       _floor                     3004f730 f   LIBCMTD:floor.obj
 0001:0004e880       _strchr                    3004f880 f   LIBCMTD:strchr.obj
 0001:0004e886       ___from_strstr_to_strchr   3004f886 f   LIBCMTD:strchr.obj
 0001:0004e940       _strncpy                   3004f940 f   LIBCMTD:strncpy.obj
 0001:0004ea40       _strstr                    3004fa40 f   LIBCMTD:strstr.obj
 0001:0004eac0       _atan2                     3004fac0 f   LIBCMTD:87ctriga.obj
 0001:0004eaca       __CIatan2                  3004faca f   LIBCMTD:87ctriga.obj
 0001:0004eae0       __CItan                    3004fae0 f   LIBCMTD:tan.obj
 0001:0004eaf4       _tan                       3004faf4 f   LIBCMTD:tan.obj
 0001:0004eba0       __tolower                  3004fba0 f   LIBCMTD:tolower.obj
 0001:0004ebb0       _tolower                   3004fbb0 f   LIBCMTD:tolower.obj
 0001:0004ec50       __tolower_lk               3004fc50 f   LIBCMTD:tolower.obj
 0001:0004ed80       __toupper                  3004fd80 f   LIBCMTD:toupper.obj
 0001:0004ed90       _toupper                   3004fd90 f   LIBCMTD:toupper.obj
 0001:0004ee30       __toupper_lk               3004fe30 f   LIBCMTD:toupper.obj
 0001:0004ef60       _memmove                   3004ff60 f   LIBCMTD:memmove.obj
 0001:0004f2a0       __CRT_INIT@12              300502a0 f   LIBCMTD:dllcrt0.obj
 0001:0004f3e0       __DllMainCRTStartup@12     300503e0 f   LIBCMTD:dllcrt0.obj
 0001:0004f4e0       __amsg_exit                300504e0 f   LIBCMTD:dllcrt0.obj
 0001:0004f520       __setdefaultprecision      30050520 f   LIBCMTD:fp8.obj
 0001:0004f540       __ms_p5_test_fdiv          30050540 f   LIBCMTD:testfdiv.obj
 0001:0004f5a0       __ms_p5_mp_test_fdiv       300505a0 f   LIBCMTD:testfdiv.obj
 0001:0004f5f0       __forcdecpt                300505f0 f   LIBCMTD:cvt.obj
 0001:0004f6a0       __cropzeros                300506a0 f   LIBCMTD:cvt.obj
 0001:0004f780       __positive                 30050780 f   LIBCMTD:cvt.obj
 0001:0004f7b0       __fassign                  300507b0 f   LIBCMTD:cvt.obj
 0001:0004f800       __cftoe                    30050800 f   LIBCMTD:cvt.obj
 0001:0004f9f0       __cftof                    300509f0 f   LIBCMTD:cvt.obj
 0001:0004fba0       __cftog                    30050ba0 f   LIBCMTD:cvt.obj
 0001:0004fc90       __cfltcvt                  30050c90 f   LIBCMTD:cvt.obj
 0001:0004fd20       __trandisp1                30050d20 f   LIBCMTD:87disp.obj
 0001:0004fd87       __trandisp2                30050d87 f   LIBCMTD:87disp.obj
 0001:0004fe13       __rttospopde               30050e13 f   LIBCMTD:87disp.obj
 0001:0004fe18       __rttospop                 30050e18 f   LIBCMTD:87disp.obj
 0001:0004fe1a       __rtnospop                 30050e1a f   LIBCMTD:87disp.obj
 0001:0004fe1c       __rttosnpop                30050e1c f   LIBCMTD:87disp.obj
 0001:0004fe1d       __rtnospopde               30050e1d f   LIBCMTD:87disp.obj
 0001:0004fe24       __rtzeropop                30050e24 f   LIBCMTD:87disp.obj
 0001:0004fe26       __rtzeronpop               30050e26 f   LIBCMTD:87disp.obj
 0001:0004fe2b       __rtonepop                 30050e2b f   LIBCMTD:87disp.obj
 0001:0004fe2d       __rtonenpop                30050e2d f   LIBCMTD:87disp.obj
 0001:0004fe32       __tosnan1                  30050e32 f   LIBCMTD:87disp.obj
 0001:0004fe5d       __nosnan2                  30050e5d f   LIBCMTD:87disp.obj
 0001:0004fe5f       __tosnan2                  30050e5f f   LIBCMTD:87disp.obj
 0001:0004fe87       __nan2                     30050e87 f   LIBCMTD:87disp.obj
 0001:0004fec6       __rtindfpop                30050ec6 f   LIBCMTD:87disp.obj
 0001:0004fec8       __rtindfnpop               30050ec8 f   LIBCMTD:87disp.obj
 0001:0004fed9       __rttosnpopde              30050ed9 f   LIBCMTD:87disp.obj
 0001:0004fee3       __rtchsifneg               30050ee3 f   LIBCMTD:87disp.obj
 0001:0004fef0       __twoToTOS                 30050ef0 f   LIBCMTD:common.obj
 0001:0004ff05       __load_CW                  30050f05 f   LIBCMTD:common.obj
 0001:0004ff1c       __convertTOStoQNaN         30050f1c f   LIBCMTD:common.obj
 0001:0004ff35       __fload_withFB             30050f35 f   LIBCMTD:common.obj
 0001:0004ff78       __checkTOS_withFB          30050f78 f   LIBCMTD:common.obj
 0001:0004ff8e       __fast_exit                30050f8e f   LIBCMTD:common.obj
 0001:0004ff9b       __math_exit                30050f9b f   LIBCMTD:common.obj
 0001:0004ffc5       __check_overflow_exit      30050fc5 f   LIBCMTD:common.obj
 0001:0004ffd9       __check_range_exit         30050fd9 f   LIBCMTD:common.obj
 0001:00050080       __startTwoArgErrorHandling 30051080 f   LIBCMTD:genexcep.obj
 0001:00050097       __startOneArgErrorHandling 30051097 f   LIBCMTD:genexcep.obj
 0001:000500e0       __fltin2                   300510e0 f   LIBCMTD:cfin.obj
 0001:000501a0       __isctype                  300511a0 f   LIBCMTD:isctype.obj
 0001:00050260       __handle_qnan1             30051260 f   LIBCMTD:fpexcept.obj
 0001:000502c0       __handle_qnan2             300512c0 f   LIBCMTD:fpexcept.obj
 0001:00050330       __except1                  30051330 f   LIBCMTD:fpexcept.obj
 0001:000503f0       __except2                  300513f0 f   LIBCMTD:fpexcept.obj
 0001:000504c0       __raise_exc                300514c0 f   LIBCMTD:fpexcept.obj
 0001:00050990       __handle_exc               30051990 f   LIBCMTD:fpexcept.obj
 0001:00050d10       __umatherr                 30051d10 f   LIBCMTD:fpexcept.obj
 0001:00050db0       __set_errno                30051db0 f   LIBCMTD:fpexcept.obj
 0001:00050e30       __errcode                  30051e30 f   LIBCMTD:fpexcept.obj
 0001:00050eb0       __set_exp                  30051eb0 f   LIBCMTD:util.obj
 0001:00050ef0       __get_exp                  30051ef0 f   LIBCMTD:util.obj
 0001:00050f20       __add_exp                  30051f20 f   LIBCMTD:util.obj
 0001:00050f60       __set_bexp                 30051f60 f   LIBCMTD:util.obj
 0001:00050fa0       __sptype                   30051fa0 f   LIBCMTD:util.obj
 0001:00051020       __decomp                   30052020 f   LIBCMTD:util.obj
 0001:00051160       __statfp                   30052160 f   LIBCMTD:fpctrl.obj
 0001:00051180       __clrfp                    30052180 f   LIBCMTD:fpctrl.obj
 0001:000511a0       __ctrlfp                   300521a0 f   LIBCMTD:fpctrl.obj
 0001:000511e0       __set_statfp               300521e0 f   LIBCMTD:fpctrl.obj
 0001:00051260       _abort                     30052260 f   LIBCMTD:abort.obj
 0001:00051280       __cinit                    30052280 f   LIBCMTD:crt0dat.obj
 0001:000512c0       _exit                      300522c0 f   LIBCMTD:crt0dat.obj
 0001:000512e0       __exit                     300522e0 f   LIBCMTD:crt0dat.obj
 0001:00051300       __cexit                    30052300 f   LIBCMTD:crt0dat.obj
 0001:00051320       __c_exit                   30052320 f   LIBCMTD:crt0dat.obj
 0001:00051430       __lockexit                 30052430 f   LIBCMTD:crt0dat.obj
 0001:00051440       __unlockexit               30052440 f   LIBCMTD:crt0dat.obj
 0001:00051480       _signal                    30052480 f   LIBCMTD:winsig.obj
 0001:00051750       _raise                     30052750 f   LIBCMTD:winsig.obj
 0001:000519f0       ___fpecode                 300529f0 f   LIBCMTD:winsig.obj
 0001:00051a00       ___pxcptinfoptrs           30052a00 f   LIBCMTD:winsig.obj
 0001:00051a10       ___crtMessageBoxA          30052a10 f   LIBCMTD:crtmbox.obj
 0001:00051ad0       __itoa                     30052ad0 f   LIBCMTD:xtoa.obj
 0001:00051bf0       __ltoa                     30052bf0 f   LIBCMTD:xtoa.obj
 0001:00051c30       __ultoa                    30052c30 f   LIBCMTD:xtoa.obj
 0001:00051c50       __i64toa                   30052c50 f   LIBCMTD:xtoa.obj
 0001:00051da0       __ui64toa                  30052da0 f   LIBCMTD:xtoa.obj
 0001:00051dc0       _strncat                   30052dc0 f   LIBCMTD:strncat.obj
 0001:00051ef0       _fflush                    30052ef0 f   LIBCMTD:fflush.obj
 0001:00051f40       __fflush_lk                30052f40 f   LIBCMTD:fflush.obj
 0001:00051f90       __flush                    30052f90 f   LIBCMTD:fflush.obj
 0001:00052050       __flushall                 30053050 f   LIBCMTD:fflush.obj
 0001:000521a0       _fprintf                   300531a0 f   LIBCMTD:fprintf.obj
 0001:00052270       _setvbuf                   30053270 f   LIBCMTD:setvbuf.obj
 0001:000523e0       ___initstdio               300533e0 f   LIBCMTD:_file.obj
 0001:00052510       ___endstdio                30053510 f   LIBCMTD:_file.obj
 0001:00052530       __lock_file                30053530 f   LIBCMTD:_file.obj
 0001:00052570       __lock_file2               30053570 f   LIBCMTD:_file.obj
 0001:000525a0       __unlock_file              300535a0 f   LIBCMTD:_file.obj
 0001:000525e0       __unlock_file2             300535e0 f   LIBCMTD:_file.obj
 0001:00052610       __allmul                   30053610 f   LIBCMTD:llmul.obj
 0001:00052650       __mtinit                   30053650 f   LIBCMTD:tidtable.obj
 0001:000526e0       __mtterm                   300536e0 f   LIBCMTD:tidtable.obj
 0001:00052710       __initptd                  30053710 f   LIBCMTD:tidtable.obj
 0001:00052730       __getptd                   30053730 f   LIBCMTD:tidtable.obj
 0001:000527d0       __freeptd                  300537d0 f   LIBCMTD:tidtable.obj
 0001:000528e0       ___threadid                300538e0 f   LIBCMTD:tidtable.obj
 0001:000528f0       ___threadhandle            300538f0 f   LIBCMTD:tidtable.obj
 0001:00052900       __flsbuf                   30053900 f   LIBCMTD:_flsbuf.obj
 0001:00052b80       __output                   30053b80 f   LIBCMTD:output.obj
 0001:00053a20       __CrtDbgBreak              30054a20 f   LIBCMTD:dbgrpt.obj
 0001:00053a30       __CrtSetReportMode         30054a30 f   LIBCMTD:dbgrpt.obj
 0001:00053a90       __CrtSetReportFile         30054a90 f   LIBCMTD:dbgrpt.obj
 0001:00053b10       __CrtSetReportHook         30054b10 f   LIBCMTD:dbgrpt.obj
 0001:00053b30       __CrtDbgReport             30054b30 f   LIBCMTD:dbgrpt.obj
 0001:000541d0       __frnd                     300551d0 f   LIBCMTD:frnd.obj
 0001:0005420c       __fFATN2                   3005520c f   LIBCMTD:87triga.obj
 0001:0005425c       __rtpiby2                  3005525c f   LIBCMTD:87triga.obj
 0001:000542a0       __cintrindisp2             300552a0 f   LIBCMTD:87cdisp.obj
 0001:000542de       __cintrindisp1             300552de f   LIBCMTD:87cdisp.obj
 0001:0005431b       __ctrandisp2               3005531b f   LIBCMTD:87cdisp.obj
 0001:0005449b       __ctrandisp1               3005549b f   LIBCMTD:87cdisp.obj
 0001:000544ce       __fload                    300554ce f   LIBCMTD:87cdisp.obj
 0001:00054510       __mtinitlocks              30055510 f   LIBCMTD:mlock.obj
 0001:00054550       __mtdeletelocks            30055550 f   LIBCMTD:mlock.obj
 0001:000545f0       __lock                     300555f0 f   LIBCMTD:mlock.obj
 0001:00054690       __unlock                   30055690 f   LIBCMTD:mlock.obj
 0001:000546b0       __lockerr_exit             300556b0 f   LIBCMTD:mlock.obj
 0001:000546d0       _setlocale                 300556d0 f   LIBCMTD:setlocal.obj
 0001:00054d60       __expandlocale             30055d60 f   LIBCMTD:setlocal.obj
 0001:00054ef0       ___init_dummy              30055ef0 f   LIBCMTD:setlocal.obj
 0001:00054f00       __strcats                  30055f00 f   LIBCMTD:setlocal.obj
 0001:00054f50       ___lc_strtolc              30055f50 f   LIBCMTD:setlocal.obj
 0001:000550b0       ___lc_lctostr              300560b0 f   LIBCMTD:setlocal.obj
 0001:00055120       ___crtLCMapStringA         30056120 f   LIBCMTD:a_map.obj
 0001:00055480       __ioinit                   30056480 f   LIBCMTD:ioinit.obj
 0001:000557b0       __ioterm                   300567b0 f   LIBCMTD:ioinit.obj
 0001:00055850       _malloc                    30056850 f   LIBCMTD:dbgheap.obj
 0001:00055870       __malloc_dbg               30056870 f   LIBCMTD:dbgheap.obj
 0001:000558a0       __nh_malloc                300568a0 f   LIBCMTD:dbgheap.obj
 0001:000558c0       __nh_malloc_dbg            300568c0 f   LIBCMTD:dbgheap.obj
 0001:00055920       __heap_alloc               30056920 f   LIBCMTD:dbgheap.obj
 0001:00055940       __heap_alloc_dbg           30056940 f   LIBCMTD:dbgheap.obj
 0001:00055c60       _calloc                    30056c60 f   LIBCMTD:dbgheap.obj
 0001:00055c80       __calloc_dbg               30056c80 f   LIBCMTD:dbgheap.obj
 0001:00055ce0       _realloc                   30056ce0 f   LIBCMTD:dbgheap.obj
 0001:00055d00       __realloc_dbg              30056d00 f   LIBCMTD:dbgheap.obj
 0001:00056260       __expand                   30057260 f   LIBCMTD:dbgheap.obj
 0001:00056280       __expand_dbg               30057280 f   LIBCMTD:dbgheap.obj
 0001:000562c0       _free                      300572c0 f   LIBCMTD:dbgheap.obj
 0001:000562e0       __free_lk                  300572e0 f   LIBCMTD:dbgheap.obj
 0001:00056300       __free_dbg                 30057300 f   LIBCMTD:dbgheap.obj
 0001:00056330       __free_dbg_lk              30057330 f   LIBCMTD:dbgheap.obj
 0001:00056720       __msize                    30057720 f   LIBCMTD:dbgheap.obj
 0001:00056740       __msize_dbg                30057740 f   LIBCMTD:dbgheap.obj
 0001:000568a0       __CrtSetBreakAlloc         300578a0 f   LIBCMTD:dbgheap.obj
 0001:000568c0       __CrtSetDbgBlockType       300578c0 f   LIBCMTD:dbgheap.obj
 0001:00056960       __CrtSetAllocHook          30057960 f   LIBCMTD:dbgheap.obj
 0001:00056a10       __CrtCheckMemory           30057a10 f   LIBCMTD:dbgheap.obj
 0001:00056d80       __CrtSetDbgFlag            30057d80 f   LIBCMTD:dbgheap.obj
 0001:00056db0       __CrtDoForAllClientObjects 30057db0 f   LIBCMTD:dbgheap.obj
 0001:00056e20       __CrtIsValidPointer        30057e20 f   LIBCMTD:dbgheap.obj
 0001:00056e70       __CrtIsValidHeapPointer    30057e70 f   LIBCMTD:dbgheap.obj
 0001:00056f00       __CrtIsMemoryBlock         30057f00 f   LIBCMTD:dbgheap.obj
 0001:00056ff0       __CrtSetDumpClient         30057ff0 f   LIBCMTD:dbgheap.obj
 0001:00057010       __CrtMemCheckpoint         30058010 f   LIBCMTD:dbgheap.obj
 0001:00057180       __CrtMemDifference         30058180 f   LIBCMTD:dbgheap.obj
 0001:000572b0       __CrtMemDumpAllObjectsSince 300582b0 f   LIBCMTD:dbgheap.obj
 0001:00057690       __CrtDumpMemoryLeaks       30058690 f   LIBCMTD:dbgheap.obj
 0001:00057710       __CrtMemDumpStatistics     30058710 f   LIBCMTD:dbgheap.obj
 0001:000577e0       __setenvp                  300587e0 f   LIBCMTD:stdenvp.obj
 0001:00057930       __setargv                  30058930 f   LIBCMTD:stdargv.obj
 0001:00057e40       ___crtGetEnvironmentStringsA 30058e40 f   LIBCMTD:a_env.obj
 0001:00058060       __heap_init                30059060 f   LIBCMTD:heapinit.obj
 0001:000580b0       __heap_term                300590b0 f   LIBCMTD:heapinit.obj
 0001:00058150       _DllMain@12                30059150 f   LIBCMTD:dllmain.obj
 0001:00058160       __FF_MSGBANNER             30059160 f   LIBCMTD:crt0msg.obj
 0001:000581b0       __NMSG_WRITE               300591b0 f   LIBCMTD:crt0msg.obj
 0001:00058370       __GET_RTERRMSG             30059370 f   LIBCMTD:crt0msg.obj
 0001:000583c0       __statusfp                 300593c0 f   LIBCMTD:ieee87.obj
 0001:000583e0       __clearfp                  300593e0 f   LIBCMTD:ieee87.obj
 0001:00058400       __control87                30059400 f   LIBCMTD:ieee87.obj
 0001:00058450       __controlfp                30059450 f   LIBCMTD:ieee87.obj
 0001:00058470       __fpreset                  30059470 f   LIBCMTD:ieee87.obj
 0001:00058860       __ZeroTail                 30059860 f   LIBCMTD:intrncvt.obj
 0001:000588f0       __IncMan                   300598f0 f   LIBCMTD:intrncvt.obj
 0001:000589a0       __RoundMan                 300599a0 f   LIBCMTD:intrncvt.obj
 0001:00058a80       __CopyMan                  30059a80 f   LIBCMTD:intrncvt.obj
 0001:00058ad0       __FillZeroMan              30059ad0 f   LIBCMTD:intrncvt.obj
 0001:00058b00       __IsZeroMan                30059b00 f   LIBCMTD:intrncvt.obj
 0001:00058b40       __ShrMan                   30059b40 f   LIBCMTD:intrncvt.obj
 0001:00058c30       __ld12cvt                  30059c30 f   LIBCMTD:intrncvt.obj
 0001:00058e80       __ld12tod                  30059e80 f   LIBCMTD:intrncvt.obj
 0001:00058ea0       __ld12tof                  30059ea0 f   LIBCMTD:intrncvt.obj
 0001:00058ec0       __ld12told                 30059ec0 f   LIBCMTD:intrncvt.obj
 0001:00058f80       __atodbl                   30059f80 f   LIBCMTD:intrncvt.obj
 0001:00058fc0       __atoldbl                  30059fc0 f   LIBCMTD:intrncvt.obj
 0001:00059000       __atoflt                   3005a000 f   LIBCMTD:intrncvt.obj
 0001:00059040       __fptostr                  3005a040 f   LIBCMTD:_fptostr.obj
 0001:00059140       __fltout2                  3005a140 f   LIBCMTD:cfout.obj
 0001:000591c0       ___dtold                   3005a1c0 f   LIBCMTD:cfout.obj
 0001:00059330       __fptrap                   3005a330 f   LIBCMTD:crt0fp.obj
 0001:00059340       __87except                 3005a340 f   LIBCMTD:87except.obj
 0001:000594c0       ___strgtold12              3005a4c0 f   LIBCMTD:strgtold.obj
 0001:00059ff0       ___STRINGTOLD              3005aff0 f   LIBCMTD:strgtold.obj
 0001:0005a040       ___crtGetStringTypeA       3005b040 f   LIBCMTD:a_str.obj
 0001:0005a200       __dosmaperr                3005b200 f   LIBCMTD:dosmap.obj
 0001:0005a2a0       __errno                    3005b2a0 f   LIBCMTD:dosmap.obj
 0001:0005a2b0       ___doserrno                3005b2b0 f   LIBCMTD:dosmap.obj
 0001:0005a2c0       __matherr                  3005b2c0 f   LIBCMTD:matherr.obj
 0001:0005a2d0       __XcptFilter               3005b2d0 f   LIBCMTD:winxfltr.obj
 0001:0005a4f0       __aulldiv                  3005b4f0 f   LIBCMTD:ulldiv.obj
 0001:0005a560       __aullrem                  3005b560 f   LIBCMTD:ullrem.obj
 0001:0005a5e0       __commit                   3005b5e0 f   LIBCMTD:commit.obj
 0001:0005a6c0       __write                    3005b6c0 f   LIBCMTD:write.obj
 0001:0005a750       __write_lk                 3005b750 f   LIBCMTD:write.obj
 0001:0005a9d0       __stbuf                    3005b9d0 f   LIBCMTD:_sftbuf.obj
 0001:0005ab30       __ftbuf                    3005bb30 f   LIBCMTD:_sftbuf.obj
 0001:0005abd0       __freebuf                  3005bbd0 f   LIBCMTD:_freebuf.obj
 0001:0005ac70       __fcloseall                3005bc70 f   LIBCMTD:closeall.obj
 0001:0005ad50       __lseek                    3005bd50 f   LIBCMTD:lseek.obj
 0001:0005ade0       __lseek_lk                 3005bde0 f   LIBCMTD:lseek.obj
 0001:0005aea0       __getbuf                   3005bea0 f   LIBCMTD:_getbuf.obj
 0001:0005af70       __isatty                   3005bf70 f   LIBCMTD:isatty.obj
 0001:0005afb0       _wctomb                    3005bfb0 f   LIBCMTD:wctomb.obj
 0001:0005b030       __wctomb_lk                3005c030 f   LIBCMTD:wctomb.obj
 0001:0005b0d0       __snprintf                 3005c0d0 f   LIBCMTD:snprintf.obj
 0001:0005b1d0       __vsnprintf                3005c1d0 f   LIBCMTD:vsnprint.obj
 0001:0005b2d0       ___init_time               3005c2d0 f   LIBCMTD:inittime.obj
 0001:0005bc50       ___init_numeric            3005cc50 f   LIBCMTD:initnum.obj
 0001:0005bf80       ___init_monetary           3005cf80 f   LIBCMTD:initmon.obj
 0001:0005c3e0       ___init_ctype              3005d3e0 f   LIBCMTD:initctyp.obj
 0001:0005c780       ___init_collate            3005d780 f   LIBCMTD:initcoll.obj
 0001:0005c790       _strcspn                   3005d790 f   LIBCMTD:strcspn.obj
 0001:0005c7d0       _strncmp                   3005d7d0 f   LIBCMTD:strncmp.obj
 0001:0005c810       _strpbrk                   3005d810 f   LIBCMTD:strpbrk.obj
 0001:0005c850       ___get_qualified_locale    3005d850 f   LIBCMTD:getqloc.obj
 0001:0005d5e8       __global_unwind2           3005e5e8 f   LIBCMTD:exsup.obj
 0001:0005d62a       __local_unwind2            3005e62a f   LIBCMTD:exsup.obj
 0001:0005d682       __NLG_Return2              3005e682 f   LIBCMTD:exsup.obj
 0001:0005d692       __abnormal_termination     3005e692 f   LIBCMTD:exsup.obj
 0001:0005d6b5       __NLG_Notify1              3005e6b5 f   LIBCMTD:exsup.obj
 0001:0005d6be       __NLG_Notify               3005e6be f   LIBCMTD:exsup.obj
 0001:0005d6d1       __NLG_Dispatch             3005e6d1 f   LIBCMTD:exsup.obj
 0001:0005d6e0       __except_handler3          3005e6e0 f   LIBCMTD:exsup3.obj
 0001:0005d79d       __seh_longjmp_unwind@4     3005e79d f   LIBCMTD:exsup3.obj
 0001:0005d7c0       ?_set_new_handler@@YAP6AHI@ZP6AHI@Z@Z 3005e7c0 f   LIBCMTD:handler.obj
 0001:0005d7f0       ?_query_new_handler@@YAP6AHI@ZXZ 3005e7f0 f   LIBCMTD:handler.obj
 0001:0005d800       __callnewh                 3005e800 f   LIBCMTD:handler.obj
 0001:0005d830       __malloc_base              3005e830 f   LIBCMTD:malloc.obj
 0001:0005d850       __nh_malloc_base           3005e850 f   LIBCMTD:malloc.obj
 0001:0005d8b0       __heap_alloc_base          3005e8b0 f   LIBCMTD:malloc.obj
 0001:0005d920       __CrtDefaultAllocHook      3005e920 f   LIBCMTD:dbghook.obj
 0001:0005d930       __expand_base              3005e930 f   LIBCMTD:expand.obj
 0001:0005d9e0       __realloc_base             3005e9e0 f   LIBCMTD:realloc.obj
 0001:0005dbd0       __free_base                3005ebd0 f   LIBCMTD:free.obj
 0001:0005dc40       __heapchk                  3005ec40 f   LIBCMTD:heapchk.obj
 0001:0005dcc0       __heapset                  3005ecc0 f   LIBCMTD:heapchk.obj
 0001:0005dcd0       __get_sbh_threshold        3005ecd0 f   LIBCMTD:sbheap.obj
 0001:0005dce0       __set_sbh_threshold        3005ece0 f   LIBCMTD:sbheap.obj
 0001:0005dd00       ___sbh_heap_init           3005ed00 f   LIBCMTD:sbheap.obj
 0001:0005dd60       ___sbh_find_block          3005ed60 f   LIBCMTD:sbheap.obj
 0001:0005ddc0       ___sbh_verify_block        3005edc0 f   LIBCMTD:sbheap.obj
 0001:0005de20       ___sbh_free_block          3005ee20 f   LIBCMTD:sbheap.obj
 0001:0005e3f0       ___sbh_alloc_block         3005f3f0 f   LIBCMTD:sbheap.obj
 0001:0005e930       ___sbh_alloc_new_region    3005f930 f   LIBCMTD:sbheap.obj
 0001:0005ea40       ___sbh_alloc_new_group     3005fa40 f   LIBCMTD:sbheap.obj
 0001:0005ec30       ___sbh_resize_block        3005fc30 f   LIBCMTD:sbheap.obj
 0001:0005f220       ___sbh_heapmin             30060220 f   LIBCMTD:sbheap.obj
 0001:0005f350       ___sbh_heap_check          30060350 f   LIBCMTD:sbheap.obj
 0001:0005f970       _sprintf                   30060970 f   LIBCMTD:sprintf.obj
 0001:0005fa70       __setmbcp                  30060a70 f   LIBCMTD:mbctype.obj
 0001:00060230       __getmbcp                  30061230 f   LIBCMTD:mbctype.obj
 0001:00060250       ___initmbctable            30061250 f   LIBCMTD:mbctype.obj
 0001:00060280       ___addl                    30061280 f   LIBCMTD:mantold.obj
 0001:000602c0       ___add_12                  300612c0 f   LIBCMTD:mantold.obj
 0001:00060370       ___shl_12                  30061370 f   LIBCMTD:mantold.obj
 0001:000603d0       ___shr_12                  300613d0 f   LIBCMTD:mantold.obj
 0001:00060440       ___mtold12                 30061440 f   LIBCMTD:mantold.obj
 0001:00060580       _$I10_OUTPUT               30061580 f   LIBCMTD:x10fout.obj
 0001:00060aa0       ___ld12mul                 30061aa0 f   LIBCMTD:tenpow.obj
 0001:00060ee0       ___multtenpow12            30061ee0 f   LIBCMTD:tenpow.obj
 0001:00060fb0       __alloc_osfhnd             30061fb0 f   LIBCMTD:osfinfo.obj
 0001:000611a0       __set_osfhnd               300621a0 f   LIBCMTD:osfinfo.obj
 0001:00061260       __free_osfhnd              30062260 f   LIBCMTD:osfinfo.obj
 0001:00061340       __get_osfhandle            30062340 f   LIBCMTD:osfinfo.obj
 0001:000613b0       __open_osfhandle           300623b0 f   LIBCMTD:osfinfo.obj
 0001:000614c0       __lock_fhandle             300624c0 f   LIBCMTD:osfinfo.obj
 0001:00061550       __unlock_fhandle           30062550 f   LIBCMTD:osfinfo.obj
 0001:00061580       _fclose                    30062580 f   LIBCMTD:fclose.obj
 0001:00061610       __fclose_lk                30062610 f   LIBCMTD:fclose.obj
 0001:000616d0       __Getdays                  300626d0 f   LIBCMTD:strftime.obj
 0001:00061800       __Getmonths                30062800 f   LIBCMTD:strftime.obj
 0001:00061930       __Gettnames                30062930 f   LIBCMTD:strftime.obj
 0001:00061ca0       _strftime                  30062ca0 f   LIBCMTD:strftime.obj
 0001:00061cc0       __Strftime                 30062cc0 f   LIBCMTD:strftime.obj
 0001:00062b40       ___getlocaleinfo           30063b40 f   LIBCMTD:inithelp.obj
 0001:00062dd0       _localeconv                30063dd0 f   LIBCMTD:lconv.obj
 0001:00062de0       ___crtGetStringTypeW       30063de0 f   LIBCMTD:w_str.obj
 0001:00063050       __strcmpi                  30064050 f   LIBCMTD:stricmp.obj
 0001:00063050       __stricmp                  30064050 f   LIBCMTD:stricmp.obj
 0001:00063120       __strnicmp                 30064120 f   LIBCMTD:strnicmp.obj
 0001:00063230       __close                    30064230 f   LIBCMTD:close.obj
 0001:000632b0       __close_lk                 300642b0 f   LIBCMTD:close.obj
 0001:00063360       ___tzset                   30064360 f   LIBCMTD:tzset.obj
 0001:000633a0       __tzset                    300643a0 f   LIBCMTD:tzset.obj
 0001:00063770       __isindst                  30064770 f   LIBCMTD:tzset.obj
 0001:00063ca0       ___crtGetLocaleInfoW       30064ca0 f   LIBCMTD:w_loc.obj
 0001:00063e40       ___crtGetLocaleInfoA       30064e40 f   LIBCMTD:a_loc.obj
 0001:00063ff0       _getenv                    30064ff0 f   LIBCMTD:getenv.obj
 0001:00064020       __getenv_lk                30065020 f   LIBCMTD:getenv.obj
 0001:000640f0       __mbsnbicoll               300650f0 f   LIBCMTD:mbsnbico.obj
 0001:00064140       ___wtomb_environ           30065140 f   LIBCMTD:wtombenv.obj
[...]
 0003:001cf58c       __winver                   3027858c     LIBCMTD:crt0dat.obj
 0003:001cf590       __winmajor                 30278590     LIBCMTD:crt0dat.obj
 0003:001cf594       __winminor                 30278594     LIBCMTD:crt0dat.obj
 0003:001cf598       ___argc                    30278598     LIBCMTD:crt0dat.obj
 0003:001cf59c       ___argv                    3027859c     LIBCMTD:crt0dat.obj
 0003:001cf5a0       ___wargv                   302785a0     LIBCMTD:crt0dat.obj
 0003:001cf5a4       __environ                  302785a4     LIBCMTD:crt0dat.obj
 0003:001cf5a8       ___initenv                 302785a8     LIBCMTD:crt0dat.obj
 0003:001cf5ac       __wenviron                 302785ac     LIBCMTD:crt0dat.obj
 0003:001cf5b0       ___winitenv                302785b0     LIBCMTD:crt0dat.obj
 0003:001cf5b4       __pgmptr                   302785b4     LIBCMTD:crt0dat.obj
 0003:001cf5b8       __wpgmptr                  302785b8     LIBCMTD:crt0dat.obj
 0003:001cf5bc       __exitflag                 302785bc     LIBCMTD:crt0dat.obj
 0003:001cf5c0       __C_Termination_Done       302785c0     LIBCMTD:crt0dat.obj
 0003:001cf5c4       __C_Exit_Done              302785c4     LIBCMTD:crt0dat.obj
 0003:001cf5ec       __cflush                   302785ec     LIBCMTD:_file.obj
 0003:001cf664       ___lc_handle               30278664     LIBCMTD:nlsdata2.obj
 0003:001cf67c       ___lc_codepage             3027867c     LIBCMTD:nlsdata2.obj
 0003:001cf680       ___lc_collate_cp           30278680     LIBCMTD:nlsdata2.obj
 0003:001cf7a4       __adbgmsg                  302787a4     LIBCMTD:crt0msg.obj
 0003:001cf7ac       __stdbuf                   302787ac     LIBCMTD:_sftbuf.obj
 0003:001cf7b4       ___lc_time_intl            302787b4     LIBCMTD:inittime.obj
 0003:001cf7d0       ___lc_id                   302787d0     LIBCMTD:nlsdata3.obj
 0003:001cf818       __newmode                  30278818     LIBCMTD:_newmode.obj
 0003:001cf81c       ?_pnhHeap@@3P6AHI@ZA       3027881c     LIBCMTD:handler.obj
 0003:001cf82c       ___lconv_static_null       3027882c     LIBCMTD:lconv.obj
 0003:001cf900       _menuStack                 30278900     <common>
 0003:001d1ce0       _Menus                     3027ace0     <common>
 0003:001dbde0       _menuParseKeywordHash      30284de0     <common>
 0003:001dc5e0       _g_nameBind1               302855e0     <common>
 0003:001dc600       _g_nameBind2               30285600     <common>
 0003:001dc620       _itemParseKeywordHash      30285620     <common>
 0003:001dce20       _voiceChatLists            30285e20     <common>
 0003:00474c20       _voiceChatBuffer           3051dc20     <common>
 0003:00477320       _headModelVoiceChat        30520320     <common>
 0003:00478420       _rforward                  30521420     <common>
 0003:0048214c       _oldtime                   3052b14c     <common>
 0003:00482150       _pvright                   3052b150     <common>
 0003:00482160       _pvforward                 3052b160     <common>
 0003:00482170       _rup                       3052b170     <common>
 0003:00482180       _particles                 3052b180     <common>
 0003:004a1180       _rright                    3054a180     <common>
 0003:004a118c       _cg_freeMarkPolys          3054a18c     <common>
 0003:004a11a0       _cg_activeMarkPolys        3054a1a0     <common>
 0003:004a12c0       _cg_markPolys              3054a2c0     <common>
 0003:004b32c0       _free_particles            3055c2c0     <common>
 0003:004b32d0       _pvup                      3055c2d0     <common>
 0003:004b32dc       _active_particles          3055c2dc     <common>
 0003:004b32e0       _cg_bigFont                3055c2e0     <common>
 0003:004e6e00       _cg_teamChatsOnly          3058fe00     <common>
 0003:004e6f20       _cg_deferPlayers           3058ff20     <common>
 0003:004e7040       _cg_timescaleFadeSpeed     30590040     <common>
 0003:004e7160       _cg_crosshairSize          30590160     <common>
 0003:004e7280       _cg_teamChatTime           30590280     <common>
 0003:004e73a0       _cg_simpleItems            305903a0     <common>
 0003:004e74c0       _cgs                       305904c0     <common>
 0003:0050cbe0       _cg_drawTeamOverlay        305b5be0     <common>
 0003:0050cd00       _cg_predictItems           305b5d00     <common>
 0003:0050ce20       _cg_showmiss               305b5e20     <common>
 0003:0050cf40       _cg_tracerChance           305b5f40     <common>
 0003:0050d060       _cg_noTaunt                305b6060     <common>
 0003:0050d180       _cg_drawFPS                305b6180     <common>
 0003:0050d2a0       _cg_viewsize               305b62a0     <common>
 0003:0050d3c0       _cg_oldRail                305b63c0     <common>
 0003:0050d4e0       _cg_drawCrosshair          305b64e0     <common>
 0003:0050d600       _cg_crosshairHealth        305b6600     <common>
 0003:0050d720       _cg_gun_x                  305b6720     <common>
 0003:0050d840       _cg_gun_y                  305b6840     <common>
 0003:0050d960       _pmove_msec                305b6960     <common>
 0003:0050da80       _cg_errorDecay             305b6a80     <common>
 0003:0050dba0       _cg_smallFont              305b6ba0     <common>
 0003:0050dcc0       _cg_crosshairX             305b6cc0     <common>
 0003:0050dde0       _cg_timescale              305b6de0     <common>
 0003:0050df00       _cg_drawAttacker           305b6f00     <common>
 0003:0050e020       _cg_autoswitch             305b7020     <common>
 0003:0050e140       _cg_tracerLength           305b7140     <common>
 0003:0050e260       _cg_noProjectileTrail      305b7260     <common>
 0003:0050e380       _cg_gun_z                  305b7380     <common>
 0003:0050e4a0       _cg_stats                  305b74a0     <common>
 0003:0050e5c0       _cg_zoomFov                305b75c0     <common>
 0003:0050e6e0       _cg_forceModel             305b76e0     <common>
 0003:0050e800       _cg_scorePlum              305b7800     <common>
 0003:0050e920       _cg_animSpeed              305b7920     <common>
 0003:0050ea40       _cg_synchronousClients     305b7a40     <common>
 0003:0050eb60       _cg_debugEvents            305b7b60     <common>
 0003:0050ec80       _cg_thirdPerson            305b7c80     <common>
 0003:0050eda0       _cg_swingSpeed             305b7da0     <common>
 0003:0050eec0       _cg_addMarks               305b7ec0     <common>
 0003:0050efe0       _cg_blood                  305b7fe0     <common>
 0003:0050f100       _cg_cameraMode             305b8100     <common>
 0003:0050f220       _cg_teamChatHeight         305b8220     <common>
 0003:0050f340       _cg_timescaleFadeEnd       305b8340     <common>
 0003:0050f460       _cg_bobup                  305b8460     <common>
 0003:0050f580       _cg_drawAmmoWarning        305b8580     <common>
 0003:0050f6a0       _cg_noVoiceChats           305b86a0     <common>
 0003:0050f7c0       _cg_paused                 305b87c0     <common>
 0003:0050f8e0       _cg_oldRocket              305b88e0     <common>
 0003:0050fa00       _pmove_fixed               305b8a00     <common>
 0003:0050fb20       _cg_noVoiceText            305b8b20     <common>
 0003:0050fc40       _cg_draw3dIcons            305b8c40     <common>
 0003:0050fd60       _cg_thirdPersonAngle       305b8d60     <common>
 0003:0050fe80       _cg_drawFriend             305b8e80     <common>
 0003:0050ffa0       _cg_drawGun                305b8fa0     <common>
 0003:005100c0       _cg_stereoSeparation       305b90c0     <common>
 0003:005101e0       _cg_debugAnim              305b91e0     <common>
 0003:00510300       _cg_runpitch               305b9300     <common>
 0003:00510420       _cg_oldPlasma              305b9420     <common>
 0003:00510540       _cg                        305b9540     <common>
 0003:0052eda0       _cg_teamOverlayUserinfo    305d7da0     <common>
 0003:0052eec0       _cg_trueLightning          305d7ec0     <common>
 0003:0052efe0       _cg_drawCrosshairNames     305d7fe0     <common>
 0003:0052f100       _cg_railTrailTime          305d8100     <common>
 0003:0052f220       _cg_tracerWidth            305d8220     <common>
 0003:0052f340       _cg_items                  305d8340     <common>
 0003:00530b40       _cg_cameraOrbitDelay       305d9b40     <common>
 0003:00530c60       _cg_drawTimer              305d9c60     <common>
 0003:00530d80       _cg_noPlayerAnims          305d9d80     <common>
 0003:00530ea0       _cg_weapons                305d9ea0     <common>
 0003:00531720       _cg_pmove_msec             305da720     <common>
 0003:00531840       _cg_debugPosition          305da840     <common>
 0003:00531960       _cg_smoothClients          305da960     <common>
 0003:00531a80       _cg_draw2D                 305daa80     <common>
 0003:00531ba0       _cg_bobpitch               305daba0     <common>
 0003:00531cc0       _cg_fov                    305dacc0     <common>
 0003:00531de0       _cg_buildScript            305dade0     <common>
 0003:00531f00       _cg_drawSnapshot           305daf00     <common>
 0003:00532020       _cg_centertime             305db020     <common>
 0003:00532140       _cg_thirdPersonRange       305db140     <common>
 0003:00532260       _cg_gibs                   305db260     <common>
 0003:00532380       _cg_crosshairY             305db380     <common>
 0003:005324a0       _cg_drawIcons              305db4a0     <common>
 0003:005325c0       _cg_cameraOrbit            305db5c0     <common>
 0003:005326e0       _cg_drawStatus             305db6e0     <common>
 0003:00532800       _cg_hudFiles               305db800     <common>
 0003:00532920       _cg_gun_frame              305db920     <common>
 0003:00532a40       _cg_ignore                 305dba40     <common>
 0003:00532b60       _cg_runroll                305dbb60     <common>
 0003:00532c80       _cg_drawRewards            305dbc80     <common>
 0003:00532da0       _cg_bobroll                305dbda0     <common>
 0003:00532ec0       _cg_nopredict              305dbec0     <common>
 0003:00532fe0       _cg_shadows                305dbfe0     <common>
 0003:00533100       _cg_footsteps              305dc100     <common>
 0003:00533220       _cg_entities               305dc220     <common>
 0003:005e9220       _cg_brassTime              30692220     <common>
 0003:005e9340       _cg_lagometer              30692340     <common>
 0003:005e9460       _cg_activeLocalEntities    30692460     <common>
 0003:005f0a94       _cg_freeLocalEntities      30699a94     <common>
 0003:005f0aa0       _cg_localEntities          30699aa0     <common>
 0003:006152a0       _sortedTeamPlayers         306be2a0     <common>
 0003:00615520       _systemChat                306be520     <common>
 0003:00615620       _lagometer                 306be620     <common>
 0003:00615c28       _numSortedTeamPlayers      306bec28     <common>
 0003:00615c40       _teamChat1                 306bec40     <common>
 0003:00615d40       _teamChat2                 306bed40     <common>
 0003:00615f10       ___alternate_form          306bef10     <common>
 0003:00615f20       ___no_lead_zeros           306bef20     <common>
 0003:00615f24       ___mbcodepage              306bef24     <common>
 0003:00615fa0       ___mbulinfo                306befa0     <common>
 0003:00615fac       ___ismbcodepage            306befac     <common>
 0003:00615fc0       __mbcasemap                306befc0     <common>
 0003:006160c0       __mbctype                  306bf0c0     <common>
 0003:006161c4       ___mblcid                  306bf1c4     <common>
 0003:006161c8       ___sbh_sizeHeaderList      306bf1c8     <common>
 0003:006161d8       ___sbh_indGroupDefer       306bf1d8     <common>
 0003:006161dc       ___sbh_pHeaderScan         306bf1dc     <common>
 0003:006161e0       ___sbh_pHeaderDefer        306bf1e0     <common>
 0003:006161e4       ___sbh_cntHeaderList       306bf1e4     <common>
 0003:006161e8       ___sbh_pHeaderList         306bf1e8     <common>
 0003:006161ec       __crtheap                  306bf1ec     <common>
 0003:006161f8       __pfnDumpClient            306bf1f8     <common>
 0003:00616220       ___pioinfo                 306bf220     <common>
 0003:0061635c       __nhandle                  306bf35c     <common>
 0003:00616360       ___setlc_active            306bf360     <common>
 0003:00616370       ___unguarded_readlc_active 306bf370     <common>
 0003:00616374       __pfnReportHook            306bf374     <common>
 0003:00616380       ___piob                    306bf380     <common>
 0003:006166c0       __bufin                    306bf6c0     <common>
 0003:006176c0       __nstream                  306c06c0     <common>
 0003:006176c4       ___env_initialized         306c06c4     <common>
 0003:006176d4       ___mbctype_initialized     306c06d4     <common>
 0003:006176d8       ___onexitend               306c06d8     <common>
 0003:006176dc       ___onexitbegin             306c06dc     <common>
 0003:006176e0       __acmdln                   306c06e0     <common>
 0003:006176f0       __pRawDllMain              306c06f0     <common>
 0004:00000000       __IMPORT_DESCRIPTOR_KERNEL32 306c1000     kernel32:KERNEL32.dll
 0004:00000014       __NULL_IMPORT_DESCRIPTOR   306c1014     kernel32:KERNEL32.dll
 0004:000001b4       __imp__GetModuleFileNameA@12 306c11b4     kernel32:KERNEL32.dll
 0004:000001b8       __imp__InterlockedDecrement@4 306c11b8     kernel32:KERNEL32.dll
 0004:000001bc       __imp__InterlockedIncrement@4 306c11bc     kernel32:KERNEL32.dll
 0004:000001c0       __imp__GetCommandLineA@0   306c11c0     kernel32:KERNEL32.dll
 0004:000001c4       __imp__GetVersion@0        306c11c4     kernel32:KERNEL32.dll
 0004:000001c8       __imp__GetProcAddress@8    306c11c8     kernel32:KERNEL32.dll
 0004:000001cc       __imp__GetModuleHandleA@4  306c11cc     kernel32:KERNEL32.dll
 0004:000001d0       __imp__RaiseException@16   306c11d0     kernel32:KERNEL32.dll
 0004:000001d4       __imp__ExitProcess@4       306c11d4     kernel32:KERNEL32.dll
 0004:000001d8       __imp__TerminateProcess@8  306c11d8     kernel32:KERNEL32.dll
 0004:000001dc       __imp__GetCurrentProcess@0 306c11dc     kernel32:KERNEL32.dll
 0004:000001e0       __imp__GetLastError@0      306c11e0     kernel32:KERNEL32.dll
 0004:000001e4       __imp__SetConsoleCtrlHandler@8 306c11e4     kernel32:KERNEL32.dll
 0004:000001e8       __imp__LoadLibraryA@4      306c11e8     kernel32:KERNEL32.dll
 0004:000001ec       __imp__EnterCriticalSection@4 306c11ec     kernel32:KERNEL32.dll
 0004:000001f0       __imp__LeaveCriticalSection@4 306c11f0     kernel32:KERNEL32.dll
 0004:000001f4       __imp__GetCurrentThreadId@0 306c11f4     kernel32:KERNEL32.dll
 0004:000001f8       __imp__TlsSetValue@8       306c11f8     kernel32:KERNEL32.dll
 0004:000001fc       __imp__TlsAlloc@0          306c11fc     kernel32:KERNEL32.dll
 0004:00000200       __imp__TlsFree@4           306c1200     kernel32:KERNEL32.dll
 0004:00000204       __imp__SetLastError@4      306c1204     kernel32:KERNEL32.dll
 0004:00000208       __imp__TlsGetValue@4       306c1208     kernel32:KERNEL32.dll
 0004:0000020c       __imp__GetCurrentThread@0  306c120c     kernel32:KERNEL32.dll
 0004:00000210       __imp__DebugBreak@0        306c1210     kernel32:KERNEL32.dll
 0004:00000214       __imp__GetStdHandle@4      306c1214     kernel32:KERNEL32.dll
 0004:00000218       __imp__WriteFile@20        306c1218     kernel32:KERNEL32.dll
 0004:0000021c       __imp__OutputDebugStringA@4 306c121c     kernel32:KERNEL32.dll
 0004:00000220       __imp__InitializeCriticalSection@4 306c1220     kernel32:KERNEL32.dll
 0004:00000224       __imp__DeleteCriticalSection@4 306c1224     kernel32:KERNEL32.dll
 0004:00000228       __imp__FatalAppExitA@8     306c1228     kernel32:KERNEL32.dll
 0004:0000022c       __imp__Sleep@4             306c122c     kernel32:KERNEL32.dll
 0004:00000230       __imp__WideCharToMultiByte@32 306c1230     kernel32:KERNEL32.dll
 0004:00000234       __imp__MultiByteToWideChar@24 306c1234     kernel32:KERNEL32.dll
 0004:00000238       __imp__LCMapStringA@24     306c1238     kernel32:KERNEL32.dll
 0004:0000023c       __imp__LCMapStringW@24     306c123c     kernel32:KERNEL32.dll
 0004:00000240       __imp__SetHandleCount@4    306c1240     kernel32:KERNEL32.dll
 0004:00000244       __imp__GetFileType@4       306c1244     kernel32:KERNEL32.dll
 0004:00000248       __imp__GetStartupInfoA@4   306c1248     kernel32:KERNEL32.dll
 0004:0000024c       __imp__IsBadWritePtr@8     306c124c     kernel32:KERNEL32.dll
 0004:00000250       __imp__IsBadReadPtr@8      306c1250     kernel32:KERNEL32.dll
 0004:00000254       __imp__HeapValidate@12     306c1254     kernel32:KERNEL32.dll
 0004:00000258       __imp__FreeEnvironmentStringsA@4 306c1258     kernel32:KERNEL32.dll
 0004:0000025c       __imp__FreeEnvironmentStringsW@4 306c125c     kernel32:KERNEL32.dll
 0004:00000260       __imp__GetEnvironmentStrings@0 306c1260     kernel32:KERNEL32.dll
 0004:00000264       __imp__GetEnvironmentStringsW@0 306c1264     kernel32:KERNEL32.dll
 0004:00000268       __imp__HeapDestroy@4       306c1268     kernel32:KERNEL32.dll
 0004:0000026c       __imp__HeapCreate@12       306c126c     kernel32:KERNEL32.dll
 0004:00000270       __imp__HeapFree@12         306c1270     kernel32:KERNEL32.dll
 0004:00000274       __imp__VirtualFree@12      306c1274     kernel32:KERNEL32.dll
 0004:00000278       __imp__GetStringTypeA@20   306c1278     kernel32:KERNEL32.dll
 0004:0000027c       __imp__GetStringTypeW@16   306c127c     kernel32:KERNEL32.dll
 0004:00000280       __imp__UnhandledExceptionFilter@4 306c1280     kernel32:KERNEL32.dll
 0004:00000284       __imp__FlushFileBuffers@4  306c1284     kernel32:KERNEL32.dll
 0004:00000288       __imp__SetFilePointer@16   306c1288     kernel32:KERNEL32.dll
 0004:0000028c       __imp__GetCPInfo@8         306c128c     kernel32:KERNEL32.dll
 0004:00000290       __imp__IsValidLocale@8     306c1290     kernel32:KERNEL32.dll
 0004:00000294       __imp__IsValidCodePage@4   306c1294     kernel32:KERNEL32.dll
 0004:00000298       __imp__GetLocaleInfoA@16   306c1298     kernel32:KERNEL32.dll
 0004:0000029c       __imp__EnumSystemLocalesA@8 306c129c     kernel32:KERNEL32.dll
 0004:000002a0       __imp__GetUserDefaultLCID@0 306c12a0     kernel32:KERNEL32.dll
 0004:000002a4       __imp__GetVersionExA@4     306c12a4     kernel32:KERNEL32.dll
 0004:000002a8       __imp__RtlUnwind@16        306c12a8     kernel32:KERNEL32.dll
 0004:000002ac       __imp__HeapAlloc@12        306c12ac     kernel32:KERNEL32.dll
 0004:000002b0       __imp__HeapReAlloc@16      306c12b0     kernel32:KERNEL32.dll
 0004:000002b4       __imp__VirtualAlloc@16     306c12b4     kernel32:KERNEL32.dll
 0004:000002b8       __imp__GetACP@0            306c12b8     kernel32:KERNEL32.dll
 0004:000002bc       __imp__GetOEMCP@0          306c12bc     kernel32:KERNEL32.dll
 0004:000002c0       __imp__SetStdHandle@8      306c12c0     kernel32:KERNEL32.dll
 0004:000002c4       __imp__CloseHandle@4       306c12c4     kernel32:KERNEL32.dll
 0004:000002c8       __imp__GetTimeZoneInformation@4 306c12c8     kernel32:KERNEL32.dll
 0004:000002cc       __imp__GetLocaleInfoW@16   306c12cc     kernel32:KERNEL32.dll
 0004:000002d0       __imp__CompareStringA@24   306c12d0     kernel32:KERNEL32.dll
 0004:000002d4       __imp__CompareStringW@24   306c12d4     kernel32:KERNEL32.dll
 0004:000002d8       __imp__SetEnvironmentVariableA@8 306c12d8     kernel32:KERNEL32.dll
 0004:000002dc       \177KERNEL32_NULL_THUNK_DATA 306c12dc     kernel32:KERNEL32.dll

 entry point at        0001:0004f3e0

