 cgamex86

 Timestamp is 47e916a4 (Tue Mar 25 11:13:40 2008)

 Preferred load address is 30000000

 Start         Length     Name                   Class
 0001:00000000 0006be64H .text                   CODE
 0001:0006be64 00031d0cH .textbss                CODE
 0002:00000000 00009870H .rdata                  DATA
 0002:00009870 0000016aH .edata                  DATA
 0003:00000000 00000104H .CRT$XCA                DATA
 0003:00000104 00000104H .CRT$XCZ                DATA
 0003:00000208 00000104H .CRT$XIA                DATA
 0003:0000030c 00000109H .CRT$XIC                DATA
 0003:00000418 00000104H .CRT$XIZ                DATA
 0003:0000051c 00000104H .CRT$XPA                DATA
 0003:00000620 00000104H .CRT$XPX                DATA
 0003:00000724 00000104H .CRT$XPZ                DATA
 0003:00000828 00000104H .CRT$XTA                DATA
 0003:0000092c 00000104H .CRT$XTZ                DATA
 0003:00000a30 000056b2H .data                   DATA
 0003:000060e8 0061160cH .bss                    DATA
 0004:00000000 00000014H .idata$2                DATA
 0004:00000014 00000014H .idata$3                DATA
 0004:00000028 0000018cH .idata$4                DATA
 0004:000001b4 0000018cH .idata$5                DATA
 0004:00000340 000006c8H .idata$6                DATA

  Address         Publics by Value              Rva+Base     Lib:Object

 0001:00001950       _BG_FindItemForPowerup     30002950 f   bg_misc.obj
 0001:000019f0       _BG_FindItemForHoldable    300029f0 f   bg_misc.obj
 0001:00001a80       _BG_FindItemForWeapon      30002a80 f   bg_misc.obj
 0001:00001af0       _BG_FindItem               30002af0 f   bg_misc.obj
 0001:00001b50       _BG_PlayerTouchesItem      30002b50 f   bg_misc.obj
 0001:00001c40       _BG_CanItemBeGrabbed       30002c40 f   bg_misc.obj
 0001:00001f00       _BG_EvaluateTrajectory     30002f00 f   bg_misc.obj
 0001:000021f0       _BG_EvaluateTrajectoryDelta 300031f0 f   bg_misc.obj
 0001:00002420       _BG_AddPredictableEventToPlayerstate 30003420 f   bg_misc.obj
 0001:00002500       _BG_TouchJumpPad           30003500 f   bg_misc.obj
 0001:00002620       _BG_PlayerStateToEntityState 30003620 f   bg_misc.obj
 0001:00002ac0       _BG_PlayerStateToEntityStateExtraPolate 30003ac0 f   bg_misc.obj
 0001:00002f70       _Inv_GetVectorFromStat     30003f70 f   bg_pmove.obj
 0001:00003050       _Inv_QuatNormalize         30004050 f   bg_pmove.obj
 0001:00003120       _Inv_GetQuatFromStat       30004120 f   bg_pmove.obj
 0001:00003230       _Inv_MatrixToAngles        30004230 f   bg_pmove.obj
 0001:00003560       _Inv_AxisToQuat            30004560 f   bg_pmove.obj
 0001:00003640       _Inv_GetQuatMaxDelta       30004640 f   bg_pmove.obj
 0001:000036c0       _Inv_GetInvertAxis         300046c0 f   bg_pmove.obj
 0001:00003760       _Inv_MulQuat               30004760 f   bg_pmove.obj
 0001:000038b0       _Inv_FinbBestInvertAxisForQuat 300048b0 f   bg_pmove.obj
 0001:00003a50       _Inv_QuatToMatrix          30004a50 f   bg_pmove.obj
 0001:00003c50       _Inv_QuatMultiply          30004c50 f   bg_pmove.obj
 0001:00003cd0       _Inv_GetAngleDiff          30004cd0 f   bg_pmove.obj
 0001:00003ea0       _Inv_ComputeDynYaw         30004ea0 f   bg_pmove.obj
 0001:00004140       _Inv_QuatIntToStat         30005140 f   bg_pmove.obj
 0001:000041b0       _Inv_FinishDynYaw          300051b0 f   bg_pmove.obj
 0001:00004250       _Inv_QuatToInt             30005250 f   bg_pmove.obj
 0001:000042b0       _Inv_ApplyGravityRotation  300052b0 f   bg_pmove.obj
 0001:00004c80       _Inv_RemoveGravityComponent 30005c80 f   bg_pmove.obj
 0001:00004d20       _PM_AddEvent               30005d20 f   bg_pmove.obj
 0001:00004d50       _PM_AddEventParm           30005d50 f   bg_pmove.obj
 0001:00004d90       _PM_AddTouchEnt            30005d90 f   bg_pmove.obj
 0001:00004e40       _PM_ClipVelocity           30005e40 f   bg_pmove.obj
 0001:00004f00       _PM_UpdateViewAngles       30005f00 f   bg_pmove.obj
 0001:00005040       _PmoveSingle               30006040 f   bg_pmove.obj
 0001:0000b490       _Pmove                     3000c490 f   bg_pmove.obj
 0001:0000b5c0       _PM_SlideMove              3000c5c0 f   bg_slidemove.obj
 0001:0000c120       _PM_StepSlideMove          3000d120 f   bg_slidemove.obj
 0001:0000c850       _CG_TargetCommand_f        3000d850 f   cg_consolecmds.obj
 0001:0000cdc0       _CG_ConsoleCommand         3000ddc0 f   cg_consolecmds.obj
 0001:0000ce40       _CG_InitConsoleCommands    3000de40 f   cg_consolecmds.obj
 0001:0000d050       _CG_Draw3DModel            3000e050 f   cg_draw.obj
 0001:0000d200       _CG_DrawHead               3000e200 f   cg_draw.obj
 0001:0000d3a0       _CG_DrawFlagModel          3000e3a0 f   cg_draw.obj
 0001:0000d5a0       _CG_DrawTeamBackground     3000e5a0 f   cg_draw.obj
 0001:0000d660       _CG_AddLagometerFrameInfo  3000e660 f   cg_draw.obj
 0001:0000d6b0       _CG_AddLagometerSnapshotInfo 3000e6b0 f   cg_draw.obj
 0001:0000d750       _CG_CenterPrint            3000e750 f   cg_draw.obj
 0001:0000d800       _CG_DrawActive             3000e800 f   cg_draw.obj
 0001:00011c60       _CG_AdjustFrom640          30012c60 f   cg_drawtools.obj
 0001:00011cd0       _CG_FillRect               30012cd0 f   cg_drawtools.obj
 0001:00011d50       _CG_DrawSides              30012d50 f   cg_drawtools.obj
 0001:00011e00       _CG_DrawTopBottom          30012e00 f   cg_drawtools.obj
 0001:00011eb0       _CG_DrawRect               30012eb0 f   cg_drawtools.obj
 0001:00011f30       _CG_DrawPic                30012f30 f   cg_drawtools.obj
 0001:00011fa0       _CG_DrawChar               30012fa0 f   cg_drawtools.obj
 0001:000120a0       _CG_DrawStringExt          300130a0 f   cg_drawtools.obj
 0001:00012300       _CG_DrawBigString          30013300 f   cg_drawtools.obj
 0001:00012360       _CG_DrawBigStringColor     30013360 f   cg_drawtools.obj
 0001:000123a0       _CG_DrawSmallString        300133a0 f   cg_drawtools.obj
 0001:00012400       _CG_DrawSmallStringColor   30013400 f   cg_drawtools.obj
 0001:00012440       _CG_DrawStrlen             30013440 f   cg_drawtools.obj
 0001:000124d0       _CG_TileClear              300134d0 f   cg_drawtools.obj
 0001:000126d0       _CG_FadeColor              300136d0 f   cg_drawtools.obj
 0001:00012790       _CG_TeamColor              30013790 f   cg_drawtools.obj
 0001:000127f0       _CG_GetColorForHealth      300137f0 f   cg_drawtools.obj
 0001:00012940       _CG_ColorForHealth         30013940 f   cg_drawtools.obj
 0001:00012990       _UI_DrawBannerString       30013990 f   cg_drawtools.obj
 0001:00012ce0       _UI_ProportionalStringWidth 30013ce0 f   cg_drawtools.obj
 0001:00012d70       _UI_ProportionalSizeScale  30013d70 f   cg_drawtools.obj
 0001:00012db0       _UI_DrawProportionalString 30013db0 f   cg_drawtools.obj
 0001:00013280       _CG_BubbleTrail            30014280 f   cg_effects.obj
 0001:000135f0       _CG_SmokePuff              300145f0 f   cg_effects.obj
 0001:000138a0       _CG_SpawnEffect            300148a0 f   cg_effects.obj
 0001:00013a00       _CG_ScorePlum              30014a00 f   cg_effects.obj
 0001:00013bf0       _CG_MakeExplosion          30014bf0 f   cg_effects.obj
 0001:00013e80       _CG_Bleed                  30014e80 f   cg_effects.obj
 0001:00013fa0       _CG_LaunchGib              30014fa0 f   cg_effects.obj
 0001:00014130       _CG_GibPlayer              30015130 f   cg_effects.obj
 0001:00014a10       _CG_LaunchExplode          30015a10 f   cg_effects.obj
 0001:00014ba0       _CG_BigExplode             30015ba0 f   cg_effects.obj
 0001:00015020       _CG_PositionEntityOnTag    30016020 f   cg_ents.obj
 0001:00015170       _CG_PositionRotatedEntityOnTag 30016170 f   cg_ents.obj
 0001:000152d0       _CG_SetEntitySoundPosition 300162d0 f   cg_ents.obj
 0001:00015390       _CG_Beam                   30016390 f   cg_ents.obj
 0001:00015470       _CG_AdjustPositionForMover 30016470 f   cg_ents.obj
 0001:00015610       _CG_AddPacketEntities      30016610 f   cg_ents.obj
 0001:00017200       _CG_PlaceString            30018200 f   cg_event.obj
 0001:000173a0       _CG_PainEvent              300183a0 f   cg_event.obj
 0001:00017470       _CG_EntityEvent            30018470 f   cg_event.obj
 0001:00019960       _CG_CheckEvents            3001a960 f   cg_event.obj
 0001:00019a80       _CG_LoadingString          3001aa80 f   cg_info.obj
 0001:00019ac0       _CG_LoadingItem            3001aac0 f   cg_info.obj
 0001:00019b50       _CG_LoadingClient          3001ab50 f   cg_info.obj
 0001:00019da0       _CG_DrawInformation        3001ada0 f   cg_info.obj
 0001:0001a480       _CG_InitLocalEntities      3001b480 f   cg_localents.obj
 0001:0001a520       _CG_FreeLocalEntity        3001b520 f   cg_localents.obj
 0001:0001a590       _CG_AllocLocalEntity       3001b590 f   cg_localents.obj
 0001:0001a630       _CG_BloodTrail             3001b630 f   cg_localents.obj
 0001:0001a730       _CG_FragmentBounceMark     3001b730 f   cg_localents.obj
 0001:0001a880       _CG_FragmentBounceSound    3001b880 f   cg_localents.obj
 0001:0001a930       _CG_ReflectVelocity        3001b930 f   cg_localents.obj
 0001:0001ab10       _CG_AddFragment            3001bb10 f   cg_localents.obj
 0001:0001ade0       _CG_AddFadeRGB             3001bde0 f   cg_localents.obj
 0001:0001aeb0       _CG_AddScorePlum           3001beb0 f   cg_localents.obj
 0001:0001b460       _CG_AddLocalEntities       3001c460 f   cg_localents.obj
 0001:0001bcb0       _vmMain                    3001ccb0 f   cg_main.obj
 0001:0001bde0       _CG_RegisterCvars          3001cde0 f   cg_main.obj
 0001:0001bf20       _CG_UpdateCvars            3001cf20 f   cg_main.obj
 0001:0001c090       _CG_CrosshairPlayer        3001d090 f   cg_main.obj
 0001:0001c0d0       _CG_LastAttacker           3001d0d0 f   cg_main.obj
 0001:0001c110       _CG_Printf                 3001d110 f   cg_main.obj
 0001:0001c170       _CG_Error                  3001d170 f   cg_main.obj
 0001:0001c1d0       _Com_Error                 3001d1d0 f   cg_main.obj
 0001:0001c230       _Com_Printf                3001d230 f   cg_main.obj
 0001:0001c290       _CG_Argv                   3001d290 f   cg_main.obj
 0001:0001c2d0       _CG_BuildSpectatorString   3001d2d0 f   cg_main.obj
 0001:0001c3b0       _CG_ConfigString           3001d3b0 f   cg_main.obj
 0001:0001c400       _CG_StartMusic             3001d400 f   cg_main.obj
 0001:0001c490       _CG_Init                   3001d490 f   cg_main.obj
 0001:0001df00       _CG_Shutdown               3001ef00 f   cg_main.obj
 0001:0001df20       _CG_EventHandling          3001ef20 f   cg_main.obj
 0001:0001df40       _CG_KeyEvent               3001ef40 f   cg_main.obj
 0001:0001df60       _CG_MouseEvent             3001ef60 f   cg_main.obj
 0001:0001df80       _CG_InitMarkPolys          3001ef80 f   cg_marks.obj
 0001:0001e020       _CG_FreeMarkPoly           3001f020 f   cg_marks.obj
 0001:0001e090       _CG_AllocMark              3001f090 f   cg_marks.obj
 0001:0001e160       _CG_ImpactMark             3001f160 f   cg_marks.obj
 0001:0001e780       _CG_AddMarks               3001f780 f   cg_marks.obj
 0001:0001ea50       _CG_ClearParticles         3001fa50 f   cg_marks.obj
 0001:0001ebd0       _CG_AddParticleToScene     3001fbd0 f   cg_marks.obj
 0001:00021740       _CG_AddParticles           30022740 f   cg_marks.obj
 0001:00021c20       _CG_ParticleSnowFlurry     30022c20 f   cg_marks.obj
 0001:00021f90       _CG_ParticleSnow           30022f90 f   cg_marks.obj
 0001:00022270       _CG_ParticleBubble         30023270 f   cg_marks.obj
 0001:000225c0       _CG_ParticleSmoke          300235c0 f   cg_marks.obj
 0001:00022800       _CG_ParticleBulletDebris   30023800 f   cg_marks.obj
 0001:000229c0       _CG_ParticleExplosion      300239c0 f   cg_marks.obj
 0001:00022c20       _CG_AddParticleShrapnel    30023c20 f   cg_marks.obj
 0001:00022c40       _CG_NewParticleArea        30023c40 f   cg_marks.obj
 0001:00022ed0       _CG_SnowLink               30023ed0 f   cg_marks.obj
 0001:00022f70       _CG_ParticleImpactSmokePuff 30023f70 f   cg_marks.obj
 0001:000231b0       _CG_Particle_Bleed         300241b0 f   cg_marks.obj
 0001:000233c0       _CG_Particle_OilParticle   300243c0 f   cg_marks.obj
 0001:000235f0       _CG_Particle_OilSlick      300245f0 f   cg_marks.obj
 0001:000238d0       _CG_OilSlickRemove         300248d0 f   cg_marks.obj
 0001:00023980       _ValidBloodPool            30024980 f   cg_marks.obj
 0001:00023be0       _CG_BloodPool              30024be0 f   cg_marks.obj
 0001:00023e30       _CG_ParticleBloodCloud     30024e30 f   cg_marks.obj
 0001:00024130       _CG_ParticleSparks         30025130 f   cg_marks.obj
 0001:00024490       _CG_ParticleDust           30025490 f   cg_marks.obj
 0001:00024950       _CG_ParticleMisc           30025950 f   cg_marks.obj
 0001:00024ac0       _CG_CustomSound            30025ac0 f   cg_players.obj
 0001:00024bb0       _CG_NewClientInfo          30025bb0 f   cg_players.obj
 0001:00027610       _CG_LoadDeferredPlayers    30028610 f   cg_players.obj
 0001:000276c0       _CG_AddRefEntityWithPowerups 300286c0 f   cg_players.obj
 0001:000277d0       _CG_LightVerts             300287d0 f   cg_players.obj
 0001:000279a0       _CG_Player                 300289a0 f   cg_players.obj
 0001:00029c60       _CG_ResetPlayerEntity      3002ac60 f   cg_players.obj
 0001:00029f60       _CG_CheckAmmo              3002af60 f   cg_playerstate.obj
 0001:0002a0b0       _CG_DamageFeedback         3002b0b0 f   cg_playerstate.obj
 0001:0002a490       _CG_Respawn                3002b490 f   cg_playerstate.obj
 0001:0002a4e0       _CG_CheckPlayerstateEvents 3002b4e0 f   cg_playerstate.obj
 0001:0002a690       _CG_CheckChangedPredictableEvents 3002b690 f   cg_playerstate.obj
 0001:0002a7c0       _CG_CheckLocalSounds       3002b7c0 f   cg_playerstate.obj
 0001:0002af80       _CG_TransitionPlayerState  3002bf80 f   cg_playerstate.obj
 0001:0002b100       _CG_BuildSolidList         3002c100 f   cg_predict.obj
 0001:0002b250       _CG_Trace                  3002c250 f   cg_predict.obj
 0001:0002b5b0       _CG_PointContents          3002c5b0 f   cg_predict.obj
 0001:0002b6a0       _CG_PredictPlayerState     3002c6a0 f   cg_predict.obj
 0001:0002c480       _CG_DrawOldScoreboard      3002d480 f   cg_scoreboard.obj
 0001:0002d540       _CG_DrawOldTourneyScoreboard 3002e540 f   cg_scoreboard.obj
 0001:0002d990       _CG_ParseServerinfo        3002e990 f   cg_servercmds.obj
 0001:0002dbb0       _CG_SetConfigValues        3002ebb0 f   cg_servercmds.obj
 0001:0002dc80       _CG_ShaderStateChanged     3002ec80 f   cg_servercmds.obj
 0001:0002deb0       _CG_ParseVoiceChats        3002eeb0 f   cg_servercmds.obj
 0001:0002e490       _CG_LoadVoiceChats         3002f490 f   cg_servercmds.obj
 0001:0002e5a0       _CG_HeadModelVoiceChats    3002f5a0 f   cg_servercmds.obj
 0001:0002e730       _CG_GetVoiceChat           3002f730 f   cg_servercmds.obj
 0001:0002e840       _CG_VoiceChatListForClient 3002f840 f   cg_servercmds.obj
 0001:0002ecd0       _CG_PlayVoiceChat          3002fcd0 f   cg_servercmds.obj
 0001:0002ecf0       _CG_PlayBufferedVoiceChats 3002fcf0 f   cg_servercmds.obj
 0001:0002ed10       _CG_AddBufferedVoiceChat   3002fd10 f   cg_servercmds.obj
 0001:0002ed30       _CG_VoiceChatLocal         3002fd30 f   cg_servercmds.obj
 0001:0002ed50       _CG_VoiceChat              3002fd50 f   cg_servercmds.obj
 0001:0002ed70       _CG_ExecuteNewServerCommands 3002fd70 f   cg_servercmds.obj
 0001:00030000       _CG_SetInitialSnapshot     30031000 f   cg_snapshot.obj
 0001:00030220       _CG_ProcessSnapshots       30031220 f   cg_snapshot.obj
 0001:00030980       _dllEntry                  30031980 f   cg_syscalls.obj
 0001:000309a0       _PASSFLOAT                 300319a0 f   cg_syscalls.obj
 0001:000309c0       _trap_Print                300319c0 f   cg_syscalls.obj
 0001:000309f0       _trap_Error                300319f0 f   cg_syscalls.obj
 0001:00030a20       _trap_Milliseconds         30031a20 f   cg_syscalls.obj
 0001:00030a50       _trap_Cvar_Register        30031a50 f   cg_syscalls.obj
 0001:00030a90       _trap_Cvar_Update          30031a90 f   cg_syscalls.obj
 0001:00030ac0       _trap_Cvar_Set             30031ac0 f   cg_syscalls.obj
 0001:00030af0       _trap_Cvar_VariableStringBuffer 30031af0 f   cg_syscalls.obj
 0001:00030b20       _trap_Argc                 30031b20 f   cg_syscalls.obj
 0001:00030b50       _trap_Argv                 30031b50 f   cg_syscalls.obj
 0001:00030b80       _trap_Args                 30031b80 f   cg_syscalls.obj
 0001:00030bb0       _trap_FS_FOpenFile         30031bb0 f   cg_syscalls.obj
 0001:00030be0       _trap_FS_Read              30031be0 f   cg_syscalls.obj
 0001:00030c10       _trap_FS_Write             30031c10 f   cg_syscalls.obj
 0001:00030c40       _trap_FS_FCloseFile        30031c40 f   cg_syscalls.obj
 0001:00030c70       _trap_FS_Seek              30031c70 f   cg_syscalls.obj
 0001:00030ca0       _trap_SendConsoleCommand   30031ca0 f   cg_syscalls.obj
 0001:00030cd0       _trap_AddCommand           30031cd0 f   cg_syscalls.obj
 0001:00030d00       _trap_RemoveCommand        30031d00 f   cg_syscalls.obj
 0001:00030d30       _trap_SendClientCommand    30031d30 f   cg_syscalls.obj
 0001:00030d60       _trap_UpdateScreen         30031d60 f   cg_syscalls.obj
 0001:00030d90       _trap_CM_LoadMap           30031d90 f   cg_syscalls.obj
 0001:00030dc0       _trap_CM_NumInlineModels   30031dc0 f   cg_syscalls.obj
 0001:00030df0       _trap_CM_InlineModel       30031df0 f   cg_syscalls.obj
 0001:00030e20       _trap_CM_TempBoxModel      30031e20 f   cg_syscalls.obj
 0001:00030e50       _trap_CM_TempCapsuleModel  30031e50 f   cg_syscalls.obj
 0001:00030e80       _trap_CM_PointContents     30031e80 f   cg_syscalls.obj
 0001:00030eb0       _trap_CM_TransformedPointContents 30031eb0 f   cg_syscalls.obj
 0001:00030ef0       _trap_CM_BoxTrace          30031ef0 f   cg_syscalls.obj
 0001:00030f40       _trap_CM_CapsuleTrace      30031f40 f   cg_syscalls.obj
 0001:00030f90       _trap_CM_TransformedBoxTrace 30031f90 f   cg_syscalls.obj
 0001:00030fe0       _trap_CM_TransformedCapsuleTrace 30031fe0 f   cg_syscalls.obj
 0001:00031030       _trap_CM_MarkFragments     30032030 f   cg_syscalls.obj
 0001:00031080       _trap_S_StartSound         30032080 f   cg_syscalls.obj
 0001:000310c0       _trap_S_StartLocalSound    300320c0 f   cg_syscalls.obj
 0001:000310f0       _trap_S_ClearLoopingSounds 300320f0 f   cg_syscalls.obj
 0001:00031120       _trap_S_AddLoopingSound    30032120 f   cg_syscalls.obj
 0001:00031160       _trap_S_AddRealLoopingSound 30032160 f   cg_syscalls.obj
 0001:000311a0       _trap_S_StopLoopingSound   300321a0 f   cg_syscalls.obj
 0001:000311d0       _trap_S_UpdateEntityPosition 300321d0 f   cg_syscalls.obj
 0001:00031200       _trap_S_Respatialize       30032200 f   cg_syscalls.obj
 0001:00031240       _trap_S_RegisterSound      30032240 f   cg_syscalls.obj
 0001:00031270       _trap_S_StartBackgroundTrack 30032270 f   cg_syscalls.obj
 0001:000312a0       _trap_R_LoadWorldMap       300322a0 f   cg_syscalls.obj
 0001:000312d0       _trap_R_RegisterModel      300322d0 f   cg_syscalls.obj
 0001:00031300       _trap_R_RegisterSkin       30032300 f   cg_syscalls.obj
 0001:00031330       _trap_R_RegisterShader     30032330 f   cg_syscalls.obj
 0001:00031360       _trap_R_RegisterShaderNoMip 30032360 f   cg_syscalls.obj
 0001:00031390       _trap_R_RegisterFont       30032390 f   cg_syscalls.obj
 0001:000313c0       _trap_R_ClearScene         300323c0 f   cg_syscalls.obj
 0001:000313f0       _trap_R_AddRefEntityToScene 300323f0 f   cg_syscalls.obj
 0001:00031420       _trap_R_AddPolyToScene     30032420 f   cg_syscalls.obj
 0001:00031450       _trap_R_AddPolysToScene    30032450 f   cg_syscalls.obj
 0001:00031490       _trap_R_LightForPoint      30032490 f   cg_syscalls.obj
 0001:000314d0       _trap_R_AddLightToScene    300324d0 f   cg_syscalls.obj
 0001:00031540       _trap_R_AddAdditiveLightToScene 30032540 f   cg_syscalls.obj
 0001:000315b0       _trap_R_RenderScene        300325b0 f   cg_syscalls.obj
 0001:000315e0       _trap_R_SetColor           300325e0 f   cg_syscalls.obj
 0001:00031610       _trap_R_DrawStretchPic     30032610 f   cg_syscalls.obj
 0001:000316c0       _trap_R_ModelBounds        300326c0 f   cg_syscalls.obj
 0001:000316f0       _trap_R_LerpTag            300326f0 f   cg_syscalls.obj
 0001:00031740       _trap_R_RemapShader        30032740 f   cg_syscalls.obj
 0001:00031770       _trap_GetGlconfig          30032770 f   cg_syscalls.obj
 0001:000317a0       _trap_GetGameState         300327a0 f   cg_syscalls.obj
 0001:000317d0       _trap_GetCurrentSnapshotNumber 300327d0 f   cg_syscalls.obj
 0001:00031800       _trap_GetSnapshot          30032800 f   cg_syscalls.obj
 0001:00031830       _trap_GetServerCommand     30032830 f   cg_syscalls.obj
 0001:00031860       _trap_GetCurrentCmdNumber  30032860 f   cg_syscalls.obj
 0001:00031890       _trap_GetUserCmd           30032890 f   cg_syscalls.obj
 0001:000318c0       _trap_SetUserCmdValue      300328c0 f   cg_syscalls.obj
 0001:00031900       _testPrintInt              30032900 f   cg_syscalls.obj
 0001:00031930       _testPrintFloat            30032930 f   cg_syscalls.obj
 0001:00031970       _trap_MemoryRemaining      30032970 f   cg_syscalls.obj
 0001:000319a0       _trap_Key_IsDown           300329a0 f   cg_syscalls.obj
 0001:000319d0       _trap_Key_GetCatcher       300329d0 f   cg_syscalls.obj
 0001:00031a00       _trap_Key_SetCatcher       30032a00 f   cg_syscalls.obj
 0001:00031a30       _trap_Key_GetKey           30032a30 f   cg_syscalls.obj
 0001:00031a60       _trap_PC_AddGlobalDefine   30032a60 f   cg_syscalls.obj
 0001:00031a90       _trap_PC_LoadSource        30032a90 f   cg_syscalls.obj
 0001:00031ac0       _trap_PC_FreeSource        30032ac0 f   cg_syscalls.obj
 0001:00031af0       _trap_PC_ReadToken         30032af0 f   cg_syscalls.obj
 0001:00031b20       _trap_PC_SourceFileAndLine 30032b20 f   cg_syscalls.obj
 0001:00031b50       _trap_S_StopBackgroundTrack 30032b50 f   cg_syscalls.obj
 0001:00031b80       _trap_RealTime             30032b80 f   cg_syscalls.obj
 0001:00031bb0       _trap_SnapVector           30032bb0 f   cg_syscalls.obj
 0001:00031be0       _trap_CIN_PlayCinematic    30032be0 f   cg_syscalls.obj
 0001:00031c20       _trap_CIN_StopCinematic    30032c20 f   cg_syscalls.obj
 0001:00031c50       _trap_CIN_RunCinematic     30032c50 f   cg_syscalls.obj
 0001:00031c80       _trap_CIN_DrawCinematic    30032c80 f   cg_syscalls.obj
 0001:00031cb0       _trap_CIN_SetExtents       30032cb0 f   cg_syscalls.obj
 0001:00031cf0       _trap_GetEntityToken       30032cf0 f   cg_syscalls.obj
 0001:00031d20       _trap_R_inPVS              30032d20 f   cg_syscalls.obj
 0001:00031d50       _CG_TestModel_f            30032d50 f   cg_view.obj
 0001:00031ed0       _CG_TestGun_f              30032ed0 f   cg_view.obj
 0001:00031f10       _CG_TestModelNextFrame_f   30032f10 f   cg_view.obj
 0001:00031f50       _CG_TestModelPrevFrame_f   30032f50 f   cg_view.obj
 0001:00031fb0       _CG_TestModelNextSkin_f    30032fb0 f   cg_view.obj
 0001:00031ff0       _CG_TestModelPrevSkin_f    30032ff0 f   cg_view.obj
 0001:00032050       _CG_ZoomDown_f             30033050 f   cg_view.obj
 0001:00032090       _CG_ZoomUp_f               30033090 f   cg_view.obj
 0001:000320d0       _CG_AddBufferedSound       300330d0 f   cg_view.obj
 0001:00032140       _CG_DrawActiveFrame        30033140 f   cg_view.obj
 0001:00034360       _CG_RailTrail              30035360 f   cg_weapons.obj
 0001:00034c70       _CG_GrappleTrail           30035c70 f   cg_weapons.obj
 0001:00034f00       _CG_RegisterWeapon         30035f00 f   cg_weapons.obj
 0001:00036a00       _CG_RegisterItemVisuals    30037a00 f   cg_weapons.obj
 0001:00036b50       _CG_AddPlayerWeapon        30037b50 f   cg_weapons.obj
 0001:00037a70       _CG_AddViewWeapon          30038a70 f   cg_weapons.obj
 0001:00038170       _CG_DrawWeaponSelect       30039170 f   cg_weapons.obj
 0001:00038430       _CG_NextWeapon_f           30039430 f   cg_weapons.obj
 0001:00038570       _CG_PrevWeapon_f           30039570 f   cg_weapons.obj
 0001:00038650       _CG_Weapon_f               30039650 f   cg_weapons.obj
 0001:00038700       _CG_OutOfAmmoChange        30039700 f   cg_weapons.obj
 0001:00038770       _CG_FireWeapon             30039770 f   cg_weapons.obj
 0001:00038900       _CG_MissileHitWall         30039900 f   cg_weapons.obj
 0001:00038ef0       _CG_MissileHitPlayer       30039ef0 f   cg_weapons.obj
 0001:00038f50       _CG_ShotgunFire            30039f50 f   cg_weapons.obj
 0001:000394d0       _CG_Tracer                 3003a4d0 f   cg_weapons.obj
 0001:00039990       _CG_Bullet                 3003a990 f   cg_weapons.obj
 0001:00039d80       _Q_rand                    3003ad80 f   q_math.obj
 0001:00039dc0       _Q_random                  3003adc0 f   q_math.obj
 0001:00039e00       _Q_crandom                 3003ae00 f   q_math.obj
 0001:00039e30       _ClampChar                 3003ae30 f   q_math.obj
 0001:00039e60       _ClampShort                3003ae60 f   q_math.obj
 0001:00039ea0       _DirToByte                 3003aea0 f   q_math.obj
 0001:00039f70       _ByteToDir                 3003af70 f   q_math.obj
 0001:0003a010       _ColorBytes3               3003b010 f   q_math.obj
 0001:0003a070       _ColorBytes4               3003b070 f   q_math.obj
 0001:0003a0e0       _NormalizeColor            3003b0e0 f   q_math.obj
 0001:0003a1b0       _PlaneFromPoints           3003b1b0 f   q_math.obj
 0001:0003a340       _RotatePointAroundVector   3003b340 f   q_math.obj
 0001:0003a5f0       _RotateAroundDirection     3003b5f0 f   q_math.obj
 0001:0003a6a0       _vectoangles               3003b6a0 f   q_math.obj
 0001:0003a870       _AnglesToAxis              3003b870 f   q_math.obj
 0001:0003a8e0       _AxisClear                 3003b8e0 f   q_math.obj
 0001:0003a970       _AxisCopy                  3003b970 f   q_math.obj
 0001:0003aa10       _ProjectPointOnPlane       3003ba10 f   q_math.obj
 0001:0003ab90       _MakeNormalVectors         3003bb90 f   q_math.obj
 0001:0003ac80       _VectorRotate              3003bc80 f   q_math.obj
 0001:0003ad40       _Q_rsqrt                   3003bd40 f   q_math.obj
 0001:0003adb0       _Q_fabs                    3003bdb0 f   q_math.obj
 0001:0003ade0       _LerpAngle                 3003bde0 f   q_math.obj
 0001:0003ae60       _AngleSubtract             3003be60 f   q_math.obj
 0001:0003aed0       _AnglesSubtract            3003bed0 f   q_math.obj
 0001:0003af50       _AngleMod                  3003bf50 f   q_math.obj
 0001:0003af90       _AngleNormalize360         3003bf90 f   q_math.obj
 0001:0003afd0       _AngleNormalize180         3003bfd0 f   q_math.obj
 0001:0003b020       _AngleDelta                3003c020 f   q_math.obj
 0001:0003b050       _SetPlaneSignbits          3003c050 f   q_math.obj
 0001:0003b0d0       _BoxOnPlaneSide            3003c0d0 f   q_math.obj
 0001:0003b3a0       _RadiusFromBounds          3003c3a0 f   q_math.obj
 0001:0003b4c0       _ClearBounds               3003c4c0 f   q_math.obj
 0001:0003b520       _AddPointToBounds          3003c520 f   q_math.obj
 0001:0003b620       _VectorNormalize           3003c620 f   q_math.obj
 0001:0003b6e0       _VectorNormalize2          3003c6e0 f   q_math.obj
 0001:0003b7c0       __VectorMA                 3003c7c0 f   q_math.obj
 0001:0003b820       __DotProduct               3003c820 f   q_math.obj
 0001:0003b870       __VectorSubtract           3003c870 f   q_math.obj
 0001:0003b8d0       __VectorAdd                3003c8d0 f   q_math.obj
 0001:0003b930       __VectorCopy               3003c930 f   q_math.obj
 0001:0003b970       __VectorScale              3003c970 f   q_math.obj
 0001:0003b9c0       _Vector4Scale              3003c9c0 f   q_math.obj
 0001:0003ba20       _Q_log2                    3003ca20 f   q_math.obj
 0001:0003ba60       _MatrixMultiply            3003ca60 f   q_math.obj
 0001:0003bc70       _AngleVectors              3003cc70 f   q_math.obj
 0001:0003bed0       _PerpendicularVector       3003ced0 f   q_math.obj
 0001:0003bfc0       _TransposeMatrix           3003cfc0 f   q_math.obj
 0001:0003c040       _Com_Clamp                 3003d040 f   q_shared.obj
 0001:0003c090       _COM_SkipPath              3003d090 f   q_shared.obj
 0001:0003c0f0       _COM_StripExtension        3003d0f0 f   q_shared.obj
 0001:0003c150       _COM_DefaultExtension      3003d150 f   q_shared.obj
 0001:0003c200       _ShortSwap                 3003d200 f   q_shared.obj
 0001:0003c260       _ShortNoSwap               3003d260 f   q_shared.obj
 0001:0003c280       _LongSwap                  3003d280 f   q_shared.obj
 0001:0003c320       _LongNoSwap                3003d320 f   q_shared.obj
 0001:0003c340       _Long64Swap                3003d340 f   q_shared.obj
 0001:0003c3a0       _Long64NoSwap              3003d3a0 f   q_shared.obj
 0001:0003c3c0       _FloatSwap                 3003d3c0 f   q_shared.obj
 0001:0003c400       _FloatNoSwap               3003d400 f   q_shared.obj
 0001:0003c420       _COM_BeginParseSession     3003d420 f   q_shared.obj
 0001:0003c470       _COM_GetCurrentParseLine   3003d470 f   q_shared.obj
 0001:0003c490       _COM_Parse                 3003d490 f   q_shared.obj
 0001:0003c4c0       _COM_ParseError            3003d4c0 f   q_shared.obj
 0001:0003c530       _COM_ParseWarning          3003d530 f   q_shared.obj
 0001:0003c5a0       _COM_Compress              3003d5a0 f   q_shared.obj
 0001:0003c820       _COM_ParseExt              3003d820 f   q_shared.obj
 0001:0003cb50       _COM_MatchToken            3003db50 f   q_shared.obj
 0001:0003cbb0       _SkipBracedSection         3003dbb0 f   q_shared.obj
 0001:0003cc40       _SkipRestOfLine            3003dc40 f   q_shared.obj
 0001:0003ccb0       _Parse1DMatrix             3003dcb0 f   q_shared.obj
 0001:0003cd40       _Parse2DMatrix             3003dd40 f   q_shared.obj
 0001:0003cdd0       _Parse3DMatrix             3003ddd0 f   q_shared.obj
 0001:0003ce70       _Q_isprint                 3003de70 f   q_shared.obj
 0001:0003cea0       _Q_islower                 3003dea0 f   q_shared.obj
 0001:0003ced0       _Q_isupper                 3003ded0 f   q_shared.obj
 0001:0003cf00       _Q_isalpha                 3003df00 f   q_shared.obj
 0001:0003cf40       _Q_strrchr                 3003df40 f   q_shared.obj
 0001:0003cfc0       _Q_strncpyz                3003dfc0 f   q_shared.obj
 0001:0003d050       _Q_stricmpn                3003e050 f   q_shared.obj
 0001:0003d160       _Q_strncmp                 3003e160 f   q_shared.obj
 0001:0003d1f0       _Q_stricmp                 3003e1f0 f   q_shared.obj
 0001:0003d240       _Q_strlwr                  3003e240 f   q_shared.obj
 0001:0003d2a0       _Q_strupr                  3003e2a0 f   q_shared.obj
 0001:0003d300       _Q_strcat                  3003e300 f   q_shared.obj
 0001:0003d370       _Q_PrintStrlen             3003e370 f   q_shared.obj
 0001:0003d410       _Q_CleanStr                3003e410 f   q_shared.obj
 0001:0003d4d0       _Com_sprintf               3003e4d0 f   q_shared.obj
 0001:0003d580       _va                        3003e580 f   q_shared.obj
 0001:0003d5f0       _Info_ValueForKey          3003e5f0 f   q_shared.obj
 0001:0003d7d0       _Info_NextPair             3003e7d0 f   q_shared.obj
 0001:0003d8e0       _Info_RemoveKey            3003e8e0 f   q_shared.obj
 0001:0003dab0       _Info_RemoveKey_Big        3003eab0 f   q_shared.obj
 0001:0003dc80       _Info_Validate             3003ec80 f   q_shared.obj
 0001:0003dce0       _Info_SetValueForKey       3003ece0 f   q_shared.obj
 0001:0003dec0       _Info_SetValueForKey_Big   3003eec0 f   q_shared.obj
 0001:0003e090       _UI_Alloc                  3003f090 f   ui_shared.obj
 0001:0003e130       _UI_InitMemory             3003f130 f   ui_shared.obj
 0001:0003e160       _UI_OutOfMemory            3003f160 f   ui_shared.obj
 0001:0003e180       _String_Alloc              3003f180 f   ui_shared.obj
 0001:0003e3c0       _String_Report             3003f3c0 f   ui_shared.obj
 0001:0003e490       _String_Init               3003f490 f   ui_shared.obj
 0001:0003e550       _PC_SourceWarning          3003f550 f   ui_shared.obj
 0001:0003e5f0       _PC_SourceError            3003f5f0 f   ui_shared.obj
 0001:0003e690       _LerpColor                 3003f690 f   ui_shared.obj
 0001:0003e750       _Float_Parse               3003f750 f   ui_shared.obj
 0001:0003e7b0       _PC_Float_Parse            3003f7b0 f   ui_shared.obj
 0001:0003e8a0       _Color_Parse               3003f8a0 f   ui_shared.obj
 0001:0003e910       _PC_Color_Parse            3003f910 f   ui_shared.obj
 0001:0003e980       _Int_Parse                 3003f980 f   ui_shared.obj
 0001:0003e9e0       _PC_Int_Parse              3003f9e0 f   ui_shared.obj
 0001:0003eac0       _Rect_Parse                3003fac0 f   ui_shared.obj
 0001:0003eb50       _PC_Rect_Parse             3003fb50 f   ui_shared.obj
 0001:0003ebe0       _String_Parse              3003fbe0 f   ui_shared.obj
 0001:0003ec40       _PC_String_Parse           3003fc40 f   ui_shared.obj
 0001:0003eca0       _PC_Script_Parse           3003fca0 f   ui_shared.obj
 0001:0003ee30       _Init_Display              3003fe30 f   ui_shared.obj
 0001:0003ee50       _GradientBar_Paint         3003fe50 f   ui_shared.obj
 0001:0003eed0       _Window_Init               3003fed0 f   ui_shared.obj
 0001:0003ef50       _Fade                      3003ff50 f   ui_shared.obj
 0001:0003f050       _Window_Paint              30040050 f   ui_shared.obj
 0001:0003f680       _Item_SetScreenCoords      30040680 f   ui_shared.obj
 0001:0003f730       _Item_UpdatePosition       30040730 f   ui_shared.obj
 0001:0003f7d0       _Menu_UpdatePosition       300407d0 f   ui_shared.obj
 0001:0003f880       _Menu_PostParse            30040880 f   ui_shared.obj
 0001:0003f8f0       _Menu_ClearFocus           300408f0 f   ui_shared.obj
 0001:0003fa00       _IsVisible                 30040a00 f   ui_shared.obj
 0001:0003fa50       _Rect_ContainsPoint        30040a50 f   ui_shared.obj
 0001:0003fae0       _Menu_ItemsMatchingGroup   30040ae0 f   ui_shared.obj
 0001:0003fba0       _Menu_GetMatchingItemByNumber 30040ba0 f   ui_shared.obj
 0001:0003fc80       _Script_SetColor           30040c80 f   ui_shared.obj
 0001:0003fdc0       _Script_SetAsset           30040dc0 f   ui_shared.obj
 0001:0003fdf0       _Script_SetBackground      30040df0 f   ui_shared.obj
 0001:0003fe40       _Menu_FindItemByName       30040e40 f   ui_shared.obj
 0001:0003fee0       _Script_SetTeamColor       30040ee0 f   ui_shared.obj
 0001:0003ff50       _Script_SetItemColor       30040f50 f   ui_shared.obj
 0001:00040110       _Menu_ShowItemByName       30041110 f   ui_shared.obj
 0001:000401f0       _Menu_FadeItemByName       300411f0 f   ui_shared.obj
 0001:000402c0       _Menus_FindByName          300412c0 f   ui_shared.obj
 0001:00040340       _Menus_ShowByName          30041340 f   ui_shared.obj
 0001:00040380       _Menus_OpenByName          30041380 f   ui_shared.obj
 0001:000403b0       _Menus_CloseByName         300413b0 f   ui_shared.obj
 0001:00040470       _Menus_CloseAll            30041470 f   ui_shared.obj
 0001:00040500       _Script_Show               30041500 f   ui_shared.obj
 0001:00040550       _Script_Hide               30041550 f   ui_shared.obj
 0001:000405a0       _Script_FadeIn             300415a0 f   ui_shared.obj
 0001:000405f0       _Script_FadeOut            300415f0 f   ui_shared.obj
 0001:00040640       _Script_Open               30041640 f   ui_shared.obj
 0001:00040680       _Script_ConditionalOpen    30041680 f   ui_shared.obj
 0001:00040730       _Script_Close              30041730 f   ui_shared.obj
 0001:00040770       _Menu_TransitionItemByName 30041770 f   ui_shared.obj
 0001:00040910       _Script_Transition         30041910 f   ui_shared.obj
 0001:00040a20       _Menu_OrbitItemByName      30041a20 f   ui_shared.obj
 0001:00040af0       _Script_Orbit              30041af0 f   ui_shared.obj
 0001:00040be0       _Script_SetFocus           30041be0 f   ui_shared.obj
 0001:00040cf0       _Script_SetPlayerModel     30041cf0 f   ui_shared.obj
 0001:00040d40       _Script_SetPlayerHead      30041d40 f   ui_shared.obj
 0001:00040d90       _Script_SetCvar            30041d90 f   ui_shared.obj
 0001:00040df0       _Script_Exec               30041df0 f   ui_shared.obj
 0001:00040e50       _Script_Play               30041e50 f   ui_shared.obj
 0001:00040eb0       _Script_playLooped         30041eb0 f   ui_shared.obj
 0001:00040f10       _Item_RunScript            30041f10 f   ui_shared.obj
 0001:000410c0       _Item_EnableShowViaCvar    300420c0 f   ui_shared.obj
 0001:000412c0       _Item_SetFocus             300422c0 f   ui_shared.obj
 0001:00041590       _Item_ListBox_MaxScroll    30042590 f   ui_shared.obj
 0001:00041650       _Item_ListBox_ThumbPosition 30042650 f   ui_shared.obj
 0001:000417a0       _Item_ListBox_ThumbDrawPosition 300427a0 f   ui_shared.obj
 0001:00041980       _Item_Slider_ThumbPosition 30042980 f   ui_shared.obj
 0001:00041aa0       _Item_Slider_OverSlider    30042aa0 f   ui_shared.obj
 0001:00041b20       _Item_ListBox_OverLB       30042b20 f   ui_shared.obj
 0001:00041e80       _Item_ListBox_MouseEnter   30042e80 f   ui_shared.obj
 0001:00042080       _Item_MouseEnter           30043080 f   ui_shared.obj
 0001:00042280       _Item_MouseLeave           30043280 f   ui_shared.obj
 0001:00042310       _Menu_HitTest              30043310 f   ui_shared.obj
 0001:00042390       _Item_SetMouseOver         30043390 f   ui_shared.obj
 0001:000423e0       _Item_OwnerDraw_HandleKey  300433e0 f   ui_shared.obj
 0001:00042440       _Item_ListBox_HandleKey    30043440 f   ui_shared.obj
 0001:00042e20       _Item_YesNo_HandleKey      30043e20 f   ui_shared.obj
 0001:00042f50       _Item_Multi_CountSettings  30043f50 f   ui_shared.obj
 0001:00042f90       _Item_Multi_FindCvarByValue 30043f90 f   ui_shared.obj
 0001:00043100       _Item_Multi_Setting        30044100 f   ui_shared.obj
 0001:00043290       _Item_Multi_HandleKey      30044290 f   ui_shared.obj
 0001:00043490       _Item_TextField_HandleKey  30044490 f   ui_shared.obj
 0001:00043c60       _Item_StartCapture         30044c60 f   ui_shared.obj
 0001:00044430       _Item_StopCapture          30045430 f   ui_shared.obj
 0001:00044450       _Item_Slider_HandleKey     30045450 f   ui_shared.obj
 0001:00044680       _Item_HandleKey            30045680 f   ui_shared.obj
 0001:00044860       _Item_Action               30045860 f   ui_shared.obj
 0001:000448a0       _Menu_SetPrevCursorItem    300458a0 f   ui_shared.obj
 0001:00044a50       _Menu_SetNextCursorItem    30045a50 f   ui_shared.obj
 0001:00044c00       _Menus_Activate            30045c00 f   ui_shared.obj
 0001:00044e40       _Display_VisibleMenuCount  30045e40 f   ui_shared.obj
 0001:00044eb0       _Menus_HandleOOBClick      30045eb0 f   ui_shared.obj
 0001:00045070       _Menu_HandleKey            30046070 f   ui_shared.obj
 0001:00045830       _ToWindowCoords            30046830 f   ui_shared.obj
 0001:000458a0       _Rect_ToWindowCoords       300468a0 f   ui_shared.obj
 0001:000458d0       _Item_SetTextExtents       300468d0 f   ui_shared.obj
 0001:00045be0       _Item_TextColor            30046be0 f   ui_shared.obj
 0001:00045ed0       _Item_Text_AutoWrapped_Paint 30046ed0 f   ui_shared.obj
 0001:00046340       _Item_Text_Wrapped_Paint   30047340 f   ui_shared.obj
 0001:00046600       _Item_Text_Paint           30047600 f   ui_shared.obj
 0001:00046790       _Item_TextField_Paint      30047790 f   ui_shared.obj
 0001:00046b20       _Item_YesNo_Paint          30047b20 f   ui_shared.obj
 0001:00046db0       _Item_Multi_Paint          30047db0 f   ui_shared.obj
 0001:00046fc0       _Controls_GetConfig        30047fc0 f   ui_shared.obj
 0001:00047120       _Controls_SetConfig        30048120 f   ui_shared.obj
 0001:00047210       _Controls_SetDefaults      30048210 f   ui_shared.obj
 0001:00047290       _BindingIDFromName         30048290 f   ui_shared.obj
 0001:00047300       _BindingFromName           30048300 f   ui_shared.obj
 0001:00047450       _Item_Slider_Paint         30048450 f   ui_shared.obj
 0001:000476b0       _Item_Bind_Paint           300486b0 f   ui_shared.obj
 0001:00047990       _Display_KeyBindPending    30048990 f   ui_shared.obj
 0001:000479b0       _Item_Bind_HandleKey       300489b0 f   ui_shared.obj
 0001:00047dd0       _AdjustFrom640             30048dd0 f   ui_shared.obj
 0001:00047e60       _Item_Model_Paint          30048e60 f   ui_shared.obj
 0001:000482a0       _Item_Image_Paint          300492a0 f   ui_shared.obj
 0001:00048330       _Item_ListBox_Paint        30049330 f   ui_shared.obj
 0001:00048df0       _Item_OwnerDraw_Paint      30049df0 f   ui_shared.obj
 0001:000493e0       _Item_Paint                3004a3e0 f   ui_shared.obj
 0001:00049bb0       _Menu_Init                 3004abb0 f   ui_shared.obj
 0001:00049c50       _Menu_GetFocusedItem       3004ac50 f   ui_shared.obj
 0001:00049cd0       _Menu_GetFocused           3004acd0 f   ui_shared.obj
 0001:00049d60       _Menu_ScrollFeeder         3004ad60 f   ui_shared.obj
 0001:00049e00       _Menu_SetFeederSelection   3004ae00 f   ui_shared.obj
 0001:00049f50       _Menus_AnyFullScreenVisible 3004af50 f   ui_shared.obj
 0001:00049fd0       _Menus_ActivateByName      3004afd0 f   ui_shared.obj
 0001:0004a0e0       _Item_Init                 3004b0e0 f   ui_shared.obj
 0001:0004a130       _Menu_HandleMouseMove      3004b130 f   ui_shared.obj
 0001:0004a400       _Menu_Paint                3004b400 f   ui_shared.obj
 0001:0004a5c0       _Item_ValidateTypeData     3004b5c0 f   ui_shared.obj
 0001:0004a760       _KeywordHash_Key           3004b760 f   ui_shared.obj
 0001:0004a840       _KeywordHash_Add           3004b840 f   ui_shared.obj
 0001:0004a890       _KeywordHash_Find          3004b890 f   ui_shared.obj
 0001:0004a910       _ItemParse_name            3004b910 f   ui_shared.obj
 0001:0004a950       _ItemParse_focusSound      3004b950 f   ui_shared.obj
 0001:0004a9b0       _ItemParse_text            3004b9b0 f   ui_shared.obj
 0001:0004a9f0       _ItemParse_group           3004b9f0 f   ui_shared.obj
 0001:0004aa30       _ItemParse_asset_model     3004ba30 f   ui_shared.obj
 0001:0004aac0       _ItemParse_asset_shader    3004bac0 f   ui_shared.obj
 0001:0004ab20       _ItemParse_model_origin    3004bb20 f   ui_shared.obj
 0001:0004abc0       _ItemParse_model_fovx      3004bbc0 f   ui_shared.obj
 0001:0004ac20       _ItemParse_model_fovy      3004bc20 f   ui_shared.obj
 0001:0004ac80       _ItemParse_model_rotation  3004bc80 f   ui_shared.obj
 0001:0004ace0       _ItemParse_model_angle     3004bce0 f   ui_shared.obj
 0001:0004ad40       _ItemParse_rect            3004bd40 f   ui_shared.obj
 0001:0004ad80       _ItemParse_style           3004bd80 f   ui_shared.obj
 0001:0004adc0       _ItemParse_decoration      3004bdc0 f   ui_shared.obj
 0001:0004adf0       _ItemParse_notselectable   3004bdf0 f   ui_shared.obj
 0001:0004ae50       _ItemParse_wrapped         3004be50 f   ui_shared.obj
 0001:0004ae80       _ItemParse_autowrapped     3004be80 f   ui_shared.obj
 0001:0004aeb0       _ItemParse_horizontalscroll 3004beb0 f   ui_shared.obj
 0001:0004aee0       _ItemParse_type            3004bee0 f   ui_shared.obj
 0001:0004af30       _ItemParse_elementwidth    3004bf30 f   ui_shared.obj
 0001:0004af90       _ItemParse_elementheight   3004bf90 f   ui_shared.obj
 0001:0004aff0       _ItemParse_feeder          3004bff0 f   ui_shared.obj
 0001:0004b030       _ItemParse_elementtype     3004c030 f   ui_shared.obj
 0001:0004b0a0       _ItemParse_columns         3004c0a0 f   ui_shared.obj
 0001:0004b1f0       _ItemParse_border          3004c1f0 f   ui_shared.obj
 0001:0004b230       _ItemParse_bordersize      3004c230 f   ui_shared.obj
 0001:0004b270       _ItemParse_visible         3004c270 f   ui_shared.obj
 0001:0004b2d0       _ItemParse_ownerdraw       3004c2d0 f   ui_shared.obj
 0001:0004b320       _ItemParse_align           3004c320 f   ui_shared.obj
 0001:0004b360       _ItemParse_textalign       3004c360 f   ui_shared.obj
 0001:0004b3a0       _ItemParse_textalignx      3004c3a0 f   ui_shared.obj
 0001:0004b3e0       _ItemParse_textaligny      3004c3e0 f   ui_shared.obj
 0001:0004b420       _ItemParse_textscale       3004c420 f   ui_shared.obj
 0001:0004b460       _ItemParse_textstyle       3004c460 f   ui_shared.obj
 0001:0004b4a0       _ItemParse_backcolor       3004c4a0 f   ui_shared.obj
 0001:0004b510       _ItemParse_forecolor       3004c510 f   ui_shared.obj
 0001:0004b590       _ItemParse_bordercolor     3004c590 f   ui_shared.obj
 0001:0004b600       _ItemParse_outlinecolor    3004c600 f   ui_shared.obj
 0001:0004b640       _ItemParse_background      3004c640 f   ui_shared.obj
 0001:0004b6a0       _ItemParse_cinematic       3004c6a0 f   ui_shared.obj
 0001:0004b6e0       _ItemParse_doubleClick     3004c6e0 f   ui_shared.obj
 0001:0004b760       _ItemParse_onFocus         3004c760 f   ui_shared.obj
 0001:0004b7a0       _ItemParse_leaveFocus      3004c7a0 f   ui_shared.obj
 0001:0004b7e0       _ItemParse_mouseEnter      3004c7e0 f   ui_shared.obj
 0001:0004b820       _ItemParse_mouseExit       3004c820 f   ui_shared.obj
 0001:0004b860       _ItemParse_mouseEnterText  3004c860 f   ui_shared.obj
 0001:0004b8a0       _ItemParse_mouseExitText   3004c8a0 f   ui_shared.obj
 0001:0004b8e0       _ItemParse_action          3004c8e0 f   ui_shared.obj
 0001:0004b920       _ItemParse_special         3004c920 f   ui_shared.obj
 0001:0004b960       _ItemParse_cvarTest        3004c960 f   ui_shared.obj
 0001:0004b9a0       _ItemParse_cvar            3004c9a0 f   ui_shared.obj
 0001:0004ba40       _ItemParse_maxChars        3004ca40 f   ui_shared.obj
 0001:0004bac0       _ItemParse_maxPaintChars   3004cac0 f   ui_shared.obj
 0001:0004bb40       _ItemParse_cvarFloat       3004cb40 f   ui_shared.obj
 0001:0004bc10       _ItemParse_cvarStrList     3004cc10 f   ui_shared.obj
 0001:0004be30       _ItemParse_cvarFloatList   3004ce30 f   ui_shared.obj
 0001:0004c020       _ItemParse_addColorRange   3004d020 f   ui_shared.obj
 0001:0004c0f0       _ItemParse_ownerdrawFlag   3004d0f0 f   ui_shared.obj
 0001:0004c140       _ItemParse_enableCvar      3004d140 f   ui_shared.obj
 0001:0004c190       _ItemParse_disableCvar     3004d190 f   ui_shared.obj
 0001:0004c1e0       _ItemParse_showCvar        3004d1e0 f   ui_shared.obj
 0001:0004c230       _ItemParse_hideCvar        3004d230 f   ui_shared.obj
 0001:0004c280       _Item_SetupKeywordHash     3004d280 f   ui_shared.obj
 0001:0004c300       _Item_Parse                3004d300 f   ui_shared.obj
 0001:0004c460       _Item_InitControls         3004d460 f   ui_shared.obj
 0001:0004c4f0       _MenuParse_font            3004d4f0 f   ui_shared.obj
 0001:0004c590       _MenuParse_name            3004d590 f   ui_shared.obj
 0001:0004c5f0       _MenuParse_fullscreen      3004d5f0 f   ui_shared.obj
 0001:0004c640       _MenuParse_rect            3004d640 f   ui_shared.obj
 0001:0004c680       _MenuParse_style           3004d680 f   ui_shared.obj
 0001:0004c6d0       _MenuParse_visible         3004d6d0 f   ui_shared.obj
 0001:0004c730       _MenuParse_onOpen          3004d730 f   ui_shared.obj
 0001:0004c780       _MenuParse_onClose         3004d780 f   ui_shared.obj
 0001:0004c7d0       _MenuParse_onESC           3004d7d0 f   ui_shared.obj
 0001:0004c820       _MenuParse_border          3004d820 f   ui_shared.obj
 0001:0004c870       _MenuParse_borderSize      3004d870 f   ui_shared.obj
 0001:0004c8c0       _MenuParse_backcolor       3004d8c0 f   ui_shared.obj
 0001:0004c940       _MenuParse_forecolor       3004d940 f   ui_shared.obj
 0001:0004c9d0       _MenuParse_bordercolor     3004d9d0 f   ui_shared.obj
 0001:0004ca50       _MenuParse_focuscolor      3004da50 f   ui_shared.obj
 0001:0004cad0       _MenuParse_disablecolor    3004dad0 f   ui_shared.obj
 0001:0004cb50       _MenuParse_outlinecolor    3004db50 f   ui_shared.obj
 0001:0004cba0       _MenuParse_background      3004dba0 f   ui_shared.obj
 0001:0004cc00       _MenuParse_cinematic       3004dc00 f   ui_shared.obj
 0001:0004cc50       _MenuParse_ownerdrawFlag   3004dc50 f   ui_shared.obj
 0001:0004ccb0       _MenuParse_ownerdraw       3004dcb0 f   ui_shared.obj
 0001:0004cd00       _MenuParse_popup           3004dd00 f   ui_shared.obj
 0001:0004cd40       _MenuParse_outOfBounds     3004dd40 f   ui_shared.obj
 0001:0004cd80       _MenuParse_soundLoop       3004dd80 f   ui_shared.obj
 0001:0004cdd0       _MenuParse_fadeClamp       3004ddd0 f   ui_shared.obj
 0001:0004ce20       _MenuParse_fadeAmount      3004de20 f   ui_shared.obj
 0001:0004ce70       _MenuParse_fadeCycle       3004de70 f   ui_shared.obj
 0001:0004cec0       _MenuParse_itemDef         3004dec0 f   ui_shared.obj
 0001:0004cfe0       _Menu_SetupKeywordHash     3004dfe0 f   ui_shared.obj
 0001:0004d060       _Menu_Parse                3004e060 f   ui_shared.obj
 0001:0004d1d0       _Menu_New                  3004e1d0 f   ui_shared.obj
 0001:0004d250       _Menu_Count                3004e250 f   ui_shared.obj
 0001:0004d270       _Menu_PaintAll             3004e270 f   ui_shared.obj
 0001:0004d370       _Menu_Reset                3004e370 f   ui_shared.obj
 0001:0004d390       _Display_GetContext        3004e390 f   ui_shared.obj
 0001:0004d3b0       _Display_CaptureItem       3004e3b0 f   ui_shared.obj
 0001:0004d440       _Display_MouseMove         3004e440 f   ui_shared.obj
 0001:0004d550       _Display_CursorType        3004e550 f   ui_shared.obj
 0001:0004d610       _Display_HandleKey         3004e610 f   ui_shared.obj
 0001:0004d670       _Display_CacheAll          3004e670 f   ui_shared.obj
 0001:0004d9b0       __fpmath                   3004e9b0 f   LIBCMTD:fpinit.obj
 0001:0004d9e0       __fpclear                  3004e9e0 f   LIBCMTD:fpinit.obj
 0001:0004d9f0       __cfltcvt_init             3004e9f0 f   LIBCMTD:fpinit.obj
 0001:0004da40       ___setfflag                3004ea40 f   LIBCMTD:fpinit.obj
 0001:0004da60       __CIsin                    3004ea60 f   LIBCMTD:sin.obj
 0001:0004da74       _sin                       3004ea74 f   LIBCMTD:sin.obj
 0001:0004db10       __CIcos                    3004eb10 f   LIBCMTD:cos.obj
 0001:0004db24       _cos                       3004eb24 f   LIBCMTD:cos.obj
 0001:0004dbc0       _atof                      3004ebc0 f   LIBCMTD:atof.obj
 0001:0004dc40       _fabs                      3004ec40 f   LIBCMTD:fabs.obj
 0001:0004dd34       __ftol                     3004ed34 f   LIBCMTD:ftol.obj
 0001:0004dd60       __CIsqrt                   3004ed60 f   LIBCMTD:sqrt.obj
 0001:0004dd74       _sqrt                      3004ed74 f   LIBCMTD:sqrt.obj
 0001:0004de20       __CIacos                   3004ee20 f   LIBCMTD:acos.obj
 0001:0004de34       _acos                      3004ee34 f   LIBCMTD:acos.obj
 0001:0004def0       __assert                   3004eef0 f   LIBCMTD:assert.obj
 0001:0004e270       _memcpy                    3004f270 f   LIBCMTD:memcpy.obj
 0001:0004e5b0       _abs                       3004f5b0 f   LIBCMTD:abs.obj
 0001:0004e5e0       _memset                    3004f5e0 f   LIBCMTD:memset.obj
 0001:0004e640       _atol                      3004f640 f   LIBCMTD:atox.obj
 0001:0004e740       _atoi                      3004f740 f   LIBCMTD:atox.obj
 0001:0004e760       __atoi64                   3004f760 f   LIBCMTD:atox.obj
 0001:0004e890       _strlen                    3004f890 f   LIBCMTD:strlen.obj
 0001:0004e910       _srand                     3004f910 f   LIBCMTD:rand.obj
 0001:0004e920       _rand                      3004f920 f   LIBCMTD:rand.obj
 0001:0004e960       _strcpy                    3004f960 f   LIBCMTD:strcat.obj
 0001:0004e970       _strcat                    3004f970 f   LIBCMTD:strcat.obj
 0001:0004ea50       _vsprintf                  3004fa50 f   LIBCMTD:vsprintf.obj
 0001:0004eb50       _strcmp                    3004fb50 f   LIBCMTD:strcmp.obj
 0001:0004ebe0       __chkstk                   3004fbe0 f   LIBCMTD:chkstk.obj
 0001:0004ebe0       __alloca_probe             3004fbe0 f   LIBCMTD:chkstk.obj
 0001:0004ec10       _floor                     3004fc10 f   LIBCMTD:floor.obj
 0001:0004ed60       _strchr                    3004fd60 f   LIBCMTD:strchr.obj
 0001:0004ed66       ___from_strstr_to_strchr   3004fd66 f   LIBCMTD:strchr.obj
 0001:0004ee20       _strncpy                   3004fe20 f   LIBCMTD:strncpy.obj
 0001:0004ef20       _strstr                    3004ff20 f   LIBCMTD:strstr.obj
 0001:0004efa0       _atan2                     3004ffa0 f   LIBCMTD:87ctriga.obj
 0001:0004efaa       __CIatan2                  3004ffaa f   LIBCMTD:87ctriga.obj
 0001:0004efc0       __CItan                    3004ffc0 f   LIBCMTD:tan.obj
 0001:0004efd4       _tan                       3004ffd4 f   LIBCMTD:tan.obj
 0001:0004f080       __tolower                  30050080 f   LIBCMTD:tolower.obj
 0001:0004f090       _tolower                   30050090 f   LIBCMTD:tolower.obj
 0001:0004f130       __tolower_lk               30050130 f   LIBCMTD:tolower.obj
 0001:0004f260       __toupper                  30050260 f   LIBCMTD:toupper.obj
 0001:0004f270       _toupper                   30050270 f   LIBCMTD:toupper.obj
 0001:0004f310       __toupper_lk               30050310 f   LIBCMTD:toupper.obj
 0001:0004f440       _memmove                   30050440 f   LIBCMTD:memmove.obj
 0001:0004f780       __CRT_INIT@12              30050780 f   LIBCMTD:dllcrt0.obj
 0001:0004f8c0       __DllMainCRTStartup@12     300508c0 f   LIBCMTD:dllcrt0.obj
 0001:0004f9c0       __amsg_exit                300509c0 f   LIBCMTD:dllcrt0.obj
 0001:0004fa00       __setdefaultprecision      30050a00 f   LIBCMTD:fp8.obj
 0001:0004fa20       __ms_p5_test_fdiv          30050a20 f   LIBCMTD:testfdiv.obj
 0001:0004fa80       __ms_p5_mp_test_fdiv       30050a80 f   LIBCMTD:testfdiv.obj
 0001:0004fad0       __forcdecpt                30050ad0 f   LIBCMTD:cvt.obj
 0001:0004fb80       __cropzeros                30050b80 f   LIBCMTD:cvt.obj
 0001:0004fc60       __positive                 30050c60 f   LIBCMTD:cvt.obj
 0001:0004fc90       __fassign                  30050c90 f   LIBCMTD:cvt.obj
 0001:0004fce0       __cftoe                    30050ce0 f   LIBCMTD:cvt.obj
 0001:0004fed0       __cftof                    30050ed0 f   LIBCMTD:cvt.obj
 0001:00050080       __cftog                    30051080 f   LIBCMTD:cvt.obj
 0001:00050170       __cfltcvt                  30051170 f   LIBCMTD:cvt.obj
 0001:00050200       __trandisp1                30051200 f   LIBCMTD:87disp.obj
 0001:00050267       __trandisp2                30051267 f   LIBCMTD:87disp.obj
 0001:000502f3       __rttospopde               300512f3 f   LIBCMTD:87disp.obj
 0001:000502f8       __rttospop                 300512f8 f   LIBCMTD:87disp.obj
 0001:000502fa       __rtnospop                 300512fa f   LIBCMTD:87disp.obj
 0001:000502fc       __rttosnpop                300512fc f   LIBCMTD:87disp.obj
 0001:000502fd       __rtnospopde               300512fd f   LIBCMTD:87disp.obj
 0001:00050304       __rtzeropop                30051304 f   LIBCMTD:87disp.obj
 0001:00050306       __rtzeronpop               30051306 f   LIBCMTD:87disp.obj
 0001:0005030b       __rtonepop                 3005130b f   LIBCMTD:87disp.obj
 0001:0005030d       __rtonenpop                3005130d f   LIBCMTD:87disp.obj
 0001:00050312       __tosnan1                  30051312 f   LIBCMTD:87disp.obj
 0001:0005033d       __nosnan2                  3005133d f   LIBCMTD:87disp.obj
 0001:0005033f       __tosnan2                  3005133f f   LIBCMTD:87disp.obj
 0001:00050367       __nan2                     30051367 f   LIBCMTD:87disp.obj
 0001:000503a6       __rtindfpop                300513a6 f   LIBCMTD:87disp.obj
 0001:000503a8       __rtindfnpop               300513a8 f   LIBCMTD:87disp.obj
 0001:000503b9       __rttosnpopde              300513b9 f   LIBCMTD:87disp.obj
 0001:000503c3       __rtchsifneg               300513c3 f   LIBCMTD:87disp.obj
 0001:000503d0       __twoToTOS                 300513d0 f   LIBCMTD:common.obj
 0001:000503e5       __load_CW                  300513e5 f   LIBCMTD:common.obj
 0001:000503fc       __convertTOStoQNaN         300513fc f   LIBCMTD:common.obj
 0001:00050415       __fload_withFB             30051415 f   LIBCMTD:common.obj
 0001:00050458       __checkTOS_withFB          30051458 f   LIBCMTD:common.obj
 0001:0005046e       __fast_exit                3005146e f   LIBCMTD:common.obj
 0001:0005047b       __math_exit                3005147b f   LIBCMTD:common.obj
 0001:000504a5       __check_overflow_exit      300514a5 f   LIBCMTD:common.obj
 0001:000504b9       __check_range_exit         300514b9 f   LIBCMTD:common.obj
 0001:00050560       __startTwoArgErrorHandling 30051560 f   LIBCMTD:genexcep.obj
 0001:00050577       __startOneArgErrorHandling 30051577 f   LIBCMTD:genexcep.obj
 0001:000505c0       __fltin2                   300515c0 f   LIBCMTD:cfin.obj
 0001:00050680       __isctype                  30051680 f   LIBCMTD:isctype.obj
 0001:00050740       __handle_qnan1             30051740 f   LIBCMTD:fpexcept.obj
 0001:000507a0       __handle_qnan2             300517a0 f   LIBCMTD:fpexcept.obj
 0001:00050810       __except1                  30051810 f   LIBCMTD:fpexcept.obj
 0001:000508d0       __except2                  300518d0 f   LIBCMTD:fpexcept.obj
 0001:000509a0       __raise_exc                300519a0 f   LIBCMTD:fpexcept.obj
 0001:00050e70       __handle_exc               30051e70 f   LIBCMTD:fpexcept.obj
 0001:000511f0       __umatherr                 300521f0 f   LIBCMTD:fpexcept.obj
 0001:00051290       __set_errno                30052290 f   LIBCMTD:fpexcept.obj
 0001:00051310       __errcode                  30052310 f   LIBCMTD:fpexcept.obj
 0001:00051390       __set_exp                  30052390 f   LIBCMTD:util.obj
 0001:000513d0       __get_exp                  300523d0 f   LIBCMTD:util.obj
 0001:00051400       __add_exp                  30052400 f   LIBCMTD:util.obj
 0001:00051440       __set_bexp                 30052440 f   LIBCMTD:util.obj
 0001:00051480       __sptype                   30052480 f   LIBCMTD:util.obj
 0001:00051500       __decomp                   30052500 f   LIBCMTD:util.obj
 0001:00051640       __statfp                   30052640 f   LIBCMTD:fpctrl.obj
 0001:00051660       __clrfp                    30052660 f   LIBCMTD:fpctrl.obj
 0001:00051680       __ctrlfp                   30052680 f   LIBCMTD:fpctrl.obj
 0001:000516c0       __set_statfp               300526c0 f   LIBCMTD:fpctrl.obj
 0001:00051740       _abort                     30052740 f   LIBCMTD:abort.obj
 0001:00051760       __cinit                    30052760 f   LIBCMTD:crt0dat.obj
 0001:000517a0       _exit                      300527a0 f   LIBCMTD:crt0dat.obj
 0001:000517c0       __exit                     300527c0 f   LIBCMTD:crt0dat.obj
 0001:000517e0       __cexit                    300527e0 f   LIBCMTD:crt0dat.obj
 0001:00051800       __c_exit                   30052800 f   LIBCMTD:crt0dat.obj
 0001:00051910       __lockexit                 30052910 f   LIBCMTD:crt0dat.obj
 0001:00051920       __unlockexit               30052920 f   LIBCMTD:crt0dat.obj
 0001:00051960       _signal                    30052960 f   LIBCMTD:winsig.obj
 0001:00051c30       _raise                     30052c30 f   LIBCMTD:winsig.obj
 0001:00051ed0       ___fpecode                 30052ed0 f   LIBCMTD:winsig.obj
 0001:00051ee0       ___pxcptinfoptrs           30052ee0 f   LIBCMTD:winsig.obj
 0001:00051ef0       ___crtMessageBoxA          30052ef0 f   LIBCMTD:crtmbox.obj
 0001:00051fb0       __itoa                     30052fb0 f   LIBCMTD:xtoa.obj
 0001:000520d0       __ltoa                     300530d0 f   LIBCMTD:xtoa.obj
 0001:00052110       __ultoa                    30053110 f   LIBCMTD:xtoa.obj
 0001:00052130       __i64toa                   30053130 f   LIBCMTD:xtoa.obj
 0001:00052280       __ui64toa                  30053280 f   LIBCMTD:xtoa.obj
 0001:000522a0       _strncat                   300532a0 f   LIBCMTD:strncat.obj
 0001:000523d0       _fflush                    300533d0 f   LIBCMTD:fflush.obj
 0001:00052420       __fflush_lk                30053420 f   LIBCMTD:fflush.obj
 0001:00052470       __flush                    30053470 f   LIBCMTD:fflush.obj
 0001:00052530       __flushall                 30053530 f   LIBCMTD:fflush.obj
 0001:00052680       _fprintf                   30053680 f   LIBCMTD:fprintf.obj
 0001:00052750       _setvbuf                   30053750 f   LIBCMTD:setvbuf.obj
 0001:000528c0       ___initstdio               300538c0 f   LIBCMTD:_file.obj
 0001:000529f0       ___endstdio                300539f0 f   LIBCMTD:_file.obj
 0001:00052a10       __lock_file                30053a10 f   LIBCMTD:_file.obj
 0001:00052a50       __lock_file2               30053a50 f   LIBCMTD:_file.obj
 0001:00052a80       __unlock_file              30053a80 f   LIBCMTD:_file.obj
 0001:00052ac0       __unlock_file2             30053ac0 f   LIBCMTD:_file.obj
 0001:00052af0       __allmul                   30053af0 f   LIBCMTD:llmul.obj
 0001:00052b30       __mtinit                   30053b30 f   LIBCMTD:tidtable.obj
 0001:00052bc0       __mtterm                   30053bc0 f   LIBCMTD:tidtable.obj
 0001:00052bf0       __initptd                  30053bf0 f   LIBCMTD:tidtable.obj
 0001:00052c10       __getptd                   30053c10 f   LIBCMTD:tidtable.obj
 0001:00052cb0       __freeptd                  30053cb0 f   LIBCMTD:tidtable.obj
 0001:00052dc0       ___threadid                30053dc0 f   LIBCMTD:tidtable.obj
 0001:00052dd0       ___threadhandle            30053dd0 f   LIBCMTD:tidtable.obj
 0001:00052de0       __flsbuf                   30053de0 f   LIBCMTD:_flsbuf.obj
 0001:00053060       __output                   30054060 f   LIBCMTD:output.obj
 0001:00053f00       __CrtDbgBreak              30054f00 f   LIBCMTD:dbgrpt.obj
 0001:00053f10       __CrtSetReportMode         30054f10 f   LIBCMTD:dbgrpt.obj
 0001:00053f70       __CrtSetReportFile         30054f70 f   LIBCMTD:dbgrpt.obj
 0001:00053ff0       __CrtSetReportHook         30054ff0 f   LIBCMTD:dbgrpt.obj
 0001:00054010       __CrtDbgReport             30055010 f   LIBCMTD:dbgrpt.obj
 0001:000546b0       __frnd                     300556b0 f   LIBCMTD:frnd.obj
 0001:000546ec       __fFATN2                   300556ec f   LIBCMTD:87triga.obj
 0001:0005473c       __rtpiby2                  3005573c f   LIBCMTD:87triga.obj
 0001:00054780       __cintrindisp2             30055780 f   LIBCMTD:87cdisp.obj
 0001:000547be       __cintrindisp1             300557be f   LIBCMTD:87cdisp.obj
 0001:000547fb       __ctrandisp2               300557fb f   LIBCMTD:87cdisp.obj
 0001:0005497b       __ctrandisp1               3005597b f   LIBCMTD:87cdisp.obj
 0001:000549ae       __fload                    300559ae f   LIBCMTD:87cdisp.obj
 0001:000549f0       __mtinitlocks              300559f0 f   LIBCMTD:mlock.obj
 0001:00054a30       __mtdeletelocks            30055a30 f   LIBCMTD:mlock.obj
 0001:00054ad0       __lock                     30055ad0 f   LIBCMTD:mlock.obj
 0001:00054b70       __unlock                   30055b70 f   LIBCMTD:mlock.obj
 0001:00054b90       __lockerr_exit             30055b90 f   LIBCMTD:mlock.obj
 0001:00054bb0       _setlocale                 30055bb0 f   LIBCMTD:setlocal.obj
 0001:00055240       __expandlocale             30056240 f   LIBCMTD:setlocal.obj
 0001:000553d0       ___init_dummy              300563d0 f   LIBCMTD:setlocal.obj
 0001:000553e0       __strcats                  300563e0 f   LIBCMTD:setlocal.obj
 0001:00055430       ___lc_strtolc              30056430 f   LIBCMTD:setlocal.obj
 0001:00055590       ___lc_lctostr              30056590 f   LIBCMTD:setlocal.obj
 0001:00055600       ___crtLCMapStringA         30056600 f   LIBCMTD:a_map.obj
 0001:00055960       __ioinit                   30056960 f   LIBCMTD:ioinit.obj
 0001:00055c90       __ioterm                   30056c90 f   LIBCMTD:ioinit.obj
 0001:00055d30       _malloc                    30056d30 f   LIBCMTD:dbgheap.obj
 0001:00055d50       __malloc_dbg               30056d50 f   LIBCMTD:dbgheap.obj
 0001:00055d80       __nh_malloc                30056d80 f   LIBCMTD:dbgheap.obj
 0001:00055da0       __nh_malloc_dbg            30056da0 f   LIBCMTD:dbgheap.obj
 0001:00055e00       __heap_alloc               30056e00 f   LIBCMTD:dbgheap.obj
 0001:00055e20       __heap_alloc_dbg           30056e20 f   LIBCMTD:dbgheap.obj
 0001:00056140       _calloc                    30057140 f   LIBCMTD:dbgheap.obj
 0001:00056160       __calloc_dbg               30057160 f   LIBCMTD:dbgheap.obj
 0001:000561c0       _realloc                   300571c0 f   LIBCMTD:dbgheap.obj
 0001:000561e0       __realloc_dbg              300571e0 f   LIBCMTD:dbgheap.obj
 0001:00056740       __expand                   30057740 f   LIBCMTD:dbgheap.obj
 0001:00056760       __expand_dbg               30057760 f   LIBCMTD:dbgheap.obj
 0001:000567a0       _free                      300577a0 f   LIBCMTD:dbgheap.obj
 0001:000567c0       __free_lk                  300577c0 f   LIBCMTD:dbgheap.obj
 0001:000567e0       __free_dbg                 300577e0 f   LIBCMTD:dbgheap.obj
 0001:00056810       __free_dbg_lk              30057810 f   LIBCMTD:dbgheap.obj
 0001:00056c00       __msize                    30057c00 f   LIBCMTD:dbgheap.obj
 0001:00056c20       __msize_dbg                30057c20 f   LIBCMTD:dbgheap.obj
 0001:00056d80       __CrtSetBreakAlloc         30057d80 f   LIBCMTD:dbgheap.obj
 0001:00056da0       __CrtSetDbgBlockType       30057da0 f   LIBCMTD:dbgheap.obj
 0001:00056e40       __CrtSetAllocHook          30057e40 f   LIBCMTD:dbgheap.obj
 0001:00056ef0       __CrtCheckMemory           30057ef0 f   LIBCMTD:dbgheap.obj
 0001:00057260       __CrtSetDbgFlag            30058260 f   LIBCMTD:dbgheap.obj
 0001:00057290       __CrtDoForAllClientObjects 30058290 f   LIBCMTD:dbgheap.obj
 0001:00057300       __CrtIsValidPointer        30058300 f   LIBCMTD:dbgheap.obj
 0001:00057350       __CrtIsValidHeapPointer    30058350 f   LIBCMTD:dbgheap.obj
 0001:000573e0       __CrtIsMemoryBlock         300583e0 f   LIBCMTD:dbgheap.obj
 0001:000574d0       __CrtSetDumpClient         300584d0 f   LIBCMTD:dbgheap.obj
 0001:000574f0       __CrtMemCheckpoint         300584f0 f   LIBCMTD:dbgheap.obj
 0001:00057660       __CrtMemDifference         30058660 f   LIBCMTD:dbgheap.obj
 0001:00057790       __CrtMemDumpAllObjectsSince 30058790 f   LIBCMTD:dbgheap.obj
 0001:00057b70       __CrtDumpMemoryLeaks       30058b70 f   LIBCMTD:dbgheap.obj
 0001:00057bf0       __CrtMemDumpStatistics     30058bf0 f   LIBCMTD:dbgheap.obj
 0001:00057cc0       __setenvp                  30058cc0 f   LIBCMTD:stdenvp.obj
 0001:00057e10       __setargv                  30058e10 f   LIBCMTD:stdargv.obj
 0001:00058320       ___crtGetEnvironmentStringsA 30059320 f   LIBCMTD:a_env.obj
 0001:00058540       __heap_init                30059540 f   LIBCMTD:heapinit.obj
 0001:00058590       __heap_term                30059590 f   LIBCMTD:heapinit.obj
 0001:00058630       _DllMain@12                30059630 f   LIBCMTD:dllmain.obj
 0001:00058640       __FF_MSGBANNER             30059640 f   LIBCMTD:crt0msg.obj
 0001:00058690       __NMSG_WRITE               30059690 f   LIBCMTD:crt0msg.obj
 0001:00058850       __GET_RTERRMSG             30059850 f   LIBCMTD:crt0msg.obj
 0001:000588a0       __statusfp                 300598a0 f   LIBCMTD:ieee87.obj
 0001:000588c0       __clearfp                  300598c0 f   LIBCMTD:ieee87.obj
 0001:000588e0       __control87                300598e0 f   LIBCMTD:ieee87.obj
 0001:00058930       __controlfp                30059930 f   LIBCMTD:ieee87.obj
 0001:00058950       __fpreset                  30059950 f   LIBCMTD:ieee87.obj
 0001:00058d40       __ZeroTail                 30059d40 f   LIBCMTD:intrncvt.obj
 0001:00058dd0       __IncMan                   30059dd0 f   LIBCMTD:intrncvt.obj
 0001:00058e80       __RoundMan                 30059e80 f   LIBCMTD:intrncvt.obj
 0001:00058f60       __CopyMan                  30059f60 f   LIBCMTD:intrncvt.obj
 0001:00058fb0       __FillZeroMan              30059fb0 f   LIBCMTD:intrncvt.obj
 0001:00058fe0       __IsZeroMan                30059fe0 f   LIBCMTD:intrncvt.obj
 0001:00059020       __ShrMan                   3005a020 f   LIBCMTD:intrncvt.obj
 0001:00059110       __ld12cvt                  3005a110 f   LIBCMTD:intrncvt.obj
 0001:00059360       __ld12tod                  3005a360 f   LIBCMTD:intrncvt.obj
 0001:00059380       __ld12tof                  3005a380 f   LIBCMTD:intrncvt.obj
 0001:000593a0       __ld12told                 3005a3a0 f   LIBCMTD:intrncvt.obj
 0001:00059460       __atodbl                   3005a460 f   LIBCMTD:intrncvt.obj
 0001:000594a0       __atoldbl                  3005a4a0 f   LIBCMTD:intrncvt.obj
 0001:000594e0       __atoflt                   3005a4e0 f   LIBCMTD:intrncvt.obj
 0001:00059520       __fptostr                  3005a520 f   LIBCMTD:_fptostr.obj
 0001:00059620       __fltout2                  3005a620 f   LIBCMTD:cfout.obj
 0001:000596a0       ___dtold                   3005a6a0 f   LIBCMTD:cfout.obj
 0001:00059810       __fptrap                   3005a810 f   LIBCMTD:crt0fp.obj
 0001:00059820       __87except                 3005a820 f   LIBCMTD:87except.obj
 0001:000599a0       ___strgtold12              3005a9a0 f   LIBCMTD:strgtold.obj
 0001:0005a4d0       ___STRINGTOLD              3005b4d0 f   LIBCMTD:strgtold.obj
 0001:0005a520       ___crtGetStringTypeA       3005b520 f   LIBCMTD:a_str.obj
 0001:0005a6e0       __dosmaperr                3005b6e0 f   LIBCMTD:dosmap.obj
 0001:0005a780       __errno                    3005b780 f   LIBCMTD:dosmap.obj
 0001:0005a790       ___doserrno                3005b790 f   LIBCMTD:dosmap.obj
 0001:0005a7a0       __matherr                  3005b7a0 f   LIBCMTD:matherr.obj
 0001:0005a7b0       __XcptFilter               3005b7b0 f   LIBCMTD:winxfltr.obj
 0001:0005a9d0       __aulldiv                  3005b9d0 f   LIBCMTD:ulldiv.obj
 0001:0005aa40       __aullrem                  3005ba40 f   LIBCMTD:ullrem.obj
 0001:0005aac0       __commit                   3005bac0 f   LIBCMTD:commit.obj
 0001:0005aba0       __write                    3005bba0 f   LIBCMTD:write.obj
 0001:0005ac30       __write_lk                 3005bc30 f   LIBCMTD:write.obj
 0001:0005aeb0       __stbuf                    3005beb0 f   LIBCMTD:_sftbuf.obj
 0001:0005b010       __ftbuf                    3005c010 f   LIBCMTD:_sftbuf.obj
 0001:0005b0b0       __freebuf                  3005c0b0 f   LIBCMTD:_freebuf.obj
 0001:0005b150       __fcloseall                3005c150 f   LIBCMTD:closeall.obj
 0001:0005b230       __lseek                    3005c230 f   LIBCMTD:lseek.obj
 0001:0005b2c0       __lseek_lk                 3005c2c0 f   LIBCMTD:lseek.obj
 0001:0005b380       __getbuf                   3005c380 f   LIBCMTD:_getbuf.obj
 0001:0005b450       __isatty                   3005c450 f   LIBCMTD:isatty.obj
 0001:0005b490       _wctomb                    3005c490 f   LIBCMTD:wctomb.obj
 0001:0005b510       __wctomb_lk                3005c510 f   LIBCMTD:wctomb.obj
 0001:0005b5b0       __snprintf                 3005c5b0 f   LIBCMTD:snprintf.obj
 0001:0005b6b0       __vsnprintf                3005c6b0 f   LIBCMTD:vsnprint.obj
 0001:0005b7b0       ___init_time               3005c7b0 f   LIBCMTD:inittime.obj
 0001:0005c130       ___init_numeric            3005d130 f   LIBCMTD:initnum.obj
 0001:0005c460       ___init_monetary           3005d460 f   LIBCMTD:initmon.obj
 0001:0005c8c0       ___init_ctype              3005d8c0 f   LIBCMTD:initctyp.obj
 0001:0005cc60       ___init_collate            3005dc60 f   LIBCMTD:initcoll.obj
 0001:0005cc70       _strcspn                   3005dc70 f   LIBCMTD:strcspn.obj
 0001:0005ccb0       _strncmp                   3005dcb0 f   LIBCMTD:strncmp.obj
 0001:0005ccf0       _strpbrk                   3005dcf0 f   LIBCMTD:strpbrk.obj
 0001:0005cd30       ___get_qualified_locale    3005dd30 f   LIBCMTD:getqloc.obj
 0001:0005dac8       __global_unwind2           3005eac8 f   LIBCMTD:exsup.obj
 0001:0005db0a       __local_unwind2            3005eb0a f   LIBCMTD:exsup.obj
 0001:0005db62       __NLG_Return2              3005eb62 f   LIBCMTD:exsup.obj
 0001:0005db72       __abnormal_termination     3005eb72 f   LIBCMTD:exsup.obj
 0001:0005db95       __NLG_Notify1              3005eb95 f   LIBCMTD:exsup.obj
 0001:0005db9e       __NLG_Notify               3005eb9e f   LIBCMTD:exsup.obj
 0001:0005dbb1       __NLG_Dispatch             3005ebb1 f   LIBCMTD:exsup.obj
 0001:0005dbc0       __except_handler3          3005ebc0 f   LIBCMTD:exsup3.obj
 0001:0005dc7d       __seh_longjmp_unwind@4     3005ec7d f   LIBCMTD:exsup3.obj
 0001:0005dca0       ?_set_new_handler@@YAP6AHI@ZP6AHI@Z@Z 3005eca0 f   LIBCMTD:handler.obj
 0001:0005dcd0       ?_query_new_handler@@YAP6AHI@ZXZ 3005ecd0 f   LIBCMTD:handler.obj
 0001:0005dce0       __callnewh                 3005ece0 f   LIBCMTD:handler.obj
 0001:0005dd10       __malloc_base              3005ed10 f   LIBCMTD:malloc.obj
 0001:0005dd30       __nh_malloc_base           3005ed30 f   LIBCMTD:malloc.obj
 0001:0005dd90       __heap_alloc_base          3005ed90 f   LIBCMTD:malloc.obj
 0001:0005de00       __CrtDefaultAllocHook      3005ee00 f   LIBCMTD:dbghook.obj
 0001:0005de10       __expand_base              3005ee10 f   LIBCMTD:expand.obj
 0001:0005dec0       __realloc_base             3005eec0 f   LIBCMTD:realloc.obj
 0001:0005e0b0       __free_base                3005f0b0 f   LIBCMTD:free.obj
 0001:0005e120       __heapchk                  3005f120 f   LIBCMTD:heapchk.obj
 0001:0005e1a0       __heapset                  3005f1a0 f   LIBCMTD:heapchk.obj
 0001:0005e1b0       __get_sbh_threshold        3005f1b0 f   LIBCMTD:sbheap.obj
 0001:0005e1c0       __set_sbh_threshold        3005f1c0 f   LIBCMTD:sbheap.obj
 0001:0005e1e0       ___sbh_heap_init           3005f1e0 f   LIBCMTD:sbheap.obj
 0001:0005e240       ___sbh_find_block          3005f240 f   LIBCMTD:sbheap.obj
 0001:0005e2a0       ___sbh_verify_block        3005f2a0 f   LIBCMTD:sbheap.obj
 0001:0005e300       ___sbh_free_block          3005f300 f   LIBCMTD:sbheap.obj
 0001:0005e8d0       ___sbh_alloc_block         3005f8d0 f   LIBCMTD:sbheap.obj
 0001:0005ee10       ___sbh_alloc_new_region    3005fe10 f   LIBCMTD:sbheap.obj
 0001:0005ef20       ___sbh_alloc_new_group     3005ff20 f   LIBCMTD:sbheap.obj
 0001:0005f110       ___sbh_resize_block        30060110 f   LIBCMTD:sbheap.obj
 0001:0005f700       ___sbh_heapmin             30060700 f   LIBCMTD:sbheap.obj
 0001:0005f830       ___sbh_heap_check          30060830 f   LIBCMTD:sbheap.obj
 0001:0005fe50       _sprintf                   30060e50 f   LIBCMTD:sprintf.obj
 0001:0005ff50       __setmbcp                  30060f50 f   LIBCMTD:mbctype.obj
 0001:00060710       __getmbcp                  30061710 f   LIBCMTD:mbctype.obj
 0001:00060730       ___initmbctable            30061730 f   LIBCMTD:mbctype.obj
 0001:00060760       ___addl                    30061760 f   LIBCMTD:mantold.obj
 0001:000607a0       ___add_12                  300617a0 f   LIBCMTD:mantold.obj
 0001:00060850       ___shl_12                  30061850 f   LIBCMTD:mantold.obj
 0001:000608b0       ___shr_12                  300618b0 f   LIBCMTD:mantold.obj
 0001:00060920       ___mtold12                 30061920 f   LIBCMTD:mantold.obj
 0001:00060a60       _$I10_OUTPUT               30061a60 f   LIBCMTD:x10fout.obj
 0001:00060f80       ___ld12mul                 30061f80 f   LIBCMTD:tenpow.obj
 0001:000613c0       ___multtenpow12            300623c0 f   LIBCMTD:tenpow.obj
 0001:00061490       __alloc_osfhnd             30062490 f   LIBCMTD:osfinfo.obj
 0001:00061680       __set_osfhnd               30062680 f   LIBCMTD:osfinfo.obj
 0001:00061740       __free_osfhnd              30062740 f   LIBCMTD:osfinfo.obj
 0001:00061820       __get_osfhandle            30062820 f   LIBCMTD:osfinfo.obj
 0001:00061890       __open_osfhandle           30062890 f   LIBCMTD:osfinfo.obj
 0001:000619a0       __lock_fhandle             300629a0 f   LIBCMTD:osfinfo.obj
 0001:00061a30       __unlock_fhandle           30062a30 f   LIBCMTD:osfinfo.obj
 0001:00061a60       _fclose                    30062a60 f   LIBCMTD:fclose.obj
 0001:00061af0       __fclose_lk                30062af0 f   LIBCMTD:fclose.obj
 0001:00061bb0       __Getdays                  30062bb0 f   LIBCMTD:strftime.obj
 0001:00061ce0       __Getmonths                30062ce0 f   LIBCMTD:strftime.obj
 0001:00061e10       __Gettnames                30062e10 f   LIBCMTD:strftime.obj
 0001:00062180       _strftime                  30063180 f   LIBCMTD:strftime.obj
 0001:000621a0       __Strftime                 300631a0 f   LIBCMTD:strftime.obj
 0001:00063020       ___getlocaleinfo           30064020 f   LIBCMTD:inithelp.obj
 0001:000632b0       _localeconv                300642b0 f   LIBCMTD:lconv.obj
 0001:000632c0       ___crtGetStringTypeW       300642c0 f   LIBCMTD:w_str.obj
 0001:00063530       __stricmp                  30064530 f   LIBCMTD:stricmp.obj
 0001:00063530       __strcmpi                  30064530 f   LIBCMTD:stricmp.obj
 0001:00063600       __strnicmp                 30064600 f   LIBCMTD:strnicmp.obj
 0001:00063710       __close                    30064710 f   LIBCMTD:close.obj
 0001:00063790       __close_lk                 30064790 f   LIBCMTD:close.obj
 0001:00063840       ___tzset                   30064840 f   LIBCMTD:tzset.obj
 0001:00063880       __tzset                    30064880 f   LIBCMTD:tzset.obj
 0001:00063c50       __isindst                  30064c50 f   LIBCMTD:tzset.obj
 0001:00064180       ___crtGetLocaleInfoW       30065180 f   LIBCMTD:w_loc.obj
 0001:00064320       ___crtGetLocaleInfoA       30065320 f   LIBCMTD:a_loc.obj
 0001:000644d0       _getenv                    300654d0 f   LIBCMTD:getenv.obj
 0001:00064500       __getenv_lk                30065500 f   LIBCMTD:getenv.obj
 0001:000645d0       __mbsnbicoll               300655d0 f   LIBCMTD:mbsnbico.obj
 0001:00064620       ___wtomb_environ           30065620 f   LIBCMTD:wtombenv.obj
 0001:000646d0       ___crtCompareStringA       300656d0 f   LIBCMTD:a_cmp.obj
 0001:00064b20       ___crtsetenv               30065b20 f   LIBCMTD:setenv.obj
 0001:00064f70       __mbschr                   30065f70 f   LIBCMTD:mbschr.obj
[...]
 0003:001cf594       __winminor                 30278594     LIBCMTD:crt0dat.obj
 0003:001cf598       ___argc                    30278598     LIBCMTD:crt0dat.obj
 0003:001cf59c       ___argv                    3027859c     LIBCMTD:crt0dat.obj
 0003:001cf5a0       ___wargv                   302785a0     LIBCMTD:crt0dat.obj
 0003:001cf5a4       __environ                  302785a4     LIBCMTD:crt0dat.obj
 0003:001cf5a8       ___initenv                 302785a8     LIBCMTD:crt0dat.obj
 0003:001cf5ac       __wenviron                 302785ac     LIBCMTD:crt0dat.obj
 0003:001cf5b0       ___winitenv                302785b0     LIBCMTD:crt0dat.obj
 0003:001cf5b4       __pgmptr                   302785b4     LIBCMTD:crt0dat.obj
 0003:001cf5b8       __wpgmptr                  302785b8     LIBCMTD:crt0dat.obj
 0003:001cf5bc       __exitflag                 302785bc     LIBCMTD:crt0dat.obj
 0003:001cf5c0       __C_Termination_Done       302785c0     LIBCMTD:crt0dat.obj
 0003:001cf5c4       __C_Exit_Done              302785c4     LIBCMTD:crt0dat.obj
 0003:001cf5ec       __cflush                   302785ec     LIBCMTD:_file.obj
 0003:001cf664       ___lc_handle               30278664     LIBCMTD:nlsdata2.obj
 0003:001cf67c       ___lc_codepage             3027867c     LIBCMTD:nlsdata2.obj
 0003:001cf680       ___lc_collate_cp           30278680     LIBCMTD:nlsdata2.obj
 0003:001cf7a4       __adbgmsg                  302787a4     LIBCMTD:crt0msg.obj
 0003:001cf7ac       __stdbuf                   302787ac     LIBCMTD:_sftbuf.obj
 0003:001cf7b4       ___lc_time_intl            302787b4     LIBCMTD:inittime.obj
 0003:001cf7d0       ___lc_id                   302787d0     LIBCMTD:nlsdata3.obj
 0003:001cf818       __newmode                  30278818     LIBCMTD:_newmode.obj
 0003:001cf81c       ?_pnhHeap@@3P6AHI@ZA       3027881c     LIBCMTD:handler.obj
 0003:001cf82c       ___lconv_static_null       3027882c     LIBCMTD:lconv.obj
 0003:001cf900       _menuStack                 30278900     <common>
 0003:001d1ce0       _Menus                     3027ace0     <common>
 0003:001dbde0       _menuParseKeywordHash      30284de0     <common>
 0003:001dc5e0       _g_nameBind1               302855e0     <common>
 0003:001dc600       _g_nameBind2               30285600     <common>
 0003:001dc620       _itemParseKeywordHash      30285620     <common>
 0003:001dce20       _voiceChatLists            30285e20     <common>
 0003:00474c20       _voiceChatBuffer           3051dc20     <common>
 0003:00477320       _headModelVoiceChat        30520320     <common>
 0003:00478420       _rforward                  30521420     <common>
 0003:0048214c       _oldtime                   3052b14c     <common>
 0003:00482150       _pvright                   3052b150     <common>
 0003:00482160       _pvforward                 3052b160     <common>
 0003:00482170       _rup                       3052b170     <common>
 0003:00482180       _particles                 3052b180     <common>
 0003:004a1180       _rright                    3054a180     <common>
 0003:004a118c       _cg_freeMarkPolys          3054a18c     <common>
 0003:004a11a0       _cg_activeMarkPolys        3054a1a0     <common>
 0003:004a12c0       _cg_markPolys              3054a2c0     <common>
 0003:004b32c0       _free_particles            3055c2c0     <common>
 0003:004b32d0       _pvup                      3055c2d0     <common>
 0003:004b32dc       _active_particles          3055c2dc     <common>
 0003:004b32e0       _cg_bigFont                3055c2e0     <common>
 0003:004e6e00       _cg_teamChatsOnly          3058fe00     <common>
 0003:004e6f20       _cg_deferPlayers           3058ff20     <common>
 0003:004e7040       _cg_timescaleFadeSpeed     30590040     <common>
 0003:004e7160       _cg_crosshairSize          30590160     <common>
 0003:004e7280       _cg_teamChatTime           30590280     <common>
 0003:004e73a0       _cg_simpleItems            305903a0     <common>
 0003:004e74c0       _cgs                       305904c0     <common>
 0003:0050cbe0       _cg_drawTeamOverlay        305b5be0     <common>
 0003:0050cd00       _cg_predictItems           305b5d00     <common>
 0003:0050ce20       _cg_showmiss               305b5e20     <common>
 0003:0050cf40       _cg_tracerChance           305b5f40     <common>
 0003:0050d060       _cg_noTaunt                305b6060     <common>
 0003:0050d180       _cg_drawFPS                305b6180     <common>
 0003:0050d2a0       _cg_viewsize               305b62a0     <common>
 0003:0050d3c0       _cg_oldRail                305b63c0     <common>
 0003:0050d4e0       _cg_drawCrosshair          305b64e0     <common>
 0003:0050d600       _cg_crosshairHealth        305b6600     <common>
 0003:0050d720       _cg_gun_x                  305b6720     <common>
 0003:0050d840       _cg_gun_y                  305b6840     <common>
 0003:0050d960       _pmove_msec                305b6960     <common>
 0003:0050da80       _cg_errorDecay             305b6a80     <common>
 0003:0050dba0       _cg_smallFont              305b6ba0     <common>
 0003:0050dcc0       _cg_crosshairX             305b6cc0     <common>
 0003:0050dde0       _cg_timescale              305b6de0     <common>
 0003:0050df00       _cg_drawAttacker           305b6f00     <common>
 0003:0050e020       _cg_autoswitch             305b7020     <common>
 0003:0050e140       _cg_tracerLength           305b7140     <common>
 0003:0050e260       _cg_noProjectileTrail      305b7260     <common>
 0003:0050e380       _cg_gun_z                  305b7380     <common>
 0003:0050e4a0       _cg_stats                  305b74a0     <common>
 0003:0050e5c0       _cg_zoomFov                305b75c0     <common>
 0003:0050e6e0       _cg_forceModel             305b76e0     <common>
 0003:0050e800       _cg_scorePlum              305b7800     <common>
 0003:0050e920       _cg_animSpeed              305b7920     <common>
 0003:0050ea40       _cg_synchronousClients     305b7a40     <common>
 0003:0050eb60       _cg_debugEvents            305b7b60     <common>
 0003:0050ec80       _cg_thirdPerson            305b7c80     <common>
 0003:0050eda0       _cg_swingSpeed             305b7da0     <common>
 0003:0050eec0       _cg_addMarks               305b7ec0     <common>
 0003:0050efe0       _cg_blood                  305b7fe0     <common>
 0003:0050f100       _cg_cameraMode             305b8100     <common>
 0003:0050f220       _cg_teamChatHeight         305b8220     <common>
 0003:0050f340       _cg_timescaleFadeEnd       305b8340     <common>
 0003:0050f460       _cg_bobup                  305b8460     <common>
 0003:0050f580       _cg_drawAmmoWarning        305b8580     <common>
 0003:0050f6a0       _cg_noVoiceChats           305b86a0     <common>
 0003:0050f7c0       _cg_paused                 305b87c0     <common>
 0003:0050f8e0       _cg_oldRocket              305b88e0     <common>
 0003:0050fa00       _pmove_fixed               305b8a00     <common>
 0003:0050fb20       _cg_noVoiceText            305b8b20     <common>
 0003:0050fc40       _cg_draw3dIcons            305b8c40     <common>
 0003:0050fd60       _cg_thirdPersonAngle       305b8d60     <common>
 0003:0050fe80       _cg_drawFriend             305b8e80     <common>
 0003:0050ffa0       _cg_drawGun                305b8fa0     <common>
 0003:005100c0       _cg_stereoSeparation       305b90c0     <common>
 0003:005101e0       _cg_debugAnim              305b91e0     <common>
 0003:00510300       _cg_runpitch               305b9300     <common>
 0003:00510420       _cg_oldPlasma              305b9420     <common>
 0003:00510540       _cg                        305b9540     <common>
 0003:0052eda0       _cg_teamOverlayUserinfo    305d7da0     <common>
 0003:0052eec0       _cg_trueLightning          305d7ec0     <common>
 0003:0052efe0       _cg_drawCrosshairNames     305d7fe0     <common>
 0003:0052f100       _cg_railTrailTime          305d8100     <common>
 0003:0052f220       _cg_tracerWidth            305d8220     <common>
 0003:0052f340       _cg_items                  305d8340     <common>
 0003:00530b40       _cg_cameraOrbitDelay       305d9b40     <common>
 0003:00530c60       _cg_drawTimer              305d9c60     <common>
 0003:00530d80       _cg_noPlayerAnims          305d9d80     <common>
 0003:00530ea0       _cg_weapons                305d9ea0     <common>
 0003:00531720       _cg_pmove_msec             305da720     <common>
 0003:00531840       _cg_debugPosition          305da840     <common>
 0003:00531960       _cg_smoothClients          305da960     <common>
 0003:00531a80       _cg_draw2D                 305daa80     <common>
 0003:00531ba0       _cg_bobpitch               305daba0     <common>
 0003:00531cc0       _cg_fov                    305dacc0     <common>
 0003:00531de0       _cg_buildScript            305dade0     <common>
 0003:00531f00       _cg_drawSnapshot           305daf00     <common>
 0003:00532020       _cg_centertime             305db020     <common>
 0003:00532140       _cg_thirdPersonRange       305db140     <common>
 0003:00532260       _cg_gibs                   305db260     <common>
 0003:00532380       _cg_crosshairY             305db380     <common>
 0003:005324a0       _cg_drawIcons              305db4a0     <common>
 0003:005325c0       _cg_cameraOrbit            305db5c0     <common>
 0003:005326e0       _cg_drawStatus             305db6e0     <common>
 0003:00532800       _cg_hudFiles               305db800     <common>
 0003:00532920       _cg_gun_frame              305db920     <common>
 0003:00532a40       _cg_ignore                 305dba40     <common>
 0003:00532b60       _cg_runroll                305dbb60     <common>
 0003:00532c80       _cg_drawRewards            305dbc80     <common>
 0003:00532da0       _cg_bobroll                305dbda0     <common>
 0003:00532ec0       _cg_nopredict              305dbec0     <common>
 0003:00532fe0       _cg_shadows                305dbfe0     <common>
 0003:00533100       _cg_footsteps              305dc100     <common>
 0003:00533220       _cg_entities               305dc220     <common>
 0003:005e9220       _cg_brassTime              30692220     <common>
 0003:005e9340       _cg_lagometer              30692340     <common>
 0003:005e9460       _cg_activeLocalEntities    30692460     <common>
 0003:005f0a94       _cg_freeLocalEntities      30699a94     <common>
 0003:005f0aa0       _cg_localEntities          30699aa0     <common>
 0003:006152a0       _sortedTeamPlayers         306be2a0     <common>
 0003:00615520       _systemChat                306be520     <common>
 0003:00615620       _lagometer                 306be620     <common>
 0003:00615c28       _numSortedTeamPlayers      306bec28     <common>
 0003:00615c40       _teamChat1                 306bec40     <common>
 0003:00615d40       _teamChat2                 306bed40     <common>
 0003:00615e40       _Gravity                   306bee40     <common>
 0003:00615e80       _pml                       306bee80     <common>
 0003:00615f0c       _pm                        306bef0c     <common>
 0003:00615f10       ___alternate_form          306bef10     <common>
 0003:00615f20       ___no_lead_zeros           306bef20     <common>
 0003:00615f24       ___mbcodepage              306bef24     <common>
 0003:00615fa0       ___mbulinfo                306befa0     <common>
 0003:00615fac       ___ismbcodepage            306befac     <common>
 0003:00615fc0       __mbcasemap                306befc0     <common>
 0003:006160c0       __mbctype                  306bf0c0     <common>
 0003:006161c4       ___mblcid                  306bf1c4     <common>
 0003:006161c8       ___sbh_sizeHeaderList      306bf1c8     <common>
 0003:006161d8       ___sbh_indGroupDefer       306bf1d8     <common>
 0003:006161dc       ___sbh_pHeaderScan         306bf1dc     <common>
 0003:006161e0       ___sbh_pHeaderDefer        306bf1e0     <common>
 0003:006161e4       ___sbh_cntHeaderList       306bf1e4     <common>
 0003:006161e8       ___sbh_pHeaderList         306bf1e8     <common>
 0003:006161ec       __crtheap                  306bf1ec     <common>
 0003:006161f8       __pfnDumpClient            306bf1f8     <common>
 0003:00616220       ___pioinfo                 306bf220     <common>
 0003:0061635c       __nhandle                  306bf35c     <common>
 0003:00616360       ___setlc_active            306bf360     <common>
 0003:00616370       ___unguarded_readlc_active 306bf370     <common>
 0003:00616374       __pfnReportHook            306bf374     <common>
 0003:00616380       ___piob                    306bf380     <common>
 0003:006166c0       __bufin                    306bf6c0     <common>
 0003:006176c0       __nstream                  306c06c0     <common>
 0003:006176c4       ___env_initialized         306c06c4     <common>
 0003:006176d4       ___mbctype_initialized     306c06d4     <common>
 0003:006176d8       ___onexitend               306c06d8     <common>
 0003:006176dc       ___onexitbegin             306c06dc     <common>
 0003:006176e0       __acmdln                   306c06e0     <common>
 0003:006176f0       __pRawDllMain              306c06f0     <common>
 0004:00000000       __IMPORT_DESCRIPTOR_KERNEL32 306c1000     kernel32:KERNEL32.dll
 0004:00000014       __NULL_IMPORT_DESCRIPTOR   306c1014     kernel32:KERNEL32.dll
 0004:000001b4       __imp__GetModuleFileNameA@12 306c11b4     kernel32:KERNEL32.dll
 0004:000001b8       __imp__InterlockedDecrement@4 306c11b8     kernel32:KERNEL32.dll
 0004:000001bc       __imp__InterlockedIncrement@4 306c11bc     kernel32:KERNEL32.dll
 0004:000001c0       __imp__GetCommandLineA@0   306c11c0     kernel32:KERNEL32.dll
 0004:000001c4       __imp__GetVersion@0        306c11c4     kernel32:KERNEL32.dll
 0004:000001c8       __imp__GetProcAddress@8    306c11c8     kernel32:KERNEL32.dll
 0004:000001cc       __imp__GetModuleHandleA@4  306c11cc     kernel32:KERNEL32.dll
 0004:000001d0       __imp__RaiseException@16   306c11d0     kernel32:KERNEL32.dll
 0004:000001d4       __imp__ExitProcess@4       306c11d4     kernel32:KERNEL32.dll
 0004:000001d8       __imp__TerminateProcess@8  306c11d8     kernel32:KERNEL32.dll
 0004:000001dc       __imp__GetCurrentProcess@0 306c11dc     kernel32:KERNEL32.dll
 0004:000001e0       __imp__GetLastError@0      306c11e0     kernel32:KERNEL32.dll
 0004:000001e4       __imp__SetConsoleCtrlHandler@8 306c11e4     kernel32:KERNEL32.dll
 0004:000001e8       __imp__LoadLibraryA@4      306c11e8     kernel32:KERNEL32.dll
 0004:000001ec       __imp__EnterCriticalSection@4 306c11ec     kernel32:KERNEL32.dll
 0004:000001f0       __imp__LeaveCriticalSection@4 306c11f0     kernel32:KERNEL32.dll
 0004:000001f4       __imp__GetCurrentThreadId@0 306c11f4     kernel32:KERNEL32.dll
 0004:000001f8       __imp__TlsSetValue@8       306c11f8     kernel32:KERNEL32.dll
 0004:000001fc       __imp__TlsAlloc@0          306c11fc     kernel32:KERNEL32.dll
 0004:00000200       __imp__TlsFree@4           306c1200     kernel32:KERNEL32.dll
 0004:00000204       __imp__SetLastError@4      306c1204     kernel32:KERNEL32.dll
 0004:00000208       __imp__TlsGetValue@4       306c1208     kernel32:KERNEL32.dll
 0004:0000020c       __imp__GetCurrentThread@0  306c120c     kernel32:KERNEL32.dll
 0004:00000210       __imp__DebugBreak@0        306c1210     kernel32:KERNEL32.dll
 0004:00000214       __imp__GetStdHandle@4      306c1214     kernel32:KERNEL32.dll
 0004:00000218       __imp__WriteFile@20        306c1218     kernel32:KERNEL32.dll
 0004:0000021c       __imp__OutputDebugStringA@4 306c121c     kernel32:KERNEL32.dll
 0004:00000220       __imp__InitializeCriticalSection@4 306c1220     kernel32:KERNEL32.dll
 0004:00000224       __imp__DeleteCriticalSection@4 306c1224     kernel32:KERNEL32.dll
 0004:00000228       __imp__FatalAppExitA@8     306c1228     kernel32:KERNEL32.dll
 0004:0000022c       __imp__Sleep@4             306c122c     kernel32:KERNEL32.dll
 0004:00000230       __imp__WideCharToMultiByte@32 306c1230     kernel32:KERNEL32.dll
 0004:00000234       __imp__MultiByteToWideChar@24 306c1234     kernel32:KERNEL32.dll
 0004:00000238       __imp__LCMapStringA@24     306c1238     kernel32:KERNEL32.dll
 0004:0000023c       __imp__LCMapStringW@24     306c123c     kernel32:KERNEL32.dll
 0004:00000240       __imp__SetHandleCount@4    306c1240     kernel32:KERNEL32.dll
 0004:00000244       __imp__GetFileType@4       306c1244     kernel32:KERNEL32.dll
 0004:00000248       __imp__GetStartupInfoA@4   306c1248     kernel32:KERNEL32.dll
 0004:0000024c       __imp__IsBadWritePtr@8     306c124c     kernel32:KERNEL32.dll
 0004:00000250       __imp__IsBadReadPtr@8      306c1250     kernel32:KERNEL32.dll
 0004:00000254       __imp__HeapValidate@12     306c1254     kernel32:KERNEL32.dll
 0004:00000258       __imp__FreeEnvironmentStringsA@4 306c1258     kernel32:KERNEL32.dll
 0004:0000025c       __imp__FreeEnvironmentStringsW@4 306c125c     kernel32:KERNEL32.dll
 0004:00000260       __imp__GetEnvironmentStrings@0 306c1260     kernel32:KERNEL32.dll
 0004:00000264       __imp__GetEnvironmentStringsW@0 306c1264     kernel32:KERNEL32.dll
 0004:00000268       __imp__HeapDestroy@4       306c1268     kernel32:KERNEL32.dll
 0004:0000026c       __imp__HeapCreate@12       306c126c     kernel32:KERNEL32.dll
 0004:00000270       __imp__HeapFree@12         306c1270     kernel32:KERNEL32.dll
 0004:00000274       __imp__VirtualFree@12      306c1274     kernel32:KERNEL32.dll
 0004:00000278       __imp__GetStringTypeA@20   306c1278     kernel32:KERNEL32.dll
 0004:0000027c       __imp__GetStringTypeW@16   306c127c     kernel32:KERNEL32.dll
 0004:00000280       __imp__UnhandledExceptionFilter@4 306c1280     kernel32:KERNEL32.dll
 0004:00000284       __imp__FlushFileBuffers@4  306c1284     kernel32:KERNEL32.dll
 0004:00000288       __imp__SetFilePointer@16   306c1288     kernel32:KERNEL32.dll
 0004:0000028c       __imp__GetCPInfo@8         306c128c     kernel32:KERNEL32.dll
 0004:00000290       __imp__IsValidLocale@8     306c1290     kernel32:KERNEL32.dll
 0004:00000294       __imp__IsValidCodePage@4   306c1294     kernel32:KERNEL32.dll
 0004:00000298       __imp__GetLocaleInfoA@16   306c1298     kernel32:KERNEL32.dll
 0004:0000029c       __imp__EnumSystemLocalesA@8 306c129c     kernel32:KERNEL32.dll
 0004:000002a0       __imp__GetUserDefaultLCID@0 306c12a0     kernel32:KERNEL32.dll
 0004:000002a4       __imp__GetVersionExA@4     306c12a4     kernel32:KERNEL32.dll
 0004:000002a8       __imp__RtlUnwind@16        306c12a8     kernel32:KERNEL32.dll
 0004:000002ac       __imp__HeapAlloc@12        306c12ac     kernel32:KERNEL32.dll
 0004:000002b0       __imp__HeapReAlloc@16      306c12b0     kernel32:KERNEL32.dll
 0004:000002b4       __imp__VirtualAlloc@16     306c12b4     kernel32:KERNEL32.dll
 0004:000002b8       __imp__GetACP@0            306c12b8     kernel32:KERNEL32.dll
 0004:000002bc       __imp__GetOEMCP@0          306c12bc     kernel32:KERNEL32.dll
 0004:000002c0       __imp__SetStdHandle@8      306c12c0     kernel32:KERNEL32.dll
 0004:000002c4       __imp__CloseHandle@4       306c12c4     kernel32:KERNEL32.dll
 0004:000002c8       __imp__GetTimeZoneInformation@4 306c12c8     kernel32:KERNEL32.dll
 0004:000002cc       __imp__GetLocaleInfoW@16   306c12cc     kernel32:KERNEL32.dll
 0004:000002d0       __imp__CompareStringA@24   306c12d0     kernel32:KERNEL32.dll
 0004:000002d4       __imp__CompareStringW@24   306c12d4     kernel32:KERNEL32.dll
 0004:000002d8       __imp__SetEnvironmentVariableA@8 306c12d8     kernel32:KERNEL32.dll
 0004:000002dc       \177KERNEL32_NULL_THUNK_DATA 306c12dc     kernel32:KERNEL32.dll

 entry point at        0001:0004f8c0

