 uix86

 Timestamp is 593ab3c0 (Fri Jun 09 10:42:08 2017)

 Preferred load address is 40000000

 Start         Length     Name                   Class
 0001:00000000 00054e88H .text                   CODE
 0001:00054e88 00026908H .textbss                CODE
 0002:00000000 00007ba9H .rdata                  DATA
 0002:00007bb0 00000167H .edata                  DATA
 0003:00000000 00000104H .CRT$XCA                DATA
 0003:00000104 00000104H .CRT$XCZ                DATA
 0003:00000208 00000104H .CRT$XIA                DATA
 0003:0000030c 00000109H .CRT$XIC                DATA
 0003:00000418 00000104H .CRT$XIZ                DATA
 0003:0000051c 00000104H .CRT$XPA                DATA
 0003:00000620 00000104H .CRT$XPX                DATA
 0003:00000724 00000104H .CRT$XPZ                DATA
 0003:00000828 00000104H .CRT$XTA                DATA
 0003:0000092c 00000104H .CRT$XTZ                DATA
 0003:00000a30 00004fb5H .data                   DATA
 0003:000059e8 00086318H .bss                    DATA
 0004:00000000 00000014H .idata$2                DATA
 0004:00000014 00000014H .idata$3                DATA
 0004:00000028 0000018cH .idata$4                DATA
 0004:000001b4 0000018cH .idata$5                DATA
 0004:00000340 000006c8H .idata$6                DATA

  Address         Publics by Value              Rva+Base     Lib:Object

 0001:00000ec0       _BG_FindItemForPowerup     40001ec0 f   bg_misc.obj
 0001:00000f70       _BG_FindItemForHoldable    40001f70 f   bg_misc.obj
 0001:00001020       _BG_FindItemForWeapon      40002020 f   bg_misc.obj
 0001:000010b0       _BG_FindItem               400020b0 f   bg_misc.obj
 0001:00001130       _BG_PlayerTouchesItem      40002130 f   bg_misc.obj
 0001:00001230       _BG_CanItemBeGrabbed       40002230 f   bg_misc.obj
 0001:00001510       _BG_EvaluateTrajectory     40002510 f   bg_misc.obj
 0001:00001820       _BG_EvaluateTrajectoryDelta 40002820 f   bg_misc.obj
 0001:00001a70       _BG_AddPredictableEventToPlayerstate 40002a70 f   bg_misc.obj
 0001:00001b70       _BG_TouchJumpPad           40002b70 f   bg_misc.obj
 0001:00001ba0       _BG_PlayerStateToEntityState 40002ba0 f   bg_misc.obj
 0001:00002050       _BG_PlayerStateToEntityStateExtraPolate 40003050 f   bg_misc.obj
 0001:00002510       _Q_rand                    40003510 f   q_math.obj
 0001:00002560       _Q_random                  40003560 f   q_math.obj
 0001:000025c0       _Q_crandom                 400035c0 f   q_math.obj
 0001:00002610       _ClampChar                 40003610 f   q_math.obj
 0001:00002660       _ClampShort                40003660 f   q_math.obj
 0001:000026c0       _DirToByte                 400036c0 f   q_math.obj
 0001:000027a0       _ByteToDir                 400037a0 f   q_math.obj
 0001:00002850       _ColorBytes3               40003850 f   q_math.obj
 0001:000028c0       _ColorBytes4               400038c0 f   q_math.obj
 0001:00002940       _NormalizeColor            40003940 f   q_math.obj
 0001:00002a30       _PlaneFromPoints           40003a30 f   q_math.obj
 0001:00002bf0       _RotatePointAroundVector   40003bf0 f   q_math.obj
 0001:00002ed0       _RotateAroundDirection     40003ed0 f   q_math.obj
 0001:00002fa0       _vectoangles               40003fa0 f   q_math.obj
 0001:00003190       _AnglesToAxis              40004190 f   q_math.obj
 0001:00003220       _AxisClear                 40004220 f   q_math.obj
 0001:000032c0       _AxisCopy                  400042c0 f   q_math.obj
 0001:00003370       _ProjectPointOnPlane       40004370 f   q_math.obj
 0001:00003510       _MakeNormalVectors         40004510 f   q_math.obj
 0001:00003620       _VectorRotate              40004620 f   q_math.obj
 0001:000036f0       _Q_rsqrt                   400046f0 f   q_math.obj
 0001:00003770       _Q_fabs                    40004770 f   q_math.obj
 0001:000037c0       _LerpAngle                 400047c0 f   q_math.obj
 0001:00003850       _AngleSubtract             40004850 f   q_math.obj
 0001:000038d0       _AnglesSubtract            400048d0 f   q_math.obj
 0001:00003970       _AngleMod                  40004970 f   q_math.obj
 0001:000039d0       _AngleNormalize360         400049d0 f   q_math.obj
 0001:00003a30       _AngleNormalize180         40004a30 f   q_math.obj
 0001:00003aa0       _AngleDelta                40004aa0 f   q_math.obj
 0001:00003af0       _SetPlaneSignbits          40004af0 f   q_math.obj
 0001:00003b80       _BoxOnPlaneSide            40004b80 f   q_math.obj
 0001:00003e50       _RadiusFromBounds          40004e50 f   q_math.obj
 0001:00003fb0       _ClearBounds               40004fb0 f   q_math.obj
 0001:00004020       _AddPointToBounds          40005020 f   q_math.obj
 0001:00004130       _VectorNormalize           40005130 f   q_math.obj
 0001:00004210       _VectorNormalize2          40005210 f   q_math.obj
 0001:00004310       __VectorMA                 40005310 f   q_math.obj
 0001:00004390       __DotProduct               40005390 f   q_math.obj
 0001:000043f0       __VectorSubtract           400053f0 f   q_math.obj
 0001:00004460       __VectorAdd                40005460 f   q_math.obj
 0001:000044d0       __VectorCopy               400054d0 f   q_math.obj
 0001:00004530       __VectorScale              40005530 f   q_math.obj
 0001:00004590       _Vector4Scale              40005590 f   q_math.obj
 0001:00004600       _Q_log2                    40005600 f   q_math.obj
 0001:00004660       _MatrixMultiply            40005660 f   q_math.obj
 0001:00004890       _AngleVectors              40005890 f   q_math.obj
 0001:00004b10       _PerpendicularVector       40005b10 f   q_math.obj
 0001:00004c20       _TransposeMatrix           40005c20 f   q_math.obj
 0001:00004cc0       _Com_Clamp                 40005cc0 f   q_shared.obj
 0001:00004d20       _COM_SkipPath              40005d20 f   q_shared.obj
 0001:00004d90       _COM_StripExtension        40005d90 f   q_shared.obj
 0001:00004e00       _COM_DefaultExtension      40005e00 f   q_shared.obj
 0001:00004ed0       _ShortSwap                 40005ed0 f   q_shared.obj
 0001:00004f40       _ShortNoSwap               40005f40 f   q_shared.obj
 0001:00004f70       _LongSwap                  40005f70 f   q_shared.obj
 0001:00005020       _LongNoSwap                40006020 f   q_shared.obj
 0001:00005050       _Long64Swap                40006050 f   q_shared.obj
 0001:000050c0       _Long64NoSwap              400060c0 f   q_shared.obj
 0001:000050f0       _FloatSwap                 400060f0 f   q_shared.obj
 0001:00005150       _FloatNoSwap               40006150 f   q_shared.obj
 0001:00005180       _COM_BeginParseSession     40006180 f   q_shared.obj
 0001:000051f0       _COM_GetCurrentParseLine   400061f0 f   q_shared.obj
 0001:00005220       _COM_Parse                 40006220 f   q_shared.obj
 0001:00005270       _COM_ParseError            40006270 f   q_shared.obj
 0001:00005300       _COM_ParseWarning          40006300 f   q_shared.obj
 0001:00005390       _COM_Compress              40006390 f   q_shared.obj
 0001:00005630       _COM_ParseExt              40006630 f   q_shared.obj
 0001:00005990       _COM_MatchToken            40006990 f   q_shared.obj
 0001:00005a10       _SkipBracedSection         40006a10 f   q_shared.obj
 0001:00005ac0       _SkipRestOfLine            40006ac0 f   q_shared.obj
 0001:00005b40       _Parse1DMatrix             40006b40 f   q_shared.obj
 0001:00005bf0       _Parse2DMatrix             40006bf0 f   q_shared.obj
 0001:00005ca0       _Parse3DMatrix             40006ca0 f   q_shared.obj
 0001:00005d50       _Q_isprint                 40006d50 f   q_shared.obj
 0001:00005da0       _Q_islower                 40006da0 f   q_shared.obj
 0001:00005df0       _Q_isupper                 40006df0 f   q_shared.obj
 0001:00005e40       _Q_isalpha                 40006e40 f   q_shared.obj
 0001:00005e90       _Q_strrchr                 40006e90 f   q_shared.obj
 0001:00005f20       _Q_strncpyz                40006f20 f   q_shared.obj
 0001:00005fd0       _Q_stricmpn                40006fd0 f   q_shared.obj
 0001:000060f0       _Q_strncmp                 400070f0 f   q_shared.obj
 0001:00006190       _Q_stricmp                 40007190 f   q_shared.obj
 0001:00006200       _Q_strlwr                  40007200 f   q_shared.obj
 0001:00006280       _Q_strupr                  40007280 f   q_shared.obj
 0001:00006300       _Q_strcat                  40007300 f   q_shared.obj
 0001:00006390       _Q_PrintStrlen             40007390 f   q_shared.obj
 0001:00006440       _Q_CleanStr                40007440 f   q_shared.obj
 0001:00006510       _Com_sprintf               40007510 f   q_shared.obj
 0001:000065f0       _va                        400075f0 f   q_shared.obj
 0001:00006680       _Info_ValueForKey          40007680 f   q_shared.obj
 0001:00006890       _Info_NextPair             40007890 f   q_shared.obj
 0001:000069b0       _Info_RemoveKey            400079b0 f   q_shared.obj
 0001:00006ba0       _Info_RemoveKey_Big        40007ba0 f   q_shared.obj
 0001:00006d90       _Info_Validate             40007d90 f   q_shared.obj
 0001:00006e00       _Info_SetValueForKey       40007e00 f   q_shared.obj
 0001:00007010       _Info_SetValueForKey_Big   40008010 f   q_shared.obj
 0001:00007200       _UI_AddBots_Cache          40008200 f   ui_addbots.obj
 0001:000072c0       _UI_AddBotsMenu            400082c0 f   ui_addbots.obj
 0001:00007e80       _Com_Error                 40008e80 f   ui_atoms.obj
 0001:00007f10       _Com_Printf                40008f10 f   ui_atoms.obj
 0001:00007fa0       _UI_ClampCvar              40008fa0 f   ui_atoms.obj
 0001:00008000       _UI_StartDemoLoop          40009000 f   ui_atoms.obj
 0001:00008050       _UI_PushMenu               40009050 f   ui_atoms.obj
 0001:000081d0       _UI_PopMenu                400091d0 f   ui_atoms.obj
 0001:00008280       _UI_ForceMenuOff           40009280 f   ui_atoms.obj
 0001:00008300       _UI_LerpColor              40009300 f   ui_atoms.obj
 0001:000083e0       _UI_DrawBannerString       400093e0 f   ui_atoms.obj
 0001:00008770       _UI_ProportionalStringWidth 40009770 f   ui_atoms.obj
 0001:00008810       _UI_ProportionalSizeScale  40009810 f   ui_atoms.obj
 0001:00008860       _UI_DrawProportionalString 40009860 f   ui_atoms.obj
 0001:00008d60       _UI_DrawProportionalString_AutoWrapped 40009d60 f   ui_atoms.obj
 0001:00008f80       _UI_DrawString             40009f80 f   ui_atoms.obj
 0001:00009450       _UI_DrawChar               4000a450 f   ui_atoms.obj
 0001:000094c0       _UI_IsFullscreen           4000a4c0 f   ui_atoms.obj
 0001:00009520       _UI_SetActiveMenu          4000a520 f   ui_atoms.obj
 0001:000096b0       _UI_KeyEvent               4000a6b0 f   ui_atoms.obj
 0001:00009780       _UI_MouseEvent             4000a780 f   ui_atoms.obj
 0001:00009a10       _UI_Argv                   4000aa10 f   ui_atoms.obj
 0001:00009a70       _UI_Cvar_VariableString    4000aa70 f   ui_atoms.obj
 0001:00009ad0       _UI_Cache_f                4000aad0 f   ui_atoms.obj
 0001:00009bc0       _UI_ConsoleCommand         4000abc0 f   ui_atoms.obj
 0001:00009d70       _UI_Shutdown               4000ad70 f   ui_atoms.obj
 0001:00009da0       _UI_Init                   4000ada0 f   ui_atoms.obj
 0001:00009e80       _UI_AdjustFrom640          4000ae80 f   ui_atoms.obj
 0001:00009f00       _UI_DrawNamedPic           4000af00 f   ui_atoms.obj
 0001:00009fa0       _UI_DrawHandlePic          4000afa0 f   ui_atoms.obj
 0001:0000a0b0       _UI_FillRect               4000b0b0 f   ui_atoms.obj
 0001:0000a150       _UI_DrawRect               4000b150 f   ui_atoms.obj
 0001:0000a2b0       _UI_SetColor               4000b2b0 f   ui_atoms.obj
 0001:0000a300       _UI_UpdateScreen           4000b300 f   ui_atoms.obj
 0001:0000a340       _UI_Refresh                4000b340 f   ui_atoms.obj
 0001:0000a560       _UI_DrawTextBox            4000b560 f   ui_atoms.obj
 0001:0000a670       _UI_CursorInRect           4000b670 f   ui_atoms.obj
 0001:0000a6e0       _UI_CDKeyMenu_Cache        4000b6e0 f   ui_cdkey.obj
 0001:0000a770       _UI_CDKeyMenu              4000b770 f   ui_cdkey.obj
 0001:0000ae90       _UI_CDKeyMenu_f            4000be90 f   ui_cdkey.obj
 0001:0000aed0       _UI_CinematicsMenu_Cache   4000bed0 f   ui_cinematics.obj
 0001:0000af50       _UI_CinematicsMenu         4000bf50 f   ui_cinematics.obj
 0001:0000b9c0       _UI_CinematicsMenu_f       4000c9c0 f   ui_cinematics.obj
 0001:0000ba40       _ConfirmMenu_Cache         4000ca40 f   ui_confirm.obj
 0001:0000ba90       _UI_ConfirmMenu_Style      4000ca90 f   ui_confirm.obj
 0001:0000c010       _UI_ConfirmMenu            4000d010 f   ui_confirm.obj
 0001:0000c070       _UI_Message                4000d070 f   ui_confirm.obj
 0001:0000c330       _UI_DrawConnectScreen      4000d330 f   ui_connect.obj
 0001:0000cf20       _UI_KeyConnect             4000df20 f   ui_connect.obj
 0001:0000cf70       _Controls_Cache            4000df70 f   ui_controls2.obj
 0001:0000cff0       _UI_ControlsMenu           4000dff0 f   ui_controls2.obj
 0001:0000ffe0       _UI_CreditMenu             40010fe0 f   ui_credits.obj
 0001:00010300       _Demos_Cache               40011300 f   ui_demo2.obj
 0001:000103d0       _UI_DemosMenu              400113d0 f   ui_demo2.obj
 0001:00010bd0       _UI_DisplayOptionsMenu_Cache 40011bd0 f   ui_display.obj
 0001:00010c50       _UI_DisplayOptionsMenu     40011c50 f   ui_display.obj
 0001:000113a0       _UI_Alloc                  400123a0 f   ui_gameinfo.obj
 0001:00011420       _UI_InitMemory             40012420 f   ui_gameinfo.obj
 0001:00011460       _UI_ParseInfos             40012460 f   ui_gameinfo.obj
 0001:000116c0       _UI_GetArenaInfoByNumber   400126c0 f   ui_gameinfo.obj
 0001:000117b0       _UI_GetArenaInfoByMap      400127b0 f   ui_gameinfo.obj
 0001:00011850       _UI_GetSpecialArenaInfo    40012850 f   ui_gameinfo.obj
 0001:000118f0       _UI_GetBotInfoByNumber     400128f0 f   ui_gameinfo.obj
 0001:00011970       _UI_GetBotInfoByName       40012970 f   ui_gameinfo.obj
 0001:00011a20       _UI_GetBestScore           40012a20 f   ui_gameinfo.obj
 0001:00011b90       _UI_SetBestScore           40012b90 f   ui_gameinfo.obj
 0001:00011d00       _UI_LogAwardData           40012d00 f   ui_gameinfo.obj
 0001:00011e30       _UI_GetAwardLevel          40012e30 f   ui_gameinfo.obj
 0001:00011ed0       _UI_TierCompleted          40012ed0 f   ui_gameinfo.obj
 0001:00012020       _UI_ShowTierVideo          40013020 f   ui_gameinfo.obj
 0001:00012130       _UI_CanShowTierVideo       40013130 f   ui_gameinfo.obj
 0001:00012210       _UI_GetCurrentGame         40013210 f   ui_gameinfo.obj
 0001:00012350       _UI_NewGame                40013350 f   ui_gameinfo.obj
 0001:00012420       _UI_GetNumArenas           40013420 f   ui_gameinfo.obj
 0001:00012450       _UI_GetNumSPArenas         40013450 f   ui_gameinfo.obj
 0001:00012480       _UI_GetNumSPTiers          40013480 f   ui_gameinfo.obj
 0001:000124c0       _UI_GetNumBots             400134c0 f   ui_gameinfo.obj
 0001:000124f0       _UI_SPUnlock_f             400134f0 f   ui_gameinfo.obj
 0001:00012640       _UI_SPUnlockMedals_f       40013640 f   ui_gameinfo.obj
 0001:00012730       _UI_InitGameinfo           40013730 f   ui_gameinfo.obj
 0001:00013250       _InGame_Event              40014250 f   ui_ingame.obj
 0001:00013430       _InGame_MenuInit           40014430 f   ui_ingame.obj
 0001:00013c90       _InGame_Cache              40014c90 f   ui_ingame.obj
 0001:00013ce0       _UI_InGameMenu             40014ce0 f   ui_ingame.obj
 0001:00013d50       _vmMain                    40014d50 f   ui_main.obj
 0001:00013ea0       _UI_RegisterCvars          40014ea0 f   ui_main.obj
 0001:00013f40       _UI_UpdateCvars            40014f40 f   ui_main.obj
 0001:00013fc0       _Main_MenuEvent            40014fc0 f   ui_menu.obj
 0001:00014120       _MainMenu_Cache            40015120 f   ui_menu.obj
 0001:00014170       _ErrorMessage_Key          40015170 f   ui_menu.obj
 0001:000141d0       _UI_MainMenu               400151d0 f   ui_menu.obj
 0001:00014d90       _MField_Draw               40015d90 f   ui_mfield.obj
 0001:00015010       _MField_Paste              40016010 f   ui_mfield.obj
 0001:000150b0       _MField_KeyDownEvent       400160b0 f   ui_mfield.obj
 0001:00015370       _MField_CharEvent          40016370 f   ui_mfield.obj
 0001:00015640       _MField_Clear              40016640 f   ui_mfield.obj
 0001:00015690       _MenuField_Init            40016690 f   ui_mfield.obj
 0001:000157a0       _MenuField_Draw            400167a0 f   ui_mfield.obj
 0001:000159a0       _MenuField_Key             400169a0 f   ui_mfield.obj
 0001:00015c10       _UI_ModsMenu_Cache         40016c10 f   ui_mods.obj
 0001:00015cb0       _UI_ModsMenu               40016cb0 f   ui_mods.obj
 0001:000163d0       _UI_NetworkOptionsMenu_Cache 400173d0 f   ui_network.obj
 0001:00016450       _UI_NetworkOptionsMenu     40017450 f   ui_network.obj
 0001:00016bc0       _SystemConfig_Cache        40017bc0 f   ui_options.obj
 0001:00016c40       _Options_MenuInit          40017c40 f   ui_options.obj
 0001:000171c0       _UI_SystemConfigMenu       400181c0 f   ui_options.obj
 0001:00017210       _PlayerModel_Cache         40018210 f   ui_playermodel.obj
 0001:00017670       _UI_PlayerModelMenu        40018670 f   ui_playermodel.obj
 0001:00018c80       _UI_MachinegunSpinAngle    40019c80 f   ui_players.obj
 0001:00018dd0       _UI_DrawPlayer             40019dd0 f   ui_players.obj
 0001:0001b1c0       _UI_RegisterClientModelname 4001c1c0 f   ui_players.obj
 0001:0001ba10       _UI_PlayerInfo_SetModel    4001ca10 f   ui_players.obj
 0001:0001bb10       _UI_PlayerInfo_SetInfo     4001cb10 f   ui_players.obj
 0001:0001bfb0       _PlayerSettings_Cache      4001cfb0 f   ui_playersettings.obj
 0001:0001c100       _UI_PlayerSettingsMenu     4001d100 f   ui_playersettings.obj
 0001:0001d090       _Preferences_Cache         4001e090 f   ui_preferences.obj
 0001:0001d160       _UI_PreferencesMenu        4001e160 f   ui_preferences.obj
 0001:0001e0f0       _Bitmap_Init               4001f0f0 f   ui_qmenu.obj
 0001:0001e200       _Bitmap_Draw               4001f200 f   ui_qmenu.obj
 0001:0001e5a0       _ScrollList_Key            4001f5a0 f   ui_qmenu.obj
 0001:0001eff0       _ScrollList_Draw           4001fff0 f   ui_qmenu.obj
 0001:0001f220       _Menu_AddItem              40020220 f   ui_qmenu.obj
 0001:0001fac0       _Menu_CursorMoved          40020ac0 f   ui_qmenu.obj
 0001:0001fbd0       _Menu_SetCursor            40020bd0 f   ui_qmenu.obj
 0001:0001fc50       _Menu_SetCursorToItem      40020c50 f   ui_qmenu.obj
 0001:0001fce0       _Menu_AdjustCursor         40020ce0 f   ui_qmenu.obj
 0001:0001fe40       _Menu_Draw                 40020e40 f   ui_qmenu.obj
 0001:00020c20       _Menu_ItemAtCursor         40021c20 f   ui_qmenu.obj
 0001:00020c80       _Menu_ActivateItem         40021c80 f   ui_qmenu.obj
 0001:00020d00       _Menu_DefaultKey           40021d00 f   ui_qmenu.obj
 0001:00021760       _Menu_Cache                40022760 f   ui_qmenu.obj
 0001:00021970       _UI_RemoveBots_Cache       40022970 f   ui_removebots.obj
 0001:00021a00       _UI_RemoveBotsMenu         40022a00 f   ui_removebots.obj
 0001:00022420       _Favorites_Add             40023420 f   ui_serverinfo.obj
 0001:00022590       _ServerInfo_Cache          40023590 f   ui_serverinfo.obj
 0001:00022610       _UI_ServerInfoMenu         40023610 f   ui_serverinfo.obj
 0001:00022bf0       _ArenaServers_InsertFavorites 40023bf0 f   ui_servers2.obj
 0001:000230e0       _ArenaServers_LoadFavorites 400240e0 f   ui_servers2.obj
 0001:00023360       _ArenaServers_SaveChanges  40024360 f   ui_servers2.obj
 0001:00023430       _ArenaServers_Sort         40024430 f   ui_servers2.obj
 0001:000236a0       _ArenaServers_SetType      400246a0 f   ui_servers2.obj
 0001:00024240       _ArenaServers_Cache        40025240 f   ui_servers2.obj
 0001:00024370       _UI_ArenaServersMenu       40025370 f   ui_servers2.obj
 0001:00025d40       _UI_SetupMenu_Cache        40026d40 f   ui_setup.obj
 0001:00025dc0       _UI_SetupMenu              40026dc0 f   ui_setup.obj
 0001:000265e0       _UI_SoundOptionsMenu_Cache 400275e0 f   ui_sound.obj
 0001:00026660       _UI_SoundOptionsMenu       40027660 f   ui_sound.obj
 0001:00026f00       _UI_SPArena_Start          40027f00 f   ui_sparena.obj
 0001:00027060       _SpecifyServer_MenuInit    40028060 f   ui_specifyserver.obj
 0001:00027560       _SpecifyServer_Cache       40028560 f   ui_specifyserver.obj
 0001:000275e0       _UI_SpecifyServerMenu      400285e0 f   ui_specifyserver.obj
 0001:00027630       _UI_SPLevelMenu_Cache      40028630 f   ui_splevel.obj
 0001:00027890       _UI_SPLevelMenu            40028890 f   ui_splevel.obj
 0001:00029c60       _UI_SPLevelMenu_f          4002ac60 f   ui_splevel.obj
 0001:00029cc0       _UI_SPLevelMenu_ReInit     4002acc0 f   ui_splevel.obj
 0001:00029d00       _UI_SPPostgameMenu_Cache   4002ad00 f   ui_sppostgame.obj
 0001:00029e50       _UI_SPPostgameMenu_f       4002ae50 f   ui_sppostgame.obj
 0001:0002b3d0       _Reset_MenuEvent           4002c3d0 f   ui_spreset.obj
 0001:0002b450       _Reset_Cache               4002c450 f   ui_spreset.obj
 0001:0002b4a0       _UI_ResetMenu              4002c4a0 f   ui_spreset.obj
 0001:0002b9d0       _UI_SPSkillMenu_Cache      4002c9d0 f   ui_spskill.obj
 0001:0002bb00       _UI_SPSkillMenu            4002cb00 f   ui_spskill.obj
 0001:0002c430       _StartServer_Cache         4002d430 f   ui_startserver.obj
 0001:0002c7d0       _UI_StartServerMenu        4002d7d0 f   ui_startserver.obj
 0001:0002d920       _ServerOptions_Cache       4002e920 f   ui_startserver.obj
 0001:00030040       _UI_BotSelectMenu_Cache    40031040 f   ui_startserver.obj
 0001:00030110       _UI_BotSelectMenu          40031110 f   ui_startserver.obj
 0001:00031350       _dllEntry                  40032350 f   ui_syscalls.obj
 0001:00031380       _PASSFLOAT                 40032380 f   ui_syscalls.obj
 0001:000313c0       _trap_Print                400323c0 f   ui_syscalls.obj
 0001:00031420       _trap_Error                40032420 f   ui_syscalls.obj
 0001:00031480       _trap_Milliseconds         40032480 f   ui_syscalls.obj
 0001:000314d0       _trap_Cvar_Register        400324d0 f   ui_syscalls.obj
 0001:00031530       _trap_Cvar_Update          40032530 f   ui_syscalls.obj
 0001:00031590       _trap_Cvar_Set             40032590 f   ui_syscalls.obj
 0001:000315f0       _trap_Cvar_VariableValue   400325f0 f   ui_syscalls.obj
 0001:00031650       _trap_Cvar_VariableStringBuffer 40032650 f   ui_syscalls.obj
 0001:000316b0       _trap_Cvar_SetValue        400326b0 f   ui_syscalls.obj
 0001:00031720       _trap_Cvar_Reset           40032720 f   ui_syscalls.obj
 0001:00031780       _trap_Cvar_Create          40032780 f   ui_syscalls.obj
 0001:000317e0       _trap_Cvar_InfoStringBuffer 400327e0 f   ui_syscalls.obj
 0001:00031840       _trap_Argc                 40032840 f   ui_syscalls.obj
 0001:00031890       _trap_Argv                 40032890 f   ui_syscalls.obj
 0001:000318f0       _trap_Cmd_ExecuteText      400328f0 f   ui_syscalls.obj
 0001:00031950       _trap_FS_FOpenFile         40032950 f   ui_syscalls.obj
 0001:000319b0       _trap_FS_Read              400329b0 f   ui_syscalls.obj
 0001:00031a10       _trap_FS_Write             40032a10 f   ui_syscalls.obj
 0001:00031a70       _trap_FS_FCloseFile        40032a70 f   ui_syscalls.obj
 0001:00031ad0       _trap_FS_GetFileList       40032ad0 f   ui_syscalls.obj
 0001:00031b30       _trap_FS_Seek              40032b30 f   ui_syscalls.obj
 0001:00031b90       _trap_R_RegisterModel      40032b90 f   ui_syscalls.obj
 0001:00031bf0       _trap_R_RegisterSkin       40032bf0 f   ui_syscalls.obj
 0001:00031c50       _trap_R_RegisterFont       40032c50 f   ui_syscalls.obj
 0001:00031cb0       _trap_R_RegisterShaderNoMip 40032cb0 f   ui_syscalls.obj
 0001:00031d10       _trap_R_ClearScene         40032d10 f   ui_syscalls.obj
 0001:00031d60       _trap_R_AddRefEntityToScene 40032d60 f   ui_syscalls.obj
 0001:00031dc0       _trap_R_AddPolyToScene     40032dc0 f   ui_syscalls.obj
 0001:00031e20       _trap_R_AddLightToScene    40032e20 f   ui_syscalls.obj
 0001:00031ec0       _trap_R_RenderScene        40032ec0 f   ui_syscalls.obj
 0001:00031f20       _trap_R_SetColor           40032f20 f   ui_syscalls.obj
 0001:00031f80       _trap_R_DrawStretchPic     40032f80 f   ui_syscalls.obj
 0001:00032060       _trap_R_ModelBounds        40033060 f   ui_syscalls.obj
 0001:000320c0       _trap_UpdateScreen         400330c0 f   ui_syscalls.obj
 0001:00032110       _trap_CM_LerpTag           40033110 f   ui_syscalls.obj
 0001:00032190       _trap_S_StartLocalSound    40033190 f   ui_syscalls.obj
 0001:000321f0       _trap_S_RegisterSound      400331f0 f   ui_syscalls.obj
 0001:00032250       _trap_Key_KeynumToStringBuf 40033250 f   ui_syscalls.obj
 0001:000322b0       _trap_Key_GetBindingBuf    400332b0 f   ui_syscalls.obj
 0001:00032310       _trap_Key_SetBinding       40033310 f   ui_syscalls.obj
 0001:00032370       _trap_Key_IsDown           40033370 f   ui_syscalls.obj
 0001:000323d0       _trap_Key_GetOverstrikeMode 400333d0 f   ui_syscalls.obj
 0001:00032420       _trap_Key_SetOverstrikeMode 40033420 f   ui_syscalls.obj
 0001:00032480       _trap_Key_ClearStates      40033480 f   ui_syscalls.obj
 0001:000324d0       _trap_Key_GetCatcher       400334d0 f   ui_syscalls.obj
 0001:00032520       _trap_Key_SetCatcher       40033520 f   ui_syscalls.obj
 0001:00032580       _trap_GetClipboardData     40033580 f   ui_syscalls.obj
 0001:000325e0       _trap_GetClientState       400335e0 f   ui_syscalls.obj
 0001:00032640       _trap_GetGlconfig          40033640 f   ui_syscalls.obj
 0001:000326a0       _trap_GetConfigString      400336a0 f   ui_syscalls.obj
 0001:00032700       _trap_LAN_GetServerCount   40033700 f   ui_syscalls.obj
 0001:00032760       _trap_LAN_GetServerAddressString 40033760 f   ui_syscalls.obj
 0001:000327c0       _trap_LAN_GetServerInfo    400337c0 f   ui_syscalls.obj
 0001:00032820       _trap_LAN_GetServerPing    40033820 f   ui_syscalls.obj
 0001:00032880       _trap_LAN_GetPingQueueCount 40033880 f   ui_syscalls.obj
 0001:000328d0       _trap_LAN_ServerStatus     400338d0 f   ui_syscalls.obj
 0001:00032930       _trap_LAN_SaveCachedServers 40033930 f   ui_syscalls.obj
 0001:00032980       _trap_LAN_LoadCachedServers 40033980 f   ui_syscalls.obj
 0001:000329d0       _trap_LAN_ResetPings       400339d0 f   ui_syscalls.obj
 0001:00032a30       _trap_LAN_ClearPing        40033a30 f   ui_syscalls.obj
 0001:00032a90       _trap_LAN_GetPing          40033a90 f   ui_syscalls.obj
 0001:00032af0       _trap_LAN_GetPingInfo      40033af0 f   ui_syscalls.obj
 0001:00032b50       _trap_LAN_MarkServerVisible 40033b50 f   ui_syscalls.obj
 0001:00032bb0       _trap_LAN_ServerIsVisible  40033bb0 f   ui_syscalls.obj
 0001:00032c10       _trap_LAN_UpdateVisiblePings 40033c10 f   ui_syscalls.obj
 0001:00032c70       _trap_LAN_AddServer        40033c70 f   ui_syscalls.obj
 0001:00032cd0       _trap_LAN_RemoveServer     40033cd0 f   ui_syscalls.obj
 0001:00032d30       _trap_LAN_CompareServers   40033d30 f   ui_syscalls.obj
 0001:00032da0       _trap_MemoryRemaining      40033da0 f   ui_syscalls.obj
 0001:00032df0       _trap_GetCDKey             40033df0 f   ui_syscalls.obj
 0001:00032e50       _trap_SetCDKey             40033e50 f   ui_syscalls.obj
 0001:00032eb0       _trap_PC_AddGlobalDefine   40033eb0 f   ui_syscalls.obj
 0001:00032f10       _trap_PC_LoadSource        40033f10 f   ui_syscalls.obj
 0001:00032f70       _trap_PC_FreeSource        40033f70 f   ui_syscalls.obj
 0001:00032fd0       _trap_PC_ReadToken         40033fd0 f   ui_syscalls.obj
 0001:00033030       _trap_PC_SourceFileAndLine 40034030 f   ui_syscalls.obj
 0001:00033090       _trap_S_StopBackgroundTrack 40034090 f   ui_syscalls.obj
 0001:000330e0       _trap_S_StartBackgroundTrack 400340e0 f   ui_syscalls.obj
 0001:00033140       _trap_RealTime             40034140 f   ui_syscalls.obj
 0001:000331a0       _trap_CIN_PlayCinematic    400341a0 f   ui_syscalls.obj
 0001:00033210       _trap_CIN_StopCinematic    40034210 f   ui_syscalls.obj
 0001:00033270       _trap_CIN_RunCinematic     40034270 f   ui_syscalls.obj
 0001:000332d0       _trap_CIN_DrawCinematic    400342d0 f   ui_syscalls.obj
 0001:00033330       _trap_CIN_SetExtents       40034330 f   ui_syscalls.obj
 0001:000333a0       _trap_R_RemapShader        400343a0 f   ui_syscalls.obj
 0001:00033400       _trap_VerifyCDKey          40034400 f   ui_syscalls.obj
 0001:00033460       _trap_SetPbClStatus        40034460 f   ui_syscalls.obj
 0001:000334c0       _TeamMain_MenuInit         400344c0 f   ui_team.obj
 0001:00033980       _TeamMain_Cache            40034980 f   ui_team.obj
 0001:000339d0       _UI_TeamMainMenu           400349d0 f   ui_team.obj
 0001:00033a20       _UI_TeamOrdersMenu_Key     40034a20 f   ui_teamorders.obj
 0001:00033c90       _UI_TeamOrdersMenu_Cache   40034c90 f   ui_teamorders.obj
 0001:00033d00       _UI_TeamOrdersMenu         40034d00 f   ui_teamorders.obj
 0001:00034620       _UI_TeamOrdersMenu_f       40035620 f   ui_teamorders.obj
 0001:00034740       _DriverInfo_Cache          40035740 f   ui_video.obj
 0001:000347c0       _GraphicsOptions_MenuDraw  400357c0 f   ui_video.obj
 0001:00034be0       _GraphicsOptions_MenuInit  40035be0 f   ui_video.obj
 0001:000365b0       _GraphicsOptions_Cache     400375b0 f   ui_video.obj
 0001:00036650       _UI_GraphicsOptionsMenu    40037650 f   ui_video.obj
 0001:000366b0       __chkesp                   400376b0 f   LIBCMTD:chkesp.obj
 0001:000366f0       __fpmath                   400376f0 f   LIBCMTD:fpinit.obj
 0001:00036720       __fpclear                  40037720 f   LIBCMTD:fpinit.obj
 0001:00036730       __cfltcvt_init             40037730 f   LIBCMTD:fpinit.obj
 0001:00036780       ___setfflag                40037780 f   LIBCMTD:fpinit.obj
 0001:000367a0       __CIsin                    400377a0 f   LIBCMTD:sin.obj
 0001:000367b4       _sin                       400377b4 f   LIBCMTD:sin.obj
 0001:00036850       __CIcos                    40037850 f   LIBCMTD:cos.obj
 0001:00036864       _cos                       40037864 f   LIBCMTD:cos.obj
 0001:00036900       _atof                      40037900 f   LIBCMTD:atof.obj
 0001:00036978       __ftol                     40037978 f   LIBCMTD:ftol.obj
 0001:000369a0       _memset                    400379a0 f   LIBCMTD:memset.obj
 0001:00036a00       _memcpy                    40037a00 f   LIBCMTD:memcpy.obj
 0001:00036d40       __CIsqrt                   40037d40 f   LIBCMTD:sqrt.obj
 0001:00036d54       _sqrt                      40037d54 f   LIBCMTD:sqrt.obj
 0001:00036e00       _atan2                     40037e00 f   LIBCMTD:87ctriga.obj
 0001:00036e0a       __CIatan2                  40037e0a f   LIBCMTD:87ctriga.obj
 0001:00036e20       __assert                   40037e20 f   LIBCMTD:assert.obj
 0001:000371a0       _fabs                      400381a0 f   LIBCMTD:fabs.obj
 0001:000372a0       _strlen                    400382a0 f   LIBCMTD:strlen.obj
 0001:00037320       _vsprintf                  40038320 f   LIBCMTD:vsprintf.obj
 0001:00037420       _strcmp                    40038420 f   LIBCMTD:strcmp.obj
 0001:000374b0       _strncpy                   400384b0 f   LIBCMTD:strncpy.obj
 0001:000375b0       __tolower                  400385b0 f   LIBCMTD:tolower.obj
 0001:000375c0       _tolower                   400385c0 f   LIBCMTD:tolower.obj
 0001:00037660       __tolower_lk               40038660 f   LIBCMTD:tolower.obj
 0001:00037790       __toupper                  40038790 f   LIBCMTD:toupper.obj
 0001:000377a0       _toupper                   400387a0 f   LIBCMTD:toupper.obj
 0001:00037840       __toupper_lk               40038840 f   LIBCMTD:toupper.obj
 0001:00037970       __alloca_probe             40038970 f   LIBCMTD:chkstk.obj
 0001:00037970       __chkstk                   40038970 f   LIBCMTD:chkstk.obj
 0001:000379a0       _strcpy                    400389a0 f   LIBCMTD:strcat.obj
 0001:000379b0       _strcat                    400389b0 f   LIBCMTD:strcat.obj
 0001:00037aa0       _strchr                    40038aa0 f   LIBCMTD:strchr.obj
 0001:00037aa6       ___from_strstr_to_strchr   40038aa6 f   LIBCMTD:strchr.obj
 0001:00037b60       _atol                      40038b60 f   LIBCMTD:atox.obj
 0001:00037c60       _atoi                      40038c60 f   LIBCMTD:atox.obj
 0001:00037c80       __atoi64                   40038c80 f   LIBCMTD:atox.obj
 0001:00037db0       _qsort                     40038db0 f   LIBCMTD:qsort.obj
 0001:000380b0       _strstr                    400390b0 f   LIBCMTD:strstr.obj
 0001:00038130       _memmove                   40039130 f   LIBCMTD:memmove.obj
 0001:00038470       _srand                     40039470 f   LIBCMTD:rand.obj
 0001:00038480       _rand                      40039480 f   LIBCMTD:rand.obj
 0001:000384c0       __CItan                    400394c0 f   LIBCMTD:tan.obj
 0001:000384d4       _tan                       400394d4 f   LIBCMTD:tan.obj
 0001:00038580       __CRT_INIT@12              40039580 f   LIBCMTD:dllcrt0.obj
 0001:000386c0       __DllMainCRTStartup@12     400396c0 f   LIBCMTD:dllcrt0.obj
 0001:000387c0       __amsg_exit                400397c0 f   LIBCMTD:dllcrt0.obj
 0001:00038800       __CrtDbgBreak              40039800 f   LIBCMTD:dbgrpt.obj
 0001:00038810       __CrtSetReportMode         40039810 f   LIBCMTD:dbgrpt.obj
 0001:00038870       __CrtSetReportFile         40039870 f   LIBCMTD:dbgrpt.obj
 0001:000388f0       __CrtSetReportHook         400398f0 f   LIBCMTD:dbgrpt.obj
 0001:00038910       __CrtDbgReport             40039910 f   LIBCMTD:dbgrpt.obj
 0001:00038fb0       __setdefaultprecision      40039fb0 f   LIBCMTD:fp8.obj
 0001:00038fd0       __ms_p5_test_fdiv          40039fd0 f   LIBCMTD:testfdiv.obj
 0001:00039030       __ms_p5_mp_test_fdiv       4003a030 f   LIBCMTD:testfdiv.obj
 0001:00039080       __forcdecpt                4003a080 f   LIBCMTD:cvt.obj
 0001:00039130       __cropzeros                4003a130 f   LIBCMTD:cvt.obj
 0001:00039210       __positive                 4003a210 f   LIBCMTD:cvt.obj
 0001:00039240       __fassign                  4003a240 f   LIBCMTD:cvt.obj
 0001:00039290       __cftoe                    4003a290 f   LIBCMTD:cvt.obj
 0001:00039480       __cftof                    4003a480 f   LIBCMTD:cvt.obj
 0001:00039630       __cftog                    4003a630 f   LIBCMTD:cvt.obj
 0001:00039720       __cfltcvt                  4003a720 f   LIBCMTD:cvt.obj
 0001:000397b0       __trandisp1                4003a7b0 f   LIBCMTD:87disp.obj
 0001:00039817       __trandisp2                4003a817 f   LIBCMTD:87disp.obj
 0001:000398a3       __rttospopde               4003a8a3 f   LIBCMTD:87disp.obj
 0001:000398a8       __rttospop                 4003a8a8 f   LIBCMTD:87disp.obj
 0001:000398aa       __rtnospop                 4003a8aa f   LIBCMTD:87disp.obj
 0001:000398ac       __rttosnpop                4003a8ac f   LIBCMTD:87disp.obj
 0001:000398ad       __rtnospopde               4003a8ad f   LIBCMTD:87disp.obj
 0001:000398b4       __rtzeropop                4003a8b4 f   LIBCMTD:87disp.obj
 0001:000398b6       __rtzeronpop               4003a8b6 f   LIBCMTD:87disp.obj
 0001:000398bb       __rtonepop                 4003a8bb f   LIBCMTD:87disp.obj
 0001:000398bd       __rtonenpop                4003a8bd f   LIBCMTD:87disp.obj
 0001:000398c2       __tosnan1                  4003a8c2 f   LIBCMTD:87disp.obj
 0001:000398ed       __nosnan2                  4003a8ed f   LIBCMTD:87disp.obj
 0001:000398ef       __tosnan2                  4003a8ef f   LIBCMTD:87disp.obj
 0001:00039917       __nan2                     4003a917 f   LIBCMTD:87disp.obj
 0001:00039956       __rtindfpop                4003a956 f   LIBCMTD:87disp.obj
 0001:00039958       __rtindfnpop               4003a958 f   LIBCMTD:87disp.obj
 0001:00039969       __rttosnpopde              4003a969 f   LIBCMTD:87disp.obj
 0001:00039973       __rtchsifneg               4003a973 f   LIBCMTD:87disp.obj
 0001:00039980       __twoToTOS                 4003a980 f   LIBCMTD:common.obj
 0001:00039995       __load_CW                  4003a995 f   LIBCMTD:common.obj
 0001:000399ac       __convertTOStoQNaN         4003a9ac f   LIBCMTD:common.obj
 0001:000399c5       __fload_withFB             4003a9c5 f   LIBCMTD:common.obj
 0001:00039a08       __checkTOS_withFB          4003aa08 f   LIBCMTD:common.obj
 0001:00039a1e       __fast_exit                4003aa1e f   LIBCMTD:common.obj
 0001:00039a2b       __math_exit                4003aa2b f   LIBCMTD:common.obj
 0001:00039a55       __check_overflow_exit      4003aa55 f   LIBCMTD:common.obj
 0001:00039a69       __check_range_exit         4003aa69 f   LIBCMTD:common.obj
 0001:00039b10       __startTwoArgErrorHandling 4003ab10 f   LIBCMTD:genexcep.obj
 0001:00039b27       __startOneArgErrorHandling 4003ab27 f   LIBCMTD:genexcep.obj
 0001:00039b70       __fltin2                   4003ab70 f   LIBCMTD:cfin.obj
 0001:00039c30       __isctype                  4003ac30 f   LIBCMTD:isctype.obj
 0001:00039d0c       __fFATN2                   4003ad0c f   LIBCMTD:87triga.obj
 0001:00039d5c       __rtpiby2                  4003ad5c f   LIBCMTD:87triga.obj
 0001:00039da0       __cintrindisp2             4003ada0 f   LIBCMTD:87cdisp.obj
 0001:00039dde       __cintrindisp1             4003adde f   LIBCMTD:87cdisp.obj
 0001:00039e1b       __ctrandisp2               4003ae1b f   LIBCMTD:87cdisp.obj
 0001:00039f9b       __ctrandisp1               4003af9b f   LIBCMTD:87cdisp.obj
 0001:00039fce       __fload                    4003afce f   LIBCMTD:87cdisp.obj
 0001:0003a010       _abort                     4003b010 f   LIBCMTD:abort.obj
 0001:0003a030       __cinit                    4003b030 f   LIBCMTD:crt0dat.obj
 0001:0003a070       _exit                      4003b070 f   LIBCMTD:crt0dat.obj
 0001:0003a090       __exit                     4003b090 f   LIBCMTD:crt0dat.obj
 0001:0003a0b0       __cexit                    4003b0b0 f   LIBCMTD:crt0dat.obj
 0001:0003a0d0       __c_exit                   4003b0d0 f   LIBCMTD:crt0dat.obj
 0001:0003a1e0       __lockexit                 4003b1e0 f   LIBCMTD:crt0dat.obj
 0001:0003a1f0       __unlockexit               4003b1f0 f   LIBCMTD:crt0dat.obj
 0001:0003a230       _signal                    4003b230 f   LIBCMTD:winsig.obj
 0001:0003a500       _raise                     4003b500 f   LIBCMTD:winsig.obj
 0001:0003a7a0       ___fpecode                 4003b7a0 f   LIBCMTD:winsig.obj
 0001:0003a7b0       ___pxcptinfoptrs           4003b7b0 f   LIBCMTD:winsig.obj
 0001:0003a7c0       ___crtMessageBoxA          4003b7c0 f   LIBCMTD:crtmbox.obj
 0001:0003a880       __itoa                     4003b880 f   LIBCMTD:xtoa.obj
 0001:0003a9a0       __ltoa                     4003b9a0 f   LIBCMTD:xtoa.obj
 0001:0003a9e0       __ultoa                    4003b9e0 f   LIBCMTD:xtoa.obj
 0001:0003aa00       __i64toa                   4003ba00 f   LIBCMTD:xtoa.obj
 0001:0003ab50       __ui64toa                  4003bb50 f   LIBCMTD:xtoa.obj
 0001:0003ab70       _strncat                   4003bb70 f   LIBCMTD:strncat.obj
 0001:0003aca0       _fflush                    4003bca0 f   LIBCMTD:fflush.obj
 0001:0003acf0       __fflush_lk                4003bcf0 f   LIBCMTD:fflush.obj
 0001:0003ad40       __flush                    4003bd40 f   LIBCMTD:fflush.obj
 0001:0003ae00       __flushall                 4003be00 f   LIBCMTD:fflush.obj
 0001:0003af50       _fprintf                   4003bf50 f   LIBCMTD:fprintf.obj
 0001:0003b020       _setvbuf                   4003c020 f   LIBCMTD:setvbuf.obj
 0001:0003b190       ___initstdio               4003c190 f   LIBCMTD:_file.obj
 0001:0003b2c0       ___endstdio                4003c2c0 f   LIBCMTD:_file.obj
 0001:0003b2e0       __lock_file                4003c2e0 f   LIBCMTD:_file.obj
 0001:0003b320       __lock_file2               4003c320 f   LIBCMTD:_file.obj
 0001:0003b350       __unlock_file              4003c350 f   LIBCMTD:_file.obj
 0001:0003b390       __unlock_file2             4003c390 f   LIBCMTD:_file.obj
 0001:0003b3c0       __handle_qnan1             4003c3c0 f   LIBCMTD:fpexcept.obj
 0001:0003b420       __handle_qnan2             4003c420 f   LIBCMTD:fpexcept.obj
 0001:0003b490       __except1                  4003c490 f   LIBCMTD:fpexcept.obj
 0001:0003b550       __except2                  4003c550 f   LIBCMTD:fpexcept.obj
 0001:0003b620       __raise_exc                4003c620 f   LIBCMTD:fpexcept.obj
 0001:0003baf0       __handle_exc               4003caf0 f   LIBCMTD:fpexcept.obj
 0001:0003be70       __umatherr                 4003ce70 f   LIBCMTD:fpexcept.obj
 0001:0003bf10       __set_errno                4003cf10 f   LIBCMTD:fpexcept.obj
 0001:0003bf90       __errcode                  4003cf90 f   LIBCMTD:fpexcept.obj
 0001:0003c010       __set_exp                  4003d010 f   LIBCMTD:util.obj
 0001:0003c050       __get_exp                  4003d050 f   LIBCMTD:util.obj
 0001:0003c080       __add_exp                  4003d080 f   LIBCMTD:util.obj
 0001:0003c0c0       __set_bexp                 4003d0c0 f   LIBCMTD:util.obj
 0001:0003c100       __sptype                   4003d100 f   LIBCMTD:util.obj
 0001:0003c180       __decomp                   4003d180 f   LIBCMTD:util.obj
 0001:0003c2c0       __statfp                   4003d2c0 f   LIBCMTD:fpctrl.obj
 0001:0003c2e0       __clrfp                    4003d2e0 f   LIBCMTD:fpctrl.obj
 0001:0003c300       __ctrlfp                   4003d300 f   LIBCMTD:fpctrl.obj
 0001:0003c340       __set_statfp               4003d340 f   LIBCMTD:fpctrl.obj
 0001:0003c3c0       __flsbuf                   4003d3c0 f   LIBCMTD:_flsbuf.obj
 0001:0003c640       __output                   4003d640 f   LIBCMTD:output.obj
 0001:0003d4e0       __mtinitlocks              4003e4e0 f   LIBCMTD:mlock.obj
 0001:0003d520       __mtdeletelocks            4003e520 f   LIBCMTD:mlock.obj
 0001:0003d5c0       __lock                     4003e5c0 f   LIBCMTD:mlock.obj
 0001:0003d660       __unlock                   4003e660 f   LIBCMTD:mlock.obj
 0001:0003d680       __lockerr_exit             4003e680 f   LIBCMTD:mlock.obj
 0001:0003d6a0       _setlocale                 4003e6a0 f   LIBCMTD:setlocal.obj
 0001:0003dd30       __expandlocale             4003ed30 f   LIBCMTD:setlocal.obj
 0001:0003dec0       ___init_dummy              4003eec0 f   LIBCMTD:setlocal.obj
 0001:0003ded0       __strcats                  4003eed0 f   LIBCMTD:setlocal.obj
 0001:0003df20       ___lc_strtolc              4003ef20 f   LIBCMTD:setlocal.obj
 0001:0003e080       ___lc_lctostr              4003f080 f   LIBCMTD:setlocal.obj
 0001:0003e0f0       ___crtLCMapStringA         4003f0f0 f   LIBCMTD:a_map.obj
 0001:0003e450       __allmul                   4003f450 f   LIBCMTD:llmul.obj
 0001:0003e490       __mtinit                   4003f490 f   LIBCMTD:tidtable.obj
 0001:0003e520       __mtterm                   4003f520 f   LIBCMTD:tidtable.obj
 0001:0003e550       __initptd                  4003f550 f   LIBCMTD:tidtable.obj
 0001:0003e570       __getptd                   4003f570 f   LIBCMTD:tidtable.obj
 0001:0003e610       __freeptd                  4003f610 f   LIBCMTD:tidtable.obj
 0001:0003e720       ___threadid                4003f720 f   LIBCMTD:tidtable.obj
 0001:0003e730       ___threadhandle            4003f730 f   LIBCMTD:tidtable.obj
 0001:0003e740       __ioinit                   4003f740 f   LIBCMTD:ioinit.obj
 0001:0003ea70       __ioterm                   4003fa70 f   LIBCMTD:ioinit.obj
 0001:0003eb10       _malloc                    4003fb10 f   LIBCMTD:dbgheap.obj
 0001:0003eb30       __malloc_dbg               4003fb30 f   LIBCMTD:dbgheap.obj
 0001:0003eb60       __nh_malloc                4003fb60 f   LIBCMTD:dbgheap.obj
 0001:0003eb80       __nh_malloc_dbg            4003fb80 f   LIBCMTD:dbgheap.obj
 0001:0003ebe0       __heap_alloc               4003fbe0 f   LIBCMTD:dbgheap.obj
 0001:0003ec00       __heap_alloc_dbg           4003fc00 f   LIBCMTD:dbgheap.obj
 0001:0003ef20       _calloc                    4003ff20 f   LIBCMTD:dbgheap.obj
 0001:0003ef40       __calloc_dbg               4003ff40 f   LIBCMTD:dbgheap.obj
 0001:0003efa0       _realloc                   4003ffa0 f   LIBCMTD:dbgheap.obj
 0001:0003efc0       __realloc_dbg              4003ffc0 f   LIBCMTD:dbgheap.obj
 0001:0003f520       __expand                   40040520 f   LIBCMTD:dbgheap.obj
 0001:0003f540       __expand_dbg               40040540 f   LIBCMTD:dbgheap.obj
 0001:0003f580       _free                      40040580 f   LIBCMTD:dbgheap.obj
 0001:0003f5a0       __free_lk                  400405a0 f   LIBCMTD:dbgheap.obj
 0001:0003f5c0       __free_dbg                 400405c0 f   LIBCMTD:dbgheap.obj
 0001:0003f5f0       __free_dbg_lk              400405f0 f   LIBCMTD:dbgheap.obj
 0001:0003f9e0       __msize                    400409e0 f   LIBCMTD:dbgheap.obj
 0001:0003fa00       __msize_dbg                40040a00 f   LIBCMTD:dbgheap.obj
 0001:0003fb60       __CrtSetBreakAlloc         40040b60 f   LIBCMTD:dbgheap.obj
 0001:0003fb80       __CrtSetDbgBlockType       40040b80 f   LIBCMTD:dbgheap.obj
 0001:0003fc20       __CrtSetAllocHook          40040c20 f   LIBCMTD:dbgheap.obj
 0001:0003fcd0       __CrtCheckMemory           40040cd0 f   LIBCMTD:dbgheap.obj
 0001:00040040       __CrtSetDbgFlag            40041040 f   LIBCMTD:dbgheap.obj
 0001:00040070       __CrtDoForAllClientObjects 40041070 f   LIBCMTD:dbgheap.obj
 0001:000400e0       __CrtIsValidPointer        400410e0 f   LIBCMTD:dbgheap.obj
 0001:00040130       __CrtIsValidHeapPointer    40041130 f   LIBCMTD:dbgheap.obj
 0001:000401c0       __CrtIsMemoryBlock         400411c0 f   LIBCMTD:dbgheap.obj
 0001:000402b0       __CrtSetDumpClient         400412b0 f   LIBCMTD:dbgheap.obj
 0001:000402d0       __CrtMemCheckpoint         400412d0 f   LIBCMTD:dbgheap.obj
 0001:00040440       __CrtMemDifference         40041440 f   LIBCMTD:dbgheap.obj
 0001:00040570       __CrtMemDumpAllObjectsSince 40041570 f   LIBCMTD:dbgheap.obj
 0001:00040950       __CrtDumpMemoryLeaks       40041950 f   LIBCMTD:dbgheap.obj
 0001:000409d0       __CrtMemDumpStatistics     400419d0 f   LIBCMTD:dbgheap.obj
 0001:00040aa0       __setenvp                  40041aa0 f   LIBCMTD:stdenvp.obj
 0001:00040bf0       __setargv                  40041bf0 f   LIBCMTD:stdargv.obj
 0001:00041100       ___crtGetEnvironmentStringsA 40042100 f   LIBCMTD:a_env.obj
 0001:00041320       __heap_init                40042320 f   LIBCMTD:heapinit.obj
 0001:00041370       __heap_term                40042370 f   LIBCMTD:heapinit.obj
 0001:00041410       _DllMain@12                40042410 f   LIBCMTD:dllmain.obj
 0001:00041420       __FF_MSGBANNER             40042420 f   LIBCMTD:crt0msg.obj
 0001:00041470       __NMSG_WRITE               40042470 f   LIBCMTD:crt0msg.obj
 0001:00041630       __GET_RTERRMSG             40042630 f   LIBCMTD:crt0msg.obj
 0001:00041680       __snprintf                 40042680 f   LIBCMTD:snprintf.obj
 0001:00041780       __vsnprintf                40042780 f   LIBCMTD:vsnprint.obj
 0001:00041880       __statusfp                 40042880 f   LIBCMTD:ieee87.obj
 0001:000418a0       __clearfp                  400428a0 f   LIBCMTD:ieee87.obj
 0001:000418c0       __control87                400428c0 f   LIBCMTD:ieee87.obj
 0001:00041910       __controlfp                40042910 f   LIBCMTD:ieee87.obj
 0001:00041930       __fpreset                  40042930 f   LIBCMTD:ieee87.obj
 0001:00041d20       __ZeroTail                 40042d20 f   LIBCMTD:intrncvt.obj
 0001:00041db0       __IncMan                   40042db0 f   LIBCMTD:intrncvt.obj
 0001:00041e60       __RoundMan                 40042e60 f   LIBCMTD:intrncvt.obj
 0001:00041f40       __CopyMan                  40042f40 f   LIBCMTD:intrncvt.obj
 0001:00041f90       __FillZeroMan              40042f90 f   LIBCMTD:intrncvt.obj
 0001:00041fc0       __IsZeroMan                40042fc0 f   LIBCMTD:intrncvt.obj
 0001:00042000       __ShrMan                   40043000 f   LIBCMTD:intrncvt.obj
 0001:000420f0       __ld12cvt                  400430f0 f   LIBCMTD:intrncvt.obj
 0001:00042340       __ld12tod                  40043340 f   LIBCMTD:intrncvt.obj
 0001:00042360       __ld12tof                  40043360 f   LIBCMTD:intrncvt.obj
 0001:00042380       __ld12told                 40043380 f   LIBCMTD:intrncvt.obj
 0001:00042440       __atodbl                   40043440 f   LIBCMTD:intrncvt.obj
 0001:00042480       __atoldbl                  40043480 f   LIBCMTD:intrncvt.obj
 0001:000424c0       __atoflt                   400434c0 f   LIBCMTD:intrncvt.obj
 0001:00042500       __fptostr                  40043500 f   LIBCMTD:_fptostr.obj
 0001:00042600       __fltout2                  40043600 f   LIBCMTD:cfout.obj
 0001:00042680       ___dtold                   40043680 f   LIBCMTD:cfout.obj
 0001:000427f0       __fptrap                   400437f0 f   LIBCMTD:crt0fp.obj
 0001:00042800       __87except                 40043800 f   LIBCMTD:87except.obj
 0001:00042980       ___strgtold12              40043980 f   LIBCMTD:strgtold.obj
 0001:000434b0       ___STRINGTOLD              400444b0 f   LIBCMTD:strgtold.obj
 0001:00043500       ___crtGetStringTypeA       40044500 f   LIBCMTD:a_str.obj
 0001:000436c0       __dosmaperr                400446c0 f   LIBCMTD:dosmap.obj
 0001:00043760       __errno                    40044760 f   LIBCMTD:dosmap.obj
 0001:00043770       ___doserrno                40044770 f   LIBCMTD:dosmap.obj
 0001:00043780       __XcptFilter               40044780 f   LIBCMTD:winxfltr.obj
 0001:000439a0       __aulldiv                  400449a0 f   LIBCMTD:ulldiv.obj
 0001:00043a10       __aullrem                  40044a10 f   LIBCMTD:ullrem.obj
 0001:00043a90       __commit                   40044a90 f   LIBCMTD:commit.obj
 0001:00043b70       __write                    40044b70 f   LIBCMTD:write.obj
 0001:00043c00       __write_lk                 40044c00 f   LIBCMTD:write.obj
 0001:00043e80       __stbuf                    40044e80 f   LIBCMTD:_sftbuf.obj
 0001:00043fe0       __ftbuf                    40044fe0 f   LIBCMTD:_sftbuf.obj
 0001:00044080       __freebuf                  40045080 f   LIBCMTD:_freebuf.obj
 0001:00044120       __fcloseall                40045120 f   LIBCMTD:closeall.obj
 0001:00044200       __matherr                  40045200 f   LIBCMTD:matherr.obj
 0001:00044210       __lseek                    40045210 f   LIBCMTD:lseek.obj
 0001:000442a0       __lseek_lk                 400452a0 f   LIBCMTD:lseek.obj
 0001:00044360       __getbuf                   40045360 f   LIBCMTD:_getbuf.obj
 0001:00044430       __isatty                   40045430 f   LIBCMTD:isatty.obj
 0001:00044470       _wctomb                    40045470 f   LIBCMTD:wctomb.obj
 0001:000444f0       __wctomb_lk                400454f0 f   LIBCMTD:wctomb.obj
 0001:00044590       ___init_time               40045590 f   LIBCMTD:inittime.obj
 0001:00044f10       ___init_numeric            40045f10 f   LIBCMTD:initnum.obj
 0001:00045240       ___init_monetary           40046240 f   LIBCMTD:initmon.obj
 0001:000456a0       ___init_ctype              400466a0 f   LIBCMTD:initctyp.obj
 0001:00045a40       ___init_collate            40046a40 f   LIBCMTD:initcoll.obj
 0001:00045a50       _strcspn                   40046a50 f   LIBCMTD:strcspn.obj
 0001:00045a90       _strncmp                   40046a90 f   LIBCMTD:strncmp.obj
 0001:00045ad0       _strpbrk                   40046ad0 f   LIBCMTD:strpbrk.obj
 0001:00045b10       ___get_qualified_locale    40046b10 f   LIBCMTD:getqloc.obj
 0001:000468a8       __global_unwind2           400478a8 f   LIBCMTD:exsup.obj
 0001:000468ea       __local_unwind2            400478ea f   LIBCMTD:exsup.obj
 0001:00046942       __NLG_Return2              40047942 f   LIBCMTD:exsup.obj
 0001:00046952       __abnormal_termination     40047952 f   LIBCMTD:exsup.obj
 0001:00046975       __NLG_Notify1              40047975 f   LIBCMTD:exsup.obj
 0001:0004697e       __NLG_Notify               4004797e f   LIBCMTD:exsup.obj
 0001:00046991       __NLG_Dispatch             40047991 f   LIBCMTD:exsup.obj
 0001:000469a0       __except_handler3          400479a0 f   LIBCMTD:exsup3.obj
 0001:00046a5d       __seh_longjmp_unwind@4     40047a5d f   LIBCMTD:exsup3.obj
 0001:00046a80       ?_set_new_handler@@YAP6AHI@ZP6AHI@Z@Z 40047a80 f   LIBCMTD:handler.obj
 0001:00046ab0       ?_query_new_handler@@YAP6AHI@ZXZ 40047ab0 f   LIBCMTD:handler.obj
 0001:00046ac0       __callnewh                 40047ac0 f   LIBCMTD:handler.obj
 0001:00046af0       __malloc_base              40047af0 f   LIBCMTD:malloc.obj
 0001:00046b10       __nh_malloc_base           40047b10 f   LIBCMTD:malloc.obj
 0001:00046b70       __heap_alloc_base          40047b70 f   LIBCMTD:malloc.obj
 0001:00046be0       __CrtDefaultAllocHook      40047be0 f   LIBCMTD:dbghook.obj
 0001:00046bf0       __expand_base              40047bf0 f   LIBCMTD:expand.obj
 0001:00046ca0       __realloc_base             40047ca0 f   LIBCMTD:realloc.obj
 0001:00046e90       __free_base                40047e90 f   LIBCMTD:free.obj
 0001:00046f00       __heapchk                  40047f00 f   LIBCMTD:heapchk.obj
 0001:00046f80       __heapset                  40047f80 f   LIBCMTD:heapchk.obj
 0001:00046f90       __get_sbh_threshold        40047f90 f   LIBCMTD:sbheap.obj
 0001:00046fa0       __set_sbh_threshold        40047fa0 f   LIBCMTD:sbheap.obj
 0001:00046fc0       ___sbh_heap_init           40047fc0 f   LIBCMTD:sbheap.obj
 0001:00047020       ___sbh_find_block          40048020 f   LIBCMTD:sbheap.obj
 0001:00047080       ___sbh_verify_block        40048080 f   LIBCMTD:sbheap.obj
 0001:000470e0       ___sbh_free_block          400480e0 f   LIBCMTD:sbheap.obj
 0001:000476b0       ___sbh_alloc_block         400486b0 f   LIBCMTD:sbheap.obj
 0001:00047bf0       ___sbh_alloc_new_region    40048bf0 f   LIBCMTD:sbheap.obj
 0001:00047d00       ___sbh_alloc_new_group     40048d00 f   LIBCMTD:sbheap.obj
 0001:00047ef0       ___sbh_resize_block        40048ef0 f   LIBCMTD:sbheap.obj
 0001:000484e0       ___sbh_heapmin             400494e0 f   LIBCMTD:sbheap.obj
 0001:00048610       ___sbh_heap_check          40049610 f   LIBCMTD:sbheap.obj
 0001:00048c30       _sprintf                   40049c30 f   LIBCMTD:sprintf.obj
 0001:00048d30       __setmbcp                  40049d30 f   LIBCMTD:mbctype.obj
 0001:000494f0       __getmbcp                  4004a4f0 f   LIBCMTD:mbctype.obj
 0001:00049510       ___initmbctable            4004a510 f   LIBCMTD:mbctype.obj
 0001:00049540       ___addl                    4004a540 f   LIBCMTD:mantold.obj
 0001:00049580       ___add_12                  4004a580 f   LIBCMTD:mantold.obj
 0001:00049630       ___shl_12                  4004a630 f   LIBCMTD:mantold.obj
 0001:00049690       ___shr_12                  4004a690 f   LIBCMTD:mantold.obj
 0001:00049700       ___mtold12                 4004a700 f   LIBCMTD:mantold.obj
 0001:00049840       _$I10_OUTPUT               4004a840 f   LIBCMTD:x10fout.obj
 0001:00049d60       ___ld12mul                 4004ad60 f   LIBCMTD:tenpow.obj
 0001:0004a1a0       ___multtenpow12            4004b1a0 f   LIBCMTD:tenpow.obj
 0001:0004a270       __alloc_osfhnd             4004b270 f   LIBCMTD:osfinfo.obj
 0001:0004a460       __set_osfhnd               4004b460 f   LIBCMTD:osfinfo.obj
 0001:0004a520       __free_osfhnd              4004b520 f   LIBCMTD:osfinfo.obj
 0001:0004a600       __get_osfhandle            4004b600 f   LIBCMTD:osfinfo.obj
 0001:0004a670       __open_osfhandle           4004b670 f   LIBCMTD:osfinfo.obj
 0001:0004a780       __lock_fhandle             4004b780 f   LIBCMTD:osfinfo.obj
 0001:0004a810       __unlock_fhandle           4004b810 f   LIBCMTD:osfinfo.obj
 0001:0004a840       _fclose                    4004b840 f   LIBCMTD:fclose.obj
 0001:0004a8d0       __fclose_lk                4004b8d0 f   LIBCMTD:fclose.obj
 0001:0004a990       __Getdays                  4004b990 f   LIBCMTD:strftime.obj
 0001:0004aac0       __Getmonths                4004bac0 f   LIBCMTD:strftime.obj
 0001:0004abf0       __Gettnames                4004bbf0 f   LIBCMTD:strftime.obj
 0001:0004af60       _strftime                  4004bf60 f   LIBCMTD:strftime.obj
 0001:0004af80       __Strftime                 4004bf80 f   LIBCMTD:strftime.obj
 0001:0004be00       ___getlocaleinfo           4004ce00 f   LIBCMTD:inithelp.obj
 0001:0004c090       _localeconv                4004d090 f   LIBCMTD:lconv.obj
 0001:0004c0a0       ___crtGetStringTypeW       4004d0a0 f   LIBCMTD:w_str.obj
 0001:0004c310       __stricmp                  4004d310 f   LIBCMTD:stricmp.obj
 0001:0004c310       __strcmpi                  4004d310 f   LIBCMTD:stricmp.obj
 0001:0004c3e0       __strnicmp                 4004d3e0 f   LIBCMTD:strnicmp.obj
 0001:0004c4f0       __close                    4004d4f0 f   LIBCMTD:close.obj
 0001:0004c570       __close_lk                 4004d570 f   LIBCMTD:close.obj
 0001:0004c620       ___tzset                   4004d620 f   LIBCMTD:tzset.obj
 0001:0004c660       __tzset                    4004d660 f   LIBCMTD:tzset.obj
 0001:0004ca30       __isindst                  4004da30 f   LIBCMTD:tzset.obj
 0001:0004cf60       ___crtGetLocaleInfoW       4004df60 f   LIBCMTD:w_loc.obj
 0001:0004d100       ___crtGetLocaleInfoA       4004e100 f   LIBCMTD:a_loc.obj
 0001:0004d2b0       _getenv                    4004e2b0 f   LIBCMTD:getenv.obj
 0001:0004d2e0       __getenv_lk                4004e2e0 f   LIBCMTD:getenv.obj
 0001:0004d3b0       __mbsnbicoll               4004e3b0 f   LIBCMTD:mbsnbico.obj
 0001:0004d400       ___wtomb_environ           4004e400 f   LIBCMTD:wtombenv.obj
 0001:0004d4b0       ___crtCompareStringA       4004e4b0 f   LIBCMTD:a_cmp.obj
 0001:0004d900       ___crtsetenv               4004e900 f   LIBCMTD:setenv.obj
 0001:0004dd50       __mbschr                   4004ed50 f   LIBCMTD:mbschr.obj
 0001:0004de3e       _GetModuleFileNameA@12     4004ee3e f   kernel32:KERNEL32.dll
 0001:0004de44       _InterlockedDecrement@4    4004ee44 f   kernel32:KERNEL32.dll
 0001:0004de4a       _InterlockedIncrement@4    4004ee4a f   kernel32:KERNEL32.dll
 0001:0004de50       _GetCommandLineA@0         4004ee50 f   kernel32:KERNEL32.dll
 0001:0004de56       _GetVersion@0              4004ee56 f   kernel32:KERNEL32.dll
 0001:0004de5c       _DebugBreak@0              4004ee5c f   kernel32:KERNEL32.dll
 0001:0004de62       _GetStdHandle@4            4004ee62 f   kernel32:KERNEL32.dll
 0001:0004de68       _WriteFile@20              4004ee68 f   kernel32:KERNEL32.dll
 0001:0004de6e       _OutputDebugStringA@4      4004ee6e f   kernel32:KERNEL32.dll
 0001:0004de74       _GetProcAddress@8          4004ee74 f   kernel32:KERNEL32.dll
 0001:0004de7a       _LoadLibraryA@4            4004ee7a f   kernel32:KERNEL32.dll
 0001:0004de80       _GetModuleHandleA@4        4004ee80 f   kernel32:KERNEL32.dll
 0001:0004de86       _ExitProcess@4             4004ee86 f   kernel32:KERNEL32.dll
 0001:0004de8c       _TerminateProcess@8        4004ee8c f   kernel32:KERNEL32.dll
 0001:0004de92       _GetCurrentProcess@0       4004ee92 f   kernel32:KERNEL32.dll
 0001:0004de98       _GetLastError@0            4004ee98 f   kernel32:KERNEL32.dll
 0001:0004de9e       _SetConsoleCtrlHandler@8   4004ee9e f   kernel32:KERNEL32.dll
 0001:0004dea4       _EnterCriticalSection@4    4004eea4 f   kernel32:KERNEL32.dll
 0001:0004deaa       _LeaveCriticalSection@4    4004eeaa f   kernel32:KERNEL32.dll
 0001:0004deb0       _RaiseException@16         4004eeb0 f   kernel32:KERNEL32.dll
 0001:0004deb6       _InitializeCriticalSection@4 4004eeb6 f   kernel32:KERNEL32.dll
 0001:0004debc       _DeleteCriticalSection@4   4004eebc f   kernel32:KERNEL32.dll
 0001:0004dec2       _FatalAppExitA@8           4004eec2 f   kernel32:KERNEL32.dll
 0001:0004dec8       _Sleep@4                   4004eec8 f   kernel32:KERNEL32.dll
 0001:0004dece       _WideCharToMultiByte@32    4004eece f   kernel32:KERNEL32.dll
 0001:0004ded4       _MultiByteToWideChar@24    4004eed4 f   kernel32:KERNEL32.dll
 0001:0004deda       _LCMapStringA@24           4004eeda f   kernel32:KERNEL32.dll
 0001:0004dee0       _LCMapStringW@24           4004eee0 f   kernel32:KERNEL32.dll
 0001:0004dee6       _GetCurrentThreadId@0      4004eee6 f   kernel32:KERNEL32.dll
 0001:0004deec       _TlsSetValue@8             4004eeec f   kernel32:KERNEL32.dll
 0001:0004def2       _TlsAlloc@0                4004eef2 f   kernel32:KERNEL32.dll
 0001:0004def8       _TlsFree@4                 4004eef8 f   kernel32:KERNEL32.dll
 0001:0004defe       _SetLastError@4            4004eefe f   kernel32:KERNEL32.dll
 0001:0004df04       _TlsGetValue@4             4004ef04 f   kernel32:KERNEL32.dll
 0001:0004df0a       _GetCurrentThread@0        4004ef0a f   kernel32:KERNEL32.dll
 0001:0004df10       _SetHandleCount@4          4004ef10 f   kernel32:KERNEL32.dll
 0001:0004df16       _GetFileType@4             4004ef16 f   kernel32:KERNEL32.dll
 0001:0004df1c       _GetStartupInfoA@4         4004ef1c f   kernel32:KERNEL32.dll
 0001:0004df22       _IsBadWritePtr@8           4004ef22 f   kernel32:KERNEL32.dll
 0001:0004df28       _IsBadReadPtr@8            4004ef28 f   kernel32:KERNEL32.dll
 0001:0004df2e       _HeapValidate@12           4004ef2e f   kernel32:KERNEL32.dll
 0001:0004df34       _FreeEnvironmentStringsA@4 4004ef34 f   kernel32:KERNEL32.dll
 0001:0004df3a       _FreeEnvironmentStringsW@4 4004ef3a f   kernel32:KERNEL32.dll
 0001:0004df40       _GetEnvironmentStrings@0   4004ef40 f   kernel32:KERNEL32.dll
 0001:0004df46       _GetEnvironmentStringsW@0  4004ef46 f   kernel32:KERNEL32.dll
 0001:0004df4c       _HeapDestroy@4             4004ef4c f   kernel32:KERNEL32.dll
 0001:0004df52       _HeapCreate@12             4004ef52 f   kernel32:KERNEL32.dll
 0001:0004df58       _HeapFree@12               4004ef58 f   kernel32:KERNEL32.dll
 0001:0004df5e       _VirtualFree@12            4004ef5e f   kernel32:KERNEL32.dll
 0001:0004df64       _GetStringTypeA@20         4004ef64 f   kernel32:KERNEL32.dll
 0001:0004df6a       _GetStringTypeW@16         4004ef6a f   kernel32:KERNEL32.dll
 0001:0004df70       _UnhandledExceptionFilter@4 4004ef70 f   kernel32:KERNEL32.dll
 0001:0004df76       _FlushFileBuffers@4        4004ef76 f   kernel32:KERNEL32.dll
 0001:0004df7c       _SetFilePointer@16         4004ef7c f   kernel32:KERNEL32.dll
 0001:0004df82       _GetCPInfo@8               4004ef82 f   kernel32:KERNEL32.dll
 0001:0004df88       _IsValidLocale@8           4004ef88 f   kernel32:KERNEL32.dll
 0001:0004df8e       _IsValidCodePage@4         4004ef8e f   kernel32:KERNEL32.dll
 0001:0004df94       _GetLocaleInfoA@16         4004ef94 f   kernel32:KERNEL32.dll
 0001:0004df9a       _EnumSystemLocalesA@8      4004ef9a f   kernel32:KERNEL32.dll
 0001:0004dfa0       _GetUserDefaultLCID@0      4004efa0 f   kernel32:KERNEL32.dll
 0001:0004dfa6       _GetVersionExA@4           4004efa6 f   kernel32:KERNEL32.dll
 0001:0004dfac       _RtlUnwind@16              4004efac f   kernel32:KERNEL32.dll
 0001:0004dfb2       _HeapAlloc@12              4004efb2 f   kernel32:KERNEL32.dll
 0001:0004dfb8       _HeapReAlloc@16            4004efb8 f   kernel32:KERNEL32.dll
 0001:0004dfbe       _VirtualAlloc@16           4004efbe f   kernel32:KERNEL32.dll
 0001:0004dfc4       _GetACP@0                  4004efc4 f   kernel32:KERNEL32.dll
 0001:0004dfca       _GetOEMCP@0                4004efca f   kernel32:KERNEL32.dll
 0001:0004dfd0       _SetStdHandle@8            4004efd0 f   kernel32:KERNEL32.dll
 0001:0004dfd6       _CloseHandle@4             4004efd6 f   kernel32:KERNEL32.dll
 0001:0004dfdc       _GetTimeZoneInformation@4  4004efdc f   kernel32:KERNEL32.dll
 0001:0004dfe2       _GetLocaleInfoW@16         4004efe2 f   kernel32:KERNEL32.dll
 0001:0004dfe8       _CompareStringA@24         4004efe8 f   kernel32:KERNEL32.dll
 0001:0004dfee       _CompareStringW@24         4004efee f   kernel32:KERNEL32.dll
 0001:0004dff4       _SetEnvironmentVariableA@8 4004eff4 f   kernel32:KERNEL32.dll
 0001:00054e90       __enc$textbss$begin        40055e90     <linker-defined>
 0001:0007b790       __enc$textbss$end          4007c790     <linker-defined>
 0002:0000001c       ??_C@_07CGGI@EV_WALL?$AA@  4007d01c     bg_misc.obj
 0002:00000028       ??_C@_0BA@NBAJ@EV_MANUALORIENT?$AA@ 4007d028     bg_misc.obj
 0002:0000003c       ??_C@_0O@JCAD@EV_AUTOORIENT?$AA@ 4007d03c     bg_misc.obj
 0002:0000004c       ??_C@_0BL@FFOI@EV_TAUNTEV_JUMP_PAD_ENTITY?$AA@ 4007d04c     bg_misc.obj
 0002:0000006c       ??_C@_0BE@BDJC@EV_STOPLOOPINGSOUND?$AA@ 4007d06c     bg_misc.obj
 0002:00000084       ??_C@_0O@BDBB@EV_DEBUG_LINE?$AA@ 4007d084     bg_misc.obj
 0002:00000094       ??_C@_0BB@MBOB@EV_LIGHTNINGBOLT?$AA@ 4007d094     bg_misc.obj
 0002:000000a8       ??_C@_09JFKJ@EV_JUICED?$AA@ 4007d0a8     bg_misc.obj
 0002:000000b4       ??_C@_0BA@GDOI@EV_INVUL_IMPACT?$AA@ 4007d0b4     bg_misc.obj
 0002:000000c8       ??_C@_0BC@POAK@EV_OBELISKEXPLODE?$AA@ 4007d0c8     bg_misc.obj
 0002:000000e0       ??_C@_0M@KIDO@EV_KAMIKAZE?$AA@ 4007d0e0     bg_misc.obj
 0002:000000f0       ??_C@_0BK@KGMO@EV_PROXIMITY_MINE_TRIGGER?$AA@ 4007d0f0     bg_misc.obj
 0002:00000110       ??_C@_0BI@LIAD@EV_PROXIMITY_MINE_STICK?$AA@ 4007d110     bg_misc.obj
 0002:0000012c       ??_C@_0N@CDHP@EV_SCOREPLUM?$AA@ 4007d12c     bg_misc.obj
 0002:0000013c       ??_C@_0O@CIDG@EV_GIB_PLAYER?$AA@ 4007d13c     bg_misc.obj
 0002:0000014c       ??_C@_0BB@LKNF@EV_POWERUP_REGEN?$AA@ 4007d14c     bg_misc.obj
 0002:00000160       ??_C@_0BG@KJJ@EV_POWERUP_BATTLESUIT?$AA@ 4007d160     bg_misc.obj
 0002:0000017c       ??_C@_0BA@EMDG@EV_POWERUP_QUAD?$AA@ 4007d17c     bg_misc.obj
 0002:00000190       ??_C@_0M@MMOI@EV_OBITUARY?$AA@ 4007d190     bg_misc.obj
 0002:000001a0       ??_C@_09EH@EV_DEATH3?$AA@  4007d1a0     bg_misc.obj
 0002:000001ac       ??_C@_09KKNA@EV_DEATH2?$AA@ 4007d1ac     bg_misc.obj
 0002:000001b8       ??_C@_09FFGJ@EV_DEATH1?$AA@ 4007d1b8     bg_misc.obj
 0002:000001c4       ??_C@_07MFPI@EV_PAIN?$AA@  4007d1c4     bg_misc.obj
 0002:000001d0       ??_C@_09PBG@EV_BULLET?$AA@ 4007d1d0     bg_misc.obj
 0002:000001dc       ??_C@_0L@PELA@EV_SHOTGUN?$AA@ 4007d1dc     bg_misc.obj
 0002:000001ec       ??_C@_0N@FBDJ@EV_RAILTRAIL?$AA@ 4007d1ec     bg_misc.obj
 0002:000001fc       ??_C@_0BG@KLM@EV_MISSILE_MISS_METAL?$AA@ 4007d1fc     bg_misc.obj
 0002:00000218       ??_C@_0BA@FHCK@EV_MISSILE_MISS?$AA@ 4007d218     bg_misc.obj
 0002:0000022c       ??_C@_0P@GMEB@EV_MISSILE_HIT?$AA@ 4007d22c     bg_misc.obj
 0002:00000240       ??_C@_0BD@FCGB@EV_BULLET_HIT_WALL?$AA@ 4007d240     bg_misc.obj
 0002:00000258       ??_C@_0BE@OJNL@EV_BULLET_HIT_FLESH?$AA@ 4007d258     bg_misc.obj
 0002:00000270       ??_C@_0BF@GBCB@EV_GLOBAL_TEAM_SOUND?$AA@ 4007d270     bg_misc.obj
 0002:0000028c       ??_C@_0BA@DICP@EV_GLOBAL_SOUND?$AA@ 4007d28c     bg_misc.obj
 0002:000002a0       ??_C@_0BB@PHBP@EV_GENERAL_SOUND?$AA@ 4007d2a0     bg_misc.obj
 0002:000002b4       ??_C@_0BC@MNAB@EV_GRENADE_BOUNCE?$AA@ 4007d2b4     bg_misc.obj
 0002:000002cc       ??_C@_0BH@CBAJ@EV_PLAYER_TELEPORT_OUT?$AA@ 4007d2cc     bg_misc.obj
 0002:000002e8       ??_C@_0BG@JACO@EV_PLAYER_TELEPORT_IN?$AA@ 4007d2e8     bg_misc.obj
 0002:00000304       ??_C@_0M@FEGJ@EV_ITEM_POP?$AA@ 4007d304     bg_misc.obj
 0002:00000314       ??_C@_0BA@KOE@EV_ITEM_RESPAWN?$AA@ 4007d314     bg_misc.obj
 0002:00000328       ??_C@_0O@PBJJ@EV_USE_ITEM15?$AA@ 4007d328     bg_misc.obj
 0002:00000338       ??_C@_0O@FLAO@EV_USE_ITEM14?$AA@ 4007d338     bg_misc.obj
 0002:00000348       ??_C@_0O@OOL@EV_USE_ITEM13?$AA@ 4007d348     bg_misc.obj
 0002:00000358       ??_C@_0O@KEHM@EV_USE_ITEM12?$AA@ 4007d358     bg_misc.obj
 0002:00000368       ??_C@_0O@FLMF@EV_USE_ITEM11?$AA@ 4007d368     bg_misc.obj
 0002:00000378       ??_C@_0O@PBFC@EV_USE_ITEM10?$AA@ 4007d378     bg_misc.obj
 0002:00000388       ??_C@_0N@JGCE@EV_USE_ITEM9?$AA@ 4007d388     bg_misc.obj
 0002:00000398       ??_C@_0N@DMLD@EV_USE_ITEM8?$AA@ 4007d398     bg_misc.obj
 0002:000003a8       ??_C@_0N@DNOO@EV_USE_ITEM7?$AA@ 4007d3a8     bg_misc.obj
 0002:000003b8       ??_C@_0N@JHHJ@EV_USE_ITEM6?$AA@ 4007d3b8     bg_misc.obj
 0002:000003c8       ??_C@_0N@GIMA@EV_USE_ITEM5?$AA@ 4007d3c8     bg_misc.obj
 0002:000003d8       ??_C@_0N@MCFH@EV_USE_ITEM4?$AA@ 4007d3d8     bg_misc.obj
 0002:000003e8       ??_C@_0N@JHLC@EV_USE_ITEM3?$AA@ 4007d3e8     bg_misc.obj
 0002:000003f8       ??_C@_0N@DNCF@EV_USE_ITEM2?$AA@ 4007d3f8     bg_misc.obj
 0002:00000408       ??_C@_0N@MCJM@EV_USE_ITEM1?$AA@ 4007d408     bg_misc.obj
 0002:00000418       ??_C@_0N@GIAL@EV_USE_ITEM0?$AA@ 4007d418     bg_misc.obj
 0002:00000428       ??_C@_0P@HOLG@EV_FIRE_WEAPON?$AA@ 4007d428     bg_misc.obj
 0002:0000043c       ??_C@_0BB@OKAK@EV_CHANGE_WEAPON?$AA@ 4007d43c     bg_misc.obj
 0002:00000450       ??_C@_09MIBL@EV_NOAMMO?$AA@ 4007d450     bg_misc.obj
 0002:0000045c       ??_C@_0BG@LBJI@EV_GLOBAL_ITEM_PICKUP?$AA@ 4007d45c     bg_misc.obj
 0002:00000478       ??_C@_0P@DDBJ@EV_ITEM_PICKUP?$AA@ 4007d478     bg_misc.obj
 0002:0000048c       ??_C@_0P@HGEE@EV_WATER_CLEAR?$AA@ 4007d48c     bg_misc.obj
 0002:000004a0       ??_C@_0P@PGNG@EV_WATER_UNDER?$AA@ 4007d4a0     bg_misc.obj
 0002:000004b4       ??_C@_0P@KHGF@EV_WATER_LEAVE?$AA@ 4007d4b4     bg_misc.obj
 0002:000004c8       ??_C@_0P@NPME@EV_WATER_TOUCH?$AA@ 4007d4c8     bg_misc.obj
 0002:000004dc       ??_C@_07MBMN@EV_JUMP?$AA@  4007d4dc     bg_misc.obj
 0002:000004e8       ??_C@_0M@ONMG@EV_JUMP_PAD?$AA@ 4007d4e8     bg_misc.obj
 0002:000004f8       ??_C@_0M@FCFB@EV_FALL_FAR?$AA@ 4007d4f8     bg_misc.obj
 0002:00000508       ??_C@_0P@DAAM@EV_FALL_MEDIUM?$AA@ 4007d508     bg_misc.obj
 0002:0000051c       ??_C@_0O@MOHH@EV_FALL_SHORT?$AA@ 4007d51c     bg_misc.obj
 0002:0000052c       ??_C@_0L@BPHB@EV_STEP_16?$AA@ 4007d52c     bg_misc.obj
 0002:0000053c       ??_C@_0L@LFCN@EV_STEP_12?$AA@ 4007d53c     bg_misc.obj
 0002:0000054c       ??_C@_09GNLK@EV_STEP_8?$AA@ 4007d54c     bg_misc.obj
 0002:00000558       ??_C@_09JDFO@EV_STEP_4?$AA@ 4007d558     bg_misc.obj
 0002:00000564       ??_C@_07JIKK@EV_SWIM?$AA@  4007d564     bg_misc.obj
 0002:00000570       ??_C@_0M@FIHK@EV_FOOTWADE?$AA@ 4007d570     bg_misc.obj
 0002:00000580       ??_C@_0O@KHFI@EV_FOOTSPLASH?$AA@ 4007d580     bg_misc.obj
 0002:00000590       ??_C@_0BC@OEIA@EV_FOOTSTEP_METAL?$AA@ 4007d590     bg_misc.obj
 0002:000005a8       ??_C@_0M@EJAF@EV_FOOTSTEP?$AA@ 4007d5a8     bg_misc.obj
 0002:000005b8       ??_C@_07NDDD@EV_NONE?$AA@  4007d5b8     bg_misc.obj
 0002:000005c4       ??_C@_09DHIB@Blue?5Flag?$AA@ 4007d5c4     bg_misc.obj
 0002:000005d0       ??_C@_0BB@NLLL@icons?1iconf_blu1?$AA@ 4007d5d0     bg_misc.obj
 0002:000005e4       ??_C@_0BI@ILPD@models?1flags?1b_flag?4md3?$AA@ 4007d5e4     bg_misc.obj
 0002:00000600       ??_C@_0BC@GPLF@team_CTF_blueflag?$AA@ 4007d600     bg_misc.obj
 0002:00000618       ??_C@_08CLEI@Red?5Flag?$AA@ 4007d618     bg_misc.obj
 0002:00000624       ??_C@_0BB@DADK@icons?1iconf_red1?$AA@ 4007d624     bg_misc.obj
 0002:00000638       ??_C@_0BI@HHNH@models?1flags?1r_flag?4md3?$AA@ 4007d638     bg_misc.obj
 0002:00000654       ??_C@_0BB@FOCB@team_CTF_redflag?$AA@ 4007d654     bg_misc.obj
 0002:00000668       ??_C@_06CPDM@Flight?$AA@   4007d668     bg_misc.obj
 0002:00000670       ??_C@_0N@DFIJ@icons?1flight?$AA@ 4007d670     bg_misc.obj
 0002:00000680       ??_C@_0CI@PHJ@models?1powerups?1instant?1flight_r@ 4007d680     bg_misc.obj
 0002:000006b0       ??_C@_0CD@MKAO@models?1powerups?1instant?1flight?4m@ 4007d6b0     bg_misc.obj
 0002:000006dc       ??_C@_0BH@FEAN@sound?1items?1flight?4wav?$AA@ 4007d6dc     bg_misc.obj
 0002:000006f8       ??_C@_0M@NKLB@item_flight?$AA@ 4007d6f8     bg_misc.obj
 0002:00000708       ??_C@_0BG@JFPE@sound?1items?1regen?4wav?$AA@ 4007d708     bg_misc.obj
 0002:00000724       ??_C@_0N@KKJF@Regeneration?$AA@ 4007d724     bg_misc.obj
 0002:00000734       ??_C@_0M@KGFF@icons?1regen?$AA@ 4007d734     bg_misc.obj
 0002:00000744       ??_C@_0CH@LMHA@models?1powerups?1instant?1regen_ri@ 4007d744     bg_misc.obj
 0002:00000774       ??_C@_0CC@JDKK@models?1powerups?1instant?1regen?4md@ 4007d774     bg_misc.obj
 0002:0000079c       ??_C@_0BN@ELHM@sound?1items?1regeneration?4wav?$AA@ 4007d79c     bg_misc.obj
 0002:000007c0       ??_C@_0L@JOKD@item_regen?$AA@ 4007d7c0     bg_misc.obj
 0002:000007d0       ??_C@_0N@PHMD@Invisibility?$AA@ 4007d7d0     bg_misc.obj
 0002:000007e0       ??_C@_0M@GBKC@icons?1invis?$AA@ 4007d7e0     bg_misc.obj
 0002:000007f0       ??_C@_0CH@FMDJ@models?1powerups?1instant?1invis_ri@ 4007d7f0     bg_misc.obj
 0002:00000820       ??_C@_0CC@GFDH@models?1powerups?1instant?1invis?4md@ 4007d820     bg_misc.obj
 0002:00000848       ??_C@_0BN@JBDA@sound?1items?1invisibility?4wav?$AA@ 4007d848     bg_misc.obj
 0002:0000086c       ??_C@_0L@FJFE@item_invis?$AA@ 4007d86c     bg_misc.obj
 0002:0000087c       ??_C@_05PDDA@Speed?$AA@    4007d87c     bg_misc.obj
 0002:00000884       ??_C@_0M@MOBK@icons?1haste?$AA@ 4007d884     bg_misc.obj
 0002:00000894       ??_C@_0CH@HLNN@models?1powerups?1instant?1haste_ri@ 4007d894     bg_misc.obj
 0002:000008c4       ??_C@_0CC@HMKI@models?1powerups?1instant?1haste?4md@ 4007d8c4     bg_misc.obj
 0002:000008ec       ??_C@_0BG@HKPG@sound?1items?1haste?4wav?$AA@ 4007d8ec     bg_misc.obj
 0002:00000908       ??_C@_0L@PGOM@item_haste?$AA@ 4007d908     bg_misc.obj
 0002:00000918       ??_C@_0DA@KGOL@sound?1items?1airout?4wav?5sound?1ite@ 4007d918     bg_misc.obj
 0002:00000954       ??_C@_0M@LDNA@Battle?5Suit?$AA@ 4007d954     bg_misc.obj
 0002:00000964       ??_C@_0BB@LIEJ@icons?1envirosuit?$AA@ 4007d964     bg_misc.obj
 0002:00000978       ??_C@_0CI@BLEN@models?1powerups?1instant?1enviro_r@ 4007d978     bg_misc.obj
 0002:000009a8       ??_C@_0CD@EJAP@models?1powerups?1instant?1enviro?4m@ 4007d9a8     bg_misc.obj
 0002:000009d4       ??_C@_0BI@LHNB@sound?1items?1protect?4wav?$AA@ 4007d9d4     bg_misc.obj
 0002:000009f0       ??_C@_0M@CNAP@item_enviro?$AA@ 4007d9f0     bg_misc.obj
 0002:00000a00       ??_C@_0DA@MMGJ@sound?1items?1damage2?4wav?5sound?1it@ 4007da00     bg_misc.obj
 0002:00000a3c       ??_C@_0P@DLFE@Gravity?5Switch?$AA@ 4007da3c     bg_misc.obj
 0002:00000a50       ??_C@_0L@CMEC@icons?1quad?$AA@ 4007da50     bg_misc.obj
 0002:00000a60       ??_C@_0CG@HCKJ@models?1powerups?1instant?1quad_rin@ 4007da60     bg_misc.obj
 0002:00000a90       ??_C@_0CB@LCDA@models?1powerups?1instant?1quad?4md3@ 4007da90     bg_misc.obj
 0002:00000ab8       ??_C@_0BL@FBJD@sound?1items?1quaddamage?4wav?$AA@ 4007dab8     bg_misc.obj
 0002:00000ad8       ??_C@_09NKAN@item_quad?$AA@ 4007dad8     bg_misc.obj
 0002:00000ae4       ??_C@_0BL@LIGH@sound?1items?1use_medkit?4wav?$AA@ 4007dae4     bg_misc.obj
 0002:00000b04       ??_C@_06MJBN@Medkit?$AA@   4007db04     bg_misc.obj
 0002:00000b0c       ??_C@_0N@NDKI@icons?1medkit?$AA@ 4007db0c     bg_misc.obj
 0002:00000b1c       ??_C@_0CL@EEMI@models?1powerups?1holdable?1medkit_@ 4007db1c     bg_misc.obj
 0002:00000b50       ??_C@_0CE@BLCG@models?1powerups?1holdable?1medkit?4@ 4007db50     bg_misc.obj
 0002:00000b7c       ??_C@_0BA@HJCK@holdable_medkit?$AA@ 4007db7c     bg_misc.obj
 0002:00000b90       ??_C@_0BE@NHOP@Personal?5Teleporter?$AA@ 4007db90     bg_misc.obj
 0002:00000ba8       ??_C@_0BB@EOIF@icons?1teleporter?$AA@ 4007dba8     bg_misc.obj
 0002:00000bbc       ??_C@_0CI@EJIK@models?1powerups?1holdable?1telepor@ 4007dbbc     bg_misc.obj
 0002:00000bec       ??_C@_0BJ@PMCF@sound?1items?1holdable?4wav?$AA@ 4007dbec     bg_misc.obj
 0002:00000c0c       ??_C@_0BE@EFDD@holdable_teleporter?$AA@ 4007dc0c     bg_misc.obj
 0002:00000c24       ??_C@_08HHBB@Bfg?5Ammo?$AA@ 4007dc24     bg_misc.obj
 0002:00000c30       ??_C@_0BA@LIKB@icons?1icona_bfg?$AA@ 4007dc30     bg_misc.obj
 0002:00000c44       ??_C@_0BP@KGME@models?1powerups?1ammo?1bfgam?4md3?$AA@ 4007dc44     bg_misc.obj
 0002:00000c6c       ??_C@_08BHPM@ammo_bfg?$AA@ 4007dc6c     bg_misc.obj
 0002:00000c78       ??_C@_05OJGD@Slugs?$AA@    4007dc78     bg_misc.obj
 0002:00000c80       ??_C@_0BE@KFKB@icons?1icona_railgun?$AA@ 4007dc80     bg_misc.obj
 0002:00000c98       ??_C@_0CD@BHHI@models?1powerups?1ammo?1railgunam?4m@ 4007dc98     bg_misc.obj
 0002:00000cc4       ??_C@_0L@PCJD@ammo_slugs?$AA@ 4007dcc4     bg_misc.obj
 0002:00000cd4       ??_C@_07ONGL@Rockets?$AA@  4007dcd4     bg_misc.obj
 0002:00000ce0       ??_C@_0BD@NDBD@icons?1icona_rocket?$AA@ 4007dce0     bg_misc.obj
 0002:00000cf8       ??_C@_0CC@JMHP@models?1powerups?1ammo?1rocketam?4md@ 4007dcf8     bg_misc.obj
 0002:00000d20       ??_C@_0N@DEF@ammo_rockets?$AA@ 4007dd20     bg_misc.obj
 0002:00000d30       ??_C@_09NPLP@Lightning?$AA@ 4007dd30     bg_misc.obj
 0002:00000d3c       ??_C@_0BG@BLCM@icons?1icona_lightning?$AA@ 4007dd3c     bg_misc.obj
 0002:00000d58       ??_C@_0CF@DECD@models?1powerups?1ammo?1lightningam@ 4007dd58     bg_misc.obj
 0002:00000d84       ??_C@_0P@FNDL@ammo_lightning?$AA@ 4007dd84     bg_misc.obj
 0002:00000d98       ??_C@_05IJJG@Cells?$AA@    4007dd98     bg_misc.obj
 0002:00000da0       ??_C@_0BD@PPKI@icons?1icona_plasma?$AA@ 4007dda0     bg_misc.obj
 0002:00000db8       ??_C@_0CC@GNJA@models?1powerups?1ammo?1plasmaam?4md@ 4007ddb8     bg_misc.obj
 0002:00000de0       ??_C@_0L@JCGG@ammo_cells?$AA@ 4007dde0     bg_misc.obj
 0002:00000df0       ??_C@_08CFEJ@Grenades?$AA@ 4007ddf0     bg_misc.obj
 0002:00000dfc       ??_C@_0BE@MMLE@icons?1icona_grenade?$AA@ 4007ddfc     bg_misc.obj
 0002:00000e14       ??_C@_0CD@NMEK@models?1powerups?1ammo?1grenadeam?4m@ 4007de14     bg_misc.obj
 0002:00000e40       ??_C@_0O@KBKH@ammo_grenades?$AA@ 4007de40     bg_misc.obj
 0002:00000e50       ??_C@_07EDBM@Bullets?$AA@  4007de50     bg_misc.obj
 0002:00000e5c       ??_C@_0BH@DHGM@icons?1icona_machinegun?$AA@ 4007de5c     bg_misc.obj
 0002:00000e78       ??_C@_0CG@KHPE@models?1powerups?1ammo?1machineguna@ 4007de78     bg_misc.obj
 0002:00000ea8       ??_C@_0N@KNDC@ammo_bullets?$AA@ 4007dea8     bg_misc.obj
 0002:00000eb8       ??_C@_06OAJC@Shells?$AA@   4007deb8     bg_misc.obj
 0002:00000ec0       ??_C@_0BE@MPL@icons?1icona_shotgun?$AA@ 4007dec0     bg_misc.obj
 0002:00000ed8       ??_C@_0CD@LJLN@models?1powerups?1ammo?1shotgunam?4m@ 4007ded8     bg_misc.obj
 0002:00000f04       ??_C@_0BH@EMHN@sound?1misc?1am_pkup?4wav?$AA@ 4007df04     bg_misc.obj
 0002:00000f20       ??_C@_0M@MOIJ@ammo_shells?$AA@ 4007df20     bg_misc.obj
 0002:00000f30       ??_C@_0P@MANM@Grappling?5Hook?$AA@ 4007df30     bg_misc.obj
 0002:00000f44       ??_C@_0BE@IDGG@icons?1iconw_grapple?$AA@ 4007df44     bg_misc.obj
[...]
 0003:00003a9c       __CrtDbgMode               40088a9c     LIBCMTD:dbgrpt.obj
 0003:00003aa8       __CrtDbgFile               40088aa8     LIBCMTD:dbgrpt.obj
 0003:00003ac0       __cfltcvt_tab              40088ac0     LIBCMTD:cmiscdat.obj
 0003:00003ae0       __indefinite               40088ae0     LIBCMTD:87disp.obj
 0003:00003aea       __piby2                    40088aea     LIBCMTD:87disp.obj
 0003:00003b10       __pctype                   40088b10     LIBCMTD:ctype.obj
 0003:00003b14       __pwctype                  40088b14     LIBCMTD:ctype.obj
 0003:00003b18       __ctype                    40088b18     LIBCMTD:ctype.obj
 0003:00003d1c       ___mb_cur_max              40088d1c     LIBCMTD:nlsdata1.obj
 0003:00003d20       ___decimal_point           40088d20     LIBCMTD:nlsdata1.obj
 0003:00003d24       ___decimal_point_length    40088d24     LIBCMTD:nlsdata1.obj
 0003:00003d30       __OP_ATAN2jmptab           40088d30     LIBCMTD:87triga.obj
 0003:00003d80       __iob                      40088d80     LIBCMTD:_file.obj
 0003:000040d8       __d_inf                    400890d8     LIBCMTD:util.obj
 0003:000040e0       __d_ind                    400890e0     LIBCMTD:util.obj
 0003:000040e8       __d_max                    400890e8     LIBCMTD:util.obj
 0003:000040f0       __d_min                    400890f0     LIBCMTD:util.obj
 0003:000040f8       __d_mzero                  400890f8     LIBCMTD:util.obj
 0003:00004118       ___nullstring              40089118     LIBCMTD:output.obj
 0003:0000411c       ___wnullstring             4008911c     LIBCMTD:output.obj
 0003:00004120       __locktable                40089120     LIBCMTD:mlock.obj
 0003:000042f0       ___lc_category             400892f0     LIBCMTD:setlocal.obj
 0003:00004340       ___tlsindex                40089340     LIBCMTD:tidtable.obj
 0003:00004348       ___badioinfo               40089348     LIBCMTD:ioinit.obj
 0003:0000436c       __crtDbgFlag               4008936c     LIBCMTD:dbgheap.obj
 0003:00004374       __crtBreakAlloc            40089374     LIBCMTD:dbgheap.obj
 0003:00004390       __amblksiz                 40089390     LIBCMTD:heapinit.obj
 0003:000045c0       __XcptActTab               400895c0     LIBCMTD:winxfltr.obj
 0003:00004638       __First_FPE_Indx           40089638     LIBCMTD:winxfltr.obj
 0003:0000463c       __Num_FPE                  4008963c     LIBCMTD:winxfltr.obj
 0003:00004640       __XcptActTabSize           40089640     LIBCMTD:winxfltr.obj
 0003:00004644       __XcptActTabCount          40089644     LIBCMTD:winxfltr.obj
 0003:00004650       __matherr_flag             40089650     LIBCMTD:matherr.obj
 0003:00004660       ___rgLocInfo               40089660     LIBCMTD:getqloc.obj
 0003:00004b04       ___rglangidNotDefault      40089b04     LIBCMTD:getqloc.obj
 0003:00004b18       ___rg_country              40089b18     LIBCMTD:getqloc.obj
 0003:00004bd0       ___rg_language             40089bd0     LIBCMTD:getqloc.obj
 0003:00004dd8       __NLG_Destination          40089dd8     LIBCMTD:exsup.obj
 0003:00004de8       __pfnAllocHook             40089de8     LIBCMTD:dbghook.obj
 0003:00004dec       ___sbh_threshold           40089dec     LIBCMTD:sbheap.obj
 0003:00004ee8       ___lc_time_curr            40089ee8     LIBCMTD:strftime.obj
 0003:00004ef0       ___lc_time_c               40089ef0     LIBCMTD:strftime.obj
 0003:00004fa0       ___lconv_static_decimal    40089fa0     LIBCMTD:lconv.obj
 0003:00004fa8       ___lconv_c                 40089fa8     LIBCMTD:lconv.obj
 0003:00004fd8       ___lconv                   40089fd8     LIBCMTD:lconv.obj
 0003:00004fe0       __pow10pos                 40089fe0     LIBCMTD:constpow.obj
 0003:00005140       __pow10neg                 4008a140     LIBCMTD:constpow.obj
 0003:0000529c       __timezone                 4008a29c     LIBCMTD:timeset.obj
 0003:000052a0       __daylight                 4008a2a0     LIBCMTD:timeset.obj
 0003:000052a4       __dstbias                  4008a2a4     LIBCMTD:timeset.obj
 0003:00005328       __tzname                   4008a328     LIBCMTD:timeset.obj
 0003:0000534c       __lpdays                   4008a34c     LIBCMTD:days.obj
 0003:00005380       __days                     4008a380     LIBCMTD:days.obj
 0003:00005a24       _vec3_origin               4008aa24     q_math.obj
 0003:00082b20       ___fastflag                40107b20     LIBCMTD:fpinit.obj
 0003:00082b24       __adjust_fdiv              40107b24     LIBCMTD:fpinit.obj
 0003:00082b2c       __aenvptr                  40107b2c     LIBCMTD:dllcrt0.obj
 0003:00082b30       __wenvptr                  40107b30     LIBCMTD:dllcrt0.obj
 0003:00082b34       ___error_mode              40107b34     LIBCMTD:dllcrt0.obj
 0003:00082b38       ___app_type                40107b38     LIBCMTD:dllcrt0.obj
 0003:00082b40       __umaskval                 40107b40     LIBCMTD:crt0dat.obj
 0003:00082b44       __osver                    40107b44     LIBCMTD:crt0dat.obj
 0003:00082b48       __winver                   40107b48     LIBCMTD:crt0dat.obj
 0003:00082b4c       __winmajor                 40107b4c     LIBCMTD:crt0dat.obj
 0003:00082b50       __winminor                 40107b50     LIBCMTD:crt0dat.obj
 0003:00082b54       ___argc                    40107b54     LIBCMTD:crt0dat.obj
 0003:00082b58       ___argv                    40107b58     LIBCMTD:crt0dat.obj
 0003:00082b5c       ___wargv                   40107b5c     LIBCMTD:crt0dat.obj
 0003:00082b60       __environ                  40107b60     LIBCMTD:crt0dat.obj
 0003:00082b64       ___initenv                 40107b64     LIBCMTD:crt0dat.obj
 0003:00082b68       __wenviron                 40107b68     LIBCMTD:crt0dat.obj
 0003:00082b6c       ___winitenv                40107b6c     LIBCMTD:crt0dat.obj
 0003:00082b70       __pgmptr                   40107b70     LIBCMTD:crt0dat.obj
 0003:00082b74       __wpgmptr                  40107b74     LIBCMTD:crt0dat.obj
 0003:00082b78       __exitflag                 40107b78     LIBCMTD:crt0dat.obj
 0003:00082b7c       __C_Termination_Done       40107b7c     LIBCMTD:crt0dat.obj
 0003:00082b80       __C_Exit_Done              40107b80     LIBCMTD:crt0dat.obj
 0003:00082ba8       __cflush                   40107ba8     LIBCMTD:_file.obj
 0003:00082c1c       ___lc_handle               40107c1c     LIBCMTD:nlsdata2.obj
 0003:00082c34       ___lc_codepage             40107c34     LIBCMTD:nlsdata2.obj
 0003:00082c38       ___lc_collate_cp           40107c38     LIBCMTD:nlsdata2.obj
 0003:00082d5c       __adbgmsg                  40107d5c     LIBCMTD:crt0msg.obj
 0003:00082d64       __stdbuf                   40107d64     LIBCMTD:_sftbuf.obj
 0003:00082d6c       ___lc_time_intl            40107d6c     LIBCMTD:inittime.obj
 0003:00082d88       ___lc_id                   40107d88     LIBCMTD:nlsdata3.obj
 0003:00082dd0       __newmode                  40107dd0     LIBCMTD:_newmode.obj
 0003:00082dd4       ?_pnhHeap@@3P6AHI@ZA       40107dd4     LIBCMTD:handler.obj
 0003:00082de4       ___lconv_static_null       40107de4     LIBCMTD:lconv.obj
 0003:00082eb8       _weaponChangeSound         40107eb8     <common>
 0003:00082ec8       _menu_move_sound           40107ec8     <common>
 0003:00082ecc       _menu_in_sound             40107ecc     <common>
 0003:00082ed0       _menu_out_sound            40107ed0     <common>
 0003:00082ed4       _menu_buzz_sound           40107ed4     <common>
 0003:00082ed8       _menu_null_sound           40107ed8     <common>
 0003:00082ee0       _ui_ctf_capturelimit       40107ee0     <common>
 0003:00083a00       _ui_arenasFile             40108a00     <common>
 0003:00083b20       _ui_botsFile               40108b20     <common>
 0003:00083c40       _ui_drawCrosshairNames     40108c40     <common>
 0003:00083d60       _ui_ctf_friendly           40108d60     <common>
 0003:00083e80       _ui_browserGameType        40108e80     <common>
 0003:00083fa0       _ui_tourney_timelimit      40108fa0     <common>
 0003:000840c0       _ui_marks                  401090c0     <common>
 0003:000841e0       _ui_team_timelimit         401091e0     <common>
 0003:00084300       _ui_spVideos               40109300     <common>
 0003:00084420       _ui_cdkeychecked           40109420     <common>
 0003:00084540       _ui_server10               40109540     <common>
 0003:00084660       _ui_server11               40109660     <common>
 0003:00084780       _ui_server12               40109780     <common>
 0003:000848a0       _ui_server13               401098a0     <common>
 0003:000849c0       _ui_server14               401099c0     <common>
 0003:00084ae0       _ui_server15               40109ae0     <common>
 0003:00084c00       _ui_server16               40109c00     <common>
 0003:00084d20       _ui_spAwards               40109d20     <common>
 0003:00084e40       _ui_browserMaster          40109e40     <common>
 0003:00084f60       _ui_ffa_fraglimit          40109f60     <common>
 0003:00085080       _ui_team_friendly          4010a080     <common>
 0003:000851a0       _ui_spScores1              4010a1a0     <common>
 0003:000852c0       _ui_spScores3              4010a2c0     <common>
 0003:000853e0       _ui_spScores2              4010a3e0     <common>
 0003:00085500       _ui_spScores5              4010a500     <common>
 0003:00085620       _ui_spScores4              4010a620     <common>
 0003:00085740       _ui_spSelection            4010a740     <common>
 0003:00085860       _ui_server4                4010a860     <common>
 0003:00085980       _ui_server3                4010a980     <common>
 0003:00085aa0       _ui_server6                4010aaa0     <common>
 0003:00085bc0       _ui_server5                4010abc0     <common>
 0003:00085ce0       _ui_server2                4010ace0     <common>
 0003:00085e00       _ui_server1                4010ae00     <common>
 0003:00085f20       _ui_server8                4010af20     <common>
 0003:00086040       _ui_server7                4010b040     <common>
 0003:00086160       _ui_server9                4010b160     <common>
 0003:00086280       _ui_ctf_timelimit          4010b280     <common>
 0003:000863a0       _ui_tourney_fraglimit      4010b3a0     <common>
 0003:000864c0       _ui_ffa_timelimit          4010b4c0     <common>
 0003:000865e0       _ui_brassTime              4010b5e0     <common>
 0003:00086700       _ui_team_fraglimit         4010b700     <common>
 0003:00086820       _ui_browserShowFull        4010b820     <common>
 0003:00086940       _ui_drawCrosshair          4010b940     <common>
 0003:00086a60       _ui_browserSortKey         4010ba60     <common>
 0003:00086b80       _ui_spSkill                4010bb80     <common>
 0003:00086ca0       _ui_browserShowEmpty       4010bca0     <common>
 0003:00086db0       _ui_numBots                4010bdb0     <common>
 0003:00086dc0       _passwordField             4010bdc0     <common>
 0003:00086f60       _uis                       4010bf60     <common>
 0003:0008a514       _m_entersound              4010f514     <common>
 0003:0008a518       ___alternate_form          4010f518     <common>
 0003:0008a528       ___no_lead_zeros           4010f528     <common>
 0003:0008a52c       ___mbcodepage              4010f52c     <common>
 0003:0008a5b0       ___mbulinfo                4010f5b0     <common>
 0003:0008a5bc       ___ismbcodepage            4010f5bc     <common>
 0003:0008a5c0       __mbcasemap                4010f5c0     <common>
 0003:0008a6c0       __mbctype                  4010f6c0     <common>
 0003:0008a7c4       ___mblcid                  4010f7c4     <common>
 0003:0008a7c8       ___sbh_sizeHeaderList      4010f7c8     <common>
 0003:0008a7d8       ___sbh_indGroupDefer       4010f7d8     <common>
 0003:0008a7dc       ___sbh_pHeaderScan         4010f7dc     <common>
 0003:0008a7e0       ___sbh_pHeaderDefer        4010f7e0     <common>
 0003:0008a7e4       ___sbh_cntHeaderList       4010f7e4     <common>
 0003:0008a7e8       ___sbh_pHeaderList         4010f7e8     <common>
 0003:0008a7ec       __crtheap                  4010f7ec     <common>
 0003:0008a7f8       __pfnDumpClient            4010f7f8     <common>
 0003:0008a820       ___pioinfo                 4010f820     <common>
 0003:0008a95c       __nhandle                  4010f95c     <common>
 0003:0008a960       ___setlc_active            4010f960     <common>
 0003:0008a970       ___unguarded_readlc_active 4010f970     <common>
 0003:0008a974       ___piob                    4010f974     <common>
 0003:0008acc0       __bufin                    4010fcc0     <common>
 0003:0008bcc0       __nstream                  40110cc0     <common>
 0003:0008bcc4       ___env_initialized         40110cc4     <common>
 0003:0008bcd4       ___mbctype_initialized     40110cd4     <common>
 0003:0008bcd8       ___onexitend               40110cd8     <common>
 0003:0008bcdc       ___onexitbegin             40110cdc     <common>
 0003:0008bce0       __pfnReportHook            40110ce0     <common>
 0003:0008bcec       __acmdln                   40110cec     <common>
 0003:0008bcfc       __pRawDllMain              40110cfc     <common>
 0004:00000000       __IMPORT_DESCRIPTOR_KERNEL32 40111000     kernel32:KERNEL32.dll
 0004:00000014       __NULL_IMPORT_DESCRIPTOR   40111014     kernel32:KERNEL32.dll
 0004:000001b4       __imp__GetModuleFileNameA@12 401111b4     kernel32:KERNEL32.dll
 0004:000001b8       __imp__InterlockedDecrement@4 401111b8     kernel32:KERNEL32.dll
 0004:000001bc       __imp__InterlockedIncrement@4 401111bc     kernel32:KERNEL32.dll
 0004:000001c0       __imp__GetCommandLineA@0   401111c0     kernel32:KERNEL32.dll
 0004:000001c4       __imp__GetVersion@0        401111c4     kernel32:KERNEL32.dll
 0004:000001c8       __imp__DebugBreak@0        401111c8     kernel32:KERNEL32.dll
 0004:000001cc       __imp__GetStdHandle@4      401111cc     kernel32:KERNEL32.dll
 0004:000001d0       __imp__WriteFile@20        401111d0     kernel32:KERNEL32.dll
 0004:000001d4       __imp__OutputDebugStringA@4 401111d4     kernel32:KERNEL32.dll
 0004:000001d8       __imp__GetProcAddress@8    401111d8     kernel32:KERNEL32.dll
 0004:000001dc       __imp__LoadLibraryA@4      401111dc     kernel32:KERNEL32.dll
 0004:000001e0       __imp__GetModuleHandleA@4  401111e0     kernel32:KERNEL32.dll
 0004:000001e4       __imp__ExitProcess@4       401111e4     kernel32:KERNEL32.dll
 0004:000001e8       __imp__TerminateProcess@8  401111e8     kernel32:KERNEL32.dll
 0004:000001ec       __imp__GetCurrentProcess@0 401111ec     kernel32:KERNEL32.dll
 0004:000001f0       __imp__GetLastError@0      401111f0     kernel32:KERNEL32.dll
 0004:000001f4       __imp__SetConsoleCtrlHandler@8 401111f4     kernel32:KERNEL32.dll
 0004:000001f8       __imp__EnterCriticalSection@4 401111f8     kernel32:KERNEL32.dll
 0004:000001fc       __imp__LeaveCriticalSection@4 401111fc     kernel32:KERNEL32.dll
 0004:00000200       __imp__RaiseException@16   40111200     kernel32:KERNEL32.dll
 0004:00000204       __imp__InitializeCriticalSection@4 40111204     kernel32:KERNEL32.dll
 0004:00000208       __imp__DeleteCriticalSection@4 40111208     kernel32:KERNEL32.dll
 0004:0000020c       __imp__FatalAppExitA@8     4011120c     kernel32:KERNEL32.dll
 0004:00000210       __imp__Sleep@4             40111210     kernel32:KERNEL32.dll
 0004:00000214       __imp__WideCharToMultiByte@32 40111214     kernel32:KERNEL32.dll
 0004:00000218       __imp__MultiByteToWideChar@24 40111218     kernel32:KERNEL32.dll
 0004:0000021c       __imp__LCMapStringA@24     4011121c     kernel32:KERNEL32.dll
 0004:00000220       __imp__LCMapStringW@24     40111220     kernel32:KERNEL32.dll
 0004:00000224       __imp__GetCurrentThreadId@0 40111224     kernel32:KERNEL32.dll
 0004:00000228       __imp__TlsSetValue@8       40111228     kernel32:KERNEL32.dll
 0004:0000022c       __imp__TlsAlloc@0          4011122c     kernel32:KERNEL32.dll
 0004:00000230       __imp__TlsFree@4           40111230     kernel32:KERNEL32.dll
 0004:00000234       __imp__SetLastError@4      40111234     kernel32:KERNEL32.dll
 0004:00000238       __imp__TlsGetValue@4       40111238     kernel32:KERNEL32.dll
 0004:0000023c       __imp__GetCurrentThread@0  4011123c     kernel32:KERNEL32.dll
 0004:00000240       __imp__SetHandleCount@4    40111240     kernel32:KERNEL32.dll
 0004:00000244       __imp__GetFileType@4       40111244     kernel32:KERNEL32.dll
 0004:00000248       __imp__GetStartupInfoA@4   40111248     kernel32:KERNEL32.dll
 0004:0000024c       __imp__IsBadWritePtr@8     4011124c     kernel32:KERNEL32.dll
 0004:00000250       __imp__IsBadReadPtr@8      40111250     kernel32:KERNEL32.dll
 0004:00000254       __imp__HeapValidate@12     40111254     kernel32:KERNEL32.dll
 0004:00000258       __imp__FreeEnvironmentStringsA@4 40111258     kernel32:KERNEL32.dll
 0004:0000025c       __imp__FreeEnvironmentStringsW@4 4011125c     kernel32:KERNEL32.dll
 0004:00000260       __imp__GetEnvironmentStrings@0 40111260     kernel32:KERNEL32.dll
 0004:00000264       __imp__GetEnvironmentStringsW@0 40111264     kernel32:KERNEL32.dll
 0004:00000268       __imp__HeapDestroy@4       40111268     kernel32:KERNEL32.dll
 0004:0000026c       __imp__HeapCreate@12       4011126c     kernel32:KERNEL32.dll
 0004:00000270       __imp__HeapFree@12         40111270     kernel32:KERNEL32.dll
 0004:00000274       __imp__VirtualFree@12      40111274     kernel32:KERNEL32.dll
 0004:00000278       __imp__GetStringTypeA@20   40111278     kernel32:KERNEL32.dll
 0004:0000027c       __imp__GetStringTypeW@16   4011127c     kernel32:KERNEL32.dll
 0004:00000280       __imp__UnhandledExceptionFilter@4 40111280     kernel32:KERNEL32.dll
 0004:00000284       __imp__FlushFileBuffers@4  40111284     kernel32:KERNEL32.dll
 0004:00000288       __imp__SetFilePointer@16   40111288     kernel32:KERNEL32.dll
 0004:0000028c       __imp__GetCPInfo@8         4011128c     kernel32:KERNEL32.dll
 0004:00000290       __imp__IsValidLocale@8     40111290     kernel32:KERNEL32.dll
 0004:00000294       __imp__IsValidCodePage@4   40111294     kernel32:KERNEL32.dll
 0004:00000298       __imp__GetLocaleInfoA@16   40111298     kernel32:KERNEL32.dll
 0004:0000029c       __imp__EnumSystemLocalesA@8 4011129c     kernel32:KERNEL32.dll
 0004:000002a0       __imp__GetUserDefaultLCID@0 401112a0     kernel32:KERNEL32.dll
 0004:000002a4       __imp__GetVersionExA@4     401112a4     kernel32:KERNEL32.dll
 0004:000002a8       __imp__RtlUnwind@16        401112a8     kernel32:KERNEL32.dll
 0004:000002ac       __imp__HeapAlloc@12        401112ac     kernel32:KERNEL32.dll
 0004:000002b0       __imp__HeapReAlloc@16      401112b0     kernel32:KERNEL32.dll
 0004:000002b4       __imp__VirtualAlloc@16     401112b4     kernel32:KERNEL32.dll
 0004:000002b8       __imp__GetACP@0            401112b8     kernel32:KERNEL32.dll
 0004:000002bc       __imp__GetOEMCP@0          401112bc     kernel32:KERNEL32.dll
 0004:000002c0       __imp__SetStdHandle@8      401112c0     kernel32:KERNEL32.dll
 0004:000002c4       __imp__CloseHandle@4       401112c4     kernel32:KERNEL32.dll
 0004:000002c8       __imp__GetTimeZoneInformation@4 401112c8     kernel32:KERNEL32.dll
 0004:000002cc       __imp__GetLocaleInfoW@16   401112cc     kernel32:KERNEL32.dll
 0004:000002d0       __imp__CompareStringA@24   401112d0     kernel32:KERNEL32.dll
 0004:000002d4       __imp__CompareStringW@24   401112d4     kernel32:KERNEL32.dll
 0004:000002d8       __imp__SetEnvironmentVariableA@8 401112d8     kernel32:KERNEL32.dll
 0004:000002dc       \177KERNEL32_NULL_THUNK_DATA 401112dc     kernel32:KERNEL32.dll

 entry point at        0001:000386c0

