 uix86

 Timestamp is 47e91563 (Tue Mar 25 11:08:19 2008)

 Preferred load address is 40000000

 Start         Length     Name                   Class
 0001:00000000 000553e4H .text                   CODE
 0001:000553e4 00026c0cH .textbss                CODE
 0002:00000000 00007cf3H .rdata                  DATA
 0002:00007d00 00000167H .edata                  DATA
 0003:00000000 00000104H .CRT$XCA                DATA
 0003:00000104 00000104H .CRT$XCZ                DATA
 0003:00000208 00000104H .CRT$XIA                DATA
 0003:0000030c 00000109H .CRT$XIC                DATA
 0003:00000418 00000104H .CRT$XIZ                DATA
 0003:0000051c 00000104H .CRT$XPA                DATA
 0003:00000620 00000104H .CRT$XPX                DATA
 0003:00000724 00000104H .CRT$XPZ                DATA
 0003:00000828 00000104H .CRT$XTA                DATA
 0003:0000092c 00000104H .CRT$XTZ                DATA
 0003:00000a30 00004fdeH .data                   DATA
 0003:00005a10 00086290H .bss                    DATA
 0004:00000000 00000014H .idata$2                DATA
 0004:00000014 00000014H .idata$3                DATA
 0004:00000028 0000018cH .idata$4                DATA
 0004:000001b4 0000018cH .idata$5                DATA
 0004:00000340 000006c8H .idata$6                DATA

  Address         Publics by Value              Rva+Base     Lib:Object

 0001:00000ec0       _BG_FindItemForPowerup     40001ec0 f   bg_misc.obj
 0001:00000f70       _BG_FindItemForHoldable    40001f70 f   bg_misc.obj
 0001:00001020       _BG_FindItemForWeapon      40002020 f   bg_misc.obj
 0001:000010b0       _BG_FindItem               400020b0 f   bg_misc.obj
 0001:00001130       _BG_PlayerTouchesItem      40002130 f   bg_misc.obj
 0001:00001230       _BG_CanItemBeGrabbed       40002230 f   bg_misc.obj
 0001:00001510       _BG_EvaluateTrajectory     40002510 f   bg_misc.obj
 0001:00001820       _BG_EvaluateTrajectoryDelta 40002820 f   bg_misc.obj
 0001:00001a70       _BG_AddPredictableEventToPlayerstate 40002a70 f   bg_misc.obj
 0001:00001b70       _BG_TouchJumpPad           40002b70 f   bg_misc.obj
 0001:00001cb0       _BG_PlayerStateToEntityState 40002cb0 f   bg_misc.obj
 0001:00002160       _BG_PlayerStateToEntityStateExtraPolate 40003160 f   bg_misc.obj
 0001:00002620       _Q_rand                    40003620 f   q_math.obj
 0001:00002670       _Q_random                  40003670 f   q_math.obj
 0001:000026d0       _Q_crandom                 400036d0 f   q_math.obj
 0001:00002720       _ClampChar                 40003720 f   q_math.obj
 0001:00002770       _ClampShort                40003770 f   q_math.obj
 0001:000027d0       _DirToByte                 400037d0 f   q_math.obj
 0001:000028b0       _ByteToDir                 400038b0 f   q_math.obj
 0001:00002960       _ColorBytes3               40003960 f   q_math.obj
 0001:000029d0       _ColorBytes4               400039d0 f   q_math.obj
 0001:00002a50       _NormalizeColor            40003a50 f   q_math.obj
 0001:00002b40       _PlaneFromPoints           40003b40 f   q_math.obj
 0001:00002d00       _RotatePointAroundVector   40003d00 f   q_math.obj
 0001:00002fe0       _RotateAroundDirection     40003fe0 f   q_math.obj
 0001:000030b0       _vectoangles               400040b0 f   q_math.obj
 0001:000032a0       _AnglesToAxis              400042a0 f   q_math.obj
 0001:00003330       _AxisClear                 40004330 f   q_math.obj
 0001:000033d0       _AxisCopy                  400043d0 f   q_math.obj
 0001:00003480       _ProjectPointOnPlane       40004480 f   q_math.obj
 0001:00003620       _MakeNormalVectors         40004620 f   q_math.obj
 0001:00003730       _VectorRotate              40004730 f   q_math.obj
 0001:00003800       _Q_rsqrt                   40004800 f   q_math.obj
 0001:00003880       _Q_fabs                    40004880 f   q_math.obj
 0001:000038d0       _LerpAngle                 400048d0 f   q_math.obj
 0001:00003960       _AngleSubtract             40004960 f   q_math.obj
 0001:000039e0       _AnglesSubtract            400049e0 f   q_math.obj
 0001:00003a80       _AngleMod                  40004a80 f   q_math.obj
 0001:00003ae0       _AngleNormalize360         40004ae0 f   q_math.obj
 0001:00003b40       _AngleNormalize180         40004b40 f   q_math.obj
 0001:00003bb0       _AngleDelta                40004bb0 f   q_math.obj
 0001:00003c00       _SetPlaneSignbits          40004c00 f   q_math.obj
 0001:00003c90       _BoxOnPlaneSide            40004c90 f   q_math.obj
 0001:00003f60       _RadiusFromBounds          40004f60 f   q_math.obj
 0001:000040c0       _ClearBounds               400050c0 f   q_math.obj
 0001:00004130       _AddPointToBounds          40005130 f   q_math.obj
 0001:00004240       _VectorNormalize           40005240 f   q_math.obj
 0001:00004320       _VectorNormalize2          40005320 f   q_math.obj
 0001:00004420       __VectorMA                 40005420 f   q_math.obj
 0001:000044a0       __DotProduct               400054a0 f   q_math.obj
 0001:00004500       __VectorSubtract           40005500 f   q_math.obj
 0001:00004570       __VectorAdd                40005570 f   q_math.obj
 0001:000045e0       __VectorCopy               400055e0 f   q_math.obj
 0001:00004640       __VectorScale              40005640 f   q_math.obj
 0001:000046a0       _Vector4Scale              400056a0 f   q_math.obj
 0001:00004710       _Q_log2                    40005710 f   q_math.obj
 0001:00004770       _MatrixMultiply            40005770 f   q_math.obj
 0001:000049a0       _AngleVectors              400059a0 f   q_math.obj
 0001:00004c20       _PerpendicularVector       40005c20 f   q_math.obj
 0001:00004d30       _TransposeMatrix           40005d30 f   q_math.obj
 0001:00004dd0       _Com_Clamp                 40005dd0 f   q_shared.obj
 0001:00004e30       _COM_SkipPath              40005e30 f   q_shared.obj
 0001:00004ea0       _COM_StripExtension        40005ea0 f   q_shared.obj
 0001:00004f10       _COM_DefaultExtension      40005f10 f   q_shared.obj
 0001:00004fe0       _ShortSwap                 40005fe0 f   q_shared.obj
 0001:00005050       _ShortNoSwap               40006050 f   q_shared.obj
 0001:00005080       _LongSwap                  40006080 f   q_shared.obj
 0001:00005130       _LongNoSwap                40006130 f   q_shared.obj
 0001:00005160       _Long64Swap                40006160 f   q_shared.obj
 0001:000051d0       _Long64NoSwap              400061d0 f   q_shared.obj
 0001:00005200       _FloatSwap                 40006200 f   q_shared.obj
 0001:00005260       _FloatNoSwap               40006260 f   q_shared.obj
 0001:00005290       _COM_BeginParseSession     40006290 f   q_shared.obj
 0001:00005300       _COM_GetCurrentParseLine   40006300 f   q_shared.obj
 0001:00005330       _COM_Parse                 40006330 f   q_shared.obj
 0001:00005380       _COM_ParseError            40006380 f   q_shared.obj
 0001:00005410       _COM_ParseWarning          40006410 f   q_shared.obj
 0001:000054a0       _COM_Compress              400064a0 f   q_shared.obj
 0001:00005740       _COM_ParseExt              40006740 f   q_shared.obj
 0001:00005aa0       _COM_MatchToken            40006aa0 f   q_shared.obj
 0001:00005b20       _SkipBracedSection         40006b20 f   q_shared.obj
 0001:00005bd0       _SkipRestOfLine            40006bd0 f   q_shared.obj
 0001:00005c50       _Parse1DMatrix             40006c50 f   q_shared.obj
 0001:00005d00       _Parse2DMatrix             40006d00 f   q_shared.obj
 0001:00005db0       _Parse3DMatrix             40006db0 f   q_shared.obj
 0001:00005e60       _Q_isprint                 40006e60 f   q_shared.obj
 0001:00005eb0       _Q_islower                 40006eb0 f   q_shared.obj
 0001:00005f00       _Q_isupper                 40006f00 f   q_shared.obj
 0001:00005f50       _Q_isalpha                 40006f50 f   q_shared.obj
 0001:00005fa0       _Q_strrchr                 40006fa0 f   q_shared.obj
 0001:00006030       _Q_strncpyz                40007030 f   q_shared.obj
 0001:000060e0       _Q_stricmpn                400070e0 f   q_shared.obj
 0001:00006200       _Q_strncmp                 40007200 f   q_shared.obj
 0001:000062a0       _Q_stricmp                 400072a0 f   q_shared.obj
 0001:00006310       _Q_strlwr                  40007310 f   q_shared.obj
 0001:00006390       _Q_strupr                  40007390 f   q_shared.obj
 0001:00006410       _Q_strcat                  40007410 f   q_shared.obj
 0001:000064a0       _Q_PrintStrlen             400074a0 f   q_shared.obj
 0001:00006550       _Q_CleanStr                40007550 f   q_shared.obj
 0001:00006620       _Com_sprintf               40007620 f   q_shared.obj
 0001:00006700       _va                        40007700 f   q_shared.obj
 0001:00006790       _Info_ValueForKey          40007790 f   q_shared.obj
 0001:000069a0       _Info_NextPair             400079a0 f   q_shared.obj
 0001:00006ac0       _Info_RemoveKey            40007ac0 f   q_shared.obj
 0001:00006cb0       _Info_RemoveKey_Big        40007cb0 f   q_shared.obj
 0001:00006ea0       _Info_Validate             40007ea0 f   q_shared.obj
 0001:00006f10       _Info_SetValueForKey       40007f10 f   q_shared.obj
 0001:00007120       _Info_SetValueForKey_Big   40008120 f   q_shared.obj
 0001:00007310       _UI_AddBots_Cache          40008310 f   ui_addbots.obj
 0001:000073d0       _UI_AddBotsMenu            400083d0 f   ui_addbots.obj
 0001:00007f90       _Com_Error                 40008f90 f   ui_atoms.obj
 0001:00008020       _Com_Printf                40009020 f   ui_atoms.obj
 0001:000080b0       _UI_ClampCvar              400090b0 f   ui_atoms.obj
 0001:00008110       _UI_StartDemoLoop          40009110 f   ui_atoms.obj
 0001:00008160       _UI_PushMenu               40009160 f   ui_atoms.obj
 0001:000082e0       _UI_PopMenu                400092e0 f   ui_atoms.obj
 0001:00008390       _UI_ForceMenuOff           40009390 f   ui_atoms.obj
 0001:00008410       _UI_LerpColor              40009410 f   ui_atoms.obj
 0001:000084f0       _UI_DrawBannerString       400094f0 f   ui_atoms.obj
 0001:00008880       _UI_ProportionalStringWidth 40009880 f   ui_atoms.obj
 0001:00008920       _UI_ProportionalSizeScale  40009920 f   ui_atoms.obj
 0001:00008970       _UI_DrawProportionalString 40009970 f   ui_atoms.obj
 0001:00008e70       _UI_DrawProportionalString_AutoWrapped 40009e70 f   ui_atoms.obj
 0001:00009090       _UI_DrawString             4000a090 f   ui_atoms.obj
 0001:00009560       _UI_DrawChar               4000a560 f   ui_atoms.obj
 0001:000095d0       _UI_IsFullscreen           4000a5d0 f   ui_atoms.obj
 0001:00009630       _UI_SetActiveMenu          4000a630 f   ui_atoms.obj
 0001:000097c0       _UI_KeyEvent               4000a7c0 f   ui_atoms.obj
 0001:00009890       _UI_MouseEvent             4000a890 f   ui_atoms.obj
 0001:00009b20       _UI_Argv                   4000ab20 f   ui_atoms.obj
 0001:00009b80       _UI_Cvar_VariableString    4000ab80 f   ui_atoms.obj
 0001:00009be0       _UI_Cache_f                4000abe0 f   ui_atoms.obj
 0001:00009cd0       _UI_ConsoleCommand         4000acd0 f   ui_atoms.obj
 0001:00009e80       _UI_Shutdown               4000ae80 f   ui_atoms.obj
 0001:00009eb0       _UI_Init                   4000aeb0 f   ui_atoms.obj
 0001:00009f90       _UI_AdjustFrom640          4000af90 f   ui_atoms.obj
 0001:0000a010       _UI_DrawNamedPic           4000b010 f   ui_atoms.obj
 0001:0000a0b0       _UI_DrawHandlePic          4000b0b0 f   ui_atoms.obj
 0001:0000a1c0       _UI_FillRect               4000b1c0 f   ui_atoms.obj
 0001:0000a260       _UI_DrawRect               4000b260 f   ui_atoms.obj
 0001:0000a3c0       _UI_SetColor               4000b3c0 f   ui_atoms.obj
 0001:0000a410       _UI_UpdateScreen           4000b410 f   ui_atoms.obj
 0001:0000a450       _UI_Refresh                4000b450 f   ui_atoms.obj
 0001:0000a670       _UI_DrawTextBox            4000b670 f   ui_atoms.obj
 0001:0000a780       _UI_CursorInRect           4000b780 f   ui_atoms.obj
 0001:0000a7f0       _UI_CDKeyMenu_Cache        4000b7f0 f   ui_cdkey.obj
 0001:0000a880       _UI_CDKeyMenu              4000b880 f   ui_cdkey.obj
 0001:0000afa0       _UI_CDKeyMenu_f            4000bfa0 f   ui_cdkey.obj
 0001:0000afe0       _UI_CinematicsMenu_Cache   4000bfe0 f   ui_cinematics.obj
 0001:0000b060       _UI_CinematicsMenu         4000c060 f   ui_cinematics.obj
 0001:0000bad0       _UI_CinematicsMenu_f       4000cad0 f   ui_cinematics.obj
 0001:0000bb50       _ConfirmMenu_Cache         4000cb50 f   ui_confirm.obj
 0001:0000bba0       _UI_ConfirmMenu_Style      4000cba0 f   ui_confirm.obj
 0001:0000c120       _UI_ConfirmMenu            4000d120 f   ui_confirm.obj
 0001:0000c180       _UI_Message                4000d180 f   ui_confirm.obj
 0001:0000c440       _UI_DrawConnectScreen      4000d440 f   ui_connect.obj
 0001:0000d030       _UI_KeyConnect             4000e030 f   ui_connect.obj
 0001:0000d080       _Controls_Cache            4000e080 f   ui_controls2.obj
 0001:0000d100       _UI_ControlsMenu           4000e100 f   ui_controls2.obj
 0001:00010460       _UI_CreditMenu             40011460 f   ui_credits.obj
 0001:000109f0       _Demos_Cache               400119f0 f   ui_demo2.obj
 0001:00010ac0       _UI_DemosMenu              40011ac0 f   ui_demo2.obj
 0001:000112c0       _UI_DisplayOptionsMenu_Cache 400122c0 f   ui_display.obj
 0001:00011340       _UI_DisplayOptionsMenu     40012340 f   ui_display.obj
 0001:00011a90       _UI_Alloc                  40012a90 f   ui_gameinfo.obj
 0001:00011b10       _UI_InitMemory             40012b10 f   ui_gameinfo.obj
 0001:00011b50       _UI_ParseInfos             40012b50 f   ui_gameinfo.obj
 0001:00011db0       _UI_GetArenaInfoByNumber   40012db0 f   ui_gameinfo.obj
 0001:00011ea0       _UI_GetArenaInfoByMap      40012ea0 f   ui_gameinfo.obj
 0001:00011f40       _UI_GetSpecialArenaInfo    40012f40 f   ui_gameinfo.obj
 0001:00011fe0       _UI_GetBotInfoByNumber     40012fe0 f   ui_gameinfo.obj
 0001:00012060       _UI_GetBotInfoByName       40013060 f   ui_gameinfo.obj
 0001:00012110       _UI_GetBestScore           40013110 f   ui_gameinfo.obj
 0001:00012280       _UI_SetBestScore           40013280 f   ui_gameinfo.obj
 0001:000123f0       _UI_LogAwardData           400133f0 f   ui_gameinfo.obj
 0001:00012520       _UI_GetAwardLevel          40013520 f   ui_gameinfo.obj
 0001:000125c0       _UI_TierCompleted          400135c0 f   ui_gameinfo.obj
 0001:00012710       _UI_ShowTierVideo          40013710 f   ui_gameinfo.obj
 0001:00012820       _UI_CanShowTierVideo       40013820 f   ui_gameinfo.obj
 0001:00012900       _UI_GetCurrentGame         40013900 f   ui_gameinfo.obj
 0001:00012a40       _UI_NewGame                40013a40 f   ui_gameinfo.obj
 0001:00012b10       _UI_GetNumArenas           40013b10 f   ui_gameinfo.obj
 0001:00012b40       _UI_GetNumSPArenas         40013b40 f   ui_gameinfo.obj
 0001:00012b70       _UI_GetNumSPTiers          40013b70 f   ui_gameinfo.obj
 0001:00012bb0       _UI_GetNumBots             40013bb0 f   ui_gameinfo.obj
 0001:00012be0       _UI_SPUnlock_f             40013be0 f   ui_gameinfo.obj
 0001:00012d30       _UI_SPUnlockMedals_f       40013d30 f   ui_gameinfo.obj
 0001:00012e20       _UI_InitGameinfo           40013e20 f   ui_gameinfo.obj
 0001:00013940       _InGame_Event              40014940 f   ui_ingame.obj
 0001:00013b20       _InGame_MenuInit           40014b20 f   ui_ingame.obj
 0001:00014380       _InGame_Cache              40015380 f   ui_ingame.obj
 0001:000143d0       _UI_InGameMenu             400153d0 f   ui_ingame.obj
 0001:00014440       _vmMain                    40015440 f   ui_main.obj
 0001:00014590       _UI_RegisterCvars          40015590 f   ui_main.obj
 0001:00014630       _UI_UpdateCvars            40015630 f   ui_main.obj
 0001:000146b0       _Main_MenuEvent            400156b0 f   ui_menu.obj
 0001:00014810       _MainMenu_Cache            40015810 f   ui_menu.obj
 0001:00014860       _ErrorMessage_Key          40015860 f   ui_menu.obj
 0001:000148c0       _UI_MainMenu               400158c0 f   ui_menu.obj
 0001:00015480       _MField_Draw               40016480 f   ui_mfield.obj
 0001:00015700       _MField_Paste              40016700 f   ui_mfield.obj
 0001:000157a0       _MField_KeyDownEvent       400167a0 f   ui_mfield.obj
 0001:00015a60       _MField_CharEvent          40016a60 f   ui_mfield.obj
 0001:00015d30       _MField_Clear              40016d30 f   ui_mfield.obj
 0001:00015d80       _MenuField_Init            40016d80 f   ui_mfield.obj
 0001:00015e90       _MenuField_Draw            40016e90 f   ui_mfield.obj
 0001:00016090       _MenuField_Key             40017090 f   ui_mfield.obj
 0001:00016300       _UI_ModsMenu_Cache         40017300 f   ui_mods.obj
 0001:000163a0       _UI_ModsMenu               400173a0 f   ui_mods.obj
 0001:00016ac0       _UI_NetworkOptionsMenu_Cache 40017ac0 f   ui_network.obj
 0001:00016b40       _UI_NetworkOptionsMenu     40017b40 f   ui_network.obj
 0001:000172b0       _SystemConfig_Cache        400182b0 f   ui_options.obj
 0001:00017330       _Options_MenuInit          40018330 f   ui_options.obj
 0001:000178b0       _UI_SystemConfigMenu       400188b0 f   ui_options.obj
 0001:00017900       _PlayerModel_Cache         40018900 f   ui_playermodel.obj
 0001:00017d60       _UI_PlayerModelMenu        40018d60 f   ui_playermodel.obj
 0001:00019370       _UI_MachinegunSpinAngle    4001a370 f   ui_players.obj
 0001:000194c0       _UI_DrawPlayer             4001a4c0 f   ui_players.obj
 0001:0001b8b0       _UI_RegisterClientModelname 4001c8b0 f   ui_players.obj
 0001:0001c100       _UI_PlayerInfo_SetModel    4001d100 f   ui_players.obj
 0001:0001c200       _UI_PlayerInfo_SetInfo     4001d200 f   ui_players.obj
 0001:0001c6a0       _PlayerSettings_Cache      4001d6a0 f   ui_playersettings.obj
 0001:0001c7f0       _UI_PlayerSettingsMenu     4001d7f0 f   ui_playersettings.obj
 0001:0001d780       _Preferences_Cache         4001e780 f   ui_preferences.obj
 0001:0001d850       _UI_PreferencesMenu        4001e850 f   ui_preferences.obj
 0001:0001e7e0       _Bitmap_Init               4001f7e0 f   ui_qmenu.obj
 0001:0001e8f0       _Bitmap_Draw               4001f8f0 f   ui_qmenu.obj
 0001:0001ec90       _ScrollList_Key            4001fc90 f   ui_qmenu.obj
 0001:0001f6e0       _ScrollList_Draw           400206e0 f   ui_qmenu.obj
 0001:0001f910       _Menu_AddItem              40020910 f   ui_qmenu.obj
 0001:000201b0       _Menu_CursorMoved          400211b0 f   ui_qmenu.obj
 0001:000202c0       _Menu_SetCursor            400212c0 f   ui_qmenu.obj
 0001:00020340       _Menu_SetCursorToItem      40021340 f   ui_qmenu.obj
 0001:000203d0       _Menu_AdjustCursor         400213d0 f   ui_qmenu.obj
 0001:00020530       _Menu_Draw                 40021530 f   ui_qmenu.obj
 0001:00021310       _Menu_ItemAtCursor         40022310 f   ui_qmenu.obj
 0001:00021370       _Menu_ActivateItem         40022370 f   ui_qmenu.obj
 0001:000213f0       _Menu_DefaultKey           400223f0 f   ui_qmenu.obj
 0001:00021e50       _Menu_Cache                40022e50 f   ui_qmenu.obj
 0001:00022060       _UI_RemoveBots_Cache       40023060 f   ui_removebots.obj
 0001:000220f0       _UI_RemoveBotsMenu         400230f0 f   ui_removebots.obj
 0001:00022b10       _Favorites_Add             40023b10 f   ui_serverinfo.obj
 0001:00022c80       _ServerInfo_Cache          40023c80 f   ui_serverinfo.obj
 0001:00022d00       _UI_ServerInfoMenu         40023d00 f   ui_serverinfo.obj
 0001:000232e0       _ArenaServers_InsertFavorites 400242e0 f   ui_servers2.obj
 0001:000237d0       _ArenaServers_LoadFavorites 400247d0 f   ui_servers2.obj
 0001:00023a50       _ArenaServers_SaveChanges  40024a50 f   ui_servers2.obj
 0001:00023b20       _ArenaServers_Sort         40024b20 f   ui_servers2.obj
 0001:00023d90       _ArenaServers_SetType      40024d90 f   ui_servers2.obj
 0001:00024930       _ArenaServers_Cache        40025930 f   ui_servers2.obj
 0001:00024a60       _UI_ArenaServersMenu       40025a60 f   ui_servers2.obj
 0001:00026430       _UI_SetupMenu_Cache        40027430 f   ui_setup.obj
 0001:000264b0       _UI_SetupMenu              400274b0 f   ui_setup.obj
 0001:00026cd0       _UI_SoundOptionsMenu_Cache 40027cd0 f   ui_sound.obj
 0001:00026d50       _UI_SoundOptionsMenu       40027d50 f   ui_sound.obj
 0001:000275f0       _UI_SPArena_Start          400285f0 f   ui_sparena.obj
 0001:00027750       _SpecifyServer_MenuInit    40028750 f   ui_specifyserver.obj
 0001:00027c50       _SpecifyServer_Cache       40028c50 f   ui_specifyserver.obj
 0001:00027cd0       _UI_SpecifyServerMenu      40028cd0 f   ui_specifyserver.obj
 0001:00027d20       _UI_SPLevelMenu_Cache      40028d20 f   ui_splevel.obj
 0001:00027f80       _UI_SPLevelMenu            40028f80 f   ui_splevel.obj
 0001:0002a350       _UI_SPLevelMenu_f          4002b350 f   ui_splevel.obj
 0001:0002a3b0       _UI_SPLevelMenu_ReInit     4002b3b0 f   ui_splevel.obj
 0001:0002a3f0       _UI_SPPostgameMenu_Cache   4002b3f0 f   ui_sppostgame.obj
 0001:0002a540       _UI_SPPostgameMenu_f       4002b540 f   ui_sppostgame.obj
 0001:0002bac0       _Reset_MenuEvent           4002cac0 f   ui_spreset.obj
 0001:0002bb40       _Reset_Cache               4002cb40 f   ui_spreset.obj
 0001:0002bb90       _UI_ResetMenu              4002cb90 f   ui_spreset.obj
 0001:0002c0c0       _UI_SPSkillMenu_Cache      4002d0c0 f   ui_spskill.obj
 0001:0002c1f0       _UI_SPSkillMenu            4002d1f0 f   ui_spskill.obj
 0001:0002cb20       _StartServer_Cache         4002db20 f   ui_startserver.obj
 0001:0002cec0       _UI_StartServerMenu        4002dec0 f   ui_startserver.obj
 0001:0002e010       _ServerOptions_Cache       4002f010 f   ui_startserver.obj
 0001:000305a0       _UI_BotSelectMenu_Cache    400315a0 f   ui_startserver.obj
 0001:00030670       _UI_BotSelectMenu          40031670 f   ui_startserver.obj
 0001:000318b0       _dllEntry                  400328b0 f   ui_syscalls.obj
 0001:000318e0       _PASSFLOAT                 400328e0 f   ui_syscalls.obj
 0001:00031920       _trap_Print                40032920 f   ui_syscalls.obj
 0001:00031980       _trap_Error                40032980 f   ui_syscalls.obj
 0001:000319e0       _trap_Milliseconds         400329e0 f   ui_syscalls.obj
 0001:00031a30       _trap_Cvar_Register        40032a30 f   ui_syscalls.obj
 0001:00031a90       _trap_Cvar_Update          40032a90 f   ui_syscalls.obj
 0001:00031af0       _trap_Cvar_Set             40032af0 f   ui_syscalls.obj
 0001:00031b50       _trap_Cvar_VariableValue   40032b50 f   ui_syscalls.obj
 0001:00031bb0       _trap_Cvar_VariableStringBuffer 40032bb0 f   ui_syscalls.obj
 0001:00031c10       _trap_Cvar_SetValue        40032c10 f   ui_syscalls.obj
 0001:00031c80       _trap_Cvar_Reset           40032c80 f   ui_syscalls.obj
 0001:00031ce0       _trap_Cvar_Create          40032ce0 f   ui_syscalls.obj
 0001:00031d40       _trap_Cvar_InfoStringBuffer 40032d40 f   ui_syscalls.obj
 0001:00031da0       _trap_Argc                 40032da0 f   ui_syscalls.obj
 0001:00031df0       _trap_Argv                 40032df0 f   ui_syscalls.obj
 0001:00031e50       _trap_Cmd_ExecuteText      40032e50 f   ui_syscalls.obj
 0001:00031eb0       _trap_FS_FOpenFile         40032eb0 f   ui_syscalls.obj
 0001:00031f10       _trap_FS_Read              40032f10 f   ui_syscalls.obj
 0001:00031f70       _trap_FS_Write             40032f70 f   ui_syscalls.obj
 0001:00031fd0       _trap_FS_FCloseFile        40032fd0 f   ui_syscalls.obj
 0001:00032030       _trap_FS_GetFileList       40033030 f   ui_syscalls.obj
 0001:00032090       _trap_FS_Seek              40033090 f   ui_syscalls.obj
 0001:000320f0       _trap_R_RegisterModel      400330f0 f   ui_syscalls.obj
 0001:00032150       _trap_R_RegisterSkin       40033150 f   ui_syscalls.obj
 0001:000321b0       _trap_R_RegisterFont       400331b0 f   ui_syscalls.obj
 0001:00032210       _trap_R_RegisterShaderNoMip 40033210 f   ui_syscalls.obj
 0001:00032270       _trap_R_ClearScene         40033270 f   ui_syscalls.obj
 0001:000322c0       _trap_R_AddRefEntityToScene 400332c0 f   ui_syscalls.obj
 0001:00032320       _trap_R_AddPolyToScene     40033320 f   ui_syscalls.obj
 0001:00032380       _trap_R_AddLightToScene    40033380 f   ui_syscalls.obj
 0001:00032420       _trap_R_RenderScene        40033420 f   ui_syscalls.obj
 0001:00032480       _trap_R_SetColor           40033480 f   ui_syscalls.obj
 0001:000324e0       _trap_R_DrawStretchPic     400334e0 f   ui_syscalls.obj
 0001:000325c0       _trap_R_ModelBounds        400335c0 f   ui_syscalls.obj
 0001:00032620       _trap_UpdateScreen         40033620 f   ui_syscalls.obj
 0001:00032670       _trap_CM_LerpTag           40033670 f   ui_syscalls.obj
 0001:000326f0       _trap_S_StartLocalSound    400336f0 f   ui_syscalls.obj
 0001:00032750       _trap_S_RegisterSound      40033750 f   ui_syscalls.obj
 0001:000327b0       _trap_Key_KeynumToStringBuf 400337b0 f   ui_syscalls.obj
 0001:00032810       _trap_Key_GetBindingBuf    40033810 f   ui_syscalls.obj
 0001:00032870       _trap_Key_SetBinding       40033870 f   ui_syscalls.obj
 0001:000328d0       _trap_Key_IsDown           400338d0 f   ui_syscalls.obj
 0001:00032930       _trap_Key_GetOverstrikeMode 40033930 f   ui_syscalls.obj
 0001:00032980       _trap_Key_SetOverstrikeMode 40033980 f   ui_syscalls.obj
 0001:000329e0       _trap_Key_ClearStates      400339e0 f   ui_syscalls.obj
 0001:00032a30       _trap_Key_GetCatcher       40033a30 f   ui_syscalls.obj
 0001:00032a80       _trap_Key_SetCatcher       40033a80 f   ui_syscalls.obj
 0001:00032ae0       _trap_GetClipboardData     40033ae0 f   ui_syscalls.obj
 0001:00032b40       _trap_GetClientState       40033b40 f   ui_syscalls.obj
 0001:00032ba0       _trap_GetGlconfig          40033ba0 f   ui_syscalls.obj
 0001:00032c00       _trap_GetConfigString      40033c00 f   ui_syscalls.obj
 0001:00032c60       _trap_LAN_GetServerCount   40033c60 f   ui_syscalls.obj
 0001:00032cc0       _trap_LAN_GetServerAddressString 40033cc0 f   ui_syscalls.obj
 0001:00032d20       _trap_LAN_GetServerInfo    40033d20 f   ui_syscalls.obj
 0001:00032d80       _trap_LAN_GetServerPing    40033d80 f   ui_syscalls.obj
 0001:00032de0       _trap_LAN_GetPingQueueCount 40033de0 f   ui_syscalls.obj
 0001:00032e30       _trap_LAN_ServerStatus     40033e30 f   ui_syscalls.obj
 0001:00032e90       _trap_LAN_SaveCachedServers 40033e90 f   ui_syscalls.obj
 0001:00032ee0       _trap_LAN_LoadCachedServers 40033ee0 f   ui_syscalls.obj
 0001:00032f30       _trap_LAN_ResetPings       40033f30 f   ui_syscalls.obj
 0001:00032f90       _trap_LAN_ClearPing        40033f90 f   ui_syscalls.obj
 0001:00032ff0       _trap_LAN_GetPing          40033ff0 f   ui_syscalls.obj
 0001:00033050       _trap_LAN_GetPingInfo      40034050 f   ui_syscalls.obj
 0001:000330b0       _trap_LAN_MarkServerVisible 400340b0 f   ui_syscalls.obj
 0001:00033110       _trap_LAN_ServerIsVisible  40034110 f   ui_syscalls.obj
 0001:00033170       _trap_LAN_UpdateVisiblePings 40034170 f   ui_syscalls.obj
 0001:000331d0       _trap_LAN_AddServer        400341d0 f   ui_syscalls.obj
 0001:00033230       _trap_LAN_RemoveServer     40034230 f   ui_syscalls.obj
 0001:00033290       _trap_LAN_CompareServers   40034290 f   ui_syscalls.obj
 0001:00033300       _trap_MemoryRemaining      40034300 f   ui_syscalls.obj
 0001:00033350       _trap_GetCDKey             40034350 f   ui_syscalls.obj
 0001:000333b0       _trap_SetCDKey             400343b0 f   ui_syscalls.obj
 0001:00033410       _trap_PC_AddGlobalDefine   40034410 f   ui_syscalls.obj
 0001:00033470       _trap_PC_LoadSource        40034470 f   ui_syscalls.obj
 0001:000334d0       _trap_PC_FreeSource        400344d0 f   ui_syscalls.obj
 0001:00033530       _trap_PC_ReadToken         40034530 f   ui_syscalls.obj
 0001:00033590       _trap_PC_SourceFileAndLine 40034590 f   ui_syscalls.obj
 0001:000335f0       _trap_S_StopBackgroundTrack 400345f0 f   ui_syscalls.obj
 0001:00033640       _trap_S_StartBackgroundTrack 40034640 f   ui_syscalls.obj
 0001:000336a0       _trap_RealTime             400346a0 f   ui_syscalls.obj
 0001:00033700       _trap_CIN_PlayCinematic    40034700 f   ui_syscalls.obj
 0001:00033770       _trap_CIN_StopCinematic    40034770 f   ui_syscalls.obj
 0001:000337d0       _trap_CIN_RunCinematic     400347d0 f   ui_syscalls.obj
 0001:00033830       _trap_CIN_DrawCinematic    40034830 f   ui_syscalls.obj
 0001:00033890       _trap_CIN_SetExtents       40034890 f   ui_syscalls.obj
 0001:00033900       _trap_R_RemapShader        40034900 f   ui_syscalls.obj
 0001:00033960       _trap_VerifyCDKey          40034960 f   ui_syscalls.obj
 0001:000339c0       _trap_SetPbClStatus        400349c0 f   ui_syscalls.obj
 0001:00033a20       _TeamMain_MenuInit         40034a20 f   ui_team.obj
 0001:00033ee0       _TeamMain_Cache            40034ee0 f   ui_team.obj
 0001:00033f30       _UI_TeamMainMenu           40034f30 f   ui_team.obj
 0001:00033f80       _UI_TeamOrdersMenu_Key     40034f80 f   ui_teamorders.obj
 0001:000341f0       _UI_TeamOrdersMenu_Cache   400351f0 f   ui_teamorders.obj
 0001:00034260       _UI_TeamOrdersMenu         40035260 f   ui_teamorders.obj
 0001:00034b80       _UI_TeamOrdersMenu_f       40035b80 f   ui_teamorders.obj
 0001:00034ca0       _DriverInfo_Cache          40035ca0 f   ui_video.obj
 0001:00034d20       _GraphicsOptions_MenuDraw  40035d20 f   ui_video.obj
 0001:00035140       _GraphicsOptions_MenuInit  40036140 f   ui_video.obj
 0001:00036b10       _GraphicsOptions_Cache     40037b10 f   ui_video.obj
 0001:00036bb0       _UI_GraphicsOptionsMenu    40037bb0 f   ui_video.obj
 0001:00036c10       __chkesp                   40037c10 f   LIBCMTD:chkesp.obj
 0001:00036c50       __fpmath                   40037c50 f   LIBCMTD:fpinit.obj
 0001:00036c80       __fpclear                  40037c80 f   LIBCMTD:fpinit.obj
 0001:00036c90       __cfltcvt_init             40037c90 f   LIBCMTD:fpinit.obj
 0001:00036ce0       ___setfflag                40037ce0 f   LIBCMTD:fpinit.obj
 0001:00036d00       __CIsin                    40037d00 f   LIBCMTD:sin.obj
 0001:00036d14       _sin                       40037d14 f   LIBCMTD:sin.obj
 0001:00036db0       __CIcos                    40037db0 f   LIBCMTD:cos.obj
 0001:00036dc4       _cos                       40037dc4 f   LIBCMTD:cos.obj
 0001:00036e60       _atof                      40037e60 f   LIBCMTD:atof.obj
 0001:00036ee0       _fabs                      40037ee0 f   LIBCMTD:fabs.obj
 0001:00036fd4       __ftol                     40037fd4 f   LIBCMTD:ftol.obj
 0001:00037000       _memset                    40038000 f   LIBCMTD:memset.obj
 0001:00037060       _memcpy                    40038060 f   LIBCMTD:memcpy.obj
 0001:000373a0       __CIsqrt                   400383a0 f   LIBCMTD:sqrt.obj
 0001:000373b4       _sqrt                      400383b4 f   LIBCMTD:sqrt.obj
 0001:00037460       _atan2                     40038460 f   LIBCMTD:87ctriga.obj
 0001:0003746a       __CIatan2                  4003846a f   LIBCMTD:87ctriga.obj
 0001:00037480       __assert                   40038480 f   LIBCMTD:assert.obj
 0001:00037800       _strlen                    40038800 f   LIBCMTD:strlen.obj
 0001:00037880       _vsprintf                  40038880 f   LIBCMTD:vsprintf.obj
 0001:00037980       _strcmp                    40038980 f   LIBCMTD:strcmp.obj
 0001:00037a10       _strncpy                   40038a10 f   LIBCMTD:strncpy.obj
 0001:00037b10       __tolower                  40038b10 f   LIBCMTD:tolower.obj
 0001:00037b20       _tolower                   40038b20 f   LIBCMTD:tolower.obj
 0001:00037bc0       __tolower_lk               40038bc0 f   LIBCMTD:tolower.obj
 0001:00037cf0       __toupper                  40038cf0 f   LIBCMTD:toupper.obj
 0001:00037d00       _toupper                   40038d00 f   LIBCMTD:toupper.obj
 0001:00037da0       __toupper_lk               40038da0 f   LIBCMTD:toupper.obj
 0001:00037ed0       __alloca_probe             40038ed0 f   LIBCMTD:chkstk.obj
 0001:00037ed0       __chkstk                   40038ed0 f   LIBCMTD:chkstk.obj
 0001:00037f00       _strcpy                    40038f00 f   LIBCMTD:strcat.obj
 0001:00037f10       _strcat                    40038f10 f   LIBCMTD:strcat.obj
 0001:00038000       _strchr                    40039000 f   LIBCMTD:strchr.obj
 0001:00038006       ___from_strstr_to_strchr   40039006 f   LIBCMTD:strchr.obj
 0001:000380c0       _atol                      400390c0 f   LIBCMTD:atox.obj
 0001:000381c0       _atoi                      400391c0 f   LIBCMTD:atox.obj
 0001:000381e0       __atoi64                   400391e0 f   LIBCMTD:atox.obj
 0001:00038310       _qsort                     40039310 f   LIBCMTD:qsort.obj
 0001:00038610       _strstr                    40039610 f   LIBCMTD:strstr.obj
 0001:00038690       _memmove                   40039690 f   LIBCMTD:memmove.obj
 0001:000389d0       _srand                     400399d0 f   LIBCMTD:rand.obj
 0001:000389e0       _rand                      400399e0 f   LIBCMTD:rand.obj
 0001:00038a20       __CItan                    40039a20 f   LIBCMTD:tan.obj
 0001:00038a34       _tan                       40039a34 f   LIBCMTD:tan.obj
 0001:00038ae0       __CRT_INIT@12              40039ae0 f   LIBCMTD:dllcrt0.obj
 0001:00038c20       __DllMainCRTStartup@12     40039c20 f   LIBCMTD:dllcrt0.obj
 0001:00038d20       __amsg_exit                40039d20 f   LIBCMTD:dllcrt0.obj
 0001:00038d60       __CrtDbgBreak              40039d60 f   LIBCMTD:dbgrpt.obj
 0001:00038d70       __CrtSetReportMode         40039d70 f   LIBCMTD:dbgrpt.obj
 0001:00038dd0       __CrtSetReportFile         40039dd0 f   LIBCMTD:dbgrpt.obj
 0001:00038e50       __CrtSetReportHook         40039e50 f   LIBCMTD:dbgrpt.obj
 0001:00038e70       __CrtDbgReport             40039e70 f   LIBCMTD:dbgrpt.obj
 0001:00039510       __setdefaultprecision      4003a510 f   LIBCMTD:fp8.obj
 0001:00039530       __ms_p5_test_fdiv          4003a530 f   LIBCMTD:testfdiv.obj
 0001:00039590       __ms_p5_mp_test_fdiv       4003a590 f   LIBCMTD:testfdiv.obj
 0001:000395e0       __forcdecpt                4003a5e0 f   LIBCMTD:cvt.obj
 0001:00039690       __cropzeros                4003a690 f   LIBCMTD:cvt.obj
 0001:00039770       __positive                 4003a770 f   LIBCMTD:cvt.obj
 0001:000397a0       __fassign                  4003a7a0 f   LIBCMTD:cvt.obj
 0001:000397f0       __cftoe                    4003a7f0 f   LIBCMTD:cvt.obj
 0001:000399e0       __cftof                    4003a9e0 f   LIBCMTD:cvt.obj
 0001:00039b90       __cftog                    4003ab90 f   LIBCMTD:cvt.obj
 0001:00039c80       __cfltcvt                  4003ac80 f   LIBCMTD:cvt.obj
 0001:00039d10       __trandisp1                4003ad10 f   LIBCMTD:87disp.obj
 0001:00039d77       __trandisp2                4003ad77 f   LIBCMTD:87disp.obj
 0001:00039e03       __rttospopde               4003ae03 f   LIBCMTD:87disp.obj
 0001:00039e08       __rttospop                 4003ae08 f   LIBCMTD:87disp.obj
 0001:00039e0a       __rtnospop                 4003ae0a f   LIBCMTD:87disp.obj
 0001:00039e0c       __rttosnpop                4003ae0c f   LIBCMTD:87disp.obj
 0001:00039e0d       __rtnospopde               4003ae0d f   LIBCMTD:87disp.obj
 0001:00039e14       __rtzeropop                4003ae14 f   LIBCMTD:87disp.obj
 0001:00039e16       __rtzeronpop               4003ae16 f   LIBCMTD:87disp.obj
 0001:00039e1b       __rtonepop                 4003ae1b f   LIBCMTD:87disp.obj
 0001:00039e1d       __rtonenpop                4003ae1d f   LIBCMTD:87disp.obj
 0001:00039e22       __tosnan1                  4003ae22 f   LIBCMTD:87disp.obj
 0001:00039e4d       __nosnan2                  4003ae4d f   LIBCMTD:87disp.obj
 0001:00039e4f       __tosnan2                  4003ae4f f   LIBCMTD:87disp.obj
 0001:00039e77       __nan2                     4003ae77 f   LIBCMTD:87disp.obj
 0001:00039eb6       __rtindfpop                4003aeb6 f   LIBCMTD:87disp.obj
 0001:00039eb8       __rtindfnpop               4003aeb8 f   LIBCMTD:87disp.obj
 0001:00039ec9       __rttosnpopde              4003aec9 f   LIBCMTD:87disp.obj
 0001:00039ed3       __rtchsifneg               4003aed3 f   LIBCMTD:87disp.obj
 0001:00039ee0       __twoToTOS                 4003aee0 f   LIBCMTD:common.obj
 0001:00039ef5       __load_CW                  4003aef5 f   LIBCMTD:common.obj
 0001:00039f0c       __convertTOStoQNaN         4003af0c f   LIBCMTD:common.obj
 0001:00039f25       __fload_withFB             4003af25 f   LIBCMTD:common.obj
 0001:00039f68       __checkTOS_withFB          4003af68 f   LIBCMTD:common.obj
 0001:00039f7e       __fast_exit                4003af7e f   LIBCMTD:common.obj
 0001:00039f8b       __math_exit                4003af8b f   LIBCMTD:common.obj
 0001:00039fb5       __check_overflow_exit      4003afb5 f   LIBCMTD:common.obj
 0001:00039fc9       __check_range_exit         4003afc9 f   LIBCMTD:common.obj
 0001:0003a070       __startTwoArgErrorHandling 4003b070 f   LIBCMTD:genexcep.obj
 0001:0003a087       __startOneArgErrorHandling 4003b087 f   LIBCMTD:genexcep.obj
 0001:0003a0d0       __fltin2                   4003b0d0 f   LIBCMTD:cfin.obj
 0001:0003a190       __isctype                  4003b190 f   LIBCMTD:isctype.obj
 0001:0003a250       __handle_qnan1             4003b250 f   LIBCMTD:fpexcept.obj
 0001:0003a2b0       __handle_qnan2             4003b2b0 f   LIBCMTD:fpexcept.obj
 0001:0003a320       __except1                  4003b320 f   LIBCMTD:fpexcept.obj
 0001:0003a3e0       __except2                  4003b3e0 f   LIBCMTD:fpexcept.obj
 0001:0003a4b0       __raise_exc                4003b4b0 f   LIBCMTD:fpexcept.obj
 0001:0003a980       __handle_exc               4003b980 f   LIBCMTD:fpexcept.obj
 0001:0003ad00       __umatherr                 4003bd00 f   LIBCMTD:fpexcept.obj
 0001:0003ada0       __set_errno                4003bda0 f   LIBCMTD:fpexcept.obj
 0001:0003ae20       __errcode                  4003be20 f   LIBCMTD:fpexcept.obj
 0001:0003aea0       __set_exp                  4003bea0 f   LIBCMTD:util.obj
 0001:0003aee0       __get_exp                  4003bee0 f   LIBCMTD:util.obj
 0001:0003af10       __add_exp                  4003bf10 f   LIBCMTD:util.obj
 0001:0003af50       __set_bexp                 4003bf50 f   LIBCMTD:util.obj
 0001:0003af90       __sptype                   4003bf90 f   LIBCMTD:util.obj
 0001:0003b010       __decomp                   4003c010 f   LIBCMTD:util.obj
 0001:0003b150       __statfp                   4003c150 f   LIBCMTD:fpctrl.obj
 0001:0003b170       __clrfp                    4003c170 f   LIBCMTD:fpctrl.obj
 0001:0003b190       __ctrlfp                   4003c190 f   LIBCMTD:fpctrl.obj
 0001:0003b1d0       __set_statfp               4003c1d0 f   LIBCMTD:fpctrl.obj
 0001:0003b26c       __fFATN2                   4003c26c f   LIBCMTD:87triga.obj
 0001:0003b2bc       __rtpiby2                  4003c2bc f   LIBCMTD:87triga.obj
 0001:0003b300       __cintrindisp2             4003c300 f   LIBCMTD:87cdisp.obj
 0001:0003b33e       __cintrindisp1             4003c33e f   LIBCMTD:87cdisp.obj
 0001:0003b37b       __ctrandisp2               4003c37b f   LIBCMTD:87cdisp.obj
 0001:0003b4fb       __ctrandisp1               4003c4fb f   LIBCMTD:87cdisp.obj
 0001:0003b52e       __fload                    4003c52e f   LIBCMTD:87cdisp.obj
 0001:0003b570       _abort                     4003c570 f   LIBCMTD:abort.obj
 0001:0003b590       __cinit                    4003c590 f   LIBCMTD:crt0dat.obj
 0001:0003b5d0       _exit                      4003c5d0 f   LIBCMTD:crt0dat.obj
 0001:0003b5f0       __exit                     4003c5f0 f   LIBCMTD:crt0dat.obj
 0001:0003b610       __cexit                    4003c610 f   LIBCMTD:crt0dat.obj
 0001:0003b630       __c_exit                   4003c630 f   LIBCMTD:crt0dat.obj
 0001:0003b740       __lockexit                 4003c740 f   LIBCMTD:crt0dat.obj
 0001:0003b750       __unlockexit               4003c750 f   LIBCMTD:crt0dat.obj
 0001:0003b790       _signal                    4003c790 f   LIBCMTD:winsig.obj
 0001:0003ba60       _raise                     4003ca60 f   LIBCMTD:winsig.obj
 0001:0003bd00       ___fpecode                 4003cd00 f   LIBCMTD:winsig.obj
 0001:0003bd10       ___pxcptinfoptrs           4003cd10 f   LIBCMTD:winsig.obj
 0001:0003bd20       ___crtMessageBoxA          4003cd20 f   LIBCMTD:crtmbox.obj
 0001:0003bde0       __itoa                     4003cde0 f   LIBCMTD:xtoa.obj
 0001:0003bf00       __ltoa                     4003cf00 f   LIBCMTD:xtoa.obj
 0001:0003bf40       __ultoa                    4003cf40 f   LIBCMTD:xtoa.obj
 0001:0003bf60       __i64toa                   4003cf60 f   LIBCMTD:xtoa.obj
 0001:0003c0b0       __ui64toa                  4003d0b0 f   LIBCMTD:xtoa.obj
 0001:0003c0d0       _strncat                   4003d0d0 f   LIBCMTD:strncat.obj
 0001:0003c200       _fflush                    4003d200 f   LIBCMTD:fflush.obj
 0001:0003c250       __fflush_lk                4003d250 f   LIBCMTD:fflush.obj
 0001:0003c2a0       __flush                    4003d2a0 f   LIBCMTD:fflush.obj
 0001:0003c360       __flushall                 4003d360 f   LIBCMTD:fflush.obj
 0001:0003c4b0       _fprintf                   4003d4b0 f   LIBCMTD:fprintf.obj
 0001:0003c580       _setvbuf                   4003d580 f   LIBCMTD:setvbuf.obj
 0001:0003c6f0       ___initstdio               4003d6f0 f   LIBCMTD:_file.obj
 0001:0003c820       ___endstdio                4003d820 f   LIBCMTD:_file.obj
 0001:0003c840       __lock_file                4003d840 f   LIBCMTD:_file.obj
 0001:0003c880       __lock_file2               4003d880 f   LIBCMTD:_file.obj
 0001:0003c8b0       __unlock_file              4003d8b0 f   LIBCMTD:_file.obj
 0001:0003c8f0       __unlock_file2             4003d8f0 f   LIBCMTD:_file.obj
 0001:0003c920       __flsbuf                   4003d920 f   LIBCMTD:_flsbuf.obj
 0001:0003cba0       __output                   4003dba0 f   LIBCMTD:output.obj
 0001:0003da40       __mtinitlocks              4003ea40 f   LIBCMTD:mlock.obj
 0001:0003da80       __mtdeletelocks            4003ea80 f   LIBCMTD:mlock.obj
 0001:0003db20       __lock                     4003eb20 f   LIBCMTD:mlock.obj
 0001:0003dbc0       __unlock                   4003ebc0 f   LIBCMTD:mlock.obj
 0001:0003dbe0       __lockerr_exit             4003ebe0 f   LIBCMTD:mlock.obj
 0001:0003dc00       _setlocale                 4003ec00 f   LIBCMTD:setlocal.obj
 0001:0003e290       __expandlocale             4003f290 f   LIBCMTD:setlocal.obj
 0001:0003e420       ___init_dummy              4003f420 f   LIBCMTD:setlocal.obj
 0001:0003e430       __strcats                  4003f430 f   LIBCMTD:setlocal.obj
 0001:0003e480       ___lc_strtolc              4003f480 f   LIBCMTD:setlocal.obj
 0001:0003e5e0       ___lc_lctostr              4003f5e0 f   LIBCMTD:setlocal.obj
 0001:0003e650       ___crtLCMapStringA         4003f650 f   LIBCMTD:a_map.obj
 0001:0003e9b0       __allmul                   4003f9b0 f   LIBCMTD:llmul.obj
 0001:0003e9f0       __mtinit                   4003f9f0 f   LIBCMTD:tidtable.obj
 0001:0003ea80       __mtterm                   4003fa80 f   LIBCMTD:tidtable.obj
 0001:0003eab0       __initptd                  4003fab0 f   LIBCMTD:tidtable.obj
 0001:0003ead0       __getptd                   4003fad0 f   LIBCMTD:tidtable.obj
 0001:0003eb70       __freeptd                  4003fb70 f   LIBCMTD:tidtable.obj
 0001:0003ec80       ___threadid                4003fc80 f   LIBCMTD:tidtable.obj
 0001:0003ec90       ___threadhandle            4003fc90 f   LIBCMTD:tidtable.obj
 0001:0003eca0       __ioinit                   4003fca0 f   LIBCMTD:ioinit.obj
 0001:0003efd0       __ioterm                   4003ffd0 f   LIBCMTD:ioinit.obj
 0001:0003f070       _malloc                    40040070 f   LIBCMTD:dbgheap.obj
 0001:0003f090       __malloc_dbg               40040090 f   LIBCMTD:dbgheap.obj
 0001:0003f0c0       __nh_malloc                400400c0 f   LIBCMTD:dbgheap.obj
 0001:0003f0e0       __nh_malloc_dbg            400400e0 f   LIBCMTD:dbgheap.obj
 0001:0003f140       __heap_alloc               40040140 f   LIBCMTD:dbgheap.obj
 0001:0003f160       __heap_alloc_dbg           40040160 f   LIBCMTD:dbgheap.obj
 0001:0003f480       _calloc                    40040480 f   LIBCMTD:dbgheap.obj
 0001:0003f4a0       __calloc_dbg               400404a0 f   LIBCMTD:dbgheap.obj
 0001:0003f500       _realloc                   40040500 f   LIBCMTD:dbgheap.obj
 0001:0003f520       __realloc_dbg              40040520 f   LIBCMTD:dbgheap.obj
 0001:0003fa80       __expand                   40040a80 f   LIBCMTD:dbgheap.obj
 0001:0003faa0       __expand_dbg               40040aa0 f   LIBCMTD:dbgheap.obj
 0001:0003fae0       _free                      40040ae0 f   LIBCMTD:dbgheap.obj
 0001:0003fb00       __free_lk                  40040b00 f   LIBCMTD:dbgheap.obj
 0001:0003fb20       __free_dbg                 40040b20 f   LIBCMTD:dbgheap.obj
 0001:0003fb50       __free_dbg_lk              40040b50 f   LIBCMTD:dbgheap.obj
 0001:0003ff40       __msize                    40040f40 f   LIBCMTD:dbgheap.obj
 0001:0003ff60       __msize_dbg                40040f60 f   LIBCMTD:dbgheap.obj
 0001:000400c0       __CrtSetBreakAlloc         400410c0 f   LIBCMTD:dbgheap.obj
 0001:000400e0       __CrtSetDbgBlockType       400410e0 f   LIBCMTD:dbgheap.obj
 0001:00040180       __CrtSetAllocHook          40041180 f   LIBCMTD:dbgheap.obj
 0001:00040230       __CrtCheckMemory           40041230 f   LIBCMTD:dbgheap.obj
 0001:000405a0       __CrtSetDbgFlag            400415a0 f   LIBCMTD:dbgheap.obj
 0001:000405d0       __CrtDoForAllClientObjects 400415d0 f   LIBCMTD:dbgheap.obj
 0001:00040640       __CrtIsValidPointer        40041640 f   LIBCMTD:dbgheap.obj
 0001:00040690       __CrtIsValidHeapPointer    40041690 f   LIBCMTD:dbgheap.obj
 0001:00040720       __CrtIsMemoryBlock         40041720 f   LIBCMTD:dbgheap.obj
 0001:00040810       __CrtSetDumpClient         40041810 f   LIBCMTD:dbgheap.obj
 0001:00040830       __CrtMemCheckpoint         40041830 f   LIBCMTD:dbgheap.obj
 0001:000409a0       __CrtMemDifference         400419a0 f   LIBCMTD:dbgheap.obj
 0001:00040ad0       __CrtMemDumpAllObjectsSince 40041ad0 f   LIBCMTD:dbgheap.obj
 0001:00040eb0       __CrtDumpMemoryLeaks       40041eb0 f   LIBCMTD:dbgheap.obj
 0001:00040f30       __CrtMemDumpStatistics     40041f30 f   LIBCMTD:dbgheap.obj
 0001:00041000       __setenvp                  40042000 f   LIBCMTD:stdenvp.obj
 0001:00041150       __setargv                  40042150 f   LIBCMTD:stdargv.obj
 0001:00041660       ___crtGetEnvironmentStringsA 40042660 f   LIBCMTD:a_env.obj
 0001:00041880       __heap_init                40042880 f   LIBCMTD:heapinit.obj
 0001:000418d0       __heap_term                400428d0 f   LIBCMTD:heapinit.obj
 0001:00041970       _DllMain@12                40042970 f   LIBCMTD:dllmain.obj
 0001:00041980       __FF_MSGBANNER             40042980 f   LIBCMTD:crt0msg.obj
 0001:000419d0       __NMSG_WRITE               400429d0 f   LIBCMTD:crt0msg.obj
 0001:00041b90       __GET_RTERRMSG             40042b90 f   LIBCMTD:crt0msg.obj
 0001:00041be0       __snprintf                 40042be0 f   LIBCMTD:snprintf.obj
 0001:00041ce0       __vsnprintf                40042ce0 f   LIBCMTD:vsnprint.obj
 0001:00041de0       __statusfp                 40042de0 f   LIBCMTD:ieee87.obj
 0001:00041e00       __clearfp                  40042e00 f   LIBCMTD:ieee87.obj
 0001:00041e20       __control87                40042e20 f   LIBCMTD:ieee87.obj
 0001:00041e70       __controlfp                40042e70 f   LIBCMTD:ieee87.obj
 0001:00041e90       __fpreset                  40042e90 f   LIBCMTD:ieee87.obj
 0001:00042280       __ZeroTail                 40043280 f   LIBCMTD:intrncvt.obj
 0001:00042310       __IncMan                   40043310 f   LIBCMTD:intrncvt.obj
 0001:000423c0       __RoundMan                 400433c0 f   LIBCMTD:intrncvt.obj
 0001:000424a0       __CopyMan                  400434a0 f   LIBCMTD:intrncvt.obj
 0001:000424f0       __FillZeroMan              400434f0 f   LIBCMTD:intrncvt.obj
 0001:00042520       __IsZeroMan                40043520 f   LIBCMTD:intrncvt.obj
 0001:00042560       __ShrMan                   40043560 f   LIBCMTD:intrncvt.obj
 0001:00042650       __ld12cvt                  40043650 f   LIBCMTD:intrncvt.obj
 0001:000428a0       __ld12tod                  400438a0 f   LIBCMTD:intrncvt.obj
 0001:000428c0       __ld12tof                  400438c0 f   LIBCMTD:intrncvt.obj
 0001:000428e0       __ld12told                 400438e0 f   LIBCMTD:intrncvt.obj
 0001:000429a0       __atodbl                   400439a0 f   LIBCMTD:intrncvt.obj
 0001:000429e0       __atoldbl                  400439e0 f   LIBCMTD:intrncvt.obj
 0001:00042a20       __atoflt                   40043a20 f   LIBCMTD:intrncvt.obj
 0001:00042a60       __fptostr                  40043a60 f   LIBCMTD:_fptostr.obj
 0001:00042b60       __fltout2                  40043b60 f   LIBCMTD:cfout.obj
 0001:00042be0       ___dtold                   40043be0 f   LIBCMTD:cfout.obj
 0001:00042d50       __fptrap                   40043d50 f   LIBCMTD:crt0fp.obj
 0001:00042d60       __87except                 40043d60 f   LIBCMTD:87except.obj
 0001:00042ee0       ___strgtold12              40043ee0 f   LIBCMTD:strgtold.obj
 0001:00043a10       ___STRINGTOLD              40044a10 f   LIBCMTD:strgtold.obj
 0001:00043a60       ___crtGetStringTypeA       40044a60 f   LIBCMTD:a_str.obj
 0001:00043c20       __dosmaperr                40044c20 f   LIBCMTD:dosmap.obj
 0001:00043cc0       __errno                    40044cc0 f   LIBCMTD:dosmap.obj
 0001:00043cd0       ___doserrno                40044cd0 f   LIBCMTD:dosmap.obj
 0001:00043ce0       __matherr                  40044ce0 f   LIBCMTD:matherr.obj
 0001:00043cf0       __XcptFilter               40044cf0 f   LIBCMTD:winxfltr.obj
 0001:00043f10       __aulldiv                  40044f10 f   LIBCMTD:ulldiv.obj
 0001:00043f80       __aullrem                  40044f80 f   LIBCMTD:ullrem.obj
 0001:00044000       __commit                   40045000 f   LIBCMTD:commit.obj
 0001:000440e0       __write                    400450e0 f   LIBCMTD:write.obj
 0001:00044170       __write_lk                 40045170 f   LIBCMTD:write.obj
 0001:000443f0       __stbuf                    400453f0 f   LIBCMTD:_sftbuf.obj
 0001:00044550       __ftbuf                    40045550 f   LIBCMTD:_sftbuf.obj
 0001:000445f0       __freebuf                  400455f0 f   LIBCMTD:_freebuf.obj
 0001:00044690       __fcloseall                40045690 f   LIBCMTD:closeall.obj
 0001:00044770       __lseek                    40045770 f   LIBCMTD:lseek.obj
 0001:00044800       __lseek_lk                 40045800 f   LIBCMTD:lseek.obj
 0001:000448c0       __getbuf                   400458c0 f   LIBCMTD:_getbuf.obj
 0001:00044990       __isatty                   40045990 f   LIBCMTD:isatty.obj
 0001:000449d0       _wctomb                    400459d0 f   LIBCMTD:wctomb.obj
 0001:00044a50       __wctomb_lk                40045a50 f   LIBCMTD:wctomb.obj
 0001:00044af0       ___init_time               40045af0 f   LIBCMTD:inittime.obj
 0001:00045470       ___init_numeric            40046470 f   LIBCMTD:initnum.obj
 0001:000457a0       ___init_monetary           400467a0 f   LIBCMTD:initmon.obj
 0001:00045c00       ___init_ctype              40046c00 f   LIBCMTD:initctyp.obj
 0001:00045fa0       ___init_collate            40046fa0 f   LIBCMTD:initcoll.obj
 0001:00045fb0       _strcspn                   40046fb0 f   LIBCMTD:strcspn.obj
 0001:00045ff0       _strncmp                   40046ff0 f   LIBCMTD:strncmp.obj
 0001:00046030       _strpbrk                   40047030 f   LIBCMTD:strpbrk.obj
 0001:00046070       ___get_qualified_locale    40047070 f   LIBCMTD:getqloc.obj
 0001:00046e08       __global_unwind2           40047e08 f   LIBCMTD:exsup.obj
 0001:00046e4a       __local_unwind2            40047e4a f   LIBCMTD:exsup.obj
 0001:00046ea2       __NLG_Return2              40047ea2 f   LIBCMTD:exsup.obj
 0001:00046eb2       __abnormal_termination     40047eb2 f   LIBCMTD:exsup.obj
 0001:00046ed5       __NLG_Notify1              40047ed5 f   LIBCMTD:exsup.obj
 0001:00046ede       __NLG_Notify               40047ede f   LIBCMTD:exsup.obj
 0001:00046ef1       __NLG_Dispatch             40047ef1 f   LIBCMTD:exsup.obj
 0001:00046f00       __except_handler3          40047f00 f   LIBCMTD:exsup3.obj
 0001:00046fbd       __seh_longjmp_unwind@4     40047fbd f   LIBCMTD:exsup3.obj
 0001:00046fe0       ?_set_new_handler@@YAP6AHI@ZP6AHI@Z@Z 40047fe0 f   LIBCMTD:handler.obj
 0001:00047010       ?_query_new_handler@@YAP6AHI@ZXZ 40048010 f   LIBCMTD:handler.obj
 0001:00047020       __callnewh                 40048020 f   LIBCMTD:handler.obj
 0001:00047050       __malloc_base              40048050 f   LIBCMTD:malloc.obj
 0001:00047070       __nh_malloc_base           40048070 f   LIBCMTD:malloc.obj
 0001:000470d0       __heap_alloc_base          400480d0 f   LIBCMTD:malloc.obj
 0001:00047140       __CrtDefaultAllocHook      40048140 f   LIBCMTD:dbghook.obj
 0001:00047150       __expand_base              40048150 f   LIBCMTD:expand.obj
 0001:00047200       __realloc_base             40048200 f   LIBCMTD:realloc.obj
 0001:000473f0       __free_base                400483f0 f   LIBCMTD:free.obj
 0001:00047460       __heapchk                  40048460 f   LIBCMTD:heapchk.obj
 0001:000474e0       __heapset                  400484e0 f   LIBCMTD:heapchk.obj
 0001:000474f0       __get_sbh_threshold        400484f0 f   LIBCMTD:sbheap.obj
 0001:00047500       __set_sbh_threshold        40048500 f   LIBCMTD:sbheap.obj
 0001:00047520       ___sbh_heap_init           40048520 f   LIBCMTD:sbheap.obj
 0001:00047580       ___sbh_find_block          40048580 f   LIBCMTD:sbheap.obj
 0001:000475e0       ___sbh_verify_block        400485e0 f   LIBCMTD:sbheap.obj
 0001:00047640       ___sbh_free_block          40048640 f   LIBCMTD:sbheap.obj
 0001:00047c10       ___sbh_alloc_block         40048c10 f   LIBCMTD:sbheap.obj
 0001:00048150       ___sbh_alloc_new_region    40049150 f   LIBCMTD:sbheap.obj
 0001:00048260       ___sbh_alloc_new_group     40049260 f   LIBCMTD:sbheap.obj
 0001:00048450       ___sbh_resize_block        40049450 f   LIBCMTD:sbheap.obj
 0001:00048a40       ___sbh_heapmin             40049a40 f   LIBCMTD:sbheap.obj
 0001:00048b70       ___sbh_heap_check          40049b70 f   LIBCMTD:sbheap.obj
 0001:00049190       _sprintf                   4004a190 f   LIBCMTD:sprintf.obj
 0001:00049290       __setmbcp                  4004a290 f   LIBCMTD:mbctype.obj
 0001:00049a50       __getmbcp                  4004aa50 f   LIBCMTD:mbctype.obj
 0001:00049a70       ___initmbctable            4004aa70 f   LIBCMTD:mbctype.obj
 0001:00049aa0       ___addl                    4004aaa0 f   LIBCMTD:mantold.obj
 0001:00049ae0       ___add_12                  4004aae0 f   LIBCMTD:mantold.obj
 0001:00049b90       ___shl_12                  4004ab90 f   LIBCMTD:mantold.obj
 0001:00049bf0       ___shr_12                  4004abf0 f   LIBCMTD:mantold.obj
 0001:00049c60       ___mtold12                 4004ac60 f   LIBCMTD:mantold.obj
 0001:00049da0       _$I10_OUTPUT               4004ada0 f   LIBCMTD:x10fout.obj
 0001:0004a2c0       ___ld12mul                 4004b2c0 f   LIBCMTD:tenpow.obj
 0001:0004a700       ___multtenpow12            4004b700 f   LIBCMTD:tenpow.obj
 0001:0004a7d0       __alloc_osfhnd             4004b7d0 f   LIBCMTD:osfinfo.obj
 0001:0004a9c0       __set_osfhnd               4004b9c0 f   LIBCMTD:osfinfo.obj
 0001:0004aa80       __free_osfhnd              4004ba80 f   LIBCMTD:osfinfo.obj
 0001:0004ab60       __get_osfhandle            4004bb60 f   LIBCMTD:osfinfo.obj
 0001:0004abd0       __open_osfhandle           4004bbd0 f   LIBCMTD:osfinfo.obj
 0001:0004ace0       __lock_fhandle             4004bce0 f   LIBCMTD:osfinfo.obj
 0001:0004ad70       __unlock_fhandle           4004bd70 f   LIBCMTD:osfinfo.obj
 0001:0004ada0       _fclose                    4004bda0 f   LIBCMTD:fclose.obj
 0001:0004ae30       __fclose_lk                4004be30 f   LIBCMTD:fclose.obj
 0001:0004aef0       __Getdays                  4004bef0 f   LIBCMTD:strftime.obj
 0001:0004b020       __Getmonths                4004c020 f   LIBCMTD:strftime.obj
 0001:0004b150       __Gettnames                4004c150 f   LIBCMTD:strftime.obj
 0001:0004b4c0       _strftime                  4004c4c0 f   LIBCMTD:strftime.obj
 0001:0004b4e0       __Strftime                 4004c4e0 f   LIBCMTD:strftime.obj
 0001:0004c360       ___getlocaleinfo           4004d360 f   LIBCMTD:inithelp.obj
 0001:0004c5f0       _localeconv                4004d5f0 f   LIBCMTD:lconv.obj
 0001:0004c600       ___crtGetStringTypeW       4004d600 f   LIBCMTD:w_str.obj
 0001:0004c870       __strcmpi                  4004d870 f   LIBCMTD:stricmp.obj
 0001:0004c870       __stricmp                  4004d870 f   LIBCMTD:stricmp.obj
 0001:0004c940       __strnicmp                 4004d940 f   LIBCMTD:strnicmp.obj
 0001:0004ca50       __close                    4004da50 f   LIBCMTD:close.obj
 0001:0004cad0       __close_lk                 4004dad0 f   LIBCMTD:close.obj
 0001:0004cb80       ___tzset                   4004db80 f   LIBCMTD:tzset.obj
 0001:0004cbc0       __tzset                    4004dbc0 f   LIBCMTD:tzset.obj
 0001:0004cf90       __isindst                  4004df90 f   LIBCMTD:tzset.obj
 0001:0004d4c0       ___crtGetLocaleInfoW       4004e4c0 f   LIBCMTD:w_loc.obj
 0001:0004d660       ___crtGetLocaleInfoA       4004e660 f   LIBCMTD:a_loc.obj
 0001:0004d810       _getenv                    4004e810 f   LIBCMTD:getenv.obj
 0001:0004d840       __getenv_lk                4004e840 f   LIBCMTD:getenv.obj
 0001:0004d910       __mbsnbicoll               4004e910 f   LIBCMTD:mbsnbico.obj
 0001:0004d960       ___wtomb_environ           4004e960 f   LIBCMTD:wtombenv.obj
 0001:0004da10       ___crtCompareStringA       4004ea10 f   LIBCMTD:a_cmp.obj
 0001:0004de60       ___crtsetenv               4004ee60 f   LIBCMTD:setenv.obj
 0001:0004e2b0       __mbschr                   4004f2b0 f   LIBCMTD:mbschr.obj
 0001:0004e39e       _GetModuleFileNameA@12     4004f39e f   kernel32:KERNEL32.dll
 0001:0004e3a4       _InterlockedDecrement@4    4004f3a4 f   kernel32:KERNEL32.dll
 0001:0004e3aa       _InterlockedIncrement@4    4004f3aa f   kernel32:KERNEL32.dll
 0001:0004e3b0       _GetCommandLineA@0         4004f3b0 f   kernel32:KERNEL32.dll
 0001:0004e3b6       _GetVersion@0              4004f3b6 f   kernel32:KERNEL32.dll
 0001:0004e3bc       _DebugBreak@0              4004f3bc f   kernel32:KERNEL32.dll
 0001:0004e3c2       _GetStdHandle@4            4004f3c2 f   kernel32:KERNEL32.dll
 0001:0004e3c8       _WriteFile@20              4004f3c8 f   kernel32:KERNEL32.dll
 0001:0004e3ce       _OutputDebugStringA@4      4004f3ce f   kernel32:KERNEL32.dll
 0001:0004e3d4       _GetProcAddress@8          4004f3d4 f   kernel32:KERNEL32.dll
 0001:0004e3da       _LoadLibraryA@4            4004f3da f   kernel32:KERNEL32.dll
 0001:0004e3e0       _GetModuleHandleA@4        4004f3e0 f   kernel32:KERNEL32.dll
 0001:0004e3e6       _RaiseException@16         4004f3e6 f   kernel32:KERNEL32.dll
 0001:0004e3ec       _ExitProcess@4             4004f3ec f   kernel32:KERNEL32.dll
 0001:0004e3f2       _TerminateProcess@8        4004f3f2 f   kernel32:KERNEL32.dll
 0001:0004e3f8       _GetCurrentProcess@0       4004f3f8 f   kernel32:KERNEL32.dll
 0001:0004e3fe       _GetLastError@0            4004f3fe f   kernel32:KERNEL32.dll
 0001:0004e404       _SetConsoleCtrlHandler@8   4004f404 f   kernel32:KERNEL32.dll
 0001:0004e40a       _EnterCriticalSection@4    4004f40a f   kernel32:KERNEL32.dll
 0001:0004e410       _LeaveCriticalSection@4    4004f410 f   kernel32:KERNEL32.dll
 0001:0004e416       _InitializeCriticalSection@4 4004f416 f   kernel32:KERNEL32.dll
 0001:0004e41c       _DeleteCriticalSection@4   4004f41c f   kernel32:KERNEL32.dll
 0001:0004e422       _FatalAppExitA@8           4004f422 f   kernel32:KERNEL32.dll
 0001:0004e428       _Sleep@4                   4004f428 f   kernel32:KERNEL32.dll
 0001:0004e42e       _WideCharToMultiByte@32    4004f42e f   kernel32:KERNEL32.dll
 0001:0004e434       _MultiByteToWideChar@24    4004f434 f   kernel32:KERNEL32.dll
 0001:0004e43a       _LCMapStringA@24           4004f43a f   kernel32:KERNEL32.dll
 0001:0004e440       _LCMapStringW@24           4004f440 f   kernel32:KERNEL32.dll
 0001:0004e446       _GetCurrentThreadId@0      4004f446 f   kernel32:KERNEL32.dll
 0001:0004e44c       _TlsSetValue@8             4004f44c f   kernel32:KERNEL32.dll
 0001:0004e452       _TlsAlloc@0                4004f452 f   kernel32:KERNEL32.dll
 0001:0004e458       _TlsFree@4                 4004f458 f   kernel32:KERNEL32.dll
 0001:0004e45e       _SetLastError@4            4004f45e f   kernel32:KERNEL32.dll
 0001:0004e464       _TlsGetValue@4             4004f464 f   kernel32:KERNEL32.dll
 0001:0004e46a       _GetCurrentThread@0        4004f46a f   kernel32:KERNEL32.dll
 0001:0004e470       _SetHandleCount@4          4004f470 f   kernel32:KERNEL32.dll
 0001:0004e476       _GetFileType@4             4004f476 f   kernel32:KERNEL32.dll
 0001:0004e47c       _GetStartupInfoA@4         4004f47c f   kernel32:KERNEL32.dll
 0001:0004e482       _IsBadWritePtr@8           4004f482 f   kernel32:KERNEL32.dll
 0001:0004e488       _IsBadReadPtr@8            4004f488 f   kernel32:KERNEL32.dll
 0001:0004e48e       _HeapValidate@12           4004f48e f   kernel32:KERNEL32.dll
 0001:0004e494       _FreeEnvironmentStringsA@4 4004f494 f   kernel32:KERNEL32.dll
 0001:0004e49a       _FreeEnvironmentStringsW@4 4004f49a f   kernel32:KERNEL32.dll
 0001:0004e4a0       _GetEnvironmentStrings@0   4004f4a0 f   kernel32:KERNEL32.dll
 0001:0004e4a6       _GetEnvironmentStringsW@0  4004f4a6 f   kernel32:KERNEL32.dll
 0001:0004e4ac       _HeapDestroy@4             4004f4ac f   kernel32:KERNEL32.dll
 0001:0004e4b2       _HeapCreate@12             4004f4b2 f   kernel32:KERNEL32.dll
 0001:0004e4b8       _HeapFree@12               4004f4b8 f   kernel32:KERNEL32.dll
 0001:0004e4be       _VirtualFree@12            4004f4be f   kernel32:KERNEL32.dll
 0001:0004e4c4       _GetStringTypeA@20         4004f4c4 f   kernel32:KERNEL32.dll
 0001:0004e4ca       _GetStringTypeW@16         4004f4ca f   kernel32:KERNEL32.dll
 0001:0004e4d0       _UnhandledExceptionFilter@4 4004f4d0 f   kernel32:KERNEL32.dll
 0001:0004e4d6       _FlushFileBuffers@4        4004f4d6 f   kernel32:KERNEL32.dll
 0001:0004e4dc       _SetFilePointer@16         4004f4dc f   kernel32:KERNEL32.dll
 0001:0004e4e2       _GetCPInfo@8               4004f4e2 f   kernel32:KERNEL32.dll
 0001:0004e4e8       _IsValidLocale@8           4004f4e8 f   kernel32:KERNEL32.dll
 0001:0004e4ee       _IsValidCodePage@4         4004f4ee f   kernel32:KERNEL32.dll
 0001:0004e4f4       _GetLocaleInfoA@16         4004f4f4 f   kernel32:KERNEL32.dll
 0001:0004e4fa       _EnumSystemLocalesA@8      4004f4fa f   kernel32:KERNEL32.dll
 0001:0004e500       _GetUserDefaultLCID@0      4004f500 f   kernel32:KERNEL32.dll
 0001:0004e506       _GetVersionExA@4           4004f506 f   kernel32:KERNEL32.dll
 0001:0004e50c       _RtlUnwind@16              4004f50c f   kernel32:KERNEL32.dll
 0001:0004e512       _HeapAlloc@12              4004f512 f   kernel32:KERNEL32.dll
 0001:0004e518       _HeapReAlloc@16            4004f518 f   kernel32:KERNEL32.dll
 0001:0004e51e       _VirtualAlloc@16           4004f51e f   kernel32:KERNEL32.dll
 0001:0004e524       _GetACP@0                  4004f524 f   kernel32:KERNEL32.dll
 0001:0004e52a       _GetOEMCP@0                4004f52a f   kernel32:KERNEL32.dll
 0001:0004e530       _SetStdHandle@8            4004f530 f   kernel32:KERNEL32.dll
 0001:0004e536       _CloseHandle@4             4004f536 f   kernel32:KERNEL32.dll
 0001:0004e53c       _GetTimeZoneInformation@4  4004f53c f   kernel32:KERNEL32.dll
 0001:0004e542       _GetLocaleInfoW@16         4004f542 f   kernel32:KERNEL32.dll
 0001:0004e548       _CompareStringA@24         4004f548 f   kernel32:KERNEL32.dll
 0001:0004e54e       _CompareStringW@24         4004f54e f   kernel32:KERNEL32.dll
 0001:0004e554       _SetEnvironmentVariableA@8 4004f554 f   kernel32:KERNEL32.dll
 0001:000553f0       __enc$textbss$begin        400563f0     <linker-defined>
 0001:0007bff0       __enc$textbss$end          4007cff0     <linker-defined>
 0002:0000001c       ??_C@_0BL@FFOI@EV_TAUNTEV_JUMP_PAD_ENTITY?$AA@ 4007d01c     bg_misc.obj
 0002:0000003c       ??_C@_0BE@BDJC@EV_STOPLOOPINGSOUND?$AA@ 4007d03c     bg_misc.obj
 0002:00000054       ??_C@_0O@BDBB@EV_DEBUG_LINE?$AA@ 4007d054     bg_misc.obj
 0002:00000064       ??_C@_0BB@MBOB@EV_LIGHTNINGBOLT?$AA@ 4007d064     bg_misc.obj
 0002:00000078       ??_C@_09JFKJ@EV_JUICED?$AA@ 4007d078     bg_misc.obj
 0002:00000084       ??_C@_0BA@GDOI@EV_INVUL_IMPACT?$AA@ 4007d084     bg_misc.obj
 0002:00000098       ??_C@_0BC@POAK@EV_OBELISKEXPLODE?$AA@ 4007d098     bg_misc.obj
 0002:000000b0       ??_C@_0M@KIDO@EV_KAMIKAZE?$AA@ 4007d0b0     bg_misc.obj
 0002:000000c0       ??_C@_0BK@KGMO@EV_PROXIMITY_MINE_TRIGGER?$AA@ 4007d0c0     bg_misc.obj
 0002:000000e0       ??_C@_0BI@LIAD@EV_PROXIMITY_MINE_STICK?$AA@ 4007d0e0     bg_misc.obj
 0002:000000fc       ??_C@_0N@CDHP@EV_SCOREPLUM?$AA@ 4007d0fc     bg_misc.obj
 0002:0000010c       ??_C@_0O@CIDG@EV_GIB_PLAYER?$AA@ 4007d10c     bg_misc.obj
 0002:0000011c       ??_C@_0BB@LKNF@EV_POWERUP_REGEN?$AA@ 4007d11c     bg_misc.obj
 0002:00000130       ??_C@_0BG@KJJ@EV_POWERUP_BATTLESUIT?$AA@ 4007d130     bg_misc.obj
 0002:0000014c       ??_C@_0BA@EMDG@EV_POWERUP_QUAD?$AA@ 4007d14c     bg_misc.obj
 0002:00000160       ??_C@_0M@MMOI@EV_OBITUARY?$AA@ 4007d160     bg_misc.obj
 0002:00000170       ??_C@_09EH@EV_DEATH3?$AA@  4007d170     bg_misc.obj
 0002:0000017c       ??_C@_09KKNA@EV_DEATH2?$AA@ 4007d17c     bg_misc.obj
 0002:00000188       ??_C@_09FFGJ@EV_DEATH1?$AA@ 4007d188     bg_misc.obj
 0002:00000194       ??_C@_07MFPI@EV_PAIN?$AA@  4007d194     bg_misc.obj
 0002:000001a0       ??_C@_09PBG@EV_BULLET?$AA@ 4007d1a0     bg_misc.obj
 0002:000001ac       ??_C@_0L@PELA@EV_SHOTGUN?$AA@ 4007d1ac     bg_misc.obj
 0002:000001bc       ??_C@_0N@FBDJ@EV_RAILTRAIL?$AA@ 4007d1bc     bg_misc.obj
 0002:000001cc       ??_C@_0BG@KLM@EV_MISSILE_MISS_METAL?$AA@ 4007d1cc     bg_misc.obj
 0002:000001e8       ??_C@_0BA@FHCK@EV_MISSILE_MISS?$AA@ 4007d1e8     bg_misc.obj
 0002:000001fc       ??_C@_0P@GMEB@EV_MISSILE_HIT?$AA@ 4007d1fc     bg_misc.obj
 0002:00000210       ??_C@_0BD@FCGB@EV_BULLET_HIT_WALL?$AA@ 4007d210     bg_misc.obj
 0002:00000228       ??_C@_0BE@OJNL@EV_BULLET_HIT_FLESH?$AA@ 4007d228     bg_misc.obj
 0002:00000240       ??_C@_0BF@GBCB@EV_GLOBAL_TEAM_SOUND?$AA@ 4007d240     bg_misc.obj
 0002:0000025c       ??_C@_0BA@DICP@EV_GLOBAL_SOUND?$AA@ 4007d25c     bg_misc.obj
 0002:00000270       ??_C@_0BB@PHBP@EV_GENERAL_SOUND?$AA@ 4007d270     bg_misc.obj
 0002:00000284       ??_C@_0BC@MNAB@EV_GRENADE_BOUNCE?$AA@ 4007d284     bg_misc.obj
 0002:0000029c       ??_C@_0BH@CBAJ@EV_PLAYER_TELEPORT_OUT?$AA@ 4007d29c     bg_misc.obj
 0002:000002b8       ??_C@_0BG@JACO@EV_PLAYER_TELEPORT_IN?$AA@ 4007d2b8     bg_misc.obj
 0002:000002d4       ??_C@_0M@FEGJ@EV_ITEM_POP?$AA@ 4007d2d4     bg_misc.obj
 0002:000002e4       ??_C@_0BA@KOE@EV_ITEM_RESPAWN?$AA@ 4007d2e4     bg_misc.obj
 0002:000002f8       ??_C@_0O@PBJJ@EV_USE_ITEM15?$AA@ 4007d2f8     bg_misc.obj
 0002:00000308       ??_C@_0O@FLAO@EV_USE_ITEM14?$AA@ 4007d308     bg_misc.obj
 0002:00000318       ??_C@_0O@OOL@EV_USE_ITEM13?$AA@ 4007d318     bg_misc.obj
 0002:00000328       ??_C@_0O@KEHM@EV_USE_ITEM12?$AA@ 4007d328     bg_misc.obj
 0002:00000338       ??_C@_0O@FLMF@EV_USE_ITEM11?$AA@ 4007d338     bg_misc.obj
 0002:00000348       ??_C@_0O@PBFC@EV_USE_ITEM10?$AA@ 4007d348     bg_misc.obj
 0002:00000358       ??_C@_0N@JGCE@EV_USE_ITEM9?$AA@ 4007d358     bg_misc.obj
 0002:00000368       ??_C@_0N@DMLD@EV_USE_ITEM8?$AA@ 4007d368     bg_misc.obj
 0002:00000378       ??_C@_0N@DNOO@EV_USE_ITEM7?$AA@ 4007d378     bg_misc.obj
 0002:00000388       ??_C@_0N@JHHJ@EV_USE_ITEM6?$AA@ 4007d388     bg_misc.obj
 0002:00000398       ??_C@_0N@GIMA@EV_USE_ITEM5?$AA@ 4007d398     bg_misc.obj
 0002:000003a8       ??_C@_0N@MCFH@EV_USE_ITEM4?$AA@ 4007d3a8     bg_misc.obj
 0002:000003b8       ??_C@_0N@JHLC@EV_USE_ITEM3?$AA@ 4007d3b8     bg_misc.obj
 0002:000003c8       ??_C@_0N@DNCF@EV_USE_ITEM2?$AA@ 4007d3c8     bg_misc.obj
 0002:000003d8       ??_C@_0N@MCJM@EV_USE_ITEM1?$AA@ 4007d3d8     bg_misc.obj
 0002:000003e8       ??_C@_0N@GIAL@EV_USE_ITEM0?$AA@ 4007d3e8     bg_misc.obj
 0002:000003f8       ??_C@_0P@HOLG@EV_FIRE_WEAPON?$AA@ 4007d3f8     bg_misc.obj
 0002:0000040c       ??_C@_0BB@OKAK@EV_CHANGE_WEAPON?$AA@ 4007d40c     bg_misc.obj
 0002:00000420       ??_C@_09MIBL@EV_NOAMMO?$AA@ 4007d420     bg_misc.obj
 0002:0000042c       ??_C@_0BG@LBJI@EV_GLOBAL_ITEM_PICKUP?$AA@ 4007d42c     bg_misc.obj
 0002:00000448       ??_C@_0P@DDBJ@EV_ITEM_PICKUP?$AA@ 4007d448     bg_misc.obj
 0002:0000045c       ??_C@_0P@HGEE@EV_WATER_CLEAR?$AA@ 4007d45c     bg_misc.obj
 0002:00000470       ??_C@_0P@PGNG@EV_WATER_UNDER?$AA@ 4007d470     bg_misc.obj
 0002:00000484       ??_C@_0P@KHGF@EV_WATER_LEAVE?$AA@ 4007d484     bg_misc.obj
 0002:00000498       ??_C@_0P@NPME@EV_WATER_TOUCH?$AA@ 4007d498     bg_misc.obj
 0002:000004ac       ??_C@_07MBMN@EV_JUMP?$AA@  4007d4ac     bg_misc.obj
 0002:000004b8       ??_C@_0M@ONMG@EV_JUMP_PAD?$AA@ 4007d4b8     bg_misc.obj
 0002:000004c8       ??_C@_0M@FCFB@EV_FALL_FAR?$AA@ 4007d4c8     bg_misc.obj
 0002:000004d8       ??_C@_0P@DAAM@EV_FALL_MEDIUM?$AA@ 4007d4d8     bg_misc.obj
 0002:000004ec       ??_C@_0O@MOHH@EV_FALL_SHORT?$AA@ 4007d4ec     bg_misc.obj
 0002:000004fc       ??_C@_0L@BPHB@EV_STEP_16?$AA@ 4007d4fc     bg_misc.obj
 0002:0000050c       ??_C@_0L@LFCN@EV_STEP_12?$AA@ 4007d50c     bg_misc.obj
 0002:0000051c       ??_C@_09GNLK@EV_STEP_8?$AA@ 4007d51c     bg_misc.obj
 0002:00000528       ??_C@_09JDFO@EV_STEP_4?$AA@ 4007d528     bg_misc.obj
 0002:00000534       ??_C@_07JIKK@EV_SWIM?$AA@  4007d534     bg_misc.obj
 0002:00000540       ??_C@_0M@FIHK@EV_FOOTWADE?$AA@ 4007d540     bg_misc.obj
 0002:00000550       ??_C@_0O@KHFI@EV_FOOTSPLASH?$AA@ 4007d550     bg_misc.obj
 0002:00000560       ??_C@_0BC@OEIA@EV_FOOTSTEP_METAL?$AA@ 4007d560     bg_misc.obj
 0002:00000578       ??_C@_0M@EJAF@EV_FOOTSTEP?$AA@ 4007d578     bg_misc.obj
 0002:00000588       ??_C@_07NDDD@EV_NONE?$AA@  4007d588     bg_misc.obj
 0002:00000594       ??_C@_09DHIB@Blue?5Flag?$AA@ 4007d594     bg_misc.obj
 0002:000005a0       ??_C@_0BB@NLLL@icons?1iconf_blu1?$AA@ 4007d5a0     bg_misc.obj
 0002:000005b4       ??_C@_0BI@ILPD@models?1flags?1b_flag?4md3?$AA@ 4007d5b4     bg_misc.obj
 0002:000005d0       ??_C@_0BC@GPLF@team_CTF_blueflag?$AA@ 4007d5d0     bg_misc.obj
 0002:000005e8       ??_C@_08CLEI@Red?5Flag?$AA@ 4007d5e8     bg_misc.obj
 0002:000005f4       ??_C@_0BB@DADK@icons?1iconf_red1?$AA@ 4007d5f4     bg_misc.obj
 0002:00000608       ??_C@_0BI@HHNH@models?1flags?1r_flag?4md3?$AA@ 4007d608     bg_misc.obj
 0002:00000624       ??_C@_0BB@FOCB@team_CTF_redflag?$AA@ 4007d624     bg_misc.obj
 0002:00000638       ??_C@_06CPDM@Flight?$AA@   4007d638     bg_misc.obj
 0002:00000640       ??_C@_0N@DFIJ@icons?1flight?$AA@ 4007d640     bg_misc.obj
 0002:00000650       ??_C@_0CI@PHJ@models?1powerups?1instant?1flight_r@ 4007d650     bg_misc.obj
 0002:00000680       ??_C@_0CD@MKAO@models?1powerups?1instant?1flight?4m@ 4007d680     bg_misc.obj
 0002:000006ac       ??_C@_0BH@FEAN@sound?1items?1flight?4wav?$AA@ 4007d6ac     bg_misc.obj
 0002:000006c8       ??_C@_0M@NKLB@item_flight?$AA@ 4007d6c8     bg_misc.obj
 0002:000006d8       ??_C@_0BG@JFPE@sound?1items?1regen?4wav?$AA@ 4007d6d8     bg_misc.obj
 0002:000006f4       ??_C@_0N@KKJF@Regeneration?$AA@ 4007d6f4     bg_misc.obj
 0002:00000704       ??_C@_0M@KGFF@icons?1regen?$AA@ 4007d704     bg_misc.obj
 0002:00000714       ??_C@_0CH@LMHA@models?1powerups?1instant?1regen_ri@ 4007d714     bg_misc.obj
 0002:00000744       ??_C@_0CC@JDKK@models?1powerups?1instant?1regen?4md@ 4007d744     bg_misc.obj
 0002:0000076c       ??_C@_0BN@ELHM@sound?1items?1regeneration?4wav?$AA@ 4007d76c     bg_misc.obj
 0002:00000790       ??_C@_0L@JOKD@item_regen?$AA@ 4007d790     bg_misc.obj
 0002:000007a0       ??_C@_0N@PHMD@Invisibility?$AA@ 4007d7a0     bg_misc.obj
 0002:000007b0       ??_C@_0M@GBKC@icons?1invis?$AA@ 4007d7b0     bg_misc.obj
 0002:000007c0       ??_C@_0CH@FMDJ@models?1powerups?1instant?1invis_ri@ 4007d7c0     bg_misc.obj
 0002:000007f0       ??_C@_0CC@GFDH@models?1powerups?1instant?1invis?4md@ 4007d7f0     bg_misc.obj
 0002:00000818       ??_C@_0BN@JBDA@sound?1items?1invisibility?4wav?$AA@ 4007d818     bg_misc.obj
 0002:0000083c       ??_C@_0L@FJFE@item_invis?$AA@ 4007d83c     bg_misc.obj
 0002:0000084c       ??_C@_05PDDA@Speed?$AA@    4007d84c     bg_misc.obj
 0002:00000854       ??_C@_0M@MOBK@icons?1haste?$AA@ 4007d854     bg_misc.obj
 0002:00000864       ??_C@_0CH@HLNN@models?1powerups?1instant?1haste_ri@ 4007d864     bg_misc.obj
 0002:00000894       ??_C@_0CC@HMKI@models?1powerups?1instant?1haste?4md@ 4007d894     bg_misc.obj
 0002:000008bc       ??_C@_0BG@HKPG@sound?1items?1haste?4wav?$AA@ 4007d8bc     bg_misc.obj
 0002:000008d8       ??_C@_0L@PGOM@item_haste?$AA@ 4007d8d8     bg_misc.obj
 0002:000008e8       ??_C@_0DA@KGOL@sound?1items?1airout?4wav?5sound?1ite@ 4007d8e8     bg_misc.obj
 0002:00000924       ??_C@_0M@LDNA@Battle?5Suit?$AA@ 4007d924     bg_misc.obj
 0002:00000934       ??_C@_0BB@LIEJ@icons?1envirosuit?$AA@ 4007d934     bg_misc.obj
 0002:00000948       ??_C@_0CI@BLEN@models?1powerups?1instant?1enviro_r@ 4007d948     bg_misc.obj
 0002:00000978       ??_C@_0CD@EJAP@models?1powerups?1instant?1enviro?4m@ 4007d978     bg_misc.obj
 0002:000009a4       ??_C@_0BI@LHNB@sound?1items?1protect?4wav?$AA@ 4007d9a4     bg_misc.obj
 0002:000009c0       ??_C@_0M@CNAP@item_enviro?$AA@ 4007d9c0     bg_misc.obj
 0002:000009d0       ??_C@_0DA@MMGJ@sound?1items?1damage2?4wav?5sound?1it@ 4007d9d0     bg_misc.obj
 0002:00000a0c       ??_C@_0M@MLLH@Quad?5Damage?$AA@ 4007da0c     bg_misc.obj
 0002:00000a1c       ??_C@_0L@CMEC@icons?1quad?$AA@ 4007da1c     bg_misc.obj
 0002:00000a2c       ??_C@_0CG@HCKJ@models?1powerups?1instant?1quad_rin@ 4007da2c     bg_misc.obj
 0002:00000a5c       ??_C@_0CB@LCDA@models?1powerups?1instant?1quad?4md3@ 4007da5c     bg_misc.obj
 0002:00000a84       ??_C@_0BL@FBJD@sound?1items?1quaddamage?4wav?$AA@ 4007da84     bg_misc.obj
 0002:00000aa4       ??_C@_09NKAN@item_quad?$AA@ 4007daa4     bg_misc.obj
 0002:00000ab0       ??_C@_0BL@LIGH@sound?1items?1use_medkit?4wav?$AA@ 4007dab0     bg_misc.obj
 0002:00000ad0       ??_C@_06MJBN@Medkit?$AA@   4007dad0     bg_misc.obj
 0002:00000ad8       ??_C@_0N@NDKI@icons?1medkit?$AA@ 4007dad8     bg_misc.obj
 0002:00000ae8       ??_C@_0CL@EEMI@models?1powerups?1holdable?1medkit_@ 4007dae8     bg_misc.obj
 0002:00000b1c       ??_C@_0CE@BLCG@models?1powerups?1holdable?1medkit?4@ 4007db1c     bg_misc.obj
 0002:00000b48       ??_C@_0BA@HJCK@holdable_medkit?$AA@ 4007db48     bg_misc.obj
 0002:00000b5c       ??_C@_0BE@NHOP@Personal?5Teleporter?$AA@ 4007db5c     bg_misc.obj
 0002:00000b74       ??_C@_0BB@EOIF@icons?1teleporter?$AA@ 4007db74     bg_misc.obj
 0002:00000b88       ??_C@_0CI@EJIK@models?1powerups?1holdable?1telepor@ 4007db88     bg_misc.obj
 0002:00000bb8       ??_C@_0BJ@PMCF@sound?1items?1holdable?4wav?$AA@ 4007dbb8     bg_misc.obj
 0002:00000bd8       ??_C@_0BE@EFDD@holdable_teleporter?$AA@ 4007dbd8     bg_misc.obj
 0002:00000bf0       ??_C@_08HHBB@Bfg?5Ammo?$AA@ 4007dbf0     bg_misc.obj
 0002:00000bfc       ??_C@_0BA@LIKB@icons?1icona_bfg?$AA@ 4007dbfc     bg_misc.obj
 0002:00000c10       ??_C@_0BP@KGME@models?1powerups?1ammo?1bfgam?4md3?$AA@ 4007dc10     bg_misc.obj
 0002:00000c38       ??_C@_08BHPM@ammo_bfg?$AA@ 4007dc38     bg_misc.obj
 0002:00000c44       ??_C@_05OJGD@Slugs?$AA@    4007dc44     bg_misc.obj
 0002:00000c4c       ??_C@_0BE@KFKB@icons?1icona_railgun?$AA@ 4007dc4c     bg_misc.obj
 0002:00000c64       ??_C@_0CD@BHHI@models?1powerups?1ammo?1railgunam?4m@ 4007dc64     bg_misc.obj
 0002:00000c90       ??_C@_0L@PCJD@ammo_slugs?$AA@ 4007dc90     bg_misc.obj
 0002:00000ca0       ??_C@_07ONGL@Rockets?$AA@  4007dca0     bg_misc.obj
 0002:00000cac       ??_C@_0BD@NDBD@icons?1icona_rocket?$AA@ 4007dcac     bg_misc.obj
 0002:00000cc4       ??_C@_0CC@JMHP@models?1powerups?1ammo?1rocketam?4md@ 4007dcc4     bg_misc.obj
 0002:00000cec       ??_C@_0N@DEF@ammo_rockets?$AA@ 4007dcec     bg_misc.obj
 0002:00000cfc       ??_C@_09NPLP@Lightning?$AA@ 4007dcfc     bg_misc.obj
 0002:00000d08       ??_C@_0BG@BLCM@icons?1icona_lightning?$AA@ 4007dd08     bg_misc.obj
 0002:00000d24       ??_C@_0CF@DECD@models?1powerups?1ammo?1lightningam@ 4007dd24     bg_misc.obj
 0002:00000d50       ??_C@_0P@FNDL@ammo_lightning?$AA@ 4007dd50     bg_misc.obj
 0002:00000d64       ??_C@_05IJJG@Cells?$AA@    4007dd64     bg_misc.obj
 0002:00000d6c       ??_C@_0BD@PPKI@icons?1icona_plasma?$AA@ 4007dd6c     bg_misc.obj
 0002:00000d84       ??_C@_0CC@GNJA@models?1powerups?1ammo?1plasmaam?4md@ 4007dd84     bg_misc.obj
 0002:00000dac       ??_C@_0L@JCGG@ammo_cells?$AA@ 4007ddac     bg_misc.obj
 0002:00000dbc       ??_C@_08CFEJ@Grenades?$AA@ 4007ddbc     bg_misc.obj
 0002:00000dc8       ??_C@_0BE@MMLE@icons?1icona_grenade?$AA@ 4007ddc8     bg_misc.obj
 0002:00000de0       ??_C@_0CD@NMEK@models?1powerups?1ammo?1grenadeam?4m@ 4007dde0     bg_misc.obj
 0002:00000e0c       ??_C@_0O@KBKH@ammo_grenades?$AA@ 4007de0c     bg_misc.obj
 0002:00000e1c       ??_C@_07EDBM@Bullets?$AA@  4007de1c     bg_misc.obj
 0002:00000e28       ??_C@_0BH@DHGM@icons?1icona_machinegun?$AA@ 4007de28     bg_misc.obj
 0002:00000e44       ??_C@_0CG@KHPE@models?1powerups?1ammo?1machineguna@ 4007de44     bg_misc.obj
 0002:00000e74       ??_C@_0N@KNDC@ammo_bullets?$AA@ 4007de74     bg_misc.obj
 0002:00000e84       ??_C@_06OAJC@Shells?$AA@   4007de84     bg_misc.obj
 0002:00000e8c       ??_C@_0BE@MPL@icons?1icona_shotgun?$AA@ 4007de8c     bg_misc.obj
 0002:00000ea4       ??_C@_0CD@LJLN@models?1powerups?1ammo?1shotgunam?4m@ 4007dea4     bg_misc.obj
 0002:00000ed0       ??_C@_0BH@EMHN@sound?1misc?1am_pkup?4wav?$AA@ 4007ded0     bg_misc.obj
 0002:00000eec       ??_C@_0M@MOIJ@ammo_shells?$AA@ 4007deec     bg_misc.obj
 0002:00000efc       ??_C@_0P@MANM@Grappling?5Hook?$AA@ 4007defc     bg_misc.obj
 0002:00000f10       ??_C@_0BE@IDGG@icons?1iconw_grapple?$AA@ 4007df10     bg_misc.obj
 0002:00000f28       ??_C@_0CE@LPMO@models?1weapons2?1grapple?1grapple?4@ 4007df28     bg_misc.obj
 0002:00000f54       ??_C@_0BF@GCPL@weapon_grapplinghook?$AA@ 4007df54     bg_misc.obj
[...]
 0003:00003aec       __CrtDbgMode               40088aec     LIBCMTD:dbgrpt.obj
 0003:00003af8       __CrtDbgFile               40088af8     LIBCMTD:dbgrpt.obj
 0003:00003b10       __cfltcvt_tab              40088b10     LIBCMTD:cmiscdat.obj
 0003:00003b30       __indefinite               40088b30     LIBCMTD:87disp.obj
 0003:00003b3a       __piby2                    40088b3a     LIBCMTD:87disp.obj
 0003:00003b60       __pctype                   40088b60     LIBCMTD:ctype.obj
 0003:00003b64       __pwctype                  40088b64     LIBCMTD:ctype.obj
 0003:00003b68       __ctype                    40088b68     LIBCMTD:ctype.obj
 0003:00003d6c       ___mb_cur_max              40088d6c     LIBCMTD:nlsdata1.obj
 0003:00003d70       ___decimal_point           40088d70     LIBCMTD:nlsdata1.obj
 0003:00003d74       ___decimal_point_length    40088d74     LIBCMTD:nlsdata1.obj
 0003:00003e50       __d_inf                    40088e50     LIBCMTD:util.obj
 0003:00003e58       __d_ind                    40088e58     LIBCMTD:util.obj
 0003:00003e60       __d_max                    40088e60     LIBCMTD:util.obj
 0003:00003e68       __d_min                    40088e68     LIBCMTD:util.obj
 0003:00003e70       __d_mzero                  40088e70     LIBCMTD:util.obj
 0003:00003e90       __OP_ATAN2jmptab           40088e90     LIBCMTD:87triga.obj
 0003:00003ee0       __iob                      40088ee0     LIBCMTD:_file.obj
 0003:00004160       ___nullstring              40089160     LIBCMTD:output.obj
 0003:00004164       ___wnullstring             40089164     LIBCMTD:output.obj
 0003:00004168       __locktable                40089168     LIBCMTD:mlock.obj
 0003:00004338       ___lc_category             40089338     LIBCMTD:setlocal.obj
 0003:00004380       ___tlsindex                40089380     LIBCMTD:tidtable.obj
 0003:00004388       ___badioinfo               40089388     LIBCMTD:ioinit.obj
 0003:000043ac       __crtDbgFlag               400893ac     LIBCMTD:dbgheap.obj
 0003:000043b4       __crtBreakAlloc            400893b4     LIBCMTD:dbgheap.obj
 0003:000043d0       __amblksiz                 400893d0     LIBCMTD:heapinit.obj
 0003:00004600       __matherr_flag             40089600     LIBCMTD:matherr.obj
 0003:00004608       __XcptActTab               40089608     LIBCMTD:winxfltr.obj
 0003:00004680       __First_FPE_Indx           40089680     LIBCMTD:winxfltr.obj
 0003:00004684       __Num_FPE                  40089684     LIBCMTD:winxfltr.obj
 0003:00004688       __XcptActTabSize           40089688     LIBCMTD:winxfltr.obj
 0003:0000468c       __XcptActTabCount          4008968c     LIBCMTD:winxfltr.obj
 0003:00004690       ___rgLocInfo               40089690     LIBCMTD:getqloc.obj
 0003:00004b34       ___rglangidNotDefault      40089b34     LIBCMTD:getqloc.obj
 0003:00004b48       ___rg_country              40089b48     LIBCMTD:getqloc.obj
 0003:00004c00       ___rg_language             40089c00     LIBCMTD:getqloc.obj
 0003:00004e08       __NLG_Destination          40089e08     LIBCMTD:exsup.obj
 0003:00004e18       __pfnAllocHook             40089e18     LIBCMTD:dbghook.obj
 0003:00004e1c       ___sbh_threshold           40089e1c     LIBCMTD:sbheap.obj
 0003:00004f18       ___lc_time_curr            40089f18     LIBCMTD:strftime.obj
 0003:00004f20       ___lc_time_c               40089f20     LIBCMTD:strftime.obj
 0003:00004fd0       ___lconv_static_decimal    40089fd0     LIBCMTD:lconv.obj
 0003:00004fd8       ___lconv_c                 40089fd8     LIBCMTD:lconv.obj
 0003:00005008       ___lconv                   4008a008     LIBCMTD:lconv.obj
 0003:00005010       __pow10pos                 4008a010     LIBCMTD:constpow.obj
 0003:00005170       __pow10neg                 4008a170     LIBCMTD:constpow.obj
 0003:000052cc       __timezone                 4008a2cc     LIBCMTD:timeset.obj
 0003:000052d0       __daylight                 4008a2d0     LIBCMTD:timeset.obj
 0003:000052d4       __dstbias                  4008a2d4     LIBCMTD:timeset.obj
 0003:00005358       __tzname                   4008a358     LIBCMTD:timeset.obj
 0003:0000537c       __lpdays                   4008a37c     LIBCMTD:days.obj
 0003:000053b0       __days                     4008a3b0     LIBCMTD:days.obj
 0003:00005a4c       _vec3_origin               4008aa4c     q_math.obj
 0003:00082ab0       ___fastflag                40107ab0     LIBCMTD:fpinit.obj
 0003:00082ab4       __adjust_fdiv              40107ab4     LIBCMTD:fpinit.obj
 0003:00082abc       __aenvptr                  40107abc     LIBCMTD:dllcrt0.obj
 0003:00082ac0       __wenvptr                  40107ac0     LIBCMTD:dllcrt0.obj
 0003:00082ac4       ___error_mode              40107ac4     LIBCMTD:dllcrt0.obj
 0003:00082ac8       ___app_type                40107ac8     LIBCMTD:dllcrt0.obj
 0003:00082ad0       __umaskval                 40107ad0     LIBCMTD:crt0dat.obj
 0003:00082ad4       __osver                    40107ad4     LIBCMTD:crt0dat.obj
 0003:00082ad8       __winver                   40107ad8     LIBCMTD:crt0dat.obj
 0003:00082adc       __winmajor                 40107adc     LIBCMTD:crt0dat.obj
 0003:00082ae0       __winminor                 40107ae0     LIBCMTD:crt0dat.obj
 0003:00082ae4       ___argc                    40107ae4     LIBCMTD:crt0dat.obj
 0003:00082ae8       ___argv                    40107ae8     LIBCMTD:crt0dat.obj
 0003:00082aec       ___wargv                   40107aec     LIBCMTD:crt0dat.obj
 0003:00082af0       __environ                  40107af0     LIBCMTD:crt0dat.obj
 0003:00082af4       ___initenv                 40107af4     LIBCMTD:crt0dat.obj
 0003:00082af8       __wenviron                 40107af8     LIBCMTD:crt0dat.obj
 0003:00082afc       ___winitenv                40107afc     LIBCMTD:crt0dat.obj
 0003:00082b00       __pgmptr                   40107b00     LIBCMTD:crt0dat.obj
 0003:00082b04       __wpgmptr                  40107b04     LIBCMTD:crt0dat.obj
 0003:00082b08       __exitflag                 40107b08     LIBCMTD:crt0dat.obj
 0003:00082b0c       __C_Termination_Done       40107b0c     LIBCMTD:crt0dat.obj
 0003:00082b10       __C_Exit_Done              40107b10     LIBCMTD:crt0dat.obj
 0003:00082b38       __cflush                   40107b38     LIBCMTD:_file.obj
 0003:00082bac       ___lc_handle               40107bac     LIBCMTD:nlsdata2.obj
 0003:00082bc4       ___lc_codepage             40107bc4     LIBCMTD:nlsdata2.obj
 0003:00082bc8       ___lc_collate_cp           40107bc8     LIBCMTD:nlsdata2.obj
 0003:00082cec       __adbgmsg                  40107cec     LIBCMTD:crt0msg.obj
 0003:00082cf4       __stdbuf                   40107cf4     LIBCMTD:_sftbuf.obj
 0003:00082cfc       ___lc_time_intl            40107cfc     LIBCMTD:inittime.obj
 0003:00082d18       ___lc_id                   40107d18     LIBCMTD:nlsdata3.obj
 0003:00082d60       __newmode                  40107d60     LIBCMTD:_newmode.obj
 0003:00082d64       ?_pnhHeap@@3P6AHI@ZA       40107d64     LIBCMTD:handler.obj
 0003:00082d74       ___lconv_static_null       40107d74     LIBCMTD:lconv.obj
 0003:00082e48       _weaponChangeSound         40107e48     <common>
 0003:00082e58       _menu_move_sound           40107e58     <common>
 0003:00082e5c       _menu_in_sound             40107e5c     <common>
 0003:00082e60       _menu_out_sound            40107e60     <common>
 0003:00082e64       _menu_buzz_sound           40107e64     <common>
 0003:00082e68       _menu_null_sound           40107e68     <common>
 0003:00082e80       _ui_ctf_capturelimit       40107e80     <common>
 0003:000839a0       _ui_arenasFile             401089a0     <common>
 0003:00083ac0       _ui_botsFile               40108ac0     <common>
 0003:00083be0       _ui_drawCrosshairNames     40108be0     <common>
 0003:00083d00       _ui_ctf_friendly           40108d00     <common>
 0003:00083e20       _ui_browserGameType        40108e20     <common>
 0003:00083f40       _ui_tourney_timelimit      40108f40     <common>
 0003:00084060       _ui_marks                  40109060     <common>
 0003:00084180       _ui_team_timelimit         40109180     <common>
 0003:000842a0       _ui_spVideos               401092a0     <common>
 0003:000843c0       _ui_cdkeychecked           401093c0     <common>
 0003:000844e0       _ui_server10               401094e0     <common>
 0003:00084600       _ui_server11               40109600     <common>
 0003:00084720       _ui_server12               40109720     <common>
 0003:00084840       _ui_server13               40109840     <common>
 0003:00084960       _ui_server14               40109960     <common>
 0003:00084a80       _ui_server15               40109a80     <common>
 0003:00084ba0       _ui_server16               40109ba0     <common>
 0003:00084cc0       _ui_spAwards               40109cc0     <common>
 0003:00084de0       _ui_browserMaster          40109de0     <common>
 0003:00084f00       _ui_ffa_fraglimit          40109f00     <common>
 0003:00085020       _ui_team_friendly          4010a020     <common>
 0003:00085140       _ui_spScores1              4010a140     <common>
 0003:00085260       _ui_spScores3              4010a260     <common>
 0003:00085380       _ui_spScores2              4010a380     <common>
 0003:000854a0       _ui_spScores5              4010a4a0     <common>
 0003:000855c0       _ui_spScores4              4010a5c0     <common>
 0003:000856e0       _ui_spSelection            4010a6e0     <common>
 0003:00085800       _ui_server4                4010a800     <common>
 0003:00085920       _ui_server3                4010a920     <common>
 0003:00085a40       _ui_server6                4010aa40     <common>
 0003:00085b60       _ui_server5                4010ab60     <common>
 0003:00085c80       _ui_server2                4010ac80     <common>
 0003:00085da0       _ui_server1                4010ada0     <common>
 0003:00085ec0       _ui_server8                4010aec0     <common>
 0003:00085fe0       _ui_server7                4010afe0     <common>
 0003:00086100       _ui_server9                4010b100     <common>
 0003:00086220       _ui_ctf_timelimit          4010b220     <common>
 0003:00086340       _ui_tourney_fraglimit      4010b340     <common>
 0003:00086460       _ui_ffa_timelimit          4010b460     <common>
 0003:00086580       _ui_brassTime              4010b580     <common>
 0003:000866a0       _ui_team_fraglimit         4010b6a0     <common>
 0003:000867c0       _ui_browserShowFull        4010b7c0     <common>
 0003:000868e0       _ui_drawCrosshair          4010b8e0     <common>
 0003:00086a00       _ui_browserSortKey         4010ba00     <common>
 0003:00086b20       _ui_spSkill                4010bb20     <common>
 0003:00086c40       _ui_browserShowEmpty       4010bc40     <common>
 0003:00086d50       _ui_numBots                4010bd50     <common>
 0003:00086d60       _passwordField             4010bd60     <common>
 0003:00086f00       _uis                       4010bf00     <common>
 0003:0008a4b4       _m_entersound              4010f4b4     <common>
 0003:0008a4b8       ___alternate_form          4010f4b8     <common>
 0003:0008a4c8       ___no_lead_zeros           4010f4c8     <common>
 0003:0008a4cc       ___mbcodepage              4010f4cc     <common>
 0003:0008a550       ___mbulinfo                4010f550     <common>
 0003:0008a55c       ___ismbcodepage            4010f55c     <common>
 0003:0008a560       __mbcasemap                4010f560     <common>
 0003:0008a660       __mbctype                  4010f660     <common>
 0003:0008a764       ___mblcid                  4010f764     <common>
 0003:0008a768       ___sbh_sizeHeaderList      4010f768     <common>
 0003:0008a778       ___sbh_indGroupDefer       4010f778     <common>
 0003:0008a77c       ___sbh_pHeaderScan         4010f77c     <common>
 0003:0008a780       ___sbh_pHeaderDefer        4010f780     <common>
 0003:0008a784       ___sbh_cntHeaderList       4010f784     <common>
 0003:0008a788       ___sbh_pHeaderList         4010f788     <common>
 0003:0008a78c       __crtheap                  4010f78c     <common>
 0003:0008a798       __pfnDumpClient            4010f798     <common>
 0003:0008a7c0       ___pioinfo                 4010f7c0     <common>
 0003:0008a8fc       __nhandle                  4010f8fc     <common>
 0003:0008a900       ___setlc_active            4010f900     <common>
 0003:0008a910       ___unguarded_readlc_active 4010f910     <common>
 0003:0008a914       ___piob                    4010f914     <common>
 0003:0008ac60       __bufin                    4010fc60     <common>
 0003:0008bc60       __nstream                  40110c60     <common>
 0003:0008bc64       ___env_initialized         40110c64     <common>
 0003:0008bc74       ___mbctype_initialized     40110c74     <common>
 0003:0008bc78       ___onexitend               40110c78     <common>
 0003:0008bc7c       ___onexitbegin             40110c7c     <common>
 0003:0008bc80       __pfnReportHook            40110c80     <common>
 0003:0008bc8c       __acmdln                   40110c8c     <common>
 0003:0008bc9c       __pRawDllMain              40110c9c     <common>
 0004:00000000       __IMPORT_DESCRIPTOR_KERNEL32 40111000     kernel32:KERNEL32.dll
 0004:00000014       __NULL_IMPORT_DESCRIPTOR   40111014     kernel32:KERNEL32.dll
 0004:000001b4       __imp__GetModuleFileNameA@12 401111b4     kernel32:KERNEL32.dll
 0004:000001b8       __imp__InterlockedDecrement@4 401111b8     kernel32:KERNEL32.dll
 0004:000001bc       __imp__InterlockedIncrement@4 401111bc     kernel32:KERNEL32.dll
 0004:000001c0       __imp__GetCommandLineA@0   401111c0     kernel32:KERNEL32.dll
 0004:000001c4       __imp__GetVersion@0        401111c4     kernel32:KERNEL32.dll
 0004:000001c8       __imp__DebugBreak@0        401111c8     kernel32:KERNEL32.dll
 0004:000001cc       __imp__GetStdHandle@4      401111cc     kernel32:KERNEL32.dll
 0004:000001d0       __imp__WriteFile@20        401111d0     kernel32:KERNEL32.dll
 0004:000001d4       __imp__OutputDebugStringA@4 401111d4     kernel32:KERNEL32.dll
 0004:000001d8       __imp__GetProcAddress@8    401111d8     kernel32:KERNEL32.dll
 0004:000001dc       __imp__LoadLibraryA@4      401111dc     kernel32:KERNEL32.dll
 0004:000001e0       __imp__GetModuleHandleA@4  401111e0     kernel32:KERNEL32.dll
 0004:000001e4       __imp__RaiseException@16   401111e4     kernel32:KERNEL32.dll
 0004:000001e8       __imp__ExitProcess@4       401111e8     kernel32:KERNEL32.dll
 0004:000001ec       __imp__TerminateProcess@8  401111ec     kernel32:KERNEL32.dll
 0004:000001f0       __imp__GetCurrentProcess@0 401111f0     kernel32:KERNEL32.dll
 0004:000001f4       __imp__GetLastError@0      401111f4     kernel32:KERNEL32.dll
 0004:000001f8       __imp__SetConsoleCtrlHandler@8 401111f8     kernel32:KERNEL32.dll
 0004:000001fc       __imp__EnterCriticalSection@4 401111fc     kernel32:KERNEL32.dll
 0004:00000200       __imp__LeaveCriticalSection@4 40111200     kernel32:KERNEL32.dll
 0004:00000204       __imp__InitializeCriticalSection@4 40111204     kernel32:KERNEL32.dll
 0004:00000208       __imp__DeleteCriticalSection@4 40111208     kernel32:KERNEL32.dll
 0004:0000020c       __imp__FatalAppExitA@8     4011120c     kernel32:KERNEL32.dll
 0004:00000210       __imp__Sleep@4             40111210     kernel32:KERNEL32.dll
 0004:00000214       __imp__WideCharToMultiByte@32 40111214     kernel32:KERNEL32.dll
 0004:00000218       __imp__MultiByteToWideChar@24 40111218     kernel32:KERNEL32.dll
 0004:0000021c       __imp__LCMapStringA@24     4011121c     kernel32:KERNEL32.dll
 0004:00000220       __imp__LCMapStringW@24     40111220     kernel32:KERNEL32.dll
 0004:00000224       __imp__GetCurrentThreadId@0 40111224     kernel32:KERNEL32.dll
 0004:00000228       __imp__TlsSetValue@8       40111228     kernel32:KERNEL32.dll
 0004:0000022c       __imp__TlsAlloc@0          4011122c     kernel32:KERNEL32.dll
 0004:00000230       __imp__TlsFree@4           40111230     kernel32:KERNEL32.dll
 0004:00000234       __imp__SetLastError@4      40111234     kernel32:KERNEL32.dll
 0004:00000238       __imp__TlsGetValue@4       40111238     kernel32:KERNEL32.dll
 0004:0000023c       __imp__GetCurrentThread@0  4011123c     kernel32:KERNEL32.dll
 0004:00000240       __imp__SetHandleCount@4    40111240     kernel32:KERNEL32.dll
 0004:00000244       __imp__GetFileType@4       40111244     kernel32:KERNEL32.dll
 0004:00000248       __imp__GetStartupInfoA@4   40111248     kernel32:KERNEL32.dll
 0004:0000024c       __imp__IsBadWritePtr@8     4011124c     kernel32:KERNEL32.dll
 0004:00000250       __imp__IsBadReadPtr@8      40111250     kernel32:KERNEL32.dll
 0004:00000254       __imp__HeapValidate@12     40111254     kernel32:KERNEL32.dll
 0004:00000258       __imp__FreeEnvironmentStringsA@4 40111258     kernel32:KERNEL32.dll
 0004:0000025c       __imp__FreeEnvironmentStringsW@4 4011125c     kernel32:KERNEL32.dll
 0004:00000260       __imp__GetEnvironmentStrings@0 40111260     kernel32:KERNEL32.dll
 0004:00000264       __imp__GetEnvironmentStringsW@0 40111264     kernel32:KERNEL32.dll
 0004:00000268       __imp__HeapDestroy@4       40111268     kernel32:KERNEL32.dll
 0004:0000026c       __imp__HeapCreate@12       4011126c     kernel32:KERNEL32.dll
 0004:00000270       __imp__HeapFree@12         40111270     kernel32:KERNEL32.dll
 0004:00000274       __imp__VirtualFree@12      40111274     kernel32:KERNEL32.dll
 0004:00000278       __imp__GetStringTypeA@20   40111278     kernel32:KERNEL32.dll
 0004:0000027c       __imp__GetStringTypeW@16   4011127c     kernel32:KERNEL32.dll
 0004:00000280       __imp__UnhandledExceptionFilter@4 40111280     kernel32:KERNEL32.dll
 0004:00000284       __imp__FlushFileBuffers@4  40111284     kernel32:KERNEL32.dll
 0004:00000288       __imp__SetFilePointer@16   40111288     kernel32:KERNEL32.dll
 0004:0000028c       __imp__GetCPInfo@8         4011128c     kernel32:KERNEL32.dll
 0004:00000290       __imp__IsValidLocale@8     40111290     kernel32:KERNEL32.dll
 0004:00000294       __imp__IsValidCodePage@4   40111294     kernel32:KERNEL32.dll
 0004:00000298       __imp__GetLocaleInfoA@16   40111298     kernel32:KERNEL32.dll
 0004:0000029c       __imp__EnumSystemLocalesA@8 4011129c     kernel32:KERNEL32.dll
 0004:000002a0       __imp__GetUserDefaultLCID@0 401112a0     kernel32:KERNEL32.dll
 0004:000002a4       __imp__GetVersionExA@4     401112a4     kernel32:KERNEL32.dll
 0004:000002a8       __imp__RtlUnwind@16        401112a8     kernel32:KERNEL32.dll
 0004:000002ac       __imp__HeapAlloc@12        401112ac     kernel32:KERNEL32.dll
 0004:000002b0       __imp__HeapReAlloc@16      401112b0     kernel32:KERNEL32.dll
 0004:000002b4       __imp__VirtualAlloc@16     401112b4     kernel32:KERNEL32.dll
 0004:000002b8       __imp__GetACP@0            401112b8     kernel32:KERNEL32.dll
 0004:000002bc       __imp__GetOEMCP@0          401112bc     kernel32:KERNEL32.dll
 0004:000002c0       __imp__SetStdHandle@8      401112c0     kernel32:KERNEL32.dll
 0004:000002c4       __imp__CloseHandle@4       401112c4     kernel32:KERNEL32.dll
 0004:000002c8       __imp__GetTimeZoneInformation@4 401112c8     kernel32:KERNEL32.dll
 0004:000002cc       __imp__GetLocaleInfoW@16   401112cc     kernel32:KERNEL32.dll
 0004:000002d0       __imp__CompareStringA@24   401112d0     kernel32:KERNEL32.dll
 0004:000002d4       __imp__CompareStringW@24   401112d4     kernel32:KERNEL32.dll
 0004:000002d8       __imp__SetEnvironmentVariableA@8 401112d8     kernel32:KERNEL32.dll
 0004:000002dc       \177KERNEL32_NULL_THUNK_DATA 401112dc     kernel32:KERNEL32.dll

 entry point at        0001:00038c20

