 uix86

 Timestamp is 58c1735a (Thu Mar 09 10:23:06 2017)

 Preferred load address is 40000000

 Start         Length     Name                   Class
 0001:00000000 000553d2H .text                   CODE
 0001:000553d2 00026c0eH .textbss                CODE
 0002:00000000 00007d28H .rdata                  DATA
 0002:00007d30 00000167H .edata                  DATA
 0003:00000000 00000104H .CRT$XCA                DATA
 0003:00000104 00000104H .CRT$XCZ                DATA
 0003:00000208 00000104H .CRT$XIA                DATA
 0003:0000030c 00000109H .CRT$XIC                DATA
 0003:00000418 00000104H .CRT$XIZ                DATA
 0003:0000051c 00000104H .CRT$XPA                DATA
 0003:00000620 00000104H .CRT$XPX                DATA
 0003:00000724 00000104H .CRT$XPZ                DATA
 0003:00000828 00000104H .CRT$XTA                DATA
 0003:0000092c 00000104H .CRT$XTZ                DATA
 0003:00000a30 00005004H .data                   DATA
 0003:00005a38 00086428H .bss                    DATA
 0004:00000000 00000014H .idata$2                DATA
 0004:00000014 00000014H .idata$3                DATA
 0004:00000028 0000018cH .idata$4                DATA
 0004:000001b4 0000018cH .idata$5                DATA
 0004:00000340 000006c8H .idata$6                DATA

  Address         Publics by Value              Rva+Base     Lib:Object

 0001:00000ec0       _BG_FindItemForPowerup     40001ec0 f   bg_misc.obj
 0001:00000f70       _BG_FindItemForHoldable    40001f70 f   bg_misc.obj
 0001:00001020       _BG_FindItemForWeapon      40002020 f   bg_misc.obj
 0001:000010b0       _BG_FindItem               400020b0 f   bg_misc.obj
 0001:00001130       _BG_PlayerTouchesItem      40002130 f   bg_misc.obj
 0001:00001230       _BG_CanItemBeGrabbed       40002230 f   bg_misc.obj
 0001:00001510       _BG_EvaluateTrajectory     40002510 f   bg_misc.obj
 0001:00001780       _UI_BotSelectMenu_Cache    40002780 f   ui_startserver.obj
 0001:00001820       _BG_EvaluateTrajectoryDelta 40002820 f   bg_misc.obj
 0001:00001a70       _BG_AddPredictableEventToPlayerstate 40002a70 f   bg_misc.obj
 0001:00001b70       _BG_TouchJumpPad           40002b70 f   bg_misc.obj
 0001:00001ba0       _BG_PlayerStateToEntityState 40002ba0 f   bg_misc.obj
 0001:00002050       _BG_PlayerStateToEntityStateExtraPolate 40003050 f   bg_misc.obj
 0001:00002510       _Q_rand                    40003510 f   q_math.obj
 0001:00002560       _Q_random                  40003560 f   q_math.obj
 0001:000025c0       _Q_crandom                 400035c0 f   q_math.obj
 0001:00002610       _ClampChar                 40003610 f   q_math.obj
 0001:00002660       _ClampShort                40003660 f   q_math.obj
 0001:000026c0       _DirToByte                 400036c0 f   q_math.obj
 0001:000027a0       _ByteToDir                 400037a0 f   q_math.obj
 0001:00002850       _ColorBytes3               40003850 f   q_math.obj
 0001:000028c0       _ColorBytes4               400038c0 f   q_math.obj
 0001:00002940       _NormalizeColor            40003940 f   q_math.obj
 0001:00002a30       _PlaneFromPoints           40003a30 f   q_math.obj
 0001:00002bf0       _RotatePointAroundVector   40003bf0 f   q_math.obj
 0001:00002ed0       _RotateAroundDirection     40003ed0 f   q_math.obj
 0001:00002fa0       _vectoangles               40003fa0 f   q_math.obj
 0001:00003190       _AnglesToAxis              40004190 f   q_math.obj
 0001:00003220       _AxisClear                 40004220 f   q_math.obj
 0001:000032c0       _AxisCopy                  400042c0 f   q_math.obj
 0001:00003370       _ProjectPointOnPlane       40004370 f   q_math.obj
 0001:00003510       _MakeNormalVectors         40004510 f   q_math.obj
 0001:00003620       _VectorRotate              40004620 f   q_math.obj
 0001:000036f0       _Q_rsqrt                   400046f0 f   q_math.obj
 0001:00003770       _Q_fabs                    40004770 f   q_math.obj
 0001:000037c0       _LerpAngle                 400047c0 f   q_math.obj
 0001:00003850       _AngleSubtract             40004850 f   q_math.obj
 0001:000038d0       _AnglesSubtract            400048d0 f   q_math.obj
 0001:00003970       _AngleMod                  40004970 f   q_math.obj
 0001:000039d0       _AngleNormalize360         400049d0 f   q_math.obj
 0001:00003a30       _AngleNormalize180         40004a30 f   q_math.obj
 0001:00003aa0       _AngleDelta                40004aa0 f   q_math.obj
 0001:00003af0       _SetPlaneSignbits          40004af0 f   q_math.obj
 0001:00003b80       _BoxOnPlaneSide            40004b80 f   q_math.obj
 0001:00003e50       _RadiusFromBounds          40004e50 f   q_math.obj
 0001:00003fb0       _ClearBounds               40004fb0 f   q_math.obj
 0001:00004020       _AddPointToBounds          40005020 f   q_math.obj
 0001:00004130       _VectorNormalize           40005130 f   q_math.obj
 0001:00004210       _VectorNormalize2          40005210 f   q_math.obj
 0001:00004310       __VectorMA                 40005310 f   q_math.obj
 0001:00004390       __DotProduct               40005390 f   q_math.obj
 0001:000043f0       __VectorSubtract           400053f0 f   q_math.obj
 0001:00004460       __VectorAdd                40005460 f   q_math.obj
 0001:000044d0       __VectorCopy               400054d0 f   q_math.obj
 0001:00004530       __VectorScale              40005530 f   q_math.obj
 0001:00004590       _Vector4Scale              40005590 f   q_math.obj
 0001:00004600       _Q_log2                    40005600 f   q_math.obj
 0001:00004660       _MatrixMultiply            40005660 f   q_math.obj
 0001:00004890       _AngleVectors              40005890 f   q_math.obj
 0001:00004b10       _PerpendicularVector       40005b10 f   q_math.obj
 0001:00004c20       _TransposeMatrix           40005c20 f   q_math.obj
 0001:00004cc0       _Com_Clamp                 40005cc0 f   q_shared.obj
 0001:00004d20       _COM_SkipPath              40005d20 f   q_shared.obj
 0001:00004d90       _COM_StripExtension        40005d90 f   q_shared.obj
 0001:00004e00       _COM_DefaultExtension      40005e00 f   q_shared.obj
 0001:00004ed0       _ShortSwap                 40005ed0 f   q_shared.obj
 0001:00004f40       _ShortNoSwap               40005f40 f   q_shared.obj
 0001:00004f70       _LongSwap                  40005f70 f   q_shared.obj
 0001:00005020       _LongNoSwap                40006020 f   q_shared.obj
 0001:00005050       _Long64Swap                40006050 f   q_shared.obj
 0001:000050c0       _Long64NoSwap              400060c0 f   q_shared.obj
 0001:000050f0       _FloatSwap                 400060f0 f   q_shared.obj
 0001:00005150       _FloatNoSwap               40006150 f   q_shared.obj
 0001:00005180       _COM_BeginParseSession     40006180 f   q_shared.obj
 0001:000051f0       _COM_GetCurrentParseLine   400061f0 f   q_shared.obj
 0001:00005220       _COM_Parse                 40006220 f   q_shared.obj
 0001:00005270       _COM_ParseError            40006270 f   q_shared.obj
 0001:00005300       _COM_ParseWarning          40006300 f   q_shared.obj
 0001:00005390       _COM_Compress              40006390 f   q_shared.obj
 0001:00005630       _COM_ParseExt              40006630 f   q_shared.obj
 0001:00005990       _COM_MatchToken            40006990 f   q_shared.obj
 0001:00005a10       _SkipBracedSection         40006a10 f   q_shared.obj
 0001:00005ac0       _SkipRestOfLine            40006ac0 f   q_shared.obj
 0001:00005b40       _Parse1DMatrix             40006b40 f   q_shared.obj
 0001:00005bf0       _Parse2DMatrix             40006bf0 f   q_shared.obj
 0001:00005ca0       _Parse3DMatrix             40006ca0 f   q_shared.obj
 0001:00005d50       _Q_isprint                 40006d50 f   q_shared.obj
 0001:00005da0       _Q_islower                 40006da0 f   q_shared.obj
 0001:00005df0       _Q_isupper                 40006df0 f   q_shared.obj
 0001:00005e40       _Q_isalpha                 40006e40 f   q_shared.obj
 0001:00005e90       _Q_strrchr                 40006e90 f   q_shared.obj
 0001:00005f20       _Q_strncpyz                40006f20 f   q_shared.obj
 0001:00005fd0       _Q_stricmpn                40006fd0 f   q_shared.obj
 0001:000060f0       _Q_strncmp                 400070f0 f   q_shared.obj
 0001:00006190       _Q_stricmp                 40007190 f   q_shared.obj
 0001:00006200       _Q_strlwr                  40007200 f   q_shared.obj
 0001:00006280       _Q_strupr                  40007280 f   q_shared.obj
 0001:00006300       _Q_strcat                  40007300 f   q_shared.obj
 0001:00006390       _Q_PrintStrlen             40007390 f   q_shared.obj
 0001:00006440       _Q_CleanStr                40007440 f   q_shared.obj
 0001:00006510       _Com_sprintf               40007510 f   q_shared.obj
 0001:000065f0       _va                        400075f0 f   q_shared.obj
 0001:00006680       _Info_ValueForKey          40007680 f   q_shared.obj
 0001:00006890       _Info_NextPair             40007890 f   q_shared.obj
 0001:000069b0       _Info_RemoveKey            400079b0 f   q_shared.obj
 0001:00006ba0       _Info_RemoveKey_Big        40007ba0 f   q_shared.obj
 0001:00006d90       _Info_Validate             40007d90 f   q_shared.obj
 0001:00006e00       _Info_SetValueForKey       40007e00 f   q_shared.obj
 0001:00007010       _Info_SetValueForKey_Big   40008010 f   q_shared.obj
 0001:00007200       _UI_AddBots_Cache          40008200 f   ui_addbots.obj
 0001:000072c0       _UI_AddBotsMenu            400082c0 f   ui_addbots.obj
 0001:00007e80       _Com_Error                 40008e80 f   ui_atoms.obj
 0001:00007f10       _Com_Printf                40008f10 f   ui_atoms.obj
 0001:00007fa0       _UI_ClampCvar              40008fa0 f   ui_atoms.obj
 0001:00008000       _UI_StartDemoLoop          40009000 f   ui_atoms.obj
 0001:00008050       _UI_PushMenu               40009050 f   ui_atoms.obj
 0001:000081d0       _UI_PopMenu                400091d0 f   ui_atoms.obj
 0001:00008280       _UI_ForceMenuOff           40009280 f   ui_atoms.obj
 0001:00008300       _UI_LerpColor              40009300 f   ui_atoms.obj
 0001:000083e0       _UI_DrawBannerString       400093e0 f   ui_atoms.obj
 0001:00008770       _UI_ProportionalStringWidth 40009770 f   ui_atoms.obj
 0001:00008810       _UI_ProportionalSizeScale  40009810 f   ui_atoms.obj
 0001:00008860       _UI_DrawProportionalString 40009860 f   ui_atoms.obj
 0001:00008d60       _UI_DrawProportionalString_AutoWrapped 40009d60 f   ui_atoms.obj
 0001:00008f80       _UI_DrawString             40009f80 f   ui_atoms.obj
 0001:00009450       _UI_DrawChar               4000a450 f   ui_atoms.obj
 0001:000094c0       _UI_IsFullscreen           4000a4c0 f   ui_atoms.obj
 0001:00009520       _UI_SetActiveMenu          4000a520 f   ui_atoms.obj
 0001:000096b0       _UI_KeyEvent               4000a6b0 f   ui_atoms.obj
 0001:00009780       _UI_MouseEvent             4000a780 f   ui_atoms.obj
 0001:00009a10       _UI_Argv                   4000aa10 f   ui_atoms.obj
 0001:00009a70       _UI_Cvar_VariableString    4000aa70 f   ui_atoms.obj
 0001:00009ad0       _UI_Cache_f                4000aad0 f   ui_atoms.obj
 0001:00009bc0       _UI_ConsoleCommand         4000abc0 f   ui_atoms.obj
 0001:00009d70       _UI_Shutdown               4000ad70 f   ui_atoms.obj
 0001:00009da0       _UI_Init                   4000ada0 f   ui_atoms.obj
 0001:00009e80       _UI_AdjustFrom640          4000ae80 f   ui_atoms.obj
 0001:00009f00       _UI_DrawNamedPic           4000af00 f   ui_atoms.obj
 0001:00009fa0       _UI_DrawHandlePic          4000afa0 f   ui_atoms.obj
 0001:0000a0b0       _UI_FillRect               4000b0b0 f   ui_atoms.obj
 0001:0000a150       _UI_DrawRect               4000b150 f   ui_atoms.obj
 0001:0000a2b0       _UI_SetColor               4000b2b0 f   ui_atoms.obj
 0001:0000a300       _UI_UpdateScreen           4000b300 f   ui_atoms.obj
 0001:0000a340       _UI_Refresh                4000b340 f   ui_atoms.obj
 0001:0000a560       _UI_DrawTextBox            4000b560 f   ui_atoms.obj
 0001:0000a670       _UI_CursorInRect           4000b670 f   ui_atoms.obj
 0001:0000a6e0       _UI_CDKeyMenu_Cache        4000b6e0 f   ui_cdkey.obj
 0001:0000a770       _UI_CDKeyMenu              4000b770 f   ui_cdkey.obj
 0001:0000ae90       _UI_CDKeyMenu_f            4000be90 f   ui_cdkey.obj
 0001:0000aed0       _UI_CinematicsMenu_Cache   4000bed0 f   ui_cinematics.obj
 0001:0000af50       _UI_CinematicsMenu         4000bf50 f   ui_cinematics.obj
 0001:0000b9c0       _UI_CinematicsMenu_f       4000c9c0 f   ui_cinematics.obj
 0001:0000ba40       _ConfirmMenu_Cache         4000ca40 f   ui_confirm.obj
 0001:0000ba90       _UI_ConfirmMenu_Style      4000ca90 f   ui_confirm.obj
 0001:0000c010       _UI_ConfirmMenu            4000d010 f   ui_confirm.obj
 0001:0000c070       _UI_Message                4000d070 f   ui_confirm.obj
 0001:0000c330       _UI_DrawConnectScreen      4000d330 f   ui_connect.obj
 0001:0000cf20       _UI_KeyConnect             4000df20 f   ui_connect.obj
 0001:0000cf70       _Controls_Cache            4000df70 f   ui_controls2.obj
 0001:0000cff0       _UI_ControlsMenu           4000dff0 f   ui_controls2.obj
 0001:00010350       _UI_CreditMenu             40011350 f   ui_credits.obj
 0001:000108e0       _Demos_Cache               400118e0 f   ui_demo2.obj
 0001:000109b0       _UI_DemosMenu              400119b0 f   ui_demo2.obj
 0001:000111b0       _UI_DisplayOptionsMenu_Cache 400121b0 f   ui_display.obj
 0001:00011230       _UI_DisplayOptionsMenu     40012230 f   ui_display.obj
 0001:00011980       _UI_Alloc                  40012980 f   ui_gameinfo.obj
 0001:00011a00       _UI_InitMemory             40012a00 f   ui_gameinfo.obj
 0001:00011a40       _UI_ParseInfos             40012a40 f   ui_gameinfo.obj
 0001:00011ca0       _UI_GetArenaInfoByNumber   40012ca0 f   ui_gameinfo.obj
 0001:00011d90       _UI_GetArenaInfoByMap      40012d90 f   ui_gameinfo.obj
 0001:00011e30       _UI_GetSpecialArenaInfo    40012e30 f   ui_gameinfo.obj
 0001:00011ed0       _UI_GetBotInfoByNumber     40012ed0 f   ui_gameinfo.obj
 0001:00011f50       _UI_GetBotInfoByName       40012f50 f   ui_gameinfo.obj
 0001:00012000       _UI_GetBestScore           40013000 f   ui_gameinfo.obj
 0001:00012170       _UI_SetBestScore           40013170 f   ui_gameinfo.obj
 0001:000122e0       _UI_LogAwardData           400132e0 f   ui_gameinfo.obj
 0001:00012410       _UI_GetAwardLevel          40013410 f   ui_gameinfo.obj
 0001:000124b0       _UI_TierCompleted          400134b0 f   ui_gameinfo.obj
 0001:00012600       _UI_ShowTierVideo          40013600 f   ui_gameinfo.obj
 0001:00012710       _UI_CanShowTierVideo       40013710 f   ui_gameinfo.obj
 0001:000127f0       _UI_GetCurrentGame         400137f0 f   ui_gameinfo.obj
 0001:00012930       _UI_NewGame                40013930 f   ui_gameinfo.obj
 0001:00012a00       _UI_GetNumArenas           40013a00 f   ui_gameinfo.obj
 0001:00012a30       _UI_GetNumSPArenas         40013a30 f   ui_gameinfo.obj
 0001:00012a60       _UI_GetNumSPTiers          40013a60 f   ui_gameinfo.obj
 0001:00012aa0       _UI_GetNumBots             40013aa0 f   ui_gameinfo.obj
 0001:00012ad0       _UI_SPUnlock_f             40013ad0 f   ui_gameinfo.obj
 0001:00012c20       _UI_SPUnlockMedals_f       40013c20 f   ui_gameinfo.obj
 0001:00012d10       _UI_InitGameinfo           40013d10 f   ui_gameinfo.obj
 0001:00013830       _InGame_Event              40014830 f   ui_ingame.obj
 0001:00013a10       _InGame_MenuInit           40014a10 f   ui_ingame.obj
 0001:00014270       _InGame_Cache              40015270 f   ui_ingame.obj
 0001:000142c0       _UI_InGameMenu             400152c0 f   ui_ingame.obj
 0001:00014330       _vmMain                    40015330 f   ui_main.obj
 0001:00014480       _UI_RegisterCvars          40015480 f   ui_main.obj
 0001:00014520       _UI_UpdateCvars            40015520 f   ui_main.obj
 0001:000145a0       _Main_MenuEvent            400155a0 f   ui_menu.obj
 0001:00014700       _MainMenu_Cache            40015700 f   ui_menu.obj
 0001:00014750       _ErrorMessage_Key          40015750 f   ui_menu.obj
 0001:000147b0       _UI_MainMenu               400157b0 f   ui_menu.obj
 0001:00015370       _MField_Draw               40016370 f   ui_mfield.obj
 0001:000155f0       _MField_Paste              400165f0 f   ui_mfield.obj
 0001:00015690       _MField_KeyDownEvent       40016690 f   ui_mfield.obj
 0001:00015950       _MField_CharEvent          40016950 f   ui_mfield.obj
 0001:00015c20       _MField_Clear              40016c20 f   ui_mfield.obj
 0001:00015c70       _MenuField_Init            40016c70 f   ui_mfield.obj
 0001:00015d80       _MenuField_Draw            40016d80 f   ui_mfield.obj
 0001:00015f80       _MenuField_Key             40016f80 f   ui_mfield.obj
 0001:000161f0       _UI_ModsMenu_Cache         400171f0 f   ui_mods.obj
 0001:00016290       _UI_ModsMenu               40017290 f   ui_mods.obj
 0001:000169b0       _UI_NetworkOptionsMenu_Cache 400179b0 f   ui_network.obj
 0001:00016a30       _UI_NetworkOptionsMenu     40017a30 f   ui_network.obj
 0001:000171a0       _SystemConfig_Cache        400181a0 f   ui_options.obj
 0001:00017220       _Options_MenuInit          40018220 f   ui_options.obj
 0001:000177a0       _UI_SystemConfigMenu       400187a0 f   ui_options.obj
 0001:000177f0       _PlayerModel_Cache         400187f0 f   ui_playermodel.obj
 0001:00017c50       _UI_PlayerModelMenu        40018c50 f   ui_playermodel.obj
 0001:00019260       _UI_MachinegunSpinAngle    4001a260 f   ui_players.obj
 0001:000193b0       _UI_DrawPlayer             4001a3b0 f   ui_players.obj
 0001:0001b7a0       _UI_RegisterClientModelname 4001c7a0 f   ui_players.obj
 0001:0001bff0       _UI_PlayerInfo_SetModel    4001cff0 f   ui_players.obj
 0001:0001c0f0       _UI_PlayerInfo_SetInfo     4001d0f0 f   ui_players.obj
 0001:0001c590       _PlayerSettings_Cache      4001d590 f   ui_playersettings.obj
 0001:0001c6e0       _UI_PlayerSettingsMenu     4001d6e0 f   ui_playersettings.obj
 0001:0001d670       _Preferences_Cache         4001e670 f   ui_preferences.obj
 0001:0001d740       _UI_PreferencesMenu        4001e740 f   ui_preferences.obj
 0001:0001e6d0       _Bitmap_Init               4001f6d0 f   ui_qmenu.obj
 0001:0001e7e0       _Bitmap_Draw               4001f7e0 f   ui_qmenu.obj
 0001:0001eb80       _ScrollList_Key            4001fb80 f   ui_qmenu.obj
 0001:0001f5d0       _ScrollList_Draw           400205d0 f   ui_qmenu.obj
 0001:0001f800       _Menu_AddItem              40020800 f   ui_qmenu.obj
 0001:000200a0       _Menu_CursorMoved          400210a0 f   ui_qmenu.obj
 0001:000201b0       _Menu_SetCursor            400211b0 f   ui_qmenu.obj
 0001:00020230       _Menu_SetCursorToItem      40021230 f   ui_qmenu.obj
 0001:000202c0       _Menu_AdjustCursor         400212c0 f   ui_qmenu.obj
 0001:00020420       _Menu_Draw                 40021420 f   ui_qmenu.obj
 0001:00021200       _Menu_ItemAtCursor         40022200 f   ui_qmenu.obj
 0001:00021260       _Menu_ActivateItem         40022260 f   ui_qmenu.obj
 0001:000212e0       _Menu_DefaultKey           400222e0 f   ui_qmenu.obj
 0001:00021d40       _Menu_Cache                40022d40 f   ui_qmenu.obj
 0001:00021f50       _UI_RemoveBots_Cache       40022f50 f   ui_removebots.obj
 0001:00021fe0       _UI_RemoveBotsMenu         40022fe0 f   ui_removebots.obj
 0001:00022a00       _Favorites_Add             40023a00 f   ui_serverinfo.obj
 0001:00022b70       _ServerInfo_Cache          40023b70 f   ui_serverinfo.obj
 0001:00022bf0       _UI_ServerInfoMenu         40023bf0 f   ui_serverinfo.obj
 0001:000231d0       _ArenaServers_InsertFavorites 400241d0 f   ui_servers2.obj
 0001:000236c0       _ArenaServers_LoadFavorites 400246c0 f   ui_servers2.obj
 0001:00023940       _ArenaServers_SaveChanges  40024940 f   ui_servers2.obj
 0001:00023a10       _ArenaServers_Sort         40024a10 f   ui_servers2.obj
 0001:00023c80       _ArenaServers_SetType      40024c80 f   ui_servers2.obj
 0001:00024820       _ArenaServers_Cache        40025820 f   ui_servers2.obj
 0001:00024950       _UI_ArenaServersMenu       40025950 f   ui_servers2.obj
 0001:00026320       _UI_SetupMenu_Cache        40027320 f   ui_setup.obj
 0001:000263a0       _UI_SetupMenu              400273a0 f   ui_setup.obj
 0001:00026bc0       _UI_SoundOptionsMenu_Cache 40027bc0 f   ui_sound.obj
 0001:00026c40       _UI_SoundOptionsMenu       40027c40 f   ui_sound.obj
 0001:000274e0       _UI_SPArena_Start          400284e0 f   ui_sparena.obj
 0001:00027640       _SpecifyServer_MenuInit    40028640 f   ui_specifyserver.obj
 0001:00027b40       _SpecifyServer_Cache       40028b40 f   ui_specifyserver.obj
 0001:00027bc0       _UI_SpecifyServerMenu      40028bc0 f   ui_specifyserver.obj
 0001:00027c10       _UI_SPLevelMenu_Cache      40028c10 f   ui_splevel.obj
 0001:00027e70       _UI_SPLevelMenu            40028e70 f   ui_splevel.obj
 0001:0002a240       _UI_SPLevelMenu_f          4002b240 f   ui_splevel.obj
 0001:0002a2a0       _UI_SPLevelMenu_ReInit     4002b2a0 f   ui_splevel.obj
 0001:0002a2e0       _UI_SPPostgameMenu_Cache   4002b2e0 f   ui_sppostgame.obj
 0001:0002a430       _UI_SPPostgameMenu_f       4002b430 f   ui_sppostgame.obj
 0001:0002b9b0       _Reset_MenuEvent           4002c9b0 f   ui_spreset.obj
 0001:0002ba30       _Reset_Cache               4002ca30 f   ui_spreset.obj
 0001:0002ba80       _UI_ResetMenu              4002ca80 f   ui_spreset.obj
 0001:0002bfb0       _UI_SPSkillMenu_Cache      4002cfb0 f   ui_spskill.obj
 0001:0002c0e0       _UI_SPSkillMenu            4002d0e0 f   ui_spskill.obj
 0001:0002ca10       _StartServer_Cache         4002da10 f   ui_startserver.obj
 0001:0002cdb0       _UI_StartServerMenu        4002ddb0 f   ui_startserver.obj
 0001:0002df00       _ServerOptions_Cache       4002ef00 f   ui_startserver.obj
 0001:000306c0       _UI_BotSelectMenu          400316c0 f   ui_startserver.obj
 0001:000318a0       _dllEntry                  400328a0 f   ui_syscalls.obj
 0001:000318d0       _PASSFLOAT                 400328d0 f   ui_syscalls.obj
 0001:00031910       _trap_Print                40032910 f   ui_syscalls.obj
 0001:00031970       _trap_Error                40032970 f   ui_syscalls.obj
 0001:000319d0       _trap_Milliseconds         400329d0 f   ui_syscalls.obj
 0001:00031a20       _trap_Cvar_Register        40032a20 f   ui_syscalls.obj
 0001:00031a80       _trap_Cvar_Update          40032a80 f   ui_syscalls.obj
 0001:00031ae0       _trap_Cvar_Set             40032ae0 f   ui_syscalls.obj
 0001:00031b40       _trap_Cvar_VariableValue   40032b40 f   ui_syscalls.obj
 0001:00031ba0       _trap_Cvar_VariableStringBuffer 40032ba0 f   ui_syscalls.obj
 0001:00031c00       _trap_Cvar_SetValue        40032c00 f   ui_syscalls.obj
 0001:00031c70       _trap_Cvar_Reset           40032c70 f   ui_syscalls.obj
 0001:00031cd0       _trap_Cvar_Create          40032cd0 f   ui_syscalls.obj
 0001:00031d30       _trap_Cvar_InfoStringBuffer 40032d30 f   ui_syscalls.obj
 0001:00031d90       _trap_Argc                 40032d90 f   ui_syscalls.obj
 0001:00031de0       _trap_Argv                 40032de0 f   ui_syscalls.obj
 0001:00031e40       _trap_Cmd_ExecuteText      40032e40 f   ui_syscalls.obj
 0001:00031ea0       _trap_FS_FOpenFile         40032ea0 f   ui_syscalls.obj
 0001:00031f00       _trap_FS_Read              40032f00 f   ui_syscalls.obj
 0001:00031f60       _trap_FS_Write             40032f60 f   ui_syscalls.obj
 0001:00031fc0       _trap_FS_FCloseFile        40032fc0 f   ui_syscalls.obj
 0001:00032020       _trap_FS_GetFileList       40033020 f   ui_syscalls.obj
 0001:00032080       _trap_FS_Seek              40033080 f   ui_syscalls.obj
 0001:000320e0       _trap_R_RegisterModel      400330e0 f   ui_syscalls.obj
 0001:00032140       _trap_R_RegisterSkin       40033140 f   ui_syscalls.obj
 0001:000321a0       _trap_R_RegisterFont       400331a0 f   ui_syscalls.obj
 0001:00032200       _trap_R_RegisterShaderNoMip 40033200 f   ui_syscalls.obj
 0001:00032260       _trap_R_ClearScene         40033260 f   ui_syscalls.obj
 0001:000322b0       _trap_R_AddRefEntityToScene 400332b0 f   ui_syscalls.obj
 0001:00032310       _trap_R_AddPolyToScene     40033310 f   ui_syscalls.obj
 0001:00032370       _trap_R_AddLightToScene    40033370 f   ui_syscalls.obj
 0001:00032410       _trap_R_RenderScene        40033410 f   ui_syscalls.obj
 0001:00032470       _trap_R_SetColor           40033470 f   ui_syscalls.obj
 0001:000324d0       _trap_R_DrawStretchPic     400334d0 f   ui_syscalls.obj
 0001:000325b0       _trap_R_ModelBounds        400335b0 f   ui_syscalls.obj
 0001:00032610       _trap_UpdateScreen         40033610 f   ui_syscalls.obj
 0001:00032660       _trap_CM_LerpTag           40033660 f   ui_syscalls.obj
 0001:000326e0       _trap_S_StartLocalSound    400336e0 f   ui_syscalls.obj
 0001:00032740       _trap_S_RegisterSound      40033740 f   ui_syscalls.obj
 0001:000327a0       _trap_Key_KeynumToStringBuf 400337a0 f   ui_syscalls.obj
 0001:00032800       _trap_Key_GetBindingBuf    40033800 f   ui_syscalls.obj
 0001:00032860       _trap_Key_SetBinding       40033860 f   ui_syscalls.obj
 0001:000328c0       _trap_Key_IsDown           400338c0 f   ui_syscalls.obj
 0001:00032920       _trap_Key_GetOverstrikeMode 40033920 f   ui_syscalls.obj
 0001:00032970       _trap_Key_SetOverstrikeMode 40033970 f   ui_syscalls.obj
 0001:000329d0       _trap_Key_ClearStates      400339d0 f   ui_syscalls.obj
 0001:00032a20       _trap_Key_GetCatcher       40033a20 f   ui_syscalls.obj
 0001:00032a70       _trap_Key_SetCatcher       40033a70 f   ui_syscalls.obj
 0001:00032ad0       _trap_GetClipboardData     40033ad0 f   ui_syscalls.obj
 0001:00032b30       _trap_GetClientState       40033b30 f   ui_syscalls.obj
 0001:00032b90       _trap_GetGlconfig          40033b90 f   ui_syscalls.obj
 0001:00032bf0       _trap_GetConfigString      40033bf0 f   ui_syscalls.obj
 0001:00032c50       _trap_LAN_GetServerCount   40033c50 f   ui_syscalls.obj
 0001:00032cb0       _trap_LAN_GetServerAddressString 40033cb0 f   ui_syscalls.obj
 0001:00032d10       _trap_LAN_GetServerInfo    40033d10 f   ui_syscalls.obj
 0001:00032d70       _trap_LAN_GetServerPing    40033d70 f   ui_syscalls.obj
 0001:00032dd0       _trap_LAN_GetPingQueueCount 40033dd0 f   ui_syscalls.obj
 0001:00032e20       _trap_LAN_ServerStatus     40033e20 f   ui_syscalls.obj
 0001:00032e80       _trap_LAN_SaveCachedServers 40033e80 f   ui_syscalls.obj
 0001:00032ed0       _trap_LAN_LoadCachedServers 40033ed0 f   ui_syscalls.obj
 0001:00032f20       _trap_LAN_ResetPings       40033f20 f   ui_syscalls.obj
 0001:00032f80       _trap_LAN_ClearPing        40033f80 f   ui_syscalls.obj
 0001:00032fe0       _trap_LAN_GetPing          40033fe0 f   ui_syscalls.obj
 0001:00033040       _trap_LAN_GetPingInfo      40034040 f   ui_syscalls.obj
 0001:000330a0       _trap_LAN_MarkServerVisible 400340a0 f   ui_syscalls.obj
 0001:00033100       _trap_LAN_ServerIsVisible  40034100 f   ui_syscalls.obj
 0001:00033160       _trap_LAN_UpdateVisiblePings 40034160 f   ui_syscalls.obj
 0001:000331c0       _trap_LAN_AddServer        400341c0 f   ui_syscalls.obj
 0001:00033220       _trap_LAN_RemoveServer     40034220 f   ui_syscalls.obj
 0001:00033280       _trap_LAN_CompareServers   40034280 f   ui_syscalls.obj
 0001:000332f0       _trap_MemoryRemaining      400342f0 f   ui_syscalls.obj
 0001:00033340       _trap_GetCDKey             40034340 f   ui_syscalls.obj
 0001:000333a0       _trap_SetCDKey             400343a0 f   ui_syscalls.obj
 0001:00033400       _trap_PC_AddGlobalDefine   40034400 f   ui_syscalls.obj
 0001:00033460       _trap_PC_LoadSource        40034460 f   ui_syscalls.obj
 0001:000334c0       _trap_PC_FreeSource        400344c0 f   ui_syscalls.obj
 0001:00033520       _trap_PC_ReadToken         40034520 f   ui_syscalls.obj
 0001:00033580       _trap_PC_SourceFileAndLine 40034580 f   ui_syscalls.obj
 0001:000335e0       _trap_S_StopBackgroundTrack 400345e0 f   ui_syscalls.obj
 0001:00033630       _trap_S_StartBackgroundTrack 40034630 f   ui_syscalls.obj
 0001:00033690       _trap_RealTime             40034690 f   ui_syscalls.obj
 0001:000336f0       _trap_CIN_PlayCinematic    400346f0 f   ui_syscalls.obj
 0001:00033760       _trap_CIN_StopCinematic    40034760 f   ui_syscalls.obj
 0001:000337c0       _trap_CIN_RunCinematic     400347c0 f   ui_syscalls.obj
 0001:00033820       _trap_CIN_DrawCinematic    40034820 f   ui_syscalls.obj
 0001:00033880       _trap_CIN_SetExtents       40034880 f   ui_syscalls.obj
 0001:000338f0       _trap_R_RemapShader        400348f0 f   ui_syscalls.obj
 0001:00033950       _trap_VerifyCDKey          40034950 f   ui_syscalls.obj
 0001:000339b0       _trap_SetPbClStatus        400349b0 f   ui_syscalls.obj
 0001:00033a10       _TeamMain_MenuInit         40034a10 f   ui_team.obj
 0001:00033ed0       _TeamMain_Cache            40034ed0 f   ui_team.obj
 0001:00033f20       _UI_TeamMainMenu           40034f20 f   ui_team.obj
 0001:00033f70       _UI_TeamOrdersMenu_Key     40034f70 f   ui_teamorders.obj
 0001:000341e0       _UI_TeamOrdersMenu_Cache   400351e0 f   ui_teamorders.obj
 0001:00034250       _UI_TeamOrdersMenu         40035250 f   ui_teamorders.obj
 0001:00034b70       _UI_TeamOrdersMenu_f       40035b70 f   ui_teamorders.obj
 0001:00034c90       _DriverInfo_Cache          40035c90 f   ui_video.obj
 0001:00034d10       _GraphicsOptions_MenuDraw  40035d10 f   ui_video.obj
 0001:00035130       _GraphicsOptions_MenuInit  40036130 f   ui_video.obj
 0001:00036b00       _GraphicsOptions_Cache     40037b00 f   ui_video.obj
 0001:00036ba0       _UI_GraphicsOptionsMenu    40037ba0 f   ui_video.obj
 0001:00036c00       __chkesp                   40037c00 f   LIBCMTD:chkesp.obj
 0001:00036c40       __fpmath                   40037c40 f   LIBCMTD:fpinit.obj
 0001:00036c70       __fpclear                  40037c70 f   LIBCMTD:fpinit.obj
 0001:00036c80       __cfltcvt_init             40037c80 f   LIBCMTD:fpinit.obj
 0001:00036cd0       ___setfflag                40037cd0 f   LIBCMTD:fpinit.obj
 0001:00036cf0       __CIsin                    40037cf0 f   LIBCMTD:sin.obj
 0001:00036d04       _sin                       40037d04 f   LIBCMTD:sin.obj
 0001:00036da0       __CIcos                    40037da0 f   LIBCMTD:cos.obj
 0001:00036db4       _cos                       40037db4 f   LIBCMTD:cos.obj
 0001:00036e50       _atof                      40037e50 f   LIBCMTD:atof.obj
 0001:00036ec8       __ftol                     40037ec8 f   LIBCMTD:ftol.obj
 0001:00036ef0       _memset                    40037ef0 f   LIBCMTD:memset.obj
 0001:00036f50       _memcpy                    40037f50 f   LIBCMTD:memcpy.obj
 0001:00037290       __CIsqrt                   40038290 f   LIBCMTD:sqrt.obj
 0001:000372a4       _sqrt                      400382a4 f   LIBCMTD:sqrt.obj
 0001:00037350       _atan2                     40038350 f   LIBCMTD:87ctriga.obj
 0001:0003735a       __CIatan2                  4003835a f   LIBCMTD:87ctriga.obj
 0001:00037370       __assert                   40038370 f   LIBCMTD:assert.obj
 0001:000376f0       _fabs                      400386f0 f   LIBCMTD:fabs.obj
 0001:000377f0       _strlen                    400387f0 f   LIBCMTD:strlen.obj
 0001:00037870       _vsprintf                  40038870 f   LIBCMTD:vsprintf.obj
 0001:00037970       _strcmp                    40038970 f   LIBCMTD:strcmp.obj
 0001:00037a00       _strncpy                   40038a00 f   LIBCMTD:strncpy.obj
 0001:00037b00       __tolower                  40038b00 f   LIBCMTD:tolower.obj
 0001:00037b10       _tolower                   40038b10 f   LIBCMTD:tolower.obj
 0001:00037bb0       __tolower_lk               40038bb0 f   LIBCMTD:tolower.obj
 0001:00037ce0       __toupper                  40038ce0 f   LIBCMTD:toupper.obj
 0001:00037cf0       _toupper                   40038cf0 f   LIBCMTD:toupper.obj
 0001:00037d90       __toupper_lk               40038d90 f   LIBCMTD:toupper.obj
 0001:00037ec0       __chkstk                   40038ec0 f   LIBCMTD:chkstk.obj
 0001:00037ec0       __alloca_probe             40038ec0 f   LIBCMTD:chkstk.obj
 0001:00037ef0       _strcpy                    40038ef0 f   LIBCMTD:strcat.obj
 0001:00037f00       _strcat                    40038f00 f   LIBCMTD:strcat.obj
 0001:00037ff0       _strchr                    40038ff0 f   LIBCMTD:strchr.obj
 0001:00037ff6       ___from_strstr_to_strchr   40038ff6 f   LIBCMTD:strchr.obj
 0001:000380b0       _atol                      400390b0 f   LIBCMTD:atox.obj
 0001:000381b0       _atoi                      400391b0 f   LIBCMTD:atox.obj
 0001:000381d0       __atoi64                   400391d0 f   LIBCMTD:atox.obj
 0001:00038300       _qsort                     40039300 f   LIBCMTD:qsort.obj
 0001:00038600       _strstr                    40039600 f   LIBCMTD:strstr.obj
 0001:00038680       _memmove                   40039680 f   LIBCMTD:memmove.obj
 0001:000389c0       _srand                     400399c0 f   LIBCMTD:rand.obj
 0001:000389d0       _rand                      400399d0 f   LIBCMTD:rand.obj
 0001:00038a10       __CItan                    40039a10 f   LIBCMTD:tan.obj
 0001:00038a24       _tan                       40039a24 f   LIBCMTD:tan.obj
 0001:00038ad0       __CRT_INIT@12              40039ad0 f   LIBCMTD:dllcrt0.obj
 0001:00038c10       __DllMainCRTStartup@12     40039c10 f   LIBCMTD:dllcrt0.obj
 0001:00038d10       __amsg_exit                40039d10 f   LIBCMTD:dllcrt0.obj
 0001:00038d50       __CrtDbgBreak              40039d50 f   LIBCMTD:dbgrpt.obj
 0001:00038d60       __CrtSetReportMode         40039d60 f   LIBCMTD:dbgrpt.obj
 0001:00038dc0       __CrtSetReportFile         40039dc0 f   LIBCMTD:dbgrpt.obj
 0001:00038e40       __CrtSetReportHook         40039e40 f   LIBCMTD:dbgrpt.obj
 0001:00038e60       __CrtDbgReport             40039e60 f   LIBCMTD:dbgrpt.obj
 0001:00039500       __setdefaultprecision      4003a500 f   LIBCMTD:fp8.obj
 0001:00039520       __ms_p5_test_fdiv          4003a520 f   LIBCMTD:testfdiv.obj
 0001:00039580       __ms_p5_mp_test_fdiv       4003a580 f   LIBCMTD:testfdiv.obj
 0001:000395d0       __forcdecpt                4003a5d0 f   LIBCMTD:cvt.obj
 0001:00039680       __cropzeros                4003a680 f   LIBCMTD:cvt.obj
 0001:00039760       __positive                 4003a760 f   LIBCMTD:cvt.obj
 0001:00039790       __fassign                  4003a790 f   LIBCMTD:cvt.obj
 0001:000397e0       __cftoe                    4003a7e0 f   LIBCMTD:cvt.obj
 0001:000399d0       __cftof                    4003a9d0 f   LIBCMTD:cvt.obj
 0001:00039b80       __cftog                    4003ab80 f   LIBCMTD:cvt.obj
 0001:00039c70       __cfltcvt                  4003ac70 f   LIBCMTD:cvt.obj
 0001:00039d00       __trandisp1                4003ad00 f   LIBCMTD:87disp.obj
 0001:00039d67       __trandisp2                4003ad67 f   LIBCMTD:87disp.obj
 0001:00039df3       __rttospopde               4003adf3 f   LIBCMTD:87disp.obj
 0001:00039df8       __rttospop                 4003adf8 f   LIBCMTD:87disp.obj
 0001:00039dfa       __rtnospop                 4003adfa f   LIBCMTD:87disp.obj
 0001:00039dfc       __rttosnpop                4003adfc f   LIBCMTD:87disp.obj
 0001:00039dfd       __rtnospopde               4003adfd f   LIBCMTD:87disp.obj
 0001:00039e04       __rtzeropop                4003ae04 f   LIBCMTD:87disp.obj
 0001:00039e06       __rtzeronpop               4003ae06 f   LIBCMTD:87disp.obj
 0001:00039e0b       __rtonepop                 4003ae0b f   LIBCMTD:87disp.obj
 0001:00039e0d       __rtonenpop                4003ae0d f   LIBCMTD:87disp.obj
 0001:00039e12       __tosnan1                  4003ae12 f   LIBCMTD:87disp.obj
 0001:00039e3d       __nosnan2                  4003ae3d f   LIBCMTD:87disp.obj
 0001:00039e3f       __tosnan2                  4003ae3f f   LIBCMTD:87disp.obj
 0001:00039e67       __nan2                     4003ae67 f   LIBCMTD:87disp.obj
 0001:00039ea6       __rtindfpop                4003aea6 f   LIBCMTD:87disp.obj
 0001:00039ea8       __rtindfnpop               4003aea8 f   LIBCMTD:87disp.obj
 0001:00039eb9       __rttosnpopde              4003aeb9 f   LIBCMTD:87disp.obj
 0001:00039ec3       __rtchsifneg               4003aec3 f   LIBCMTD:87disp.obj
 0001:00039ed0       __twoToTOS                 4003aed0 f   LIBCMTD:common.obj
 0001:00039ee5       __load_CW                  4003aee5 f   LIBCMTD:common.obj
 0001:00039efc       __convertTOStoQNaN         4003aefc f   LIBCMTD:common.obj
 0001:00039f15       __fload_withFB             4003af15 f   LIBCMTD:common.obj
 0001:00039f58       __checkTOS_withFB          4003af58 f   LIBCMTD:common.obj
 0001:00039f6e       __fast_exit                4003af6e f   LIBCMTD:common.obj
 0001:00039f7b       __math_exit                4003af7b f   LIBCMTD:common.obj
 0001:00039fa5       __check_overflow_exit      4003afa5 f   LIBCMTD:common.obj
 0001:00039fb9       __check_range_exit         4003afb9 f   LIBCMTD:common.obj
 0001:0003a060       __startTwoArgErrorHandling 4003b060 f   LIBCMTD:genexcep.obj
 0001:0003a077       __startOneArgErrorHandling 4003b077 f   LIBCMTD:genexcep.obj
 0001:0003a0c0       __fltin2                   4003b0c0 f   LIBCMTD:cfin.obj
 0001:0003a180       __isctype                  4003b180 f   LIBCMTD:isctype.obj
 0001:0003a25c       __fFATN2                   4003b25c f   LIBCMTD:87triga.obj
 0001:0003a2ac       __rtpiby2                  4003b2ac f   LIBCMTD:87triga.obj
 0001:0003a2f0       __cintrindisp2             4003b2f0 f   LIBCMTD:87cdisp.obj
 0001:0003a32e       __cintrindisp1             4003b32e f   LIBCMTD:87cdisp.obj
 0001:0003a36b       __ctrandisp2               4003b36b f   LIBCMTD:87cdisp.obj
 0001:0003a4eb       __ctrandisp1               4003b4eb f   LIBCMTD:87cdisp.obj
 0001:0003a51e       __fload                    4003b51e f   LIBCMTD:87cdisp.obj
 0001:0003a560       _abort                     4003b560 f   LIBCMTD:abort.obj
 0001:0003a580       __cinit                    4003b580 f   LIBCMTD:crt0dat.obj
 0001:0003a5c0       _exit                      4003b5c0 f   LIBCMTD:crt0dat.obj
 0001:0003a5e0       __exit                     4003b5e0 f   LIBCMTD:crt0dat.obj
 0001:0003a600       __cexit                    4003b600 f   LIBCMTD:crt0dat.obj
 0001:0003a620       __c_exit                   4003b620 f   LIBCMTD:crt0dat.obj
 0001:0003a730       __lockexit                 4003b730 f   LIBCMTD:crt0dat.obj
 0001:0003a740       __unlockexit               4003b740 f   LIBCMTD:crt0dat.obj
 0001:0003a780       _signal                    4003b780 f   LIBCMTD:winsig.obj
 0001:0003aa50       _raise                     4003ba50 f   LIBCMTD:winsig.obj
 0001:0003acf0       ___fpecode                 4003bcf0 f   LIBCMTD:winsig.obj
 0001:0003ad00       ___pxcptinfoptrs           4003bd00 f   LIBCMTD:winsig.obj
 0001:0003ad10       ___crtMessageBoxA          4003bd10 f   LIBCMTD:crtmbox.obj
 0001:0003add0       __itoa                     4003bdd0 f   LIBCMTD:xtoa.obj
 0001:0003aef0       __ltoa                     4003bef0 f   LIBCMTD:xtoa.obj
 0001:0003af30       __ultoa                    4003bf30 f   LIBCMTD:xtoa.obj
 0001:0003af50       __i64toa                   4003bf50 f   LIBCMTD:xtoa.obj
 0001:0003b0a0       __ui64toa                  4003c0a0 f   LIBCMTD:xtoa.obj
 0001:0003b0c0       _strncat                   4003c0c0 f   LIBCMTD:strncat.obj
 0001:0003b1f0       _fflush                    4003c1f0 f   LIBCMTD:fflush.obj
 0001:0003b240       __fflush_lk                4003c240 f   LIBCMTD:fflush.obj
 0001:0003b290       __flush                    4003c290 f   LIBCMTD:fflush.obj
 0001:0003b350       __flushall                 4003c350 f   LIBCMTD:fflush.obj
 0001:0003b4a0       _fprintf                   4003c4a0 f   LIBCMTD:fprintf.obj
 0001:0003b570       _setvbuf                   4003c570 f   LIBCMTD:setvbuf.obj
 0001:0003b6e0       ___initstdio               4003c6e0 f   LIBCMTD:_file.obj
 0001:0003b810       ___endstdio                4003c810 f   LIBCMTD:_file.obj
 0001:0003b830       __lock_file                4003c830 f   LIBCMTD:_file.obj
 0001:0003b870       __lock_file2               4003c870 f   LIBCMTD:_file.obj
 0001:0003b8a0       __unlock_file              4003c8a0 f   LIBCMTD:_file.obj
 0001:0003b8e0       __unlock_file2             4003c8e0 f   LIBCMTD:_file.obj
 0001:0003b910       __handle_qnan1             4003c910 f   LIBCMTD:fpexcept.obj
 0001:0003b970       __handle_qnan2             4003c970 f   LIBCMTD:fpexcept.obj
 0001:0003b9e0       __except1                  4003c9e0 f   LIBCMTD:fpexcept.obj
 0001:0003baa0       __except2                  4003caa0 f   LIBCMTD:fpexcept.obj
 0001:0003bb70       __raise_exc                4003cb70 f   LIBCMTD:fpexcept.obj
 0001:0003c040       __handle_exc               4003d040 f   LIBCMTD:fpexcept.obj
 0001:0003c3c0       __umatherr                 4003d3c0 f   LIBCMTD:fpexcept.obj
 0001:0003c460       __set_errno                4003d460 f   LIBCMTD:fpexcept.obj
 0001:0003c4e0       __errcode                  4003d4e0 f   LIBCMTD:fpexcept.obj
 0001:0003c560       __set_exp                  4003d560 f   LIBCMTD:util.obj
 0001:0003c5a0       __get_exp                  4003d5a0 f   LIBCMTD:util.obj
 0001:0003c5d0       __add_exp                  4003d5d0 f   LIBCMTD:util.obj
 0001:0003c610       __set_bexp                 4003d610 f   LIBCMTD:util.obj
 0001:0003c650       __sptype                   4003d650 f   LIBCMTD:util.obj
 0001:0003c6d0       __decomp                   4003d6d0 f   LIBCMTD:util.obj
 0001:0003c810       __statfp                   4003d810 f   LIBCMTD:fpctrl.obj
 0001:0003c830       __clrfp                    4003d830 f   LIBCMTD:fpctrl.obj
 0001:0003c850       __ctrlfp                   4003d850 f   LIBCMTD:fpctrl.obj
 0001:0003c890       __set_statfp               4003d890 f   LIBCMTD:fpctrl.obj
 0001:0003c910       __flsbuf                   4003d910 f   LIBCMTD:_flsbuf.obj
 0001:0003cb90       __output                   4003db90 f   LIBCMTD:output.obj
 0001:0003da30       __mtinitlocks              4003ea30 f   LIBCMTD:mlock.obj
 0001:0003da70       __mtdeletelocks            4003ea70 f   LIBCMTD:mlock.obj
 0001:0003db10       __lock                     4003eb10 f   LIBCMTD:mlock.obj
 0001:0003dbb0       __unlock                   4003ebb0 f   LIBCMTD:mlock.obj
 0001:0003dbd0       __lockerr_exit             4003ebd0 f   LIBCMTD:mlock.obj
 0001:0003dbf0       _setlocale                 4003ebf0 f   LIBCMTD:setlocal.obj
 0001:0003e280       __expandlocale             4003f280 f   LIBCMTD:setlocal.obj
 0001:0003e410       ___init_dummy              4003f410 f   LIBCMTD:setlocal.obj
 0001:0003e420       __strcats                  4003f420 f   LIBCMTD:setlocal.obj
 0001:0003e470       ___lc_strtolc              4003f470 f   LIBCMTD:setlocal.obj
 0001:0003e5d0       ___lc_lctostr              4003f5d0 f   LIBCMTD:setlocal.obj
 0001:0003e640       ___crtLCMapStringA         4003f640 f   LIBCMTD:a_map.obj
 0001:0003e9a0       __allmul                   4003f9a0 f   LIBCMTD:llmul.obj
 0001:0003e9e0       __mtinit                   4003f9e0 f   LIBCMTD:tidtable.obj
 0001:0003ea70       __mtterm                   4003fa70 f   LIBCMTD:tidtable.obj
 0001:0003eaa0       __initptd                  4003faa0 f   LIBCMTD:tidtable.obj
 0001:0003eac0       __getptd                   4003fac0 f   LIBCMTD:tidtable.obj
 0001:0003eb60       __freeptd                  4003fb60 f   LIBCMTD:tidtable.obj
 0001:0003ec70       ___threadid                4003fc70 f   LIBCMTD:tidtable.obj
 0001:0003ec80       ___threadhandle            4003fc80 f   LIBCMTD:tidtable.obj
 0001:0003ec90       __ioinit                   4003fc90 f   LIBCMTD:ioinit.obj
 0001:0003efc0       __ioterm                   4003ffc0 f   LIBCMTD:ioinit.obj
 0001:0003f060       _malloc                    40040060 f   LIBCMTD:dbgheap.obj
 0001:0003f080       __malloc_dbg               40040080 f   LIBCMTD:dbgheap.obj
 0001:0003f0b0       __nh_malloc                400400b0 f   LIBCMTD:dbgheap.obj
 0001:0003f0d0       __nh_malloc_dbg            400400d0 f   LIBCMTD:dbgheap.obj
 0001:0003f130       __heap_alloc               40040130 f   LIBCMTD:dbgheap.obj
 0001:0003f150       __heap_alloc_dbg           40040150 f   LIBCMTD:dbgheap.obj
 0001:0003f470       _calloc                    40040470 f   LIBCMTD:dbgheap.obj
 0001:0003f490       __calloc_dbg               40040490 f   LIBCMTD:dbgheap.obj
 0001:0003f4f0       _realloc                   400404f0 f   LIBCMTD:dbgheap.obj
 0001:0003f510       __realloc_dbg              40040510 f   LIBCMTD:dbgheap.obj
 0001:0003fa70       __expand                   40040a70 f   LIBCMTD:dbgheap.obj
 0001:0003fa90       __expand_dbg               40040a90 f   LIBCMTD:dbgheap.obj
 0001:0003fad0       _free                      40040ad0 f   LIBCMTD:dbgheap.obj
 0001:0003faf0       __free_lk                  40040af0 f   LIBCMTD:dbgheap.obj
 0001:0003fb10       __free_dbg                 40040b10 f   LIBCMTD:dbgheap.obj
 0001:0003fb40       __free_dbg_lk              40040b40 f   LIBCMTD:dbgheap.obj
 0001:0003ff30       __msize                    40040f30 f   LIBCMTD:dbgheap.obj
 0001:0003ff50       __msize_dbg                40040f50 f   LIBCMTD:dbgheap.obj
 0001:000400b0       __CrtSetBreakAlloc         400410b0 f   LIBCMTD:dbgheap.obj
 0001:000400d0       __CrtSetDbgBlockType       400410d0 f   LIBCMTD:dbgheap.obj
 0001:00040170       __CrtSetAllocHook          40041170 f   LIBCMTD:dbgheap.obj
 0001:00040220       __CrtCheckMemory           40041220 f   LIBCMTD:dbgheap.obj
 0001:00040590       __CrtSetDbgFlag            40041590 f   LIBCMTD:dbgheap.obj
 0001:000405c0       __CrtDoForAllClientObjects 400415c0 f   LIBCMTD:dbgheap.obj
 0001:00040630       __CrtIsValidPointer        40041630 f   LIBCMTD:dbgheap.obj
 0001:00040680       __CrtIsValidHeapPointer    40041680 f   LIBCMTD:dbgheap.obj
 0001:00040710       __CrtIsMemoryBlock         40041710 f   LIBCMTD:dbgheap.obj
 0001:00040800       __CrtSetDumpClient         40041800 f   LIBCMTD:dbgheap.obj
 0001:00040820       __CrtMemCheckpoint         40041820 f   LIBCMTD:dbgheap.obj
 0001:00040990       __CrtMemDifference         40041990 f   LIBCMTD:dbgheap.obj
 0001:00040ac0       __CrtMemDumpAllObjectsSince 40041ac0 f   LIBCMTD:dbgheap.obj
 0001:00040ea0       __CrtDumpMemoryLeaks       40041ea0 f   LIBCMTD:dbgheap.obj
 0001:00040f20       __CrtMemDumpStatistics     40041f20 f   LIBCMTD:dbgheap.obj
 0001:00040ff0       __setenvp                  40041ff0 f   LIBCMTD:stdenvp.obj
 0001:00041140       __setargv                  40042140 f   LIBCMTD:stdargv.obj
 0001:00041650       ___crtGetEnvironmentStringsA 40042650 f   LIBCMTD:a_env.obj
 0001:00041870       __heap_init                40042870 f   LIBCMTD:heapinit.obj
 0001:000418c0       __heap_term                400428c0 f   LIBCMTD:heapinit.obj
 0001:00041960       _DllMain@12                40042960 f   LIBCMTD:dllmain.obj
 0001:00041970       __FF_MSGBANNER             40042970 f   LIBCMTD:crt0msg.obj
 0001:000419c0       __NMSG_WRITE               400429c0 f   LIBCMTD:crt0msg.obj
 0001:00041b80       __GET_RTERRMSG             40042b80 f   LIBCMTD:crt0msg.obj
 0001:00041bd0       __snprintf                 40042bd0 f   LIBCMTD:snprintf.obj
 0001:00041cd0       __vsnprintf                40042cd0 f   LIBCMTD:vsnprint.obj
 0001:00041dd0       __statusfp                 40042dd0 f   LIBCMTD:ieee87.obj
 0001:00041df0       __clearfp                  40042df0 f   LIBCMTD:ieee87.obj
 0001:00041e10       __control87                40042e10 f   LIBCMTD:ieee87.obj
 0001:00041e60       __controlfp                40042e60 f   LIBCMTD:ieee87.obj
 0001:00041e80       __fpreset                  40042e80 f   LIBCMTD:ieee87.obj
 0001:00042270       __ZeroTail                 40043270 f   LIBCMTD:intrncvt.obj
 0001:00042300       __IncMan                   40043300 f   LIBCMTD:intrncvt.obj
 0001:000423b0       __RoundMan                 400433b0 f   LIBCMTD:intrncvt.obj
 0001:00042490       __CopyMan                  40043490 f   LIBCMTD:intrncvt.obj
 0001:000424e0       __FillZeroMan              400434e0 f   LIBCMTD:intrncvt.obj
 0001:00042510       __IsZeroMan                40043510 f   LIBCMTD:intrncvt.obj
 0001:00042550       __ShrMan                   40043550 f   LIBCMTD:intrncvt.obj
 0001:00042640       __ld12cvt                  40043640 f   LIBCMTD:intrncvt.obj
 0001:00042890       __ld12tod                  40043890 f   LIBCMTD:intrncvt.obj
 0001:000428b0       __ld12tof                  400438b0 f   LIBCMTD:intrncvt.obj
 0001:000428d0       __ld12told                 400438d0 f   LIBCMTD:intrncvt.obj
 0001:00042990       __atodbl                   40043990 f   LIBCMTD:intrncvt.obj
 0001:000429d0       __atoldbl                  400439d0 f   LIBCMTD:intrncvt.obj
 0001:00042a10       __atoflt                   40043a10 f   LIBCMTD:intrncvt.obj
 0001:00042a50       __fptostr                  40043a50 f   LIBCMTD:_fptostr.obj
 0001:00042b50       __fltout2                  40043b50 f   LIBCMTD:cfout.obj
 0001:00042bd0       ___dtold                   40043bd0 f   LIBCMTD:cfout.obj
 0001:00042d40       __fptrap                   40043d40 f   LIBCMTD:crt0fp.obj
 0001:00042d50       __87except                 40043d50 f   LIBCMTD:87except.obj
 0001:00042ed0       ___strgtold12              40043ed0 f   LIBCMTD:strgtold.obj
 0001:00043a00       ___STRINGTOLD              40044a00 f   LIBCMTD:strgtold.obj
 0001:00043a50       ___crtGetStringTypeA       40044a50 f   LIBCMTD:a_str.obj
 0001:00043c10       __dosmaperr                40044c10 f   LIBCMTD:dosmap.obj
 0001:00043cb0       __errno                    40044cb0 f   LIBCMTD:dosmap.obj
 0001:00043cc0       ___doserrno                40044cc0 f   LIBCMTD:dosmap.obj
 0001:00043cd0       __XcptFilter               40044cd0 f   LIBCMTD:winxfltr.obj
 0001:00043ef0       __aulldiv                  40044ef0 f   LIBCMTD:ulldiv.obj
 0001:00043f60       __aullrem                  40044f60 f   LIBCMTD:ullrem.obj
 0001:00043fe0       __commit                   40044fe0 f   LIBCMTD:commit.obj
 0001:000440c0       __write                    400450c0 f   LIBCMTD:write.obj
 0001:00044150       __write_lk                 40045150 f   LIBCMTD:write.obj
 0001:000443d0       __stbuf                    400453d0 f   LIBCMTD:_sftbuf.obj
 0001:00044530       __ftbuf                    40045530 f   LIBCMTD:_sftbuf.obj
 0001:000445d0       __freebuf                  400455d0 f   LIBCMTD:_freebuf.obj
 0001:00044670       __fcloseall                40045670 f   LIBCMTD:closeall.obj
 0001:00044750       __matherr                  40045750 f   LIBCMTD:matherr.obj
 0001:00044760       __lseek                    40045760 f   LIBCMTD:lseek.obj
 0001:000447f0       __lseek_lk                 400457f0 f   LIBCMTD:lseek.obj
 0001:000448b0       __getbuf                   400458b0 f   LIBCMTD:_getbuf.obj
 0001:00044980       __isatty                   40045980 f   LIBCMTD:isatty.obj
 0001:000449c0       _wctomb                    400459c0 f   LIBCMTD:wctomb.obj
 0001:00044a40       __wctomb_lk                40045a40 f   LIBCMTD:wctomb.obj
 0001:00044ae0       ___init_time               40045ae0 f   LIBCMTD:inittime.obj
 0001:00045460       ___init_numeric            40046460 f   LIBCMTD:initnum.obj
 0001:00045790       ___init_monetary           40046790 f   LIBCMTD:initmon.obj
 0001:00045bf0       ___init_ctype              40046bf0 f   LIBCMTD:initctyp.obj
 0001:00045f90       ___init_collate            40046f90 f   LIBCMTD:initcoll.obj
 0001:00045fa0       _strcspn                   40046fa0 f   LIBCMTD:strcspn.obj
 0001:00045fe0       _strncmp                   40046fe0 f   LIBCMTD:strncmp.obj
 0001:00046020       _strpbrk                   40047020 f   LIBCMTD:strpbrk.obj
 0001:00046060       ___get_qualified_locale    40047060 f   LIBCMTD:getqloc.obj
 0001:00046df8       __global_unwind2           40047df8 f   LIBCMTD:exsup.obj
 0001:00046e3a       __local_unwind2            40047e3a f   LIBCMTD:exsup.obj
 0001:00046e92       __NLG_Return2              40047e92 f   LIBCMTD:exsup.obj
 0001:00046ea2       __abnormal_termination     40047ea2 f   LIBCMTD:exsup.obj
 0001:00046ec5       __NLG_Notify1              40047ec5 f   LIBCMTD:exsup.obj
 0001:00046ece       __NLG_Notify               40047ece f   LIBCMTD:exsup.obj
 0001:00046ee1       __NLG_Dispatch             40047ee1 f   LIBCMTD:exsup.obj
 0001:00046ef0       __except_handler3          40047ef0 f   LIBCMTD:exsup3.obj
 0001:00046fad       __seh_longjmp_unwind@4     40047fad f   LIBCMTD:exsup3.obj
 0001:00046fd0       ?_set_new_handler@@YAP6AHI@ZP6AHI@Z@Z 40047fd0 f   LIBCMTD:handler.obj
 0001:00047000       ?_query_new_handler@@YAP6AHI@ZXZ 40048000 f   LIBCMTD:handler.obj
 0001:00047010       __callnewh                 40048010 f   LIBCMTD:handler.obj
 0001:00047040       __malloc_base              40048040 f   LIBCMTD:malloc.obj
 0001:00047060       __nh_malloc_base           40048060 f   LIBCMTD:malloc.obj
 0001:000470c0       __heap_alloc_base          400480c0 f   LIBCMTD:malloc.obj
 0001:00047130       __CrtDefaultAllocHook      40048130 f   LIBCMTD:dbghook.obj
 0001:00047140       __expand_base              40048140 f   LIBCMTD:expand.obj
 0001:000471f0       __realloc_base             400481f0 f   LIBCMTD:realloc.obj
 0001:000473e0       __free_base                400483e0 f   LIBCMTD:free.obj
 0001:00047450       __heapchk                  40048450 f   LIBCMTD:heapchk.obj
 0001:000474d0       __heapset                  400484d0 f   LIBCMTD:heapchk.obj
 0001:000474e0       __get_sbh_threshold        400484e0 f   LIBCMTD:sbheap.obj
 0001:000474f0       __set_sbh_threshold        400484f0 f   LIBCMTD:sbheap.obj
 0001:00047510       ___sbh_heap_init           40048510 f   LIBCMTD:sbheap.obj
 0001:00047570       ___sbh_find_block          40048570 f   LIBCMTD:sbheap.obj
 0001:000475d0       ___sbh_verify_block        400485d0 f   LIBCMTD:sbheap.obj
 0001:00047630       ___sbh_free_block          40048630 f   LIBCMTD:sbheap.obj
 0001:00047c00       ___sbh_alloc_block         40048c00 f   LIBCMTD:sbheap.obj
 0001:00048140       ___sbh_alloc_new_region    40049140 f   LIBCMTD:sbheap.obj
 0001:00048250       ___sbh_alloc_new_group     40049250 f   LIBCMTD:sbheap.obj
 0001:00048440       ___sbh_resize_block        40049440 f   LIBCMTD:sbheap.obj
 0001:00048a30       ___sbh_heapmin             40049a30 f   LIBCMTD:sbheap.obj
 0001:00048b60       ___sbh_heap_check          40049b60 f   LIBCMTD:sbheap.obj
 0001:00049180       _sprintf                   4004a180 f   LIBCMTD:sprintf.obj
 0001:00049280       __setmbcp                  4004a280 f   LIBCMTD:mbctype.obj
 0001:00049a40       __getmbcp                  4004aa40 f   LIBCMTD:mbctype.obj
 0001:00049a60       ___initmbctable            4004aa60 f   LIBCMTD:mbctype.obj
 0001:00049a90       ___addl                    4004aa90 f   LIBCMTD:mantold.obj
 0001:00049ad0       ___add_12                  4004aad0 f   LIBCMTD:mantold.obj
 0001:00049b80       ___shl_12                  4004ab80 f   LIBCMTD:mantold.obj
 0001:00049be0       ___shr_12                  4004abe0 f   LIBCMTD:mantold.obj
 0001:00049c50       ___mtold12                 4004ac50 f   LIBCMTD:mantold.obj
 0001:00049d90       _$I10_OUTPUT               4004ad90 f   LIBCMTD:x10fout.obj
 0001:0004a2b0       ___ld12mul                 4004b2b0 f   LIBCMTD:tenpow.obj
 0001:0004a6f0       ___multtenpow12            4004b6f0 f   LIBCMTD:tenpow.obj
 0001:0004a7c0       __alloc_osfhnd             4004b7c0 f   LIBCMTD:osfinfo.obj
 0001:0004a9b0       __set_osfhnd               4004b9b0 f   LIBCMTD:osfinfo.obj
 0001:0004aa70       __free_osfhnd              4004ba70 f   LIBCMTD:osfinfo.obj
 0001:0004ab50       __get_osfhandle            4004bb50 f   LIBCMTD:osfinfo.obj
 0001:0004abc0       __open_osfhandle           4004bbc0 f   LIBCMTD:osfinfo.obj
 0001:0004acd0       __lock_fhandle             4004bcd0 f   LIBCMTD:osfinfo.obj
 0001:0004ad60       __unlock_fhandle           4004bd60 f   LIBCMTD:osfinfo.obj
 0001:0004ad90       _fclose                    4004bd90 f   LIBCMTD:fclose.obj
 0001:0004ae20       __fclose_lk                4004be20 f   LIBCMTD:fclose.obj
 0001:0004aee0       __Getdays                  4004bee0 f   LIBCMTD:strftime.obj
 0001:0004b010       __Getmonths                4004c010 f   LIBCMTD:strftime.obj
 0001:0004b140       __Gettnames                4004c140 f   LIBCMTD:strftime.obj
 0001:0004b4b0       _strftime                  4004c4b0 f   LIBCMTD:strftime.obj
 0001:0004b4d0       __Strftime                 4004c4d0 f   LIBCMTD:strftime.obj
 0001:0004c350       ___getlocaleinfo           4004d350 f   LIBCMTD:inithelp.obj
 0001:0004c5e0       _localeconv                4004d5e0 f   LIBCMTD:lconv.obj
 0001:0004c5f0       ___crtGetStringTypeW       4004d5f0 f   LIBCMTD:w_str.obj
 0001:0004c860       __strcmpi                  4004d860 f   LIBCMTD:stricmp.obj
 0001:0004c860       __stricmp                  4004d860 f   LIBCMTD:stricmp.obj
 0001:0004c930       __strnicmp                 4004d930 f   LIBCMTD:strnicmp.obj
 0001:0004ca40       __close                    4004da40 f   LIBCMTD:close.obj
 0001:0004cac0       __close_lk                 4004dac0 f   LIBCMTD:close.obj
 0001:0004cb70       ___tzset                   4004db70 f   LIBCMTD:tzset.obj
 0001:0004cbb0       __tzset                    4004dbb0 f   LIBCMTD:tzset.obj
 0001:0004cf80       __isindst                  4004df80 f   LIBCMTD:tzset.obj
 0001:0004d4b0       ___crtGetLocaleInfoW       4004e4b0 f   LIBCMTD:w_loc.obj
 0001:0004d650       ___crtGetLocaleInfoA       4004e650 f   LIBCMTD:a_loc.obj
 0001:0004d800       _getenv                    4004e800 f   LIBCMTD:getenv.obj
 0001:0004d830       __getenv_lk                4004e830 f   LIBCMTD:getenv.obj
 0001:0004d900       __mbsnbicoll               4004e900 f   LIBCMTD:mbsnbico.obj
 0001:0004d950       ___wtomb_environ           4004e950 f   LIBCMTD:wtombenv.obj
 0001:0004da00       ___crtCompareStringA       4004ea00 f   LIBCMTD:a_cmp.obj
 0001:0004de50       ___crtsetenv               4004ee50 f   LIBCMTD:setenv.obj
 0001:0004e2a0       __mbschr                   4004f2a0 f   LIBCMTD:mbschr.obj
 0001:0004e38e       _GetModuleFileNameA@12     4004f38e f   kernel32:KERNEL32.dll
 0001:0004e394       _InterlockedDecrement@4    4004f394 f   kernel32:KERNEL32.dll
 0001:0004e39a       _InterlockedIncrement@4    4004f39a f   kernel32:KERNEL32.dll
 0001:0004e3a0       _GetCommandLineA@0         4004f3a0 f   kernel32:KERNEL32.dll
 0001:0004e3a6       _GetVersion@0              4004f3a6 f   kernel32:KERNEL32.dll
 0001:0004e3ac       _DebugBreak@0              4004f3ac f   kernel32:KERNEL32.dll
 0001:0004e3b2       _GetStdHandle@4            4004f3b2 f   kernel32:KERNEL32.dll
 0001:0004e3b8       _WriteFile@20              4004f3b8 f   kernel32:KERNEL32.dll
 0001:0004e3be       _OutputDebugStringA@4      4004f3be f   kernel32:KERNEL32.dll
 0001:0004e3c4       _GetProcAddress@8          4004f3c4 f   kernel32:KERNEL32.dll
 0001:0004e3ca       _LoadLibraryA@4            4004f3ca f   kernel32:KERNEL32.dll
 0001:0004e3d0       _GetModuleHandleA@4        4004f3d0 f   kernel32:KERNEL32.dll
 0001:0004e3d6       _ExitProcess@4             4004f3d6 f   kernel32:KERNEL32.dll
 0001:0004e3dc       _TerminateProcess@8        4004f3dc f   kernel32:KERNEL32.dll
 0001:0004e3e2       _GetCurrentProcess@0       4004f3e2 f   kernel32:KERNEL32.dll
 0001:0004e3e8       _GetLastError@0            4004f3e8 f   kernel32:KERNEL32.dll
 0001:0004e3ee       _SetConsoleCtrlHandler@8   4004f3ee f   kernel32:KERNEL32.dll
 0001:0004e3f4       _EnterCriticalSection@4    4004f3f4 f   kernel32:KERNEL32.dll
 0001:0004e3fa       _LeaveCriticalSection@4    4004f3fa f   kernel32:KERNEL32.dll
 0001:0004e400       _RaiseException@16         4004f400 f   kernel32:KERNEL32.dll
 0001:0004e406       _InitializeCriticalSection@4 4004f406 f   kernel32:KERNEL32.dll
 0001:0004e40c       _DeleteCriticalSection@4   4004f40c f   kernel32:KERNEL32.dll
 0001:0004e412       _FatalAppExitA@8           4004f412 f   kernel32:KERNEL32.dll
 0001:0004e418       _Sleep@4                   4004f418 f   kernel32:KERNEL32.dll
 0001:0004e41e       _WideCharToMultiByte@32    4004f41e f   kernel32:KERNEL32.dll
 0001:0004e424       _MultiByteToWideChar@24    4004f424 f   kernel32:KERNEL32.dll
 0001:0004e42a       _LCMapStringA@24           4004f42a f   kernel32:KERNEL32.dll
 0001:0004e430       _LCMapStringW@24           4004f430 f   kernel32:KERNEL32.dll
 0001:0004e436       _GetCurrentThreadId@0      4004f436 f   kernel32:KERNEL32.dll
 0001:0004e43c       _TlsSetValue@8             4004f43c f   kernel32:KERNEL32.dll
 0001:0004e442       _TlsAlloc@0                4004f442 f   kernel32:KERNEL32.dll
 0001:0004e448       _TlsFree@4                 4004f448 f   kernel32:KERNEL32.dll
 0001:0004e44e       _SetLastError@4            4004f44e f   kernel32:KERNEL32.dll
 0001:0004e454       _TlsGetValue@4             4004f454 f   kernel32:KERNEL32.dll
 0001:0004e45a       _GetCurrentThread@0        4004f45a f   kernel32:KERNEL32.dll
 0001:0004e460       _SetHandleCount@4          4004f460 f   kernel32:KERNEL32.dll
 0001:0004e466       _GetFileType@4             4004f466 f   kernel32:KERNEL32.dll
 0001:0004e46c       _GetStartupInfoA@4         4004f46c f   kernel32:KERNEL32.dll
 0001:0004e472       _IsBadWritePtr@8           4004f472 f   kernel32:KERNEL32.dll
 0001:0004e478       _IsBadReadPtr@8            4004f478 f   kernel32:KERNEL32.dll
 0001:0004e47e       _HeapValidate@12           4004f47e f   kernel32:KERNEL32.dll
 0001:0004e484       _FreeEnvironmentStringsA@4 4004f484 f   kernel32:KERNEL32.dll
 0001:0004e48a       _FreeEnvironmentStringsW@4 4004f48a f   kernel32:KERNEL32.dll
 0001:0004e490       _GetEnvironmentStrings@0   4004f490 f   kernel32:KERNEL32.dll
 0001:0004e496       _GetEnvironmentStringsW@0  4004f496 f   kernel32:KERNEL32.dll
 0001:0004e49c       _HeapDestroy@4             4004f49c f   kernel32:KERNEL32.dll
 0001:0004e4a2       _HeapCreate@12             4004f4a2 f   kernel32:KERNEL32.dll
 0001:0004e4a8       _HeapFree@12               4004f4a8 f   kernel32:KERNEL32.dll
 0001:0004e4ae       _VirtualFree@12            4004f4ae f   kernel32:KERNEL32.dll
 0001:0004e4b4       _GetStringTypeA@20         4004f4b4 f   kernel32:KERNEL32.dll
 0001:0004e4ba       _GetStringTypeW@16         4004f4ba f   kernel32:KERNEL32.dll
 0001:0004e4c0       _UnhandledExceptionFilter@4 4004f4c0 f   kernel32:KERNEL32.dll
 0001:0004e4c6       _FlushFileBuffers@4        4004f4c6 f   kernel32:KERNEL32.dll
 0001:0004e4cc       _SetFilePointer@16         4004f4cc f   kernel32:KERNEL32.dll
 0001:0004e4d2       _GetCPInfo@8               4004f4d2 f   kernel32:KERNEL32.dll
 0001:0004e4d8       _IsValidLocale@8           4004f4d8 f   kernel32:KERNEL32.dll
 0001:0004e4de       _IsValidCodePage@4         4004f4de f   kernel32:KERNEL32.dll
 0001:0004e4e4       _GetLocaleInfoA@16         4004f4e4 f   kernel32:KERNEL32.dll
 0001:0004e4ea       _EnumSystemLocalesA@8      4004f4ea f   kernel32:KERNEL32.dll
 0001:0004e4f0       _GetUserDefaultLCID@0      4004f4f0 f   kernel32:KERNEL32.dll
 0001:0004e4f6       _GetVersionExA@4           4004f4f6 f   kernel32:KERNEL32.dll
 0001:0004e4fc       _RtlUnwind@16              4004f4fc f   kernel32:KERNEL32.dll
 0001:0004e502       _HeapAlloc@12              4004f502 f   kernel32:KERNEL32.dll
 0001:0004e508       _HeapReAlloc@16            4004f508 f   kernel32:KERNEL32.dll
 0001:0004e50e       _VirtualAlloc@16           4004f50e f   kernel32:KERNEL32.dll
 0001:0004e514       _GetACP@0                  4004f514 f   kernel32:KERNEL32.dll
 0001:0004e51a       _GetOEMCP@0                4004f51a f   kernel32:KERNEL32.dll
 0001:0004e520       _SetStdHandle@8            4004f520 f   kernel32:KERNEL32.dll
 0001:0004e526       _CloseHandle@4             4004f526 f   kernel32:KERNEL32.dll
 0001:0004e52c       _GetTimeZoneInformation@4  4004f52c f   kernel32:KERNEL32.dll
 0001:0004e532       _GetLocaleInfoW@16         4004f532 f   kernel32:KERNEL32.dll
 0001:0004e538       _CompareStringA@24         4004f538 f   kernel32:KERNEL32.dll
 0001:0004e53e       _CompareStringW@24         4004f53e f   kernel32:KERNEL32.dll
 0001:0004e544       _SetEnvironmentVariableA@8 4004f544 f   kernel32:KERNEL32.dll
 0001:000553e0       __enc$textbss$begin        400563e0     <linker-defined>
 0001:0007bfe0       __enc$textbss$end          4007cfe0     <linker-defined>
 0002:0000001c       ??_C@_0BL@FFOI@EV_TAUNTEV_JUMP_PAD_ENTITY?$AA@ 4007d01c     bg_misc.obj
 0002:0000003c       ??_C@_0BE@BDJC@EV_STOPLOOPINGSOUND?$AA@ 4007d03c     bg_misc.obj
 0002:00000054       ??_C@_0O@BDBB@EV_DEBUG_LINE?$AA@ 4007d054     bg_misc.obj
 0002:00000064       ??_C@_0BB@MBOB@EV_LIGHTNINGBOLT?$AA@ 4007d064     bg_misc.obj
 0002:00000078       ??_C@_09JFKJ@EV_JUICED?$AA@ 4007d078     bg_misc.obj
 0002:00000084       ??_C@_0BA@GDOI@EV_INVUL_IMPACT?$AA@ 4007d084     bg_misc.obj
 0002:00000098       ??_C@_0BC@POAK@EV_OBELISKEXPLODE?$AA@ 4007d098     bg_misc.obj
 0002:000000b0       ??_C@_0M@KIDO@EV_KAMIKAZE?$AA@ 4007d0b0     bg_misc.obj
 0002:000000c0       ??_C@_0BK@KGMO@EV_PROXIMITY_MINE_TRIGGER?$AA@ 4007d0c0     bg_misc.obj
 0002:000000e0       ??_C@_0BI@LIAD@EV_PROXIMITY_MINE_STICK?$AA@ 4007d0e0     bg_misc.obj
 0002:000000fc       ??_C@_0N@CDHP@EV_SCOREPLUM?$AA@ 4007d0fc     bg_misc.obj
 0002:0000010c       ??_C@_0O@CIDG@EV_GIB_PLAYER?$AA@ 4007d10c     bg_misc.obj
 0002:0000011c       ??_C@_0BB@LKNF@EV_POWERUP_REGEN?$AA@ 4007d11c     bg_misc.obj
 0002:00000130       ??_C@_0BG@KJJ@EV_POWERUP_BATTLESUIT?$AA@ 4007d130     bg_misc.obj
 0002:0000014c       ??_C@_0BA@EMDG@EV_POWERUP_QUAD?$AA@ 4007d14c     bg_misc.obj
 0002:00000160       ??_C@_0M@MMOI@EV_OBITUARY?$AA@ 4007d160     bg_misc.obj
 0002:00000170       ??_C@_09EH@EV_DEATH3?$AA@  4007d170     bg_misc.obj
 0002:0000017c       ??_C@_09KKNA@EV_DEATH2?$AA@ 4007d17c     bg_misc.obj
 0002:00000188       ??_C@_09FFGJ@EV_DEATH1?$AA@ 4007d188     bg_misc.obj
 0002:00000194       ??_C@_07MFPI@EV_PAIN?$AA@  4007d194     bg_misc.obj
 0002:000001a0       ??_C@_09PBG@EV_BULLET?$AA@ 4007d1a0     bg_misc.obj
 0002:000001ac       ??_C@_0L@PELA@EV_SHOTGUN?$AA@ 4007d1ac     bg_misc.obj
 0002:000001bc       ??_C@_0N@FBDJ@EV_RAILTRAIL?$AA@ 4007d1bc     bg_misc.obj
 0002:000001cc       ??_C@_0BG@KLM@EV_MISSILE_MISS_METAL?$AA@ 4007d1cc     bg_misc.obj
 0002:000001e8       ??_C@_0BA@FHCK@EV_MISSILE_MISS?$AA@ 4007d1e8     bg_misc.obj
 0002:000001fc       ??_C@_0P@GMEB@EV_MISSILE_HIT?$AA@ 4007d1fc     bg_misc.obj
 0002:00000210       ??_C@_0BD@FCGB@EV_BULLET_HIT_WALL?$AA@ 4007d210     bg_misc.obj
 0002:00000228       ??_C@_0BE@OJNL@EV_BULLET_HIT_FLESH?$AA@ 4007d228     bg_misc.obj
 0002:00000240       ??_C@_0BF@GBCB@EV_GLOBAL_TEAM_SOUND?$AA@ 4007d240     bg_misc.obj
 0002:0000025c       ??_C@_0BA@DICP@EV_GLOBAL_SOUND?$AA@ 4007d25c     bg_misc.obj
 0002:00000270       ??_C@_0BB@PHBP@EV_GENERAL_SOUND?$AA@ 4007d270     bg_misc.obj
 0002:00000284       ??_C@_0BC@MNAB@EV_GRENADE_BOUNCE?$AA@ 4007d284     bg_misc.obj
 0002:0000029c       ??_C@_0BH@CBAJ@EV_PLAYER_TELEPORT_OUT?$AA@ 4007d29c     bg_misc.obj
 0002:000002b8       ??_C@_0BG@JACO@EV_PLAYER_TELEPORT_IN?$AA@ 4007d2b8     bg_misc.obj
 0002:000002d4       ??_C@_0M@FEGJ@EV_ITEM_POP?$AA@ 4007d2d4     bg_misc.obj
 0002:000002e4       ??_C@_0BA@KOE@EV_ITEM_RESPAWN?$AA@ 4007d2e4     bg_misc.obj
 0002:000002f8       ??_C@_0O@PBJJ@EV_USE_ITEM15?$AA@ 4007d2f8     bg_misc.obj
 0002:00000308       ??_C@_0O@FLAO@EV_USE_ITEM14?$AA@ 4007d308     bg_misc.obj
 0002:00000318       ??_C@_0O@OOL@EV_USE_ITEM13?$AA@ 4007d318     bg_misc.obj
 0002:00000328       ??_C@_0O@KEHM@EV_USE_ITEM12?$AA@ 4007d328     bg_misc.obj
 0002:00000338       ??_C@_0O@FLMF@EV_USE_ITEM11?$AA@ 4007d338     bg_misc.obj
 0002:00000348       ??_C@_0O@PBFC@EV_USE_ITEM10?$AA@ 4007d348     bg_misc.obj
 0002:00000358       ??_C@_0N@JGCE@EV_USE_ITEM9?$AA@ 4007d358     bg_misc.obj
 0002:00000368       ??_C@_0N@DMLD@EV_USE_ITEM8?$AA@ 4007d368     bg_misc.obj
 0002:00000378       ??_C@_0N@DNOO@EV_USE_ITEM7?$AA@ 4007d378     bg_misc.obj
 0002:00000388       ??_C@_0N@JHHJ@EV_USE_ITEM6?$AA@ 4007d388     bg_misc.obj
 0002:00000398       ??_C@_0N@GIMA@EV_USE_ITEM5?$AA@ 4007d398     bg_misc.obj
 0002:000003a8       ??_C@_0N@MCFH@EV_USE_ITEM4?$AA@ 4007d3a8     bg_misc.obj
 0002:000003b8       ??_C@_0N@JHLC@EV_USE_ITEM3?$AA@ 4007d3b8     bg_misc.obj
 0002:000003c8       ??_C@_0N@DNCF@EV_USE_ITEM2?$AA@ 4007d3c8     bg_misc.obj
 0002:000003d8       ??_C@_0N@MCJM@EV_USE_ITEM1?$AA@ 4007d3d8     bg_misc.obj
 0002:000003e8       ??_C@_0N@GIAL@EV_USE_ITEM0?$AA@ 4007d3e8     bg_misc.obj
 0002:000003f8       ??_C@_0P@HOLG@EV_FIRE_WEAPON?$AA@ 4007d3f8     bg_misc.obj
 0002:0000040c       ??_C@_0BB@OKAK@EV_CHANGE_WEAPON?$AA@ 4007d40c     bg_misc.obj
 0002:00000420       ??_C@_09MIBL@EV_NOAMMO?$AA@ 4007d420     bg_misc.obj
 0002:0000042c       ??_C@_0BG@LBJI@EV_GLOBAL_ITEM_PICKUP?$AA@ 4007d42c     bg_misc.obj
 0002:00000448       ??_C@_0P@DDBJ@EV_ITEM_PICKUP?$AA@ 4007d448     bg_misc.obj
 0002:0000045c       ??_C@_0P@HGEE@EV_WATER_CLEAR?$AA@ 4007d45c     bg_misc.obj
 0002:00000470       ??_C@_0P@PGNG@EV_WATER_UNDER?$AA@ 4007d470     bg_misc.obj
 0002:00000484       ??_C@_0P@KHGF@EV_WATER_LEAVE?$AA@ 4007d484     bg_misc.obj
 0002:00000498       ??_C@_0P@NPME@EV_WATER_TOUCH?$AA@ 4007d498     bg_misc.obj
 0002:000004ac       ??_C@_07MBMN@EV_JUMP?$AA@  4007d4ac     bg_misc.obj
 0002:000004b8       ??_C@_0M@ONMG@EV_JUMP_PAD?$AA@ 4007d4b8     bg_misc.obj
 0002:000004c8       ??_C@_0M@FCFB@EV_FALL_FAR?$AA@ 4007d4c8     bg_misc.obj
 0002:000004d8       ??_C@_0P@DAAM@EV_FALL_MEDIUM?$AA@ 4007d4d8     bg_misc.obj
 0002:000004ec       ??_C@_0O@MOHH@EV_FALL_SHORT?$AA@ 4007d4ec     bg_misc.obj
 0002:000004fc       ??_C@_0L@BPHB@EV_STEP_16?$AA@ 4007d4fc     bg_misc.obj
 0002:0000050c       ??_C@_0L@LFCN@EV_STEP_12?$AA@ 4007d50c     bg_misc.obj
 0002:0000051c       ??_C@_09GNLK@EV_STEP_8?$AA@ 4007d51c     bg_misc.obj
 0002:00000528       ??_C@_09JDFO@EV_STEP_4?$AA@ 4007d528     bg_misc.obj
 0002:00000534       ??_C@_07JIKK@EV_SWIM?$AA@  4007d534     bg_misc.obj
 0002:00000540       ??_C@_0M@FIHK@EV_FOOTWADE?$AA@ 4007d540     bg_misc.obj
 0002:00000550       ??_C@_0O@KHFI@EV_FOOTSPLASH?$AA@ 4007d550     bg_misc.obj
 0002:00000560       ??_C@_0BC@OEIA@EV_FOOTSTEP_METAL?$AA@ 4007d560     bg_misc.obj
 0002:00000578       ??_C@_0M@EJAF@EV_FOOTSTEP?$AA@ 4007d578     bg_misc.obj
 0002:00000588       ??_C@_07NDDD@EV_NONE?$AA@  4007d588     bg_misc.obj
 0002:00000594       ??_C@_09DHIB@Blue?5Flag?$AA@ 4007d594     bg_misc.obj
 0002:000005a0       ??_C@_0BB@NLLL@icons?1iconf_blu1?$AA@ 4007d5a0     bg_misc.obj
 0002:000005b4       ??_C@_0BI@ILPD@models?1flags?1b_flag?4md3?$AA@ 4007d5b4     bg_misc.obj
 0002:000005d0       ??_C@_0BC@GPLF@team_CTF_blueflag?$AA@ 4007d5d0     bg_misc.obj
 0002:000005e8       ??_C@_08CLEI@Red?5Flag?$AA@ 4007d5e8     bg_misc.obj
 0002:000005f4       ??_C@_0BB@DADK@icons?1iconf_red1?$AA@ 4007d5f4     bg_misc.obj
 0002:00000608       ??_C@_0BI@HHNH@models?1flags?1r_flag?4md3?$AA@ 4007d608     bg_misc.obj
 0002:00000624       ??_C@_0BB@FOCB@team_CTF_redflag?$AA@ 4007d624     bg_misc.obj
 0002:00000638       ??_C@_06CPDM@Flight?$AA@   4007d638     bg_misc.obj
 0002:00000640       ??_C@_0N@DFIJ@icons?1flight?$AA@ 4007d640     bg_misc.obj
 0002:00000650       ??_C@_0CI@PHJ@models?1powerups?1instant?1flight_r@ 4007d650     bg_misc.obj
 0002:00000678       ??_C@_06HFHN@attack?$AA@   4007d678     ui_controls2.obj
 0002:00000680       ??_C@_0CD@MKAO@models?1powerups?1instant?1flight?4m@ 4007d680     bg_misc.obj
 0002:000006ac       ??_C@_0BH@FEAN@sound?1items?1flight?4wav?$AA@ 4007d6ac     bg_misc.obj
 0002:000006c8       ??_C@_0M@NKLB@item_flight?$AA@ 4007d6c8     bg_misc.obj
 0002:000006d8       ??_C@_0BG@JFPE@sound?1items?1regen?4wav?$AA@ 4007d6d8     bg_misc.obj
 0002:000006f4       ??_C@_0N@KKJF@Regeneration?$AA@ 4007d6f4     bg_misc.obj
 0002:00000704       ??_C@_0M@KGFF@icons?1regen?$AA@ 4007d704     bg_misc.obj
 0002:00000714       ??_C@_0CH@LMHA@models?1powerups?1instant?1regen_ri@ 4007d714     bg_misc.obj
 0002:00000744       ??_C@_0CC@JDKK@models?1powerups?1instant?1regen?4md@ 4007d744     bg_misc.obj
 0002:0000076c       ??_C@_0BN@ELHM@sound?1items?1regeneration?4wav?$AA@ 4007d76c     bg_misc.obj
 0002:00000790       ??_C@_0L@JOKD@item_regen?$AA@ 4007d790     bg_misc.obj
 0002:000007a0       ??_C@_0N@PHMD@Invisibility?$AA@ 4007d7a0     bg_misc.obj
 0002:000007b0       ??_C@_0M@GBKC@icons?1invis?$AA@ 4007d7b0     bg_misc.obj
 0002:000007c0       ??_C@_0CH@FMDJ@models?1powerups?1instant?1invis_ri@ 4007d7c0     bg_misc.obj
 0002:000007f0       ??_C@_0CC@GFDH@models?1powerups?1instant?1invis?4md@ 4007d7f0     bg_misc.obj
 0002:00000818       ??_C@_0BN@JBDA@sound?1items?1invisibility?4wav?$AA@ 4007d818     bg_misc.obj
 0002:0000083c       ??_C@_0L@FJFE@item_invis?$AA@ 4007d83c     bg_misc.obj
 0002:0000084c       ??_C@_05PDDA@Speed?$AA@    4007d84c     bg_misc.obj
 0002:00000854       ??_C@_0M@MOBK@icons?1haste?$AA@ 4007d854     bg_misc.obj
 0002:00000864       ??_C@_0CH@HLNN@models?1powerups?1instant?1haste_ri@ 4007d864     bg_misc.obj
 0002:00000894       ??_C@_0CC@HMKI@models?1powerups?1instant?1haste?4md@ 4007d894     bg_misc.obj
 0002:000008bc       ??_C@_0BG@HKPG@sound?1items?1haste?4wav?$AA@ 4007d8bc     bg_misc.obj
 0002:000008d8       ??_C@_0L@PGOM@item_haste?$AA@ 4007d8d8     bg_misc.obj
 0002:000008e8       ??_C@_0DA@KGOL@sound?1items?1airout?4wav?5sound?1ite@ 4007d8e8     bg_misc.obj
 0002:00000918       ??_C@_08DDIM@?9?9?9?9?9?9?9?9?$AA@ 4007d918     ui_startserver.obj
 0002:00000924       ??_C@_0M@LDNA@Battle?5Suit?$AA@ 4007d924     bg_misc.obj
 0002:00000934       ??_C@_0BB@LIEJ@icons?1envirosuit?$AA@ 4007d934     bg_misc.obj
 0002:00000948       ??_C@_0CI@BLEN@models?1powerups?1instant?1enviro_r@ 4007d948     bg_misc.obj
 0002:00000978       ??_C@_0CD@EJAP@models?1powerups?1instant?1enviro?4m@ 4007d978     bg_misc.obj
 0002:000009a4       ??_C@_0BI@LHNB@sound?1items?1protect?4wav?$AA@ 4007d9a4     bg_misc.obj
 0002:000009c0       ??_C@_0M@CNAP@item_enviro?$AA@ 4007d9c0     bg_misc.obj
 0002:000009d0       ??_C@_0DA@MMGJ@sound?1items?1damage2?4wav?5sound?1it@ 4007d9d0     bg_misc.obj
 0002:00000a00       ??_C@_0L@JAKD@SELECT?5BOT?$AA@ 4007da00     ui_startserver.obj
 0002:00000a0c       ??_C@_0M@MLLH@Quad?5Damage?$AA@ 4007da0c     bg_misc.obj
 0002:00000a1c       ??_C@_0L@CMEC@icons?1quad?$AA@ 4007da1c     bg_misc.obj
 0002:00000a2c       ??_C@_0CG@HCKJ@models?1powerups?1instant?1quad_rin@ 4007da2c     bg_misc.obj
 0002:00000a5c       ??_C@_0CB@LCDA@models?1powerups?1instant?1quad?4md3@ 4007da5c     bg_misc.obj
 0002:00000a84       ??_C@_0BL@FBJD@sound?1items?1quaddamage?4wav?$AA@ 4007da84     bg_misc.obj
 0002:00000aa4       ??_C@_09NKAN@item_quad?$AA@ 4007daa4     bg_misc.obj
 0002:00000ab0       ??_C@_0BL@LIGH@sound?1items?1use_medkit?4wav?$AA@ 4007dab0     bg_misc.obj
 0002:00000ad0       ??_C@_06MJBN@Medkit?$AA@   4007dad0     bg_misc.obj
 0002:00000ad8       ??_C@_0N@NDKI@icons?1medkit?$AA@ 4007dad8     bg_misc.obj
 0002:00000ae8       ??_C@_0CL@EEMI@models?1powerups?1holdable?1medkit_@ 4007dae8     bg_misc.obj
 0002:00000b1c       ??_C@_0CE@BLCG@models?1powerups?1holdable?1medkit?4@ 4007db1c     bg_misc.obj
 0002:00000b48       ??_C@_0BA@HJCK@holdable_medkit?$AA@ 4007db48     bg_misc.obj
 0002:00000b5c       ??_C@_0BE@NHOP@Personal?5Teleporter?$AA@ 4007db5c     bg_misc.obj
 0002:00000b74       ??_C@_0BB@EOIF@icons?1teleporter?$AA@ 4007db74     bg_misc.obj
 0002:00000b88       ??_C@_0CI@EJIK@models?1powerups?1holdable?1telepor@ 4007db88     bg_misc.obj
 0002:00000bb8       ??_C@_0BJ@PMCF@sound?1items?1holdable?4wav?$AA@ 4007dbb8     bg_misc.obj
 0002:00000bd8       ??_C@_0BE@EFDD@holdable_teleporter?$AA@ 4007dbd8     bg_misc.obj
 0002:00000bf0       ??_C@_08HHBB@Bfg?5Ammo?$AA@ 4007dbf0     bg_misc.obj
 0002:00000bfc       ??_C@_0BA@LIKB@icons?1icona_bfg?$AA@ 4007dbfc     bg_misc.obj
 0002:00000c10       ??_C@_0BP@KGME@models?1powerups?1ammo?1bfgam?4md3?$AA@ 4007dc10     bg_misc.obj
 0002:00000c38       ??_C@_08BHPM@ammo_bfg?$AA@ 4007dc38     bg_misc.obj
 0002:00000c44       ??_C@_05OJGD@Slugs?$AA@    4007dc44     bg_misc.obj
 0002:00000c4c       ??_C@_0BE@KFKB@icons?1icona_railgun?$AA@ 4007dc4c     bg_misc.obj
 0002:00000c64       ??_C@_0CD@BHHI@models?1powerups?1ammo?1railgunam?4m@ 4007dc64     bg_misc.obj
 0002:00000c90       ??_C@_0L@PCJD@ammo_slugs?$AA@ 4007dc90     bg_misc.obj
 0002:00000ca0       ??_C@_07ONGL@Rockets?$AA@  4007dca0     bg_misc.obj
 0002:00000cac       ??_C@_0BD@NDBD@icons?1icona_rocket?$AA@ 4007dcac     bg_misc.obj
 0002:00000cc4       ??_C@_0CC@JMHP@models?1powerups?1ammo?1rocketam?4md@ 4007dcc4     bg_misc.obj
 0002:00000cec       ??_C@_0N@DEF@ammo_rockets?$AA@ 4007dcec     bg_misc.obj
 0002:00000cfc       ??_C@_09NPLP@Lightning?$AA@ 4007dcfc     bg_misc.obj
 0002:00000d08       ??_C@_0BG@BLCM@icons?1icona_lightning?$AA@ 4007dd08     bg_misc.obj
 0002:00000d24       ??_C@_0CF@DECD@models?1powerups?1ammo?1lightningam@ 4007dd24     bg_misc.obj
 0002:00000d50       ??_C@_0P@FNDL@ammo_lightning?$AA@ 4007dd50     bg_misc.obj
 0002:00000d64       ??_C@_05IJJG@Cells?$AA@    4007dd64     bg_misc.obj
 0002:00000d6c       ??_C@_0BD@PPKI@icons?1icona_plasma?$AA@ 4007dd6c     bg_misc.obj
 0002:00000d84       ??_C@_0CC@GNJA@models?1powerups?1ammo?1plasmaam?4md@ 4007dd84     bg_misc.obj
 0002:00000dac       ??_C@_0L@JCGG@ammo_cells?$AA@ 4007ddac     bg_misc.obj
 0002:00000dbc       ??_C@_08CFEJ@Grenades?$AA@ 4007ddbc     bg_misc.obj
 0002:00000dc8       ??_C@_0BE@MMLE@icons?1icona_grenade?$AA@ 4007ddc8     bg_misc.obj
 0002:00000de0       ??_C@_0CD@NMEK@models?1powerups?1ammo?1grenadeam?4m@ 4007dde0     bg_misc.obj
 0002:00000e0c       ??_C@_0O@KBKH@ammo_grenades?$AA@ 4007de0c     bg_misc.obj
 0002:00000e1c       ??_C@_07EDBM@Bullets?$AA@  4007de1c     bg_misc.obj
 0002:00000e28       ??_C@_0BH@DHGM@icons?1icona_machinegun?$AA@ 4007de28     bg_misc.obj
 0002:00000e44       ??_C@_0CG@KHPE@models?1powerups?1ammo?1machineguna@ 4007de44     bg_misc.obj
 0002:00000e74       ??_C@_0N@KNDC@ammo_bullets?$AA@ 4007de74     bg_misc.obj
 0002:00000e84       ??_C@_06OAJC@Shells?$AA@   4007de84     bg_misc.obj
 0002:00000e8c       ??_C@_0BE@MPL@icons?1icona_shotgun?$AA@ 4007de8c     bg_misc.obj
 0002:00000ea4       ??_C@_0CD@LJLN@models?1powerups?1ammo?1shotgunam?4m@ 4007dea4     bg_misc.obj
 0002:00000ed0       ??_C@_0BH@EMHN@sound?1misc?1am_pkup?4wav?$AA@ 4007ded0     bg_misc.obj
 0002:00000eec       ??_C@_0M@MOIJ@ammo_shells?$AA@ 4007deec     bg_misc.obj
 0002:00000efc       ??_C@_0P@MANM@Grappling?5Hook?$AA@ 4007defc     bg_misc.obj
[...]
 0003:00003aec       __CrtDbgMode               40088aec     LIBCMTD:dbgrpt.obj
 0003:00003af8       __CrtDbgFile               40088af8     LIBCMTD:dbgrpt.obj
 0003:00003b10       __cfltcvt_tab              40088b10     LIBCMTD:cmiscdat.obj
 0003:00003b30       __indefinite               40088b30     LIBCMTD:87disp.obj
 0003:00003b3a       __piby2                    40088b3a     LIBCMTD:87disp.obj
 0003:00003b60       __pctype                   40088b60     LIBCMTD:ctype.obj
 0003:00003b64       __pwctype                  40088b64     LIBCMTD:ctype.obj
 0003:00003b68       __ctype                    40088b68     LIBCMTD:ctype.obj
 0003:00003d6c       ___mb_cur_max              40088d6c     LIBCMTD:nlsdata1.obj
 0003:00003d70       ___decimal_point           40088d70     LIBCMTD:nlsdata1.obj
 0003:00003d74       ___decimal_point_length    40088d74     LIBCMTD:nlsdata1.obj
 0003:00003d80       __OP_ATAN2jmptab           40088d80     LIBCMTD:87triga.obj
 0003:00003dd0       __iob                      40088dd0     LIBCMTD:_file.obj
 0003:00004128       __d_inf                    40089128     LIBCMTD:util.obj
 0003:00004130       __d_ind                    40089130     LIBCMTD:util.obj
 0003:00004138       __d_max                    40089138     LIBCMTD:util.obj
 0003:00004140       __d_min                    40089140     LIBCMTD:util.obj
 0003:00004148       __d_mzero                  40089148     LIBCMTD:util.obj
 0003:00004168       ___nullstring              40089168     LIBCMTD:output.obj
 0003:0000416c       ___wnullstring             4008916c     LIBCMTD:output.obj
 0003:00004170       __locktable                40089170     LIBCMTD:mlock.obj
 0003:00004340       ___lc_category             40089340     LIBCMTD:setlocal.obj
 0003:00004390       ___tlsindex                40089390     LIBCMTD:tidtable.obj
 0003:00004398       ___badioinfo               40089398     LIBCMTD:ioinit.obj
 0003:000043bc       __crtDbgFlag               400893bc     LIBCMTD:dbgheap.obj
 0003:000043c4       __crtBreakAlloc            400893c4     LIBCMTD:dbgheap.obj
 0003:000043e0       __amblksiz                 400893e0     LIBCMTD:heapinit.obj
 0003:00004610       __XcptActTab               40089610     LIBCMTD:winxfltr.obj
 0003:00004688       __First_FPE_Indx           40089688     LIBCMTD:winxfltr.obj
 0003:0000468c       __Num_FPE                  4008968c     LIBCMTD:winxfltr.obj
 0003:00004690       __XcptActTabSize           40089690     LIBCMTD:winxfltr.obj
 0003:00004694       __XcptActTabCount          40089694     LIBCMTD:winxfltr.obj
 0003:000046a0       __matherr_flag             400896a0     LIBCMTD:matherr.obj
 0003:000046b0       ___rgLocInfo               400896b0     LIBCMTD:getqloc.obj
 0003:00004b54       ___rglangidNotDefault      40089b54     LIBCMTD:getqloc.obj
 0003:00004b68       ___rg_country              40089b68     LIBCMTD:getqloc.obj
 0003:00004c20       ___rg_language             40089c20     LIBCMTD:getqloc.obj
 0003:00004e28       __NLG_Destination          40089e28     LIBCMTD:exsup.obj
 0003:00004e38       __pfnAllocHook             40089e38     LIBCMTD:dbghook.obj
 0003:00004e3c       ___sbh_threshold           40089e3c     LIBCMTD:sbheap.obj
 0003:00004f38       ___lc_time_curr            40089f38     LIBCMTD:strftime.obj
 0003:00004f40       ___lc_time_c               40089f40     LIBCMTD:strftime.obj
 0003:00004ff0       ___lconv_static_decimal    40089ff0     LIBCMTD:lconv.obj
 0003:00004ff8       ___lconv_c                 40089ff8     LIBCMTD:lconv.obj
 0003:00005028       ___lconv                   4008a028     LIBCMTD:lconv.obj
 0003:00005030       __pow10pos                 4008a030     LIBCMTD:constpow.obj
 0003:00005190       __pow10neg                 4008a190     LIBCMTD:constpow.obj
 0003:000052ec       __timezone                 4008a2ec     LIBCMTD:timeset.obj
 0003:000052f0       __daylight                 4008a2f0     LIBCMTD:timeset.obj
 0003:000052f4       __dstbias                  4008a2f4     LIBCMTD:timeset.obj
 0003:00005378       __tzname                   4008a378     LIBCMTD:timeset.obj
 0003:0000539c       __lpdays                   4008a39c     LIBCMTD:days.obj
 0003:000053d0       __days                     4008a3d0     LIBCMTD:days.obj
 0003:00005a74       _vec3_origin               4008aa74     q_math.obj
 0003:00005a80       _weaponChangeSound         4008aa80     <common>
 0003:00005a84       _menu_move_sound           4008aa84     <common>
 0003:00005a88       _menu_in_sound             4008aa88     <common>
 0003:00005a8c       _menu_out_sound            4008aa8c     <common>
 0003:0001bc9c       _menu_buzz_sound           400a0c9c     <common>
 0003:0001bca0       _menu_null_sound           400a0ca0     <common>
 0003:0001bca4       _ui_numBots                400a0ca4     <common>
 0003:0001bca8       _m_entersound              400a0ca8     <common>
 0003:0001bcc0       _ui_ctf_capturelimit       400a0cc0     <common>
 0003:0001bde0       _ui_arenasFile             400a0de0     <common>
 0003:0001bf00       _ui_botsFile               400a0f00     <common>
 0003:0001c020       _ui_drawCrosshairNames     400a1020     <common>
 0003:0001c140       _ui_ctf_friendly           400a1140     <common>
 0003:0001c260       _ui_browserGameType        400a1260     <common>
 0003:0001c380       _ui_tourney_timelimit      400a1380     <common>
 0003:0001c4a0       _ui_marks                  400a14a0     <common>
 0003:0001c5c0       _ui_team_timelimit         400a15c0     <common>
 0003:0001c6e0       _ui_spVideos               400a16e0     <common>
 0003:0001c800       _ui_cdkeychecked           400a1800     <common>
 0003:0001c920       _ui_server10               400a1920     <common>
 0003:0001ca40       _ui_server11               400a1a40     <common>
 0003:0001cb60       _ui_server12               400a1b60     <common>
 0003:0001cc80       _ui_server13               400a1c80     <common>
 0003:0001cda0       _ui_server14               400a1da0     <common>
 0003:0001cec0       _ui_server15               400a1ec0     <common>
 0003:0001cfe0       _ui_server16               400a1fe0     <common>
 0003:0001d100       _ui_spAwards               400a2100     <common>
 0003:0001d220       _ui_browserMaster          400a2220     <common>
 0003:0001d340       _ui_ffa_fraglimit          400a2340     <common>
 0003:0001d460       _ui_team_friendly          400a2460     <common>
 0003:0001d580       _ui_spScores1              400a2580     <common>
 0003:0001d6a0       _ui_spScores3              400a26a0     <common>
 0003:0001d7c0       _ui_spScores2              400a27c0     <common>
 0003:0001d8e0       _ui_spScores5              400a28e0     <common>
 0003:0001da00       _ui_spScores4              400a2a00     <common>
 0003:0001db20       _ui_spSelection            400a2b20     <common>
 0003:0001dc40       _ui_server4                400a2c40     <common>
 0003:0001dd60       _ui_server3                400a2d60     <common>
 0003:0001de80       _ui_server6                400a2e80     <common>
 0003:0001dfa0       _ui_server5                400a2fa0     <common>
 0003:0001e0c0       _ui_server2                400a30c0     <common>
 0003:0001e1e0       _ui_server1                400a31e0     <common>
 0003:0001e300       _ui_server8                400a3300     <common>
 0003:0001e420       _ui_server7                400a3420     <common>
 0003:0001e540       _ui_server9                400a3540     <common>
 0003:0001e660       _ui_ctf_timelimit          400a3660     <common>
 0003:0001e780       _ui_tourney_fraglimit      400a3780     <common>
 0003:0001e8a0       _ui_ffa_timelimit          400a38a0     <common>
 0003:0001e9c0       _ui_brassTime              400a39c0     <common>
 0003:0001eae0       _ui_team_fraglimit         400a3ae0     <common>
 0003:0001ec00       _ui_browserShowFull        400a3c00     <common>
 0003:0001ed20       _ui_drawCrosshair          400a3d20     <common>
 0003:0001ee40       _ui_browserSortKey         400a3e40     <common>
 0003:0001ef60       _ui_spSkill                400a3f60     <common>
 0003:0001f080       _ui_browserShowEmpty       400a4080     <common>
 0003:0001f1a0       _passwordField             400a41a0     <common>
 0003:000488a0       _uis                       400cd8a0     <common>
 0003:00082c68       ___fastflag                40107c68     LIBCMTD:fpinit.obj
 0003:00082c6c       __adjust_fdiv              40107c6c     LIBCMTD:fpinit.obj
 0003:00082c74       __aenvptr                  40107c74     LIBCMTD:dllcrt0.obj
 0003:00082c78       __wenvptr                  40107c78     LIBCMTD:dllcrt0.obj
 0003:00082c7c       ___error_mode              40107c7c     LIBCMTD:dllcrt0.obj
 0003:00082c80       ___app_type                40107c80     LIBCMTD:dllcrt0.obj
 0003:00082c88       __umaskval                 40107c88     LIBCMTD:crt0dat.obj
 0003:00082c8c       __osver                    40107c8c     LIBCMTD:crt0dat.obj
 0003:00082c90       __winver                   40107c90     LIBCMTD:crt0dat.obj
 0003:00082c94       __winmajor                 40107c94     LIBCMTD:crt0dat.obj
 0003:00082c98       __winminor                 40107c98     LIBCMTD:crt0dat.obj
 0003:00082c9c       ___argc                    40107c9c     LIBCMTD:crt0dat.obj
 0003:00082ca0       ___argv                    40107ca0     LIBCMTD:crt0dat.obj
 0003:00082ca4       ___wargv                   40107ca4     LIBCMTD:crt0dat.obj
 0003:00082ca8       __environ                  40107ca8     LIBCMTD:crt0dat.obj
 0003:00082cac       ___initenv                 40107cac     LIBCMTD:crt0dat.obj
 0003:00082cb0       __wenviron                 40107cb0     LIBCMTD:crt0dat.obj
 0003:00082cb4       ___winitenv                40107cb4     LIBCMTD:crt0dat.obj
 0003:00082cb8       __pgmptr                   40107cb8     LIBCMTD:crt0dat.obj
 0003:00082cbc       __wpgmptr                  40107cbc     LIBCMTD:crt0dat.obj
 0003:00082cc0       __exitflag                 40107cc0     LIBCMTD:crt0dat.obj
 0003:00082cc4       __C_Termination_Done       40107cc4     LIBCMTD:crt0dat.obj
 0003:00082cc8       __C_Exit_Done              40107cc8     LIBCMTD:crt0dat.obj
 0003:00082cf0       __cflush                   40107cf0     LIBCMTD:_file.obj
 0003:00082d64       ___lc_handle               40107d64     LIBCMTD:nlsdata2.obj
 0003:00082d7c       ___lc_codepage             40107d7c     LIBCMTD:nlsdata2.obj
 0003:00082d80       ___lc_collate_cp           40107d80     LIBCMTD:nlsdata2.obj
 0003:00082ea4       __adbgmsg                  40107ea4     LIBCMTD:crt0msg.obj
 0003:00082eac       __stdbuf                   40107eac     LIBCMTD:_sftbuf.obj
 0003:00082eb4       ___lc_time_intl            40107eb4     LIBCMTD:inittime.obj
 0003:00082ed0       ___lc_id                   40107ed0     LIBCMTD:nlsdata3.obj
 0003:00082f18       __newmode                  40107f18     LIBCMTD:_newmode.obj
 0003:00082f1c       ?_pnhHeap@@3P6AHI@ZA       40107f1c     LIBCMTD:handler.obj
 0003:00082f2c       ___lconv_static_null       40107f2c     LIBCMTD:lconv.obj
 0003:0008a678       ___alternate_form          4010f678     <common>
 0003:0008a688       ___no_lead_zeros           4010f688     <common>
 0003:0008a68c       ___mbcodepage              4010f68c     <common>
 0003:0008a710       ___mbulinfo                4010f710     <common>
 0003:0008a71c       ___ismbcodepage            4010f71c     <common>
 0003:0008a720       __mbcasemap                4010f720     <common>
 0003:0008a820       __mbctype                  4010f820     <common>
 0003:0008a924       ___mblcid                  4010f924     <common>
 0003:0008a928       ___sbh_sizeHeaderList      4010f928     <common>
 0003:0008a938       ___sbh_indGroupDefer       4010f938     <common>
 0003:0008a93c       ___sbh_pHeaderScan         4010f93c     <common>
 0003:0008a940       ___sbh_pHeaderDefer        4010f940     <common>
 0003:0008a944       ___sbh_cntHeaderList       4010f944     <common>
 0003:0008a948       ___sbh_pHeaderList         4010f948     <common>
 0003:0008a94c       __crtheap                  4010f94c     <common>
 0003:0008a958       __pfnDumpClient            4010f958     <common>
 0003:0008a980       ___pioinfo                 4010f980     <common>
 0003:0008aabc       __nhandle                  4010fabc     <common>
 0003:0008aac0       ___setlc_active            4010fac0     <common>
 0003:0008aad0       ___unguarded_readlc_active 4010fad0     <common>
 0003:0008aad4       ___piob                    4010fad4     <common>
 0003:0008ae20       __bufin                    4010fe20     <common>
 0003:0008be20       __nstream                  40110e20     <common>
 0003:0008be24       ___env_initialized         40110e24     <common>
 0003:0008be34       ___mbctype_initialized     40110e34     <common>
 0003:0008be38       ___onexitend               40110e38     <common>
 0003:0008be3c       ___onexitbegin             40110e3c     <common>
 0003:0008be40       __pfnReportHook            40110e40     <common>
 0003:0008be4c       __acmdln                   40110e4c     <common>
 0003:0008be5c       __pRawDllMain              40110e5c     <common>
 0004:00000000       __IMPORT_DESCRIPTOR_KERNEL32 40111000     kernel32:KERNEL32.dll
 0004:00000014       __NULL_IMPORT_DESCRIPTOR   40111014     kernel32:KERNEL32.dll
 0004:000001b4       __imp__GetModuleFileNameA@12 401111b4     kernel32:KERNEL32.dll
 0004:000001b8       __imp__InterlockedDecrement@4 401111b8     kernel32:KERNEL32.dll
 0004:000001bc       __imp__InterlockedIncrement@4 401111bc     kernel32:KERNEL32.dll
 0004:000001c0       __imp__GetCommandLineA@0   401111c0     kernel32:KERNEL32.dll
 0004:000001c4       __imp__GetVersion@0        401111c4     kernel32:KERNEL32.dll
 0004:000001c8       __imp__DebugBreak@0        401111c8     kernel32:KERNEL32.dll
 0004:000001cc       __imp__GetStdHandle@4      401111cc     kernel32:KERNEL32.dll
 0004:000001d0       __imp__WriteFile@20        401111d0     kernel32:KERNEL32.dll
 0004:000001d4       __imp__OutputDebugStringA@4 401111d4     kernel32:KERNEL32.dll
 0004:000001d8       __imp__GetProcAddress@8    401111d8     kernel32:KERNEL32.dll
 0004:000001dc       __imp__LoadLibraryA@4      401111dc     kernel32:KERNEL32.dll
 0004:000001e0       __imp__GetModuleHandleA@4  401111e0     kernel32:KERNEL32.dll
 0004:000001e4       __imp__ExitProcess@4       401111e4     kernel32:KERNEL32.dll
 0004:000001e8       __imp__TerminateProcess@8  401111e8     kernel32:KERNEL32.dll
 0004:000001ec       __imp__GetCurrentProcess@0 401111ec     kernel32:KERNEL32.dll
 0004:000001f0       __imp__GetLastError@0      401111f0     kernel32:KERNEL32.dll
 0004:000001f4       __imp__SetConsoleCtrlHandler@8 401111f4     kernel32:KERNEL32.dll
 0004:000001f8       __imp__EnterCriticalSection@4 401111f8     kernel32:KERNEL32.dll
 0004:000001fc       __imp__LeaveCriticalSection@4 401111fc     kernel32:KERNEL32.dll
 0004:00000200       __imp__RaiseException@16   40111200     kernel32:KERNEL32.dll
 0004:00000204       __imp__InitializeCriticalSection@4 40111204     kernel32:KERNEL32.dll
 0004:00000208       __imp__DeleteCriticalSection@4 40111208     kernel32:KERNEL32.dll
 0004:0000020c       __imp__FatalAppExitA@8     4011120c     kernel32:KERNEL32.dll
 0004:00000210       __imp__Sleep@4             40111210     kernel32:KERNEL32.dll
 0004:00000214       __imp__WideCharToMultiByte@32 40111214     kernel32:KERNEL32.dll
 0004:00000218       __imp__MultiByteToWideChar@24 40111218     kernel32:KERNEL32.dll
 0004:0000021c       __imp__LCMapStringA@24     4011121c     kernel32:KERNEL32.dll
 0004:00000220       __imp__LCMapStringW@24     40111220     kernel32:KERNEL32.dll
 0004:00000224       __imp__GetCurrentThreadId@0 40111224     kernel32:KERNEL32.dll
 0004:00000228       __imp__TlsSetValue@8       40111228     kernel32:KERNEL32.dll
 0004:0000022c       __imp__TlsAlloc@0          4011122c     kernel32:KERNEL32.dll
 0004:00000230       __imp__TlsFree@4           40111230     kernel32:KERNEL32.dll
 0004:00000234       __imp__SetLastError@4      40111234     kernel32:KERNEL32.dll
 0004:00000238       __imp__TlsGetValue@4       40111238     kernel32:KERNEL32.dll
 0004:0000023c       __imp__GetCurrentThread@0  4011123c     kernel32:KERNEL32.dll
 0004:00000240       __imp__SetHandleCount@4    40111240     kernel32:KERNEL32.dll
 0004:00000244       __imp__GetFileType@4       40111244     kernel32:KERNEL32.dll
 0004:00000248       __imp__GetStartupInfoA@4   40111248     kernel32:KERNEL32.dll
 0004:0000024c       __imp__IsBadWritePtr@8     4011124c     kernel32:KERNEL32.dll
 0004:00000250       __imp__IsBadReadPtr@8      40111250     kernel32:KERNEL32.dll
 0004:00000254       __imp__HeapValidate@12     40111254     kernel32:KERNEL32.dll
 0004:00000258       __imp__FreeEnvironmentStringsA@4 40111258     kernel32:KERNEL32.dll
 0004:0000025c       __imp__FreeEnvironmentStringsW@4 4011125c     kernel32:KERNEL32.dll
 0004:00000260       __imp__GetEnvironmentStrings@0 40111260     kernel32:KERNEL32.dll
 0004:00000264       __imp__GetEnvironmentStringsW@0 40111264     kernel32:KERNEL32.dll
 0004:00000268       __imp__HeapDestroy@4       40111268     kernel32:KERNEL32.dll
 0004:0000026c       __imp__HeapCreate@12       4011126c     kernel32:KERNEL32.dll
 0004:00000270       __imp__HeapFree@12         40111270     kernel32:KERNEL32.dll
 0004:00000274       __imp__VirtualFree@12      40111274     kernel32:KERNEL32.dll
 0004:00000278       __imp__GetStringTypeA@20   40111278     kernel32:KERNEL32.dll
 0004:0000027c       __imp__GetStringTypeW@16   4011127c     kernel32:KERNEL32.dll
 0004:00000280       __imp__UnhandledExceptionFilter@4 40111280     kernel32:KERNEL32.dll
 0004:00000284       __imp__FlushFileBuffers@4  40111284     kernel32:KERNEL32.dll
 0004:00000288       __imp__SetFilePointer@16   40111288     kernel32:KERNEL32.dll
 0004:0000028c       __imp__GetCPInfo@8         4011128c     kernel32:KERNEL32.dll
 0004:00000290       __imp__IsValidLocale@8     40111290     kernel32:KERNEL32.dll
 0004:00000294       __imp__IsValidCodePage@4   40111294     kernel32:KERNEL32.dll
 0004:00000298       __imp__GetLocaleInfoA@16   40111298     kernel32:KERNEL32.dll
 0004:0000029c       __imp__EnumSystemLocalesA@8 4011129c     kernel32:KERNEL32.dll
 0004:000002a0       __imp__GetUserDefaultLCID@0 401112a0     kernel32:KERNEL32.dll
 0004:000002a4       __imp__GetVersionExA@4     401112a4     kernel32:KERNEL32.dll
 0004:000002a8       __imp__RtlUnwind@16        401112a8     kernel32:KERNEL32.dll
 0004:000002ac       __imp__HeapAlloc@12        401112ac     kernel32:KERNEL32.dll
 0004:000002b0       __imp__HeapReAlloc@16      401112b0     kernel32:KERNEL32.dll
 0004:000002b4       __imp__VirtualAlloc@16     401112b4     kernel32:KERNEL32.dll
 0004:000002b8       __imp__GetACP@0            401112b8     kernel32:KERNEL32.dll
 0004:000002bc       __imp__GetOEMCP@0          401112bc     kernel32:KERNEL32.dll
 0004:000002c0       __imp__SetStdHandle@8      401112c0     kernel32:KERNEL32.dll
 0004:000002c4       __imp__CloseHandle@4       401112c4     kernel32:KERNEL32.dll
 0004:000002c8       __imp__GetTimeZoneInformation@4 401112c8     kernel32:KERNEL32.dll
 0004:000002cc       __imp__GetLocaleInfoW@16   401112cc     kernel32:KERNEL32.dll
 0004:000002d0       __imp__CompareStringA@24   401112d0     kernel32:KERNEL32.dll
 0004:000002d4       __imp__CompareStringW@24   401112d4     kernel32:KERNEL32.dll
 0004:000002d8       __imp__SetEnvironmentVariableA@8 401112d8     kernel32:KERNEL32.dll
 0004:000002dc       \177KERNEL32_NULL_THUNK_DATA 401112dc     kernel32:KERNEL32.dll

 entry point at        0001:00038c10

