 qagamex86

 Timestamp is 58c96163 (Wed Mar 15 11:44:35 2017)

 Preferred load address is 20000000

 Start         Length     Name                   Class
 0001:00000000 00080ee1H .text                   CODE
 0001:00080ee1 0003bb0fH .textbss                CODE
 0002:00000000 00009bf3H .rdata                  DATA
 0002:00009c00 0000016cH .edata                  DATA
 0003:00000000 00000104H .CRT$XCA                DATA
 0003:00000104 00000104H .CRT$XCZ                DATA
 0003:00000208 00000104H .CRT$XIA                DATA
 0003:0000030c 00000109H .CRT$XIC                DATA
 0003:00000418 00000104H .CRT$XIZ                DATA
 0003:0000051c 00000104H .CRT$XPA                DATA
 0003:00000620 00000104H .CRT$XPX                DATA
 0003:00000724 00000104H .CRT$XPZ                DATA
 0003:00000828 00000104H .CRT$XTA                DATA
 0003:0000092c 00000104H .CRT$XTZ                DATA
 0003:00000a30 0000417bH .data                   DATA
 0003:00004bb0 00194f24H .bss                    DATA
 0004:00000000 00000014H .idata$2                DATA
 0004:00000014 00000014H .idata$3                DATA
 0004:00000028 00000194H .idata$4                DATA
 0004:000001bc 00000194H .idata$5                DATA
 0004:00000350 000006d5H .idata$6                DATA

  Address         Publics by Value              Rva+Base     Lib:Object

 0001:00002630       _BotNumActivePlayers       20003630 f   ai_chat.obj
 0001:00002760       _BotIsFirstInRankings      20003760 f   ai_chat.obj
 0001:000028b0       _BotIsLastInRankings       200038b0 f   ai_chat.obj
 0001:00002a00       _BotFirstClientInRankings  20003a00 f   ai_chat.obj
 0001:00002b80       _BotLastClientInRankings   20003b80 f   ai_chat.obj
 0001:00002d00       _BotRandomOpponentName     20003d00 f   ai_chat.obj
 0001:00002f40       _BotMapTitle               20003f40 f   ai_chat.obj
 0001:00002fb0       _BotWeaponNameForMeansOfDeath 20003fb0 f   ai_chat.obj
 0001:000030b0       _BotRandomWeaponName       200040b0 f   ai_chat.obj
 0001:00003180       _BotVisibleEnemies         20004180 f   ai_chat.obj
 0001:000032d0       _BotValidChatPosition      200042d0 f   ai_chat.obj
 0001:00003500       _BotChat_EnterGame         20004500 f   ai_chat.obj
 0001:00003690       _BotChat_ExitGame          20004690 f   ai_chat.obj
 0001:00003800       _BotChat_StartLevel        20004800 f   ai_chat.obj
 0001:00003980       _BotChat_EndLevel          20004980 f   ai_chat.obj
 0001:00003c30       _BotChat_Death             20004c30 f   ai_chat.obj
 0001:000041e0       _BotChat_Kill              200051e0 f   ai_chat.obj
 0001:00004510       _BotChat_EnemySuicide      20005510 f   ai_chat.obj
 0001:000046d0       _BotChat_HitTalking        200056d0 f   ai_chat.obj
 0001:00004900       _BotChat_HitNoDeath        20005900 f   ai_chat.obj
 0001:00004b70       _BotChat_HitNoKill         20005b70 f   ai_chat.obj
 0001:00004d90       _BotChat_Random            20005d90 f   ai_chat.obj
 0001:00005100       _BotChatTime               20006100 f   ai_chat.obj
 0001:00005150       _BotChatTest               20006150 f   ai_chat.obj
 0001:00006200       _BotPrintTeamGoal          20007200 f   ai_cmd.obj
 0001:000064b0       _BotGetItemTeamGoal        200074b0 f   ai_cmd.obj
 0001:00006530       _BotGetMessageTeamGoal     20007530 f   ai_cmd.obj
 0001:000065c0       _BotGetTime                200075c0 f   ai_cmd.obj
 0001:00006740       _FindClientByName          20007740 f   ai_cmd.obj
 0001:00006860       _FindEnemyByName           20007860 f   ai_cmd.obj
 0001:000069c0       _NumPlayersOnSameTeam      200079c0 f   ai_cmd.obj
 0001:00006aa0       _BotGetPatrolWaypoints     20007aa0 f   ai_cmd.obj
 0001:00006e00       _BotAddressedToBot         20007e00 f   ai_cmd.obj
 0001:00007130       _BotGPSToPosition          20008130 f   ai_cmd.obj
 0001:00007280       _BotMatch_HelpAccompany    20008280 f   ai_cmd.obj
 0001:00007840       _BotMatch_DefendKeyArea    20008840 f   ai_cmd.obj
 0001:00007a20       _BotMatch_GetItem          20008a20 f   ai_cmd.obj
 0001:00007bb0       _BotMatch_Camp             20008bb0 f   ai_cmd.obj
 0001:00008080       _BotMatch_Patrol           20009080 f   ai_cmd.obj
 0001:00008220       _BotMatch_GetFlag          20009220 f   ai_cmd.obj
 0001:000083c0       _BotMatch_AttackEnemyBase  200093c0 f   ai_cmd.obj
 0001:00008530       _BotMatch_RushBase         20009530 f   ai_cmd.obj
 0001:000086a0       _BotMatch_TaskPreference   200096a0 f   ai_cmd.obj
 0001:000088c0       _BotMatch_ReturnFlag       200098c0 f   ai_cmd.obj
 0001:00008a10       _BotMatch_JoinSubteam      20009a10 f   ai_cmd.obj
 0001:00008b30       _BotMatch_LeaveSubteam     20009b30 f   ai_cmd.obj
 0001:00008c30       _BotMatch_WhichTeam        20009c30 f   ai_cmd.obj
 0001:00008cf0       _BotMatch_CheckPoint       20009cf0 f   ai_cmd.obj
 0001:00009060       _BotMatch_FormationSpace   2000a060 f   ai_cmd.obj
 0001:00009180       _BotMatch_Dismiss          2000a180 f   ai_cmd.obj
 0001:00009280       _BotMatch_Suicide          2000a280 f   ai_cmd.obj
 0001:00009350       _BotMatch_StartTeamLeaderShip 2000a350 f   ai_cmd.obj
 0001:00009440       _BotMatch_StopTeamLeaderShip 2000a440 f   ai_cmd.obj
 0001:00009550       _BotMatch_WhoIsTeamLeader  2000a550 f   ai_cmd.obj
 0001:000095e0       _BotMatch_WhatAreYouDoing  2000a5e0 f   ai_cmd.obj
 0001:00009910       _BotMatch_WhatIsMyCommand  2000a910 f   ai_cmd.obj
 0001:00009970       _BotNearestVisibleItem     2000a970 f   ai_cmd.obj
 0001:00009b40       _BotMatch_WhereAreYou      2000ab40 f   ai_cmd.obj
 0001:00009ed0       _BotMatch_LeadTheWay       2000aed0 f   ai_cmd.obj
 0001:0000a270       _BotMatch_Kill             2000b270 f   ai_cmd.obj
 0001:0000a420       _BotMatch_CTF              2000b420 f   ai_cmd.obj
 0001:0000a650       _BotMatch_EnterGame        2000b650 f   ai_cmd.obj
 0001:0000a6b0       _BotMatch_NewLeader        2000b6b0 f   ai_cmd.obj
 0001:0000a730       _BotMatchMessage           2000b730 f   ai_cmd.obj
 0001:0000ac00       _BotResetNodeSwitches      2000bc00 f   ai_dmnet.obj
 0001:0000ac20       _BotDumpNodeSwitches       2000bc20 f   ai_dmnet.obj
 0001:0000acd0       _BotRecordNodeSwitch       2000bcd0 f   ai_dmnet.obj
 0001:0000ad90       _BotGetAirGoal             2000bd90 f   ai_dmnet.obj
 0001:0000afa0       _BotGoForAir               2000bfa0 f   ai_dmnet.obj
 0001:0000b0d0       _BotNearbyGoal             2000c0d0 f   ai_dmnet.obj
 0001:0000b1c0       _BotReachedGoal            2000c1c0 f   ai_dmnet.obj
 0001:0000b3f0       _BotGetItemLongTermGoal    2000c3f0 f   ai_dmnet.obj
 0001:0000b550       _BotGetLongTermGoal        2000c550 f   ai_dmnet.obj
 0001:0000db00       _BotLongTermGoal           2000eb00 f   ai_dmnet.obj
 0001:0000e150       _AIEnter_Intermission      2000f150 f   ai_dmnet.obj
 0001:0000e1e0       _AINode_Intermission       2000f1e0 f   ai_dmnet.obj
 0001:0000e280       _AIEnter_Observer          2000f280 f   ai_dmnet.obj
 0001:0000e2e0       _AINode_Observer           2000f2e0 f   ai_dmnet.obj
 0001:0000e330       _AIEnter_Stand             2000f330 f   ai_dmnet.obj
 0001:0000e390       _AINode_Stand              2000f390 f   ai_dmnet.obj
 0001:0000e500       _AIEnter_Respawn           2000f500 f   ai_dmnet.obj
 0001:0000e650       _AINode_Respawn            2000f650 f   ai_dmnet.obj
 0001:0000e7a0       _BotSelectActivateWeapon   2000f7a0 f   ai_dmnet.obj
 0001:0000e8d0       _BotClearPath              2000f8d0 f   ai_dmnet.obj
 0001:0000ee60       _AIEnter_Seek_ActivateEntity 2000fe60 f   ai_dmnet.obj
 0001:0000eeb0       _AINode_Seek_ActivateEntity 2000feb0 f   ai_dmnet.obj
 0001:0000f8c0       _AIEnter_Seek_NBG          200108c0 f   ai_dmnet.obj
 0001:0000f970       _AINode_Seek_NBG           20010970 f   ai_dmnet.obj
 0001:0000ff50       _AIEnter_Seek_LTG          20010f50 f   ai_dmnet.obj
 0001:00010000       _AINode_Seek_LTG           20011000 f   ai_dmnet.obj
 0001:00010810       _AIEnter_Battle_Fight      20011810 f   ai_dmnet.obj
 0001:00010870       _AIEnter_Battle_SuicidalFight 20011870 f   ai_dmnet.obj
 0001:000108f0       _AINode_Battle_Fight       200118f0 f   ai_dmnet.obj
 0001:00010f90       _AIEnter_Battle_Chase      20011f90 f   ai_dmnet.obj
 0001:00010ff0       _AINode_Battle_Chase       20011ff0 f   ai_dmnet.obj
 0001:000116a0       _AIEnter_Battle_Retreat    200126a0 f   ai_dmnet.obj
 0001:000116f0       _AINode_Battle_Retreat     200126f0 f   ai_dmnet.obj
 0001:00011ed0       _AIEnter_Battle_NBG        20012ed0 f   ai_dmnet.obj
 0001:00011f20       _AINode_Battle_NBG         20012f20 f   ai_dmnet.obj
 0001:00012590       _BotSetUserInfo            20013590 f   ai_dmq3.obj
 0001:00012620       _BotCTFCarryingFlag        20013620 f   ai_dmq3.obj
 0001:00012680       _BotTeam                   20013680 f   ai_dmq3.obj
 0001:00012750       _BotOppositeTeam           20013750 f   ai_dmq3.obj
 0001:000127a0       _BotEnemyFlag              200137a0 f   ai_dmq3.obj
 0001:000127e0       _BotTeamFlag               200137e0 f   ai_dmq3.obj
 0001:00012820       _EntityIsDead              20013820 f   ai_dmq3.obj
 0001:00012880       _EntityCarriesFlag         20013880 f   ai_dmq3.obj
 0001:000128d0       _EntityIsInvisible         200138d0 f   ai_dmq3.obj
 0001:00012920       _EntityIsShooting          20013920 f   ai_dmq3.obj
 0001:00012960       _EntityIsChatting          20013960 f   ai_dmq3.obj
 0001:000129a0       _EntityHasQuad             200139a0 f   ai_dmq3.obj
 0001:000129d0       _BotRememberLastOrderedTask 200139d0 f   ai_dmq3.obj
 0001:00012a60       _BotSetTeamStatus          20013a60 f   ai_dmq3.obj
 0001:00012a80       _BotSetLastOrderedTask     20013a80 f   ai_dmq3.obj
 0001:00012cb0       _BotRefuseOrder            20013cb0 f   ai_dmq3.obj
 0001:00012d60       _BotCTFSeekGoals           20013d60 f   ai_dmq3.obj
 0001:00013b60       _BotCTFRetreatGoals        20014b60 f   ai_dmq3.obj
 0001:00013c20       _BotTeamGoals              20014c20 f   ai_dmq3.obj
 0001:00013c90       _BotPointAreaNum           20014c90 f   ai_dmq3.obj
 0001:00013d30       _ClientName                20014d30 f   ai_dmq3.obj
 0001:00013df0       _ClientSkin                20014df0 f   ai_dmq3.obj
 0001:00013ea0       _ClientFromName            20014ea0 f   ai_dmq3.obj
 0001:00013f80       _ClientOnSameTeamFromName  20014f80 f   ai_dmq3.obj
 0001:00014080       _stristr                   20015080 f   ai_dmq3.obj
 0001:00014140       _EasyClientName            20015140 f   ai_dmq3.obj
 0001:00014480       _BotSynonymContext         20015480 f   ai_dmq3.obj
 0001:000144e0       _BotChooseWeapon           200154e0 f   ai_dmq3.obj
 0001:000145b0       _BotSetupForMovement       200155b0 f   ai_dmq3.obj
 0001:00014770       _BotCheckItemPickup        20015770 f   ai_dmq3.obj
 0001:00014790       _BotUpdateInventory        20015790 f   ai_dmq3.obj
 0001:00014b50       _BotUpdateBattleInventory  20015b50 f   ai_dmq3.obj
 0001:00014c00       _BotBattleUseItems         20015c00 f   ai_dmq3.obj
 0001:00014c90       _BotSetTeleportTime        20015c90 f   ai_dmq3.obj
 0001:00014cf0       _BotIsDead                 20015cf0 f   ai_dmq3.obj
 0001:00014d20       _BotIsObserver             20015d20 f   ai_dmq3.obj
 0001:00014db0       _BotIntermission           20015db0 f   ai_dmq3.obj
 0001:00014e10       _BotInLavaOrSlime          20015e10 f   ai_dmq3.obj
 0001:00014e80       _BotCreateWayPoint         20015e80 f   ai_dmq3.obj
 0001:00014fc0       _BotFindWayPoint           20015fc0 f   ai_dmq3.obj
 0001:00015020       _BotFreeWaypoints          20016020 f   ai_dmq3.obj
 0001:00015070       _BotInitWaypoints          20016070 f   ai_dmq3.obj
 0001:000150e0       _TeamPlayIsOn              200160e0 f   ai_dmq3.obj
 0001:00015110       _BotAggression             20016110 f   ai_dmq3.obj
 0001:00015300       _BotFeelingBad             20016300 f   ai_dmq3.obj
 0001:00015380       _BotWantsToRetreat         20016380 f   ai_dmq3.obj
 0001:00015450       _BotWantsToChase           20016450 f   ai_dmq3.obj
 0001:00015510       _BotWantsToHelp            20016510 f   ai_dmq3.obj
 0001:00015530       _BotCanAndWantsToRocketJump 20016530 f   ai_dmq3.obj
 0001:00015610       _BotHasPersistantPowerupAndWeapon 20016610 f   ai_dmq3.obj
 0001:000157b0       _BotGoCamp                 200167b0 f   ai_dmq3.obj
 0001:000158f0       _BotWantsToCamp            200168f0 f   ai_dmq3.obj
 0001:00015bc0       _BotDontAvoid              20016bc0 f   ai_dmq3.obj
 0001:00015c30       _BotGoForPowerups          20016c30 f   ai_dmq3.obj
 0001:00015cc0       _BotRoamGoal               20016cc0 f   ai_dmq3.obj
 0001:00016100       _BotAttackMove             20017100 f   ai_dmq3.obj
 0001:000169c0       _BotSameTeam               200179c0 f   ai_dmq3.obj
 0001:00016ad0       _InFieldOfVision           20017ad0 f   ai_dmq3.obj
 0001:00016c20       _BotEntityVisible          20017c20 f   ai_dmq3.obj
 0001:000172f0       _BotFindEnemy              200182f0 f   ai_dmq3.obj
 0001:00017940       _BotTeamFlagCarrierVisible 20018940 f   ai_dmq3.obj
 0001:00017a60       _BotTeamFlagCarrier        20018a60 f   ai_dmq3.obj
 0001:00017b20       _BotEnemyFlagCarrierVisible 20018b20 f   ai_dmq3.obj
 0001:00017c40       _BotVisibleTeamMatesAndEnemies 20018c40 f   ai_dmq3.obj
 0001:00017e20       _BotAimAtEnemy             20018e20 f   ai_dmq3.obj
 0001:00019460       _BotCheckAttack            2001a460 f   ai_dmq3.obj
 0001:00019b20       _BotMapScripts             2001ab20 f   ai_dmq3.obj
 0001:0001a0a0       _BotSetMovedir             2001b0a0 f   ai_dmq3.obj
 0001:0001a1d0       _BotModelMinsMaxs          2001b1d0 f   ai_dmq3.obj
 0001:0001a3b0       _BotFuncButtonActivateGoal 2001b3b0 f   ai_dmq3.obj
 0001:0001b270       _BotFuncDoorActivateGoal   2001c270 f   ai_dmq3.obj
 0001:0001b4c0       _BotTriggerMultipleActivateGoal 2001c4c0 f   ai_dmq3.obj
 0001:0001b870       _BotPopFromActivateGoalStack 2001c870 f   ai_dmq3.obj
 0001:0001b900       _BotPushOntoActivateGoalStack 2001c900 f   ai_dmq3.obj
 0001:0001ba60       _BotClearActivateGoalStack 2001ca60 f   ai_dmq3.obj
 0001:0001baa0       _BotEnableActivateGoalAreas 2001caa0 f   ai_dmq3.obj
 0001:0001bb30       _BotIsGoingToActivateEntity 2001cb30 f   ai_dmq3.obj
 0001:0001bc40       _BotGetActivateGoal        2001cc40 f   ai_dmq3.obj
 0001:0001c700       _BotGoForActivateGoal      2001d700 f   ai_dmq3.obj
 0001:0001c7f0       _BotPrintActivateGoalInfo  2001d7f0 f   ai_dmq3.obj
 0001:0001c940       _BotRandomMove             2001d940 f   ai_dmq3.obj
 0001:0001ca00       _BotAIBlocked              2001da00 f   ai_dmq3.obj
 0001:0001ce90       _BotAIPredictObstacles     2001de90 f   ai_dmq3.obj
 0001:0001d0b0       _BotCheckConsoleMessages   2001e0b0 f   ai_dmq3.obj
 0001:0001d610       _BotCheckForGrenades       2001e610 f   ai_dmq3.obj
 0001:0001d670       _BotCheckEvents            2001e670 f   ai_dmq3.obj
 0001:0001dc20       _BotCheckSnapshot          2001ec20 f   ai_dmq3.obj
 0001:0001dd40       _BotCheckAir               2001ed40 f   ai_dmq3.obj
 0001:0001dda0       _BotAlternateRoute         2001eda0 f   ai_dmq3.obj
 0001:0001de80       _BotGetAlternateRouteGoal  2001ee80 f   ai_dmq3.obj
 0001:0001e020       _BotSetupAlternativeRouteGoals 2001f020 f   ai_dmq3.obj
 0001:0001e050       _BotDeathmatchAI           2001f050 f   ai_dmq3.obj
 0001:0001e520       _BotSetEntityNumForGoalWithModel 2001f520 f   ai_dmq3.obj
 0001:0001e630       _BotSetEntityNumForGoal    2001f630 f   ai_dmq3.obj
 0001:0001e720       _BotGoalForBSPEntity       2001f720 f   ai_dmq3.obj
 0001:0001e930       _BotSetupDeathmatchAI      2001f930 f   ai_dmq3.obj
 0001:0001eb90       _BotShutdownDeathmatchAI   2001fb90 f   ai_dmq3.obj
 0001:0001ebb0       _BotAI_Print               2001fbb0 f   ai_main.obj
 0001:0001ecf0       _BotAI_Trace               2001fcf0 f   ai_main.obj
 0001:0001ee00       _BotAI_GetClientState      2001fe00 f   ai_main.obj
 0001:0001ee80       _BotAI_GetEntityState      2001fe80 f   ai_main.obj
 0001:0001ef30       _BotAI_GetSnapshotEntity   2001ff30 f   ai_main.obj
 0001:0001efa0       _BotAI_BotInitialChat      2001ffa0 f   ai_main.obj
 0001:0001f0a0       _BotTestAAS                200200a0 f   ai_main.obj
 0001:0001f1b0       _BotReportStatus           200201b0 f   ai_main.obj
 0001:0001f6b0       _BotTeamplayReport         200206b0 f   ai_main.obj
 0001:0001f910       _BotSetInfoConfigString    20020910 f   ai_main.obj
 0001:0001fdc0       _BotUpdateInfoConfigStrings 20020dc0 f   ai_main.obj
 0001:0001fec0       _BotInterbreedBots         20020ec0 f   ai_main.obj
 0001:000200f0       _BotWriteInterbreeded      200210f0 f   ai_main.obj
 0001:000201f0       _BotInterbreedEndMatch     200211f0 f   ai_main.obj
 0001:000202a0       _BotInterbreeding          200212a0 f   ai_main.obj
 0001:00020420       _BotEntityInfo             20021420 f   ai_main.obj
 0001:00020450       _NumBots                   20021450 f   ai_main.obj
 0001:00020470       _BotTeamLeader             20021470 f   ai_main.obj
 0001:000204e0       _AngleDifference           200214e0 f   ai_main.obj
 0001:00020560       _BotChangeViewAngle        20021560 f   ai_main.obj
 0001:00020680       _BotChangeViewAngles       20021680 f   ai_main.obj
 0001:00020ab0       _BotInputToUserCommand     20021ab0 f   ai_main.obj
 0001:00020fc0       _BotUpdateInput            20021fc0 f   ai_main.obj
 0001:00021150       _BotAIRegularUpdate        20022150 f   ai_main.obj
 0001:000211a0       _RemoveColorEscapeSequences 200221a0 f   ai_main.obj
 0001:00021280       _BotAI                     20022280 f   ai_main.obj
 0001:00021800       _BotScheduleBotThink       20022800 f   ai_main.obj
 0001:000218a0       _BotWriteSessionData       200228a0 f   ai_main.obj
 0001:00021a10       _BotReadSessionData        20022a10 f   ai_main.obj
 0001:00021b60       _BotAISetupClient          20022b60 f   ai_main.obj
 0001:00022110       _BotAIShutdownClient       20023110 f   ai_main.obj
 0001:00022290       _BotResetState             20023290 f   ai_main.obj
 0001:00022540       _BotAILoadMap              20023540 f   ai_main.obj
 0001:00022620       _BotAIStartFrame           20023620 f   ai_main.obj
 0001:00022e60       _BotInitLibrary            20023e60 f   ai_main.obj
 0001:00023440       _BotAISetup                20024440 f   ai_main.obj
 0001:00023630       _BotAIShutdown             20024630 f   ai_main.obj
 0001:000236c0       _BotValidTeamLeader        200246c0 f   ai_team.obj
 0001:00023720       _BotNumTeamMates           20024720 f   ai_team.obj
 0001:00023860       _BotClientTravelTimeToGoal 20024860 f   ai_team.obj
 0001:000238f0       _BotSortTeamMatesByBaseTravelTime 200248f0 f   ai_team.obj
 0001:00023b60       _BotSetTeamMateTaskPreference 20024b60 f   ai_team.obj
 0001:00023bc0       _BotGetTeamMateTaskPreference 20024bc0 f   ai_team.obj
 0001:00023c40       _BotSortTeamMatesByTaskPreference 20024c40 f   ai_team.obj
 0001:00023e60       _BotSayTeamOrderAlways     20024e60 f   ai_team.obj
 0001:00023f40       _BotSayTeamOrder           20024f40 f   ai_team.obj
 0001:00023f70       _BotVoiceChat              20024f70 f   ai_team.obj
 0001:00023f90       _BotVoiceChatOnly          20024f90 f   ai_team.obj
 0001:00023fb0       _BotSayVoiceTeamOrder      20024fb0 f   ai_team.obj
 0001:00023fd0       _BotCTFOrders_BothFlagsNotAtBase 20024fd0 f   ai_team.obj
 0001:000246b0       _BotCTFOrders_FlagNotAtBase 200256b0 f   ai_team.obj
 0001:00025010       _BotCTFOrders_EnemyFlagNotAtBase 20026010 f   ai_team.obj
 0001:00025620       _BotCTFOrders_BothFlagsAtBase 20026620 f   ai_team.obj
 0001:00025f80       _BotCTFOrders              20026f80 f   ai_team.obj
 0001:00026060       _BotCreateGroup            20027060 f   ai_team.obj
 0001:00026150       _BotTeamOrders             20027150 f   ai_team.obj
 0001:00026440       _FindHumanTeamLeader       20027440 f   ai_team.obj
 0001:00026530       _BotTeamAI                 20027530 f   ai_team.obj
 0001:00026ae0       _BotVoiceChat_GetFlag      20027ae0 f   ai_vcmd.obj
 0001:00026c10       _BotVoiceChat_Offense      20027c10 f   ai_vcmd.obj
 0001:00026d20       _BotVoiceChat_Defend       20027d20 f   ai_vcmd.obj
 0001:00026e80       _BotVoiceChat_DefendFlag   20027e80 f   ai_vcmd.obj
 0001:00026eb0       _BotVoiceChat_Patrol       20027eb0 f   ai_vcmd.obj
 0001:00026f70       _BotVoiceChat_Camp         20027f70 f   ai_vcmd.obj
 0001:000271e0       _BotVoiceChat_FollowMe     200281e0 f   ai_vcmd.obj
 0001:00027470       _BotVoiceChat_FollowFlagCarrier 20028470 f   ai_vcmd.obj
 0001:000274d0       _BotVoiceChat_ReturnFlag   200284d0 f   ai_vcmd.obj
 0001:000275c0       _BotVoiceChat_StartLeader  200285c0 f   ai_vcmd.obj
 0001:000275f0       _BotVoiceChat_StopLeader   200285f0 f   ai_vcmd.obj
 0001:00027660       _BotVoiceChat_WhoIsLeader  20028660 f   ai_vcmd.obj
 0001:00027720       _BotVoiceChat_WantOnDefense 20028720 f   ai_vcmd.obj
 0001:00027800       _BotVoiceChat_WantOnOffense 20028800 f   ai_vcmd.obj
 0001:000278e0       _BotVoiceChat_Dummy        200288e0 f   ai_vcmd.obj
 0001:00027900       _BotVoiceChatCommand       20028900 f   ai_vcmd.obj
 0001:00027bd0       _BG_FindItemForPowerup     20028bd0 f   bg_misc.obj
 0001:00027c70       _BG_FindItemForHoldable    20028c70 f   bg_misc.obj
 0001:00027d00       _BG_FindItemForWeapon      20028d00 f   bg_misc.obj
 0001:00027d70       _BG_FindItem               20028d70 f   bg_misc.obj
 0001:00027dd0       _BG_PlayerTouchesItem      20028dd0 f   bg_misc.obj
 0001:00027ec0       _BG_CanItemBeGrabbed       20028ec0 f   bg_misc.obj
 0001:00028180       _BG_EvaluateTrajectory     20029180 f   bg_misc.obj
 0001:00028470       _BG_EvaluateTrajectoryDelta 20029470 f   bg_misc.obj
 0001:000286a0       _BG_AddPredictableEventToPlayerstate 200296a0 f   bg_misc.obj
 0001:00028780       _BG_TouchJumpPad           20029780 f   bg_misc.obj
 0001:000287a0       _BG_PlayerStateToEntityState 200297a0 f   bg_misc.obj
 0001:00028c40       _BG_PlayerStateToEntityStateExtraPolate 20029c40 f   bg_misc.obj
 0001:000290f0       _Inv_GetVectorFromStat     2002a0f0 f   bg_pmove.obj
 0001:000291d0       _Inv_QuatNormalize         2002a1d0 f   bg_pmove.obj
 0001:000292a0       _Inv_GetQuatFromStat       2002a2a0 f   bg_pmove.obj
 0001:000293b0       _Inv_MatrixToAngles        2002a3b0 f   bg_pmove.obj
 0001:000296e0       _Inv_AxisToQuat            2002a6e0 f   bg_pmove.obj
 0001:000297c0       _Inv_GetQuatMaxDelta       2002a7c0 f   bg_pmove.obj
 0001:00029840       _Inv_GetInvertAxis         2002a840 f   bg_pmove.obj
 0001:000298e0       _Inv_MulQuat               2002a8e0 f   bg_pmove.obj
 0001:00029a30       _Inv_FinbBestInvertAxisForQuat 2002aa30 f   bg_pmove.obj
 0001:00029bd0       _Inv_QuatToMatrix          2002abd0 f   bg_pmove.obj
 0001:00029dd0       _Inv_QuatMultiply          2002add0 f   bg_pmove.obj
 0001:00029e50       _Inv_GetAngleDiff          2002ae50 f   bg_pmove.obj
 0001:0002a020       _Inv_ComputeDynYaw         2002b020 f   bg_pmove.obj
 0001:0002a2c0       _Inv_QuatIntToStat         2002b2c0 f   bg_pmove.obj
 0001:0002a330       _Inv_FinishDynYaw          2002b330 f   bg_pmove.obj
 0001:0002a3d0       _Inv_QuatToInt             2002b3d0 f   bg_pmove.obj
 0001:0002a430       _Inv_ApplyGravityRotation  2002b430 f   bg_pmove.obj
 0001:0002ae00       _Inv_RemoveGravityComponent 2002be00 f   bg_pmove.obj
 0001:0002aea0       _PM_AddEvent               2002bea0 f   bg_pmove.obj
 0001:0002aed0       _PM_AddEventParm           2002bed0 f   bg_pmove.obj
 0001:0002af10       _PM_AddTouchEnt            2002bf10 f   bg_pmove.obj
 0001:0002afc0       _PM_ClipVelocity           2002bfc0 f   bg_pmove.obj
 0001:0002b080       _PM_UpdateViewAngles       2002c080 f   bg_pmove.obj
 0001:0002b1c0       _PmoveSingle               2002c1c0 f   bg_pmove.obj
 0001:000317d0       _Pmove                     200327d0 f   bg_pmove.obj
 0001:00031900       _PM_SlideMove              20032900 f   bg_slidemove.obj
 0001:00032460       _PM_StepSlideMove          20033460 f   bg_slidemove.obj
 0001:00032b90       _P_DamageFeedback          20033b90 f   g_active.obj
 0001:00032d90       _P_WorldEffects            20033d90 f   g_active.obj
 0001:000330e0       _G_SetClientSound          200340e0 f   g_active.obj
 0001:00033150       _ClientImpacts             20034150 f   g_active.obj
 0001:00033290       _G_TouchTriggers           20034290 f   g_active.obj
 0001:000336d0       _SpectatorThink            200346d0 f   g_active.obj
 0001:00033870       _ClientInactivityTimer     20034870 f   g_active.obj
 0001:00033a00       _ClientTimerActions        20034a00 f   g_active.obj
 0001:00033c60       _ClientIntermissionThink   20034c60 f   g_active.obj
 0001:00033d10       _ClientEvents              20034d10 f   g_active.obj
 0001:00034030       _SendPendingPredictableEvents 20035030 f   g_active.obj
 0001:00034180       _ClientThink_real          20035180 f   g_active.obj
 0001:00034a90       _ClientThink               20035a90 f   g_active.obj
 0001:00034b30       _G_RunClient               20035b30 f   g_active.obj
 0001:00034b90       _G_ProxyTouch              20035b90 f   g_active.obj
 0001:00035300       _G_BouncePlayerProxy       20036300 f   g_active.obj
 0001:000355b0       _G_RunPlayerProxy          200365b0 f   g_active.obj
 0001:00035740       _SpectatorClientEndFrame   20036740 f   g_active.obj
 0001:00035920       _ClientEndFrame            20036920 f   g_active.obj
 0001:00035af0       _UpdateTournamentInfo      20036af0 f   g_arenas.obj
 0001:00035e30       _SpawnModelsOnVictoryPads  20036e30 f   g_arenas.obj
 0001:00036cf0       _Svcmd_AbortPodium_f       20037cf0 f   g_arenas.obj
 0001:00036d50       _trap_Cvar_VariableValue   20037d50 f   g_bot.obj
 0001:00036da0       _G_ParseInfos              20037da0 f   g_bot.obj
 0001:00036fe0       _G_GetArenaInfoByMap       20037fe0 f   g_bot.obj
 0001:00037060       _G_AddRandomBot            20038060 f   g_bot.obj
 0001:000373b0       _G_RemoveRandomBot         200383b0 f   g_bot.obj
 0001:000374b0       _G_CountHumanPlayers       200384b0 f   g_bot.obj
 0001:00037570       _G_CountBotPlayers         20038570 f   g_bot.obj
 0001:00037690       _G_CheckMinimumPlayers     20038690 f   g_bot.obj
 0001:00037930       _G_CheckBotSpawn           20038930 f   g_bot.obj
 0001:00037ae0       _G_RemoveQueuedBotBegin    20038ae0 f   g_bot.obj
 0001:00037b40       _G_BotConnect              20038b40 f   g_bot.obj
 0001:00037c50       _Svcmd_AddBot_f            20038c50 f   g_bot.obj
 0001:00038490       _Svcmd_BotList_f           20039490 f   g_bot.obj
 0001:00038690       _G_GetBotInfoByNumber      20039690 f   g_bot.obj
 0001:000386f0       _G_GetBotInfoByName        200396f0 f   g_bot.obj
 0001:00038780       _G_InitBots                20039780 f   g_bot.obj
 0001:00039190       _SP_info_player_deathmatch 2003a190 f   g_client.obj
 0001:00039220       _SP_info_player_start      2003a220 f   g_client.obj
 0001:00039260       _SP_info_player_intermission 2003a260 f   g_client.obj
 0001:00039280       _SpotWouldTelefrag         2003a280 f   g_client.obj
 0001:000393c0       _SelectNearestDeathmatchSpawnPoint 2003a3c0 f   g_client.obj
 0001:000394e0       _SelectRandomDeathmatchSpawnPoint 2003a4e0 f   g_client.obj
 0001:000395b0       _SelectRandomFurthestSpawnPoint 2003a5b0 f   g_client.obj
 0001:000399e0       _SelectSpawnPoint          2003a9e0 f   g_client.obj
 0001:00039a10       _SelectInitialSpawnPoint   2003aa10 f   g_client.obj
 0001:00039b20       _SelectSpectatorSpawnPoint 2003ab20 f   g_client.obj
 0001:00039ba0       _InitBodyQue               2003aba0 f   g_client.obj
 0001:00039c20       _BodySink                  2003ac20 f   g_client.obj
 0001:00039ca0       _CopyToBodyQue             2003aca0 f   g_client.obj
 0001:0003a100       _SetClientViewAngle        2003b100 f   g_client.obj
 0001:0003a210       _respawn                   2003b210 f   g_client.obj
 0001:0003a280       _TeamCount                 2003b280 f   g_client.obj
 0001:0003a330       _TeamLeader                2003b330 f   g_client.obj
 0001:0003a3e0       _PickTeam                  2003b3e0 f   g_client.obj
 0001:0003a470       _ClientUserinfoChanged     2003b470 f   g_client.obj
 0001:0003ade0       _ClientConnect             2003bde0 f   g_client.obj
 0001:0003b0a0       _ClientBegin               2003c0a0 f   g_client.obj
 0001:0003b250       _ClientSpawn               2003c250 f   g_client.obj
 0001:0003bb50       _ClientDisconnect          2003cb50 f   g_client.obj
 0001:0003be20       _DeathmatchScoreboardMessage 2003ce20 f   g_cmds.obj
 0001:0003c1a0       _Cmd_Score_f               2003d1a0 f   g_cmds.obj
 0001:0003c1d0       _CheatsOk                  2003d1d0 f   g_cmds.obj
 0001:0003c270       _ConcatArgs                2003d270 f   g_cmds.obj
 0001:0003c380       _SanitizeString            2003d380 f   g_cmds.obj
 0001:0003c420       _ClientNumberFromString    2003d420 f   g_cmds.obj
 0001:0003c620       _Cmd_Give_f                2003d620 f   g_cmds.obj
 0001:0003c8d0       _Cmd_God_f                 2003d8d0 f   g_cmds.obj
 0001:0003c980       _Cmd_Notarget_f            2003d980 f   g_cmds.obj
 0001:0003ca30       _Cmd_Noclip_f              2003da30 f   g_cmds.obj
 0001:0003caf0       _Cmd_LevelShot_f           2003daf0 f   g_cmds.obj
 0001:0003cb80       _Cmd_TeamTask_f            2003db80 f   g_cmds.obj
 0001:0003cc90       _Cmd_Kill_f                2003dc90 f   g_cmds.obj
 0001:0003cd40       _BroadcastTeamChange       2003dd40 f   g_cmds.obj
 0001:0003ce50       _SetTeam                   2003de50 f   g_cmds.obj
 0001:0003d360       _StopFollowing             2003e360 f   g_cmds.obj
 0001:0003d420       _Cmd_Team_f                2003e420 f   g_cmds.obj
 0001:0003d630       _Cmd_Follow_f              2003e630 f   g_cmds.obj
 0001:0003d7c0       _Cmd_FollowCycle_f         2003e7c0 f   g_cmds.obj
 0001:0003d950       _G_Say                     2003e950 f   g_cmds.obj
 0001:0003ddc0       _G_Voice                   2003edc0 f   g_cmds.obj
 0001:0003dfe0       _Cmd_GameCommand_f         2003efe0 f   g_cmds.obj
 0001:0003e0e0       _Cmd_Where_f               2003f0e0 f   g_cmds.obj
 0001:0003e140       _Cmd_CallVote_f            2003f140 f   g_cmds.obj
 0001:0003e8e0       _Cmd_Vote_f                2003f8e0 f   g_cmds.obj
 0001:0003eab0       _Cmd_CallTeamVote_f        2003fab0 f   g_cmds.obj
 0001:0003f2e0       _Cmd_TeamVote_f            200402e0 f   g_cmds.obj
 0001:0003f520       _Cmd_SetViewpos_f          20040520 f   g_cmds.obj
 0001:0003f6a0       _Cmd_Stats_f               200406a0 f   g_cmds.obj
 0001:0003f6c0       _Cmd_ResetGrav             200406c0 f   g_cmds.obj
 0001:0003f700       _ClientCommand             20040700 f   g_cmds.obj
 0001:00040590       _ScorePlum                 20041590 f   g_combat.obj
 0001:00040610       _AddScore                  20041610 f   g_combat.obj
 0001:000406e0       _TossClientItems           200416e0 f   g_combat.obj
 0001:00040800       _LookAtKiller              20041800 f   g_combat.obj
 0001:00040920       _GibEntity                 20041920 f   g_combat.obj
 0001:00040a20       _body_die                  20041a20 f   g_combat.obj
 0001:00040a80       _CheckAlmostCapture        20041a80 f   g_combat.obj
 0001:00040ce0       _CheckAlmostScored         20041ce0 f   g_combat.obj
 0001:00040e40       _player_die                20041e40 f   g_combat.obj
 0001:000416b0       _CheckArmor                200426b0 f   g_combat.obj
 0001:00041770       _RaySphereIntersections    20042770 f   g_combat.obj
 0001:00041a00       _G_Damage                  20042a00 f   g_combat.obj
 0001:000421d0       _CanDamage                 200431d0 f   g_combat.obj
 0001:000424e0       _G_RadiusDamage            200434e0 f   g_combat.obj
 0001:00042880       _Pickup_Powerup            20043880 f   g_items.obj
 0001:00042b50       _Pickup_Holdable           20043b50 f   g_items.obj
 0001:00042bd0       _Add_Ammo                  20043bd0 f   g_items.obj
 0001:00042c60       _Pickup_Ammo               20043c60 f   g_items.obj
 0001:00042ce0       _Pickup_Weapon             20043ce0 f   g_items.obj
 0001:00042e80       _Pickup_Health             20043e80 f   g_items.obj
 0001:00042fa0       _Pickup_Armor              20043fa0 f   g_items.obj
 0001:00043050       _RespawnItem               20044050 f   g_items.obj
 0001:000432e0       _Touch_Item                200442e0 f   g_items.obj
 0001:000437f0       _LaunchItem                200447f0 f   g_items.obj
 0001:00043a00       _Drop_Item                 20044a00 f   g_items.obj
 0001:00043af0       _Use_Item                  20044af0 f   g_items.obj
 0001:00043b20       _FinishSpawningItem        20044b20 f   g_items.obj
 0001:00043e20       _G_CheckTeamItems          20044e20 f   g_items.obj
 0001:00043ee0       _ClearRegisteredItems      20044ee0 f   g_items.obj
 0001:00043f40       _RegisterItem              20044f40 f   g_items.obj
 0001:00043f90       _SaveRegisteredItems       20044f90 f   g_items.obj
 0001:00044080       _G_ItemDisabled            20045080 f   g_items.obj
 0001:000440d0       _G_SpawnItem               200450d0 f   g_items.obj
 0001:00044200       _G_BounceItem              20045200 f   g_items.obj
 0001:000444b0       _G_RunItem                 200454b0 f   g_items.obj
 0001:000446a0       _vmMain                    200456a0 f   g_main.obj
 0001:00044800       _G_Printf                  20045800 f   g_main.obj
 0001:00044860       _G_Error                   20045860 f   g_main.obj
 0001:000448c0       _G_FindTeams               200458c0 f   g_main.obj
 0001:00044b00       _G_RemapTeamShaders        20045b00 f   g_main.obj
 0001:00044b20       _G_RegisterCvars           20045b20 f   g_main.obj
 0001:00044c40       _G_UpdateCvars             20045c40 f   g_main.obj
 0001:00044d40       _G_InitGame                20045d40 f   g_main.obj
 0001:000450a0       _G_ShutdownGame            200460a0 f   g_main.obj
 0001:00045130       _Com_Error                 20046130 f   g_main.obj
 0001:00045190       _Com_Printf                20046190 f   g_main.obj
 0001:000451f0       _AddTournamentPlayer       200461f0 f   g_main.obj
 0001:00045330       _RemoveTournamentLoser     20046330 f   g_main.obj
 0001:000453a0       _RemoveTournamentWinner    200463a0 f   g_main.obj
 0001:00045410       _AdjustTournamentScores    20046410 f   g_main.obj
 0001:00045510       _SortRanks                 20046510 f   g_main.obj
 0001:000456c0       _CalculateRanks            200466c0 f   g_main.obj
 0001:00045cf0       _SendScoreboardMessageToAllClients 20046cf0 f   g_main.obj
 0001:00045d70       _MoveClientToIntermission  20046d70 f   g_main.obj
 0001:00045f10       _FindIntermissionPoint     20046f10 f   g_main.obj
 0001:00046050       _BeginIntermission         20047050 f   g_main.obj
 0001:00046140       _ExitLevel                 20047140 f   g_main.obj
 0001:000462d0       _G_LogPrintf               200472d0 f   g_main.obj
 0001:00046440       _LogExit                   20047440 f   g_main.obj
 0001:000465c0       _CheckIntermissionExit     200475c0 f   g_main.obj
 0001:000467b0       _ScoreIsTied               200477b0 f   g_main.obj
 0001:00046850       _CheckExitRules            20047850 f   g_main.obj
 0001:00046b10       _CheckTournament           20047b10 f   g_main.obj
 0001:00046ea0       _CheckVote                 20047ea0 f   g_main.obj
 0001:00046fd0       _PrintTeam                 20047fd0 f   g_main.obj
 0001:00047050       _SetLeader                 20048050 f   g_main.obj
 0001:00047230       _CheckTeamLeader           20048230 f   g_main.obj
 0001:000473c0       _CheckTeamVote             200483c0 f   g_main.obj
 0001:00047570       _CheckCvars                20048570 f   g_main.obj
 0001:00047600       _G_RunThink                20048600 f   g_main.obj
 0001:00047710       _G_RunFrame                20048710 f   g_main.obj
 0001:00047a90       _G_Alloc                   20048a90 f   g_mem.obj
 0001:00047b40       _G_InitMemory              20048b40 f   g_mem.obj
 0001:00047b60       _Svcmd_GameMem_f           20048b60 f   g_mem.obj
 0001:00047ba0       _SP_info_camp              20048ba0 f   g_misc.obj
 0001:00047bd0       _SP_info_null              20048bd0 f   g_misc.obj
 0001:00047c00       _SP_info_notnull           20048c00 f   g_misc.obj
 0001:00047c30       _SP_light                  20048c30 f   g_misc.obj
 0001:00047c60       _TeleportPlayer            20048c60 f   g_misc.obj
 0001:00047f20       _TeleportEntity            20048f20 f   g_misc.obj
 0001:00048230       _SP_misc_teleporter_dest   20049230 f   g_misc.obj
 0001:00048250       _SP_misc_model             20049250 f   g_misc.obj
 0001:00048280       _locateCamera              20049280 f   g_misc.obj
 0001:00048460       _SP_misc_portal_surface    20049460 f   g_misc.obj
 0001:00048570       _SP_misc_portal_camera     20049570 f   g_misc.obj
 0001:00048640       _Use_Shooter               20049640 f   g_misc.obj
 0001:00048930       _InitShooter               20049930 f   g_misc.obj
 0001:00048ab0       _SP_shooter_rocket         20049ab0 f   g_misc.obj
 0001:00048ae0       _SP_shooter_plasma         20049ae0 f   g_misc.obj
 0001:00048b10       _SP_shooter_grenade        20049b10 f   g_misc.obj
 0001:00048b40       _G_BounceMissile           20049b40 f   g_missile.obj
 0001:00048de0       _G_ExplodeMissile          20049de0 f   g_missile.obj
 0001:00048fa0       _G_MissileImpact           20049fa0 f   g_missile.obj
 0001:00049630       _G_RunMissile              2004a630 f   g_missile.obj
 0001:000499f0       _fire_plasma               2004a9f0 f   g_missile.obj
 0001:00049c40       _fire_grenade              2004ac40 f   g_missile.obj
 0001:00049ea0       _fire_bfg                  2004aea0 f   g_missile.obj
 0001:0004a0f0       _fire_rocket               2004b0f0 f   g_missile.obj
 0001:0004a340       _fire_grapple              2004b340 f   g_missile.obj
 0001:0004a570       _G_TestEntityPosition      2004b570 f   g_mover.obj
 0001:0004a680       _G_CreateRotationMatrix    2004b680 f   g_mover.obj
 0001:0004a6d0       _G_TransposeMatrix         2004b6d0 f   g_mover.obj
 0001:0004a750       _G_RotatePoint             2004b750 f   g_mover.obj
 0001:0004a810       _G_TryPushingEntity        2004b810 f   g_mover.obj
 0001:0004aec0       _G_CheckProxMinePosition   2004bec0 f   g_mover.obj
 0001:0004afe0       _G_TryPushingProxMine      2004bfe0 f   g_mover.obj
 0001:0004b200       _G_MoverPush               2004c200 f   g_mover.obj
 0001:0004b970       _G_MoverTeam               2004c970 f   g_mover.obj
 0001:0004bc10       _G_RunMover                2004cc10 f   g_mover.obj
 0001:0004bc80       _SetMoverState             2004cc80 f   g_mover.obj
 0001:0004bf60       _MatchTeam                 2004cf60 f   g_mover.obj
 0001:0004bfb0       _ReturnToPos1              2004cfb0 f   g_mover.obj
 0001:0004c020       _Inv_WaitUnload            2004d020 f   g_mover.obj
 0001:0004c060       _Inv_Reverse               2004d060 f   g_mover.obj
 0001:0004c150       _Reached_BinaryMover       2004d150 f   g_mover.obj
 0001:0004c3c0       _Use_BinaryMover           2004d3c0 f   g_mover.obj
 0001:0004c800       _InitMover                 2004d800 f   g_mover.obj
 0001:0004cc00       _Blocked_Door              2004dc00 f   g_mover.obj
 0001:0004cd10       _Touch_DoorTrigger         2004dd10 f   g_mover.obj
 0001:0004cdf0       _Think_SpawnNewDoorTrigger 2004ddf0 f   g_mover.obj
 0001:0004d080       _Think_MatchTeam           2004e080 f   g_mover.obj
 0001:0004d0c0       _SP_func_door              2004e0c0 f   g_mover.obj
 0001:0004d510       _Touch_Plat                2004e510 f   g_mover.obj
 0001:0004d660       _Touch_PlatCenterTrigger   2004e660 f   g_mover.obj
 0001:0004d730       _SpawnPlatTrigger          2004e730 f   g_mover.obj
 0001:0004d960       _SP_func_plat              2004e960 f   g_mover.obj
 0001:0004dc00       _Touch_Button              2004ec00 f   g_mover.obj
 0001:0004dc50       _SP_func_button            2004ec50 f   g_mover.obj
 0001:0004df10       _Think_BeginMoving         2004ef10 f   g_mover.obj
 0001:0004df40       _Reached_Train             2004ef40 f   g_mover.obj
 0001:0004e1a0       _Think_SetupTrainTargets   2004f1a0 f   g_mover.obj
 0001:0004e340       _SP_path_corner            2004f340 f   g_mover.obj
 0001:0004e3a0       _SP_func_train             2004f3a0 f   g_mover.obj
 0001:0004e500       _SP_func_static            2004f500 f   g_mover.obj
 0001:0004e5b0       _SP_func_rotating          2004f5b0 f   g_mover.obj
 0001:0004e760       _SP_func_bobbing           2004f760 f   g_mover.obj
 0001:0004e920       _SP_func_pendulum          2004f920 f   g_mover.obj
 0001:0004eb20       _G_WriteClientSessionData  2004fb20 f   g_session.obj
 0001:0004ebe0       _G_ReadSessionData         2004fbe0 f   g_session.obj
 0001:0004ecf0       _G_InitSessionData         2004fcf0 f   g_session.obj
 0001:0004ee30       _G_InitWorldSession        2004fe30 f   g_session.obj
 0001:0004eeb0       _G_WriteSessionData        2004feb0 f   g_session.obj
 0001:0004ef60       _G_SpawnString             2004ff60 f   g_spawn.obj
 0001:0004f000       _G_SpawnFloat              20050000 f   g_spawn.obj
 0001:0004f050       _G_SpawnInt                20050050 f   g_spawn.obj
 0001:0004f0a0       _G_SpawnVector             200500a0 f   g_spawn.obj
 0001:0004f100       _SP_item_botroam           20050100 f   g_spawn.obj
 0001:0004f120       _G_CallSpawn               20050120 f   g_spawn.obj
 0001:0004f240       _G_NewString               20050240 f   g_spawn.obj
 0001:0004f330       _G_ParseField              20050330 f   g_spawn.obj
 0001:0004f500       _G_SpawnGEntityFromSpawnVars 20050500 f   g_spawn.obj
 0001:0004f770       _G_AddSpawnVarToken        20050770 f   g_spawn.obj
 0001:0004f810       _G_ParseSpawnVars          20050810 f   g_spawn.obj
 0001:0004f9c0       _SP_worldspawn             200509c0 f   g_spawn.obj
 0001:0004fbd0       _G_SpawnEntitiesFromString 20050bd0 f   g_spawn.obj
 0001:0004fc40       _G_FilterPacket            20050c40 f   g_svcmds.obj
 0001:0004fd80       _G_ProcessIPBans           20050d80 f   g_svcmds.obj
 0001:000502e0       _Svcmd_AddIP_f             200512e0 f   g_svcmds.obj
 0001:00050350       _Svcmd_RemoveIP_f          20051350 f   g_svcmds.obj
 0001:00050460       _Svcmd_EntityList_f        20051460 f   g_svcmds.obj
 0001:00050690       _ClientForString           20051690 f   g_svcmds.obj
 0001:000507e0       _Svcmd_ForceTeam_f         200517e0 f   g_svcmds.obj
 0001:00050890       _ConsoleCommand            20051890 f   g_svcmds.obj
 0001:00050b20       _dllEntry                  20051b20 f   g_syscalls.obj
 0001:00050b40       _PASSFLOAT                 20051b40 f   g_syscalls.obj
 0001:00050b60       _trap_Printf               20051b60 f   g_syscalls.obj
 0001:00050b90       _trap_Error                20051b90 f   g_syscalls.obj
 0001:00050bc0       _trap_Milliseconds         20051bc0 f   g_syscalls.obj
 0001:00050bf0       _trap_Argc                 20051bf0 f   g_syscalls.obj
 0001:00050c20       _trap_Argv                 20051c20 f   g_syscalls.obj
 0001:00050c50       _trap_FS_FOpenFile         20051c50 f   g_syscalls.obj
 0001:00050c80       _trap_FS_Read              20051c80 f   g_syscalls.obj
 0001:00050cb0       _trap_FS_Write             20051cb0 f   g_syscalls.obj
 0001:00050ce0       _trap_FS_FCloseFile        20051ce0 f   g_syscalls.obj
 0001:00050d10       _trap_FS_GetFileList       20051d10 f   g_syscalls.obj
 0001:00050d50       _trap_FS_Seek              20051d50 f   g_syscalls.obj
 0001:00050d80       _trap_SendConsoleCommand   20051d80 f   g_syscalls.obj
 0001:00050db0       _trap_Cvar_Register        20051db0 f   g_syscalls.obj
 0001:00050df0       _trap_Cvar_Update          20051df0 f   g_syscalls.obj
 0001:00050e20       _trap_Cvar_Set             20051e20 f   g_syscalls.obj
 0001:00050e50       _trap_Cvar_VariableIntegerValue 20051e50 f   g_syscalls.obj
 0001:00050e80       _trap_Cvar_VariableStringBuffer 20051e80 f   g_syscalls.obj
 0001:00050eb0       _trap_LocateGameData       20051eb0 f   g_syscalls.obj
 0001:00050ef0       _trap_DropClient           20051ef0 f   g_syscalls.obj
 0001:00050f20       _trap_SendServerCommand    20051f20 f   g_syscalls.obj
 0001:00050f50       _trap_SetConfigstring      20051f50 f   g_syscalls.obj
 0001:00050f80       _trap_GetConfigstring      20051f80 f   g_syscalls.obj
 0001:00050fb0       _trap_GetUserinfo          20051fb0 f   g_syscalls.obj
 0001:00050fe0       _trap_SetUserinfo          20051fe0 f   g_syscalls.obj
 0001:00051010       _trap_GetServerinfo        20052010 f   g_syscalls.obj
 0001:00051040       _trap_SetBrushModel        20052040 f   g_syscalls.obj
 0001:00051070       _trap_Trace                20052070 f   g_syscalls.obj
 0001:000510c0       _trap_TraceCapsule         200520c0 f   g_syscalls.obj
 0001:00051110       _trap_PointContents        20052110 f   g_syscalls.obj
 0001:00051140       _trap_InPVS                20052140 f   g_syscalls.obj
 0001:00051170       _trap_InPVSIgnorePortals   20052170 f   g_syscalls.obj
 0001:000511a0       _trap_AdjustAreaPortalState 200521a0 f   g_syscalls.obj
 0001:000511d0       _trap_AreasConnected       200521d0 f   g_syscalls.obj
 0001:00051200       _trap_LinkEntity           20052200 f   g_syscalls.obj
 0001:00051230       _trap_UnlinkEntity         20052230 f   g_syscalls.obj
 0001:00051260       _trap_EntitiesInBox        20052260 f   g_syscalls.obj
 0001:000512a0       _trap_EntityContact        200522a0 f   g_syscalls.obj
 0001:000512d0       _trap_EntityContactCapsule 200522d0 f   g_syscalls.obj
 0001:00051300       _trap_BotAllocateClient    20052300 f   g_syscalls.obj
 0001:00051330       _trap_BotFreeClient        20052330 f   g_syscalls.obj
 0001:00051360       _trap_GetUsercmd           20052360 f   g_syscalls.obj
 0001:00051390       _trap_GetEntityToken       20052390 f   g_syscalls.obj
 0001:000513c0       _trap_DebugPolygonCreate   200523c0 f   g_syscalls.obj
 0001:000513f0       _trap_DebugPolygonDelete   200523f0 f   g_syscalls.obj
 0001:00051420       _trap_RealTime             20052420 f   g_syscalls.obj
 0001:00051450       _trap_SnapVector           20052450 f   g_syscalls.obj
 0001:00051480       _trap_BotLibSetup          20052480 f   g_syscalls.obj
 0001:000514b0       _trap_BotLibShutdown       200524b0 f   g_syscalls.obj
 0001:000514e0       _trap_BotLibVarSet         200524e0 f   g_syscalls.obj
 0001:00051510       _trap_BotLibVarGet         20052510 f   g_syscalls.obj
 0001:00051550       _trap_BotLibDefine         20052550 f   g_syscalls.obj
 0001:00051580       _trap_BotLibStartFrame     20052580 f   g_syscalls.obj
 0001:000515c0       _trap_BotLibLoadMap        200525c0 f   g_syscalls.obj
 0001:000515f0       _trap_BotLibUpdateEntity   200525f0 f   g_syscalls.obj
 0001:00051620       _trap_BotLibTest           20052620 f   g_syscalls.obj
 0001:00051660       _trap_BotGetSnapshotEntity 20052660 f   g_syscalls.obj
 0001:00051690       _trap_BotGetServerCommand  20052690 f   g_syscalls.obj
 0001:000516d0       _trap_BotUserCommand       200526d0 f   g_syscalls.obj
 0001:00051700       _trap_AAS_EntityInfo       20052700 f   g_syscalls.obj
 0001:00051730       _trap_AAS_Initialized      20052730 f   g_syscalls.obj
 0001:00051760       _trap_AAS_PresenceTypeBoundingBox 20052760 f   g_syscalls.obj
 0001:000517a0       _trap_AAS_Time             200527a0 f   g_syscalls.obj
 0001:000517d0       _trap_AAS_PointAreaNum     200527d0 f   g_syscalls.obj
 0001:00051800       _trap_AAS_PointReachabilityAreaIndex 20052800 f   g_syscalls.obj
 0001:00051830       _trap_AAS_TraceAreas       20052830 f   g_syscalls.obj
 0001:00051870       _trap_AAS_BBoxAreas        20052870 f   g_syscalls.obj
 0001:000518b0       _trap_AAS_AreaInfo         200528b0 f   g_syscalls.obj
 0001:000518e0       _trap_AAS_PointContents    200528e0 f   g_syscalls.obj
 0001:00051910       _trap_AAS_NextBSPEntity    20052910 f   g_syscalls.obj
 0001:00051940       _trap_AAS_ValueForBSPEpairKey 20052940 f   g_syscalls.obj
 0001:00051980       _trap_AAS_VectorForBSPEpairKey 20052980 f   g_syscalls.obj
 0001:000519c0       _trap_AAS_FloatForBSPEpairKey 200529c0 f   g_syscalls.obj
 0001:00051a00       _trap_AAS_IntForBSPEpairKey 20052a00 f   g_syscalls.obj
 0001:00051a40       _trap_AAS_AreaReachability 20052a40 f   g_syscalls.obj
 0001:00051a70       _trap_AAS_AreaTravelTimeToGoalArea 20052a70 f   g_syscalls.obj
 0001:00051ab0       _trap_AAS_EnableRoutingArea 20052ab0 f   g_syscalls.obj
 0001:00051ae0       _trap_AAS_PredictRoute     20052ae0 f   g_syscalls.obj
 0001:00051b40       _trap_AAS_AlternativeRouteGoals 20052b40 f   g_syscalls.obj
 0001:00051b90       _trap_AAS_Swimming         20052b90 f   g_syscalls.obj
 0001:00051bc0       _trap_AAS_PredictClientMovement 20052bc0 f   g_syscalls.obj
 0001:00051c40       _trap_EA_Say               20052c40 f   g_syscalls.obj
 0001:00051c70       _trap_EA_SayTeam           20052c70 f   g_syscalls.obj
 0001:00051ca0       _trap_EA_Command           20052ca0 f   g_syscalls.obj
 0001:00051cd0       _trap_EA_Action            20052cd0 f   g_syscalls.obj
 0001:00051d00       _trap_EA_Gesture           20052d00 f   g_syscalls.obj
 0001:00051d30       _trap_EA_Talk              20052d30 f   g_syscalls.obj
 0001:00051d60       _trap_EA_Attack            20052d60 f   g_syscalls.obj
 0001:00051d90       _trap_EA_Use               20052d90 f   g_syscalls.obj
 0001:00051dc0       _trap_EA_Respawn           20052dc0 f   g_syscalls.obj
 0001:00051df0       _trap_EA_Crouch            20052df0 f   g_syscalls.obj
 0001:00051e20       _trap_EA_MoveUp            20052e20 f   g_syscalls.obj
 0001:00051e50       _trap_EA_MoveDown          20052e50 f   g_syscalls.obj
 0001:00051e80       _trap_EA_MoveForward       20052e80 f   g_syscalls.obj
 0001:00051eb0       _trap_EA_MoveBack          20052eb0 f   g_syscalls.obj
 0001:00051ee0       _trap_EA_MoveLeft          20052ee0 f   g_syscalls.obj
 0001:00051f10       _trap_EA_MoveRight         20052f10 f   g_syscalls.obj
 0001:00051f40       _trap_EA_SelectWeapon      20052f40 f   g_syscalls.obj
 0001:00051f70       _trap_EA_Jump              20052f70 f   g_syscalls.obj
 0001:00051fa0       _trap_EA_DelayedJump       20052fa0 f   g_syscalls.obj
 0001:00051fd0       _trap_EA_Move              20052fd0 f   g_syscalls.obj
 0001:00052010       _trap_EA_View              20053010 f   g_syscalls.obj
 0001:00052040       _trap_EA_EndRegular        20053040 f   g_syscalls.obj
 0001:00052080       _trap_EA_GetInput          20053080 f   g_syscalls.obj
 0001:000520c0       _trap_EA_ResetInput        200530c0 f   g_syscalls.obj
 0001:000520f0       _trap_BotLoadCharacter     200530f0 f   g_syscalls.obj
 0001:00052130       _trap_BotFreeCharacter     20053130 f   g_syscalls.obj
 0001:00052160       _trap_Characteristic_Float 20053160 f   g_syscalls.obj
 0001:000521a0       _trap_Characteristic_BFloat 200531a0 f   g_syscalls.obj
 0001:00052200       _trap_Characteristic_Integer 20053200 f   g_syscalls.obj
 0001:00052230       _trap_Characteristic_BInteger 20053230 f   g_syscalls.obj
 0001:00052270       _trap_Characteristic_String 20053270 f   g_syscalls.obj
 0001:000522b0       _trap_BotAllocChatState    200532b0 f   g_syscalls.obj
 0001:000522e0       _trap_BotFreeChatState     200532e0 f   g_syscalls.obj
 0001:00052310       _trap_BotQueueConsoleMessage 20053310 f   g_syscalls.obj
 0001:00052350       _trap_BotRemoveConsoleMessage 20053350 f   g_syscalls.obj
 0001:00052380       _trap_BotNextConsoleMessage 20053380 f   g_syscalls.obj
 0001:000523b0       _trap_BotNumConsoleMessages 200533b0 f   g_syscalls.obj
 0001:000523e0       _trap_BotInitialChat       200533e0 f   g_syscalls.obj
 0001:00052440       _trap_BotNumInitialChats   20053440 f   g_syscalls.obj
 0001:00052470       _trap_BotReplyChat         20053470 f   g_syscalls.obj
 0001:000524e0       _trap_BotChatLength        200534e0 f   g_syscalls.obj
 0001:00052510       _trap_BotEnterChat         20053510 f   g_syscalls.obj
 0001:00052550       _trap_BotGetChatMessage    20053550 f   g_syscalls.obj
 0001:00052590       _trap_StringContains       20053590 f   g_syscalls.obj
 0001:000525d0       _trap_BotFindMatch         200535d0 f   g_syscalls.obj
 0001:00052610       _trap_BotMatchVariable     20053610 f   g_syscalls.obj
 0001:00052650       _trap_UnifyWhiteSpaces     20053650 f   g_syscalls.obj
 0001:00052680       _trap_BotReplaceSynonyms   20053680 f   g_syscalls.obj
 0001:000526b0       _trap_BotLoadChatFile      200536b0 f   g_syscalls.obj
 0001:000526f0       _trap_BotSetChatGender     200536f0 f   g_syscalls.obj
 0001:00052720       _trap_BotSetChatName       20053720 f   g_syscalls.obj
 0001:00052760       _trap_BotResetGoalState    20053760 f   g_syscalls.obj
 0001:00052790       _trap_BotResetAvoidGoals   20053790 f   g_syscalls.obj
 0001:000527c0       _trap_BotRemoveFromAvoidGoals 200537c0 f   g_syscalls.obj
 0001:000527f0       _trap_BotPushGoal          200537f0 f   g_syscalls.obj
 0001:00052820       _trap_BotPopGoal           20053820 f   g_syscalls.obj
 0001:00052850       _trap_BotEmptyGoalStack    20053850 f   g_syscalls.obj
 0001:00052880       _trap_BotDumpAvoidGoals    20053880 f   g_syscalls.obj
 0001:000528b0       _trap_BotDumpGoalStack     200538b0 f   g_syscalls.obj
 0001:000528e0       _trap_BotGoalName          200538e0 f   g_syscalls.obj
 0001:00052920       _trap_BotGetTopGoal        20053920 f   g_syscalls.obj
 0001:00052950       _trap_BotGetSecondGoal     20053950 f   g_syscalls.obj
 0001:00052980       _trap_BotChooseLTGItem     20053980 f   g_syscalls.obj
 0001:000529c0       _trap_BotChooseNBGItem     200539c0 f   g_syscalls.obj
 0001:00052a10       _trap_BotTouchingGoal      20053a10 f   g_syscalls.obj
 0001:00052a40       _trap_BotItemGoalInVisButNotVisible 20053a40 f   g_syscalls.obj
 0001:00052a80       _trap_BotGetLevelItemGoal  20053a80 f   g_syscalls.obj
 0001:00052ac0       _trap_BotGetNextCampSpotGoal 20053ac0 f   g_syscalls.obj
 0001:00052af0       _trap_BotGetMapLocationGoal 20053af0 f   g_syscalls.obj
 0001:00052b20       _trap_BotAvoidGoalTime     20053b20 f   g_syscalls.obj
 0001:00052b60       _trap_BotSetAvoidGoalTime  20053b60 f   g_syscalls.obj
 0001:00052ba0       _trap_BotInitLevelItems    20053ba0 f   g_syscalls.obj
 0001:00052bd0       _trap_BotUpdateEntityItems 20053bd0 f   g_syscalls.obj
 0001:00052c00       _trap_BotLoadItemWeights   20053c00 f   g_syscalls.obj
 0001:00052c30       _trap_BotFreeItemWeights   20053c30 f   g_syscalls.obj
 0001:00052c60       _trap_BotInterbreedGoalFuzzyLogic 20053c60 f   g_syscalls.obj
 0001:00052ca0       _trap_BotSaveGoalFuzzyLogic 20053ca0 f   g_syscalls.obj
 0001:00052cd0       _trap_BotMutateGoalFuzzyLogic 20053cd0 f   g_syscalls.obj
 0001:00052d10       _trap_BotAllocGoalState    20053d10 f   g_syscalls.obj
 0001:00052d40       _trap_BotFreeGoalState     20053d40 f   g_syscalls.obj
 0001:00052d70       _trap_BotResetMoveState    20053d70 f   g_syscalls.obj
 0001:00052da0       _trap_BotAddAvoidSpot      20053da0 f   g_syscalls.obj
 0001:00052df0       _trap_BotMoveToGoal        20053df0 f   g_syscalls.obj
 0001:00052e30       _trap_BotMoveInDirection   20053e30 f   g_syscalls.obj
 0001:00052e80       _trap_BotResetAvoidReach   20053e80 f   g_syscalls.obj
 0001:00052eb0       _trap_BotResetLastAvoidReach 20053eb0 f   g_syscalls.obj
 0001:00052ee0       _trap_BotReachabilityArea  20053ee0 f   g_syscalls.obj
 0001:00052f10       _trap_BotMovementViewTarget 20053f10 f   g_syscalls.obj
 0001:00052f60       _trap_BotPredictVisiblePosition 20053f60 f   g_syscalls.obj
 0001:00052fa0       _trap_BotAllocMoveState    20053fa0 f   g_syscalls.obj
 0001:00052fd0       _trap_BotFreeMoveState     20053fd0 f   g_syscalls.obj
 0001:00053000       _trap_BotInitMoveState     20054000 f   g_syscalls.obj
 0001:00053030       _trap_BotChooseBestFightWeapon 20054030 f   g_syscalls.obj
 0001:00053060       _trap_BotGetWeaponInfo     20054060 f   g_syscalls.obj
 0001:000530a0       _trap_BotLoadWeaponWeights 200540a0 f   g_syscalls.obj
 0001:000530d0       _trap_BotAllocWeaponState  200540d0 f   g_syscalls.obj
 0001:00053100       _trap_BotFreeWeaponState   20054100 f   g_syscalls.obj
 0001:00053130       _trap_BotResetWeaponState  20054130 f   g_syscalls.obj
 0001:00053160       _trap_GeneticParentsAndChildSelection 20054160 f   g_syscalls.obj
 0001:000531a0       _trap_PC_LoadSource        200541a0 f   g_syscalls.obj
 0001:000531d0       _trap_PC_FreeSource        200541d0 f   g_syscalls.obj
 0001:00053200       _trap_PC_ReadToken         20054200 f   g_syscalls.obj
 0001:00053230       _trap_PC_SourceFileAndLine 20054230 f   g_syscalls.obj
 0001:00053270       _Use_Target_Give           20054270 f   g_target.obj
 0001:00053340       _SP_target_give            20054340 f   g_target.obj
 0001:00053370       _Use_target_remove_powerups 20054370 f   g_target.obj
 0001:00053430       _SP_target_remove_powerups 20054430 f   g_target.obj
 0001:00053460       _Think_Target_Delay        20054460 f   g_target.obj
 0001:00053490       _Use_Target_Delay          20054490 f   g_target.obj
 0001:00053540       _SP_target_delay           20054540 f   g_target.obj
 0001:000535e0       _Use_Target_Score          200545e0 f   g_target.obj
 0001:00053620       _SP_target_score           20054620 f   g_target.obj
 0001:00053670       _Use_Target_Print          20054670 f   g_target.obj
 0001:000537b0       _SP_target_print           200547b0 f   g_target.obj
 0001:000537e0       _Use_Target_Speaker        200547e0 f   g_target.obj
 0001:000538d0       _SP_target_speaker         200548d0 f   g_target.obj
 0001:00053b20       _target_laser_think        20054b20 f   g_target.obj
 0001:00053dd0       _target_laser_on           20054dd0 f   g_target.obj
 0001:00053e20       _target_laser_off          20054e20 f   g_target.obj
 0001:00053e60       _target_laser_use          20054e60 f   g_target.obj
 0001:00053ec0       _target_laser_start        20054ec0 f   g_target.obj
 0001:00054000       _SP_target_laser           20055000 f   g_target.obj
 0001:00054040       _target_teleporter_use     20055040 f   g_target.obj
 0001:000540c0       _SP_target_teleporter      200550c0 f   g_target.obj
 0001:00054130       _target_relay_use          20055130 f   g_target.obj
 0001:00054240       _SP_target_relay           20055240 f   g_target.obj
 0001:00054270       _target_kill_use           20055270 f   g_target.obj
 0001:000542b0       _SP_target_kill            200552b0 f   g_target.obj
 0001:000542e0       _SP_target_position        200552e0 f   g_target.obj
 0001:00054310       _SP_target_location        20055310 f   g_target.obj
 0001:000544a0       _Team_InitGame             200554a0 f   g_team.obj
 0001:00054520       _OtherTeam                 20055520 f   g_team.obj
 0001:00054560       _TeamName                  20055560 f   g_team.obj
 0001:000545b0       _OtherTeamName             200555b0 f   g_team.obj
 0001:00054600       _TeamColorString           20055600 f   g_team.obj
 0001:00054650       _PrintMsg                  20055650 f   g_team.obj
 0001:00054750       _AddTeamScore              20055750 f   g_team.obj
 0001:000548a0       _OnSameTeam                200558a0 f   g_team.obj
 0001:00054920       _Team_SetFlagStatus        20055920 f   g_team.obj
 0001:00054a30       _Team_CheckDroppedItem     20055a30 f   g_team.obj
 0001:00054ab0       _Team_ForceGesture         20055ab0 f   g_team.obj
 0001:00054b60       _Team_FragBonuses          20055b60 f   g_team.obj
 0001:00055720       _Team_CheckHurtCarrier     20056720 f   g_team.obj
 0001:00055840       _Team_ResetFlag            20056840 f   g_team.obj
 0001:00055930       _Team_ResetFlags           20056930 f   g_team.obj
 0001:00055970       _Team_ReturnFlagSound      20056970 f   g_team.obj
 0001:00055a00       _Team_TakeFlagSound        20056a00 f   g_team.obj
 0001:00055b20       _Team_CaptureFlagSound     20056b20 f   g_team.obj
 0001:00055bb0       _Team_ReturnFlag           20056bb0 f   g_team.obj
 0001:00055c30       _Team_FreeEntity           20056c30 f   g_team.obj
 0001:00055cb0       _Team_DroppedFlagThink     20056cb0 f   g_team.obj
 0001:00055d50       _Team_TouchOurFlag         20056d50 f   g_team.obj
 0001:00056340       _Team_TouchEnemyFlag       20057340 f   g_team.obj
 0001:00056420       _Pickup_Team               20057420 f   g_team.obj
 0001:00056500       _Team_GetLocation          20057500 f   g_team.obj
 0001:00056640       _Team_GetLocationMsg       20057640 f   g_team.obj
 0001:00056730       _SelectRandomTeamSpawnPoint 20057730 f   g_team.obj
 0001:00056880       _SelectCTFSpawnPoint       20057880 f   g_team.obj
 0001:00056950       _TeamplayInfoMessage       20057950 f   g_team.obj
 0001:00056d40       _CheckTeamStatus           20057d40 f   g_team.obj
 0001:00056f10       _SP_team_CTF_redplayer     20057f10 f   g_team.obj
 0001:00056f30       _SP_team_CTF_blueplayer    20057f30 f   g_team.obj
 0001:00056f50       _SP_team_CTF_redspawn      20057f50 f   g_team.obj
 0001:00056f70       _SP_team_CTF_bluespawn     20057f70 f   g_team.obj
 0001:00056f90       _InitTrigger               20057f90 f   g_trigger.obj
 0001:00057020       _multi_wait                20058020 f   g_trigger.obj
 0001:00057050       _multi_trigger             20058050 f   g_trigger.obj
 0001:00057260       _Use_Multi                 20058260 f   g_trigger.obj
 0001:00057290       _Touch_Multi               20058290 f   g_trigger.obj
 0001:000572d0       _SP_trigger_multiple       200582d0 f   g_trigger.obj
 0001:000573d0       _trigger_always_think      200583d0 f   g_trigger.obj
 0001:00057410       _SP_trigger_always         20058410 f   g_trigger.obj
 0001:00057450       _G_TouchJumpPad            20058450 f   g_trigger.obj
 0001:000575a0       _trigger_push_touch        200585a0 f   g_trigger.obj
 0001:00057610       _AimAtTarget               20058610 f   g_trigger.obj
 0001:000577f0       _SP_trigger_push           200587f0 f   g_trigger.obj
 0001:00057890       _Use_target_push           20058890 f   g_trigger.obj
 0001:000578b0       _SP_target_push            200588b0 f   g_trigger.obj
 0001:00057a60       _trigger_teleporter_touch  20058a60 f   g_trigger.obj
 0001:00057ba0       _SP_trigger_teleport       20058ba0 f   g_trigger.obj
 0001:00057c50       _hurt_use                  20058c50 f   g_trigger.obj
 0001:00057ca0       _hurt_touch                20058ca0 f   g_trigger.obj
 0001:00057dc0       _SP_trigger_hurt           20058dc0 f   g_trigger.obj
 0001:00057e90       _func_timer_think          20058e90 f   g_trigger.obj
 0001:00057f30       _func_timer_use            20058f30 f   g_trigger.obj
 0001:00057f90       _SP_func_timer             20058f90 f   g_trigger.obj
 0001:000580c0       _AddRemap                  200590c0 f   g_utils.obj
 0001:000581f0       _BuildShaderStateConfig    200591f0 f   g_utils.obj
 0001:000582f0       _G_FindConfigstringIndex   200592f0 f   g_utils.obj
 0001:000583e0       _G_ModelIndex              200593e0 f   g_utils.obj
 0001:00058410       _G_SoundIndex              20059410 f   g_utils.obj
 0001:00058450       _G_TeamCommand             20059450 f   g_utils.obj
 0001:000584f0       _G_Find                    200594f0 f   g_utils.obj
 0001:000585a0       _G_PickTarget              200595a0 f   g_utils.obj
 0001:00058680       _G_UseTargets              20059680 f   g_utils.obj
 0001:000587d0       _tv                        200597d0 f   g_utils.obj
 0001:00058840       _vtos                      20059840 f   g_utils.obj
 0001:000588d0       _G_SetMovedir              200598d0 f   g_utils.obj
 0001:00058a20       _vectoyaw                  20059a20 f   g_utils.obj
 0001:00058b20       _G_InitGentity             20059b20 f   g_utils.obj
 0001:00058b80       _G_Spawn                   20059b80 f   g_utils.obj
 0001:00058d50       _G_EntitiesFree            20059d50 f   g_utils.obj
 0001:00058dc0       _G_FreeEntity              20059dc0 f   g_utils.obj
 0001:00058e40       _G_TempEntity              20059e40 f   g_utils.obj
 0001:00058f30       _G_KillBox                 20059f30 f   g_utils.obj
 0001:000590d0       _G_AddPredictableEvent     2005a0d0 f   g_utils.obj
 0001:00059120       _G_AddEvent                2005a120 f   g_utils.obj
 0001:00059250       _G_Sound                   2005a250 f   g_utils.obj
 0001:00059290       _G_SetOrigin               2005a290 f   g_utils.obj
 0001:00059360       _DebugLine                 2005a360 f   g_utils.obj
 0001:00059650       _G_BounceProjectile        2005a650 f   g_weapon.obj
 0001:00059770       _Inv_CalcMuzzlePoint       2005a770 f   g_weapon.obj
 0001:00059910       _Weapon_Gauntlet           2005a910 f   g_weapon.obj
 0001:00059930       _CheckGauntletAttack       2005a930 f   g_weapon.obj
 0001:00059ca0       _SnapVectorTowards         2005aca0 f   g_weapon.obj
 0001:00059d50       _Bullet_Fire               2005ad50 f   g_weapon.obj
 0001:0005a0a0       _BFG_Fire                  2005b0a0 f   g_weapon.obj
 0001:0005a120       _ShotgunPellet             2005b120 f   g_weapon.obj
 0001:0005a270       _ShotgunPattern            2005b270 f   g_weapon.obj
 0001:0005a4e0       _weapon_supershotgun_fire  2005b4e0 f   g_weapon.obj
 0001:0005a600       _weapon_grenadelauncher_fire 2005b600 f   g_weapon.obj
 0001:0005a6b0       _Weapon_RocketLauncher_Fire 2005b6b0 f   g_weapon.obj
 0001:0005a730       _Weapon_Plasmagun_Fire     2005b730 f   g_weapon.obj
 0001:0005a7b0       _weapon_railgun_fire       2005b7b0 f   g_weapon.obj
 0001:0005ab10       _Weapon_GrapplingHook_Fire 2005bb10 f   g_weapon.obj
 0001:0005ab90       _Weapon_HookFree           2005bb90 f   g_weapon.obj
 0001:0005ac10       _Weapon_HookThink          2005bc10 f   g_weapon.obj
 0001:0005add0       _Weapon_LightningFire      2005bdd0 f   g_weapon.obj
 0001:0005b000       _LogAccuracyHit            2005c000 f   g_weapon.obj
 0001:0005b0a0       _CalcMuzzlePoint           2005c0a0 f   g_weapon.obj
 0001:0005b1b0       _CalcMuzzlePointOrigin     2005c1b0 f   g_weapon.obj
 0001:0005b310       _FireWeapon                2005c310 f   g_weapon.obj
 0001:0005b6e0       _Q_rand                    2005c6e0 f   q_math.obj
 0001:0005b720       _Q_random                  2005c720 f   q_math.obj
 0001:0005b760       _Q_crandom                 2005c760 f   q_math.obj
 0001:0005b790       _ClampChar                 2005c790 f   q_math.obj
 0001:0005b7c0       _ClampShort                2005c7c0 f   q_math.obj
 0001:0005b800       _DirToByte                 2005c800 f   q_math.obj
 0001:0005b8d0       _ByteToDir                 2005c8d0 f   q_math.obj
 0001:0005b970       _ColorBytes3               2005c970 f   q_math.obj
 0001:0005b9d0       _ColorBytes4               2005c9d0 f   q_math.obj
 0001:0005ba40       _NormalizeColor            2005ca40 f   q_math.obj
 0001:0005bb10       _PlaneFromPoints           2005cb10 f   q_math.obj
 0001:0005bca0       _RotatePointAroundVector   2005cca0 f   q_math.obj
 0001:0005bf50       _RotateAroundDirection     2005cf50 f   q_math.obj
 0001:0005c000       _vectoangles               2005d000 f   q_math.obj
 0001:0005c1d0       _AnglesToAxis              2005d1d0 f   q_math.obj
 0001:0005c240       _AxisClear                 2005d240 f   q_math.obj
 0001:0005c2d0       _AxisCopy                  2005d2d0 f   q_math.obj
 0001:0005c370       _ProjectPointOnPlane       2005d370 f   q_math.obj
 0001:0005c4f0       _MakeNormalVectors         2005d4f0 f   q_math.obj
 0001:0005c5e0       _VectorRotate              2005d5e0 f   q_math.obj
 0001:0005c6a0       _Q_rsqrt                   2005d6a0 f   q_math.obj
 0001:0005c710       _Q_fabs                    2005d710 f   q_math.obj
 0001:0005c740       _LerpAngle                 2005d740 f   q_math.obj
 0001:0005c7c0       _AngleSubtract             2005d7c0 f   q_math.obj
 0001:0005c830       _AnglesSubtract            2005d830 f   q_math.obj
 0001:0005c8b0       _AngleMod                  2005d8b0 f   q_math.obj
 0001:0005c8f0       _AngleNormalize360         2005d8f0 f   q_math.obj
 0001:0005c930       _AngleNormalize180         2005d930 f   q_math.obj
 0001:0005c980       _AngleDelta                2005d980 f   q_math.obj
 0001:0005c9b0       _SetPlaneSignbits          2005d9b0 f   q_math.obj
 0001:0005ca30       _BoxOnPlaneSide            2005da30 f   q_math.obj
 0001:0005cd00       _RadiusFromBounds          2005dd00 f   q_math.obj
 0001:0005ce20       _ClearBounds               2005de20 f   q_math.obj
 0001:0005ce80       _AddPointToBounds          2005de80 f   q_math.obj
 0001:0005cf80       _VectorNormalize           2005df80 f   q_math.obj
 0001:0005d040       _VectorNormalize2          2005e040 f   q_math.obj
 0001:0005d120       __VectorMA                 2005e120 f   q_math.obj
 0001:0005d180       __DotProduct               2005e180 f   q_math.obj
 0001:0005d1d0       __VectorSubtract           2005e1d0 f   q_math.obj
 0001:0005d230       __VectorAdd                2005e230 f   q_math.obj
 0001:0005d290       __VectorCopy               2005e290 f   q_math.obj
 0001:0005d2d0       __VectorScale              2005e2d0 f   q_math.obj
 0001:0005d320       _Vector4Scale              2005e320 f   q_math.obj
 0001:0005d380       _Q_log2                    2005e380 f   q_math.obj
 0001:0005d3c0       _MatrixMultiply            2005e3c0 f   q_math.obj
 0001:0005d5d0       _AngleVectors              2005e5d0 f   q_math.obj
 0001:0005d830       _PerpendicularVector       2005e830 f   q_math.obj
 0001:0005d920       _TransposeMatrix           2005e920 f   q_math.obj
 0001:0005d9a0       _Com_Clamp                 2005e9a0 f   q_shared.obj
 0001:0005d9f0       _COM_SkipPath              2005e9f0 f   q_shared.obj
 0001:0005da50       _COM_StripExtension        2005ea50 f   q_shared.obj
 0001:0005dab0       _COM_DefaultExtension      2005eab0 f   q_shared.obj
 0001:0005db60       _ShortSwap                 2005eb60 f   q_shared.obj
 0001:0005dbc0       _ShortNoSwap               2005ebc0 f   q_shared.obj
 0001:0005dbe0       _LongSwap                  2005ebe0 f   q_shared.obj
 0001:0005dc80       _LongNoSwap                2005ec80 f   q_shared.obj
 0001:0005dca0       _Long64Swap                2005eca0 f   q_shared.obj
 0001:0005dd00       _Long64NoSwap              2005ed00 f   q_shared.obj
 0001:0005dd20       _FloatSwap                 2005ed20 f   q_shared.obj
 0001:0005dd60       _FloatNoSwap               2005ed60 f   q_shared.obj
 0001:0005dd80       _COM_BeginParseSession     2005ed80 f   q_shared.obj
 0001:0005ddd0       _COM_GetCurrentParseLine   2005edd0 f   q_shared.obj
 0001:0005ddf0       _COM_Parse                 2005edf0 f   q_shared.obj
 0001:0005de20       _COM_ParseError            2005ee20 f   q_shared.obj
 0001:0005de90       _COM_ParseWarning          2005ee90 f   q_shared.obj
 0001:0005df00       _COM_Compress              2005ef00 f   q_shared.obj
 0001:0005e180       _COM_ParseExt              2005f180 f   q_shared.obj
 0001:0005e4b0       _COM_MatchToken            2005f4b0 f   q_shared.obj
 0001:0005e510       _SkipBracedSection         2005f510 f   q_shared.obj
 0001:0005e5a0       _SkipRestOfLine            2005f5a0 f   q_shared.obj
 0001:0005e610       _Parse1DMatrix             2005f610 f   q_shared.obj
 0001:0005e6a0       _Parse2DMatrix             2005f6a0 f   q_shared.obj
 0001:0005e730       _Parse3DMatrix             2005f730 f   q_shared.obj
 0001:0005e7d0       _Q_isprint                 2005f7d0 f   q_shared.obj
 0001:0005e800       _Q_islower                 2005f800 f   q_shared.obj
 0001:0005e830       _Q_isupper                 2005f830 f   q_shared.obj
 0001:0005e860       _Q_isalpha                 2005f860 f   q_shared.obj
 0001:0005e8a0       _Q_strrchr                 2005f8a0 f   q_shared.obj
 0001:0005e920       _Q_strncpyz                2005f920 f   q_shared.obj
 0001:0005e9b0       _Q_stricmpn                2005f9b0 f   q_shared.obj
 0001:0005eac0       _Q_strncmp                 2005fac0 f   q_shared.obj
 0001:0005eb50       _Q_stricmp                 2005fb50 f   q_shared.obj
 0001:0005eba0       _Q_strlwr                  2005fba0 f   q_shared.obj
 0001:0005ec00       _Q_strupr                  2005fc00 f   q_shared.obj
 0001:0005ec60       _Q_strcat                  2005fc60 f   q_shared.obj
 0001:0005ecd0       _Q_PrintStrlen             2005fcd0 f   q_shared.obj
 0001:0005ed70       _Q_CleanStr                2005fd70 f   q_shared.obj
 0001:0005ee30       _Com_sprintf               2005fe30 f   q_shared.obj
 0001:0005eee0       _va                        2005fee0 f   q_shared.obj
 0001:0005ef50       _Info_ValueForKey          2005ff50 f   q_shared.obj
 0001:0005f130       _Info_NextPair             20060130 f   q_shared.obj
 0001:0005f240       _Info_RemoveKey            20060240 f   q_shared.obj
 0001:0005f410       _Info_RemoveKey_Big        20060410 f   q_shared.obj
 0001:0005f5e0       _Info_Validate             200605e0 f   q_shared.obj
 0001:0005f640       _Info_SetValueForKey       20060640 f   q_shared.obj
 0001:0005f820       _Info_SetValueForKey_Big   20060820 f   q_shared.obj
 0001:0005f9f0       _CalcMuzzlePointStuff      200609f0 f   SPAAACE.obj
 0001:0005fb30       _Inv_CalcMuzzleStuff       20060b30 f   SPAAACE.obj
 0001:0005fb80       _CalcMuzzlePointOriginStuff 20060b80 f   SPAAACE.obj
 0001:0005fd10       _atol                      20060d10 f   LIBCMTD:atox.obj
 0001:0005fe10       _atoi                      20060e10 f   LIBCMTD:atox.obj
 0001:0005fe30       __atoi64                   20060e30 f   LIBCMTD:atox.obj
 0001:0005ff60       _strlen                    20060f60 f   LIBCMTD:strlen.obj
 0001:0005ffe0       _srand                     20060fe0 f   LIBCMTD:rand.obj
 0001:0005fff0       _rand                      20060ff0 f   LIBCMTD:rand.obj
 0001:00060030       __fpmath                   20061030 f   LIBCMTD:fpinit.obj
 0001:00060060       __fpclear                  20061060 f   LIBCMTD:fpinit.obj
 0001:00060070       __cfltcvt_init             20061070 f   LIBCMTD:fpinit.obj
 0001:000600c0       ___setfflag                200610c0 f   LIBCMTD:fpinit.obj
 0001:000600dc       __ftol                     200610dc f   LIBCMTD:ftol.obj
 0001:00060110       _strncpy                   20061110 f   LIBCMTD:strncpy.obj
 0001:00060210       _strcpy                    20061210 f   LIBCMTD:strcat.obj
 0001:00060220       _strcat                    20061220 f   LIBCMTD:strcat.obj
 0001:00060300       _memcpy                    20061300 f   LIBCMTD:memcpy.obj
 0001:00060640       _atof                      20061640 f   LIBCMTD:atof.obj
 0001:000606c0       _sscanf                    200616c0 f   LIBCMTD:sscanf.obj
 0001:00060780       __CIsqrt                   20061780 f   LIBCMTD:sqrt.obj
 0001:00060794       _sqrt                      20061794 f   LIBCMTD:sqrt.obj
 0001:00060840       _memset                    20061840 f   LIBCMTD:memset.obj
 0001:000608a0       __toupper                  200618a0 f   LIBCMTD:toupper.obj
 0001:000608b0       _toupper                   200618b0 f   LIBCMTD:toupper.obj
 0001:00060950       __toupper_lk               20061950 f   LIBCMTD:toupper.obj
 0001:00060a80       _memmove                   20061a80 f   LIBCMTD:memmove.obj
 0001:00060dc0       _strstr                    20061dc0 f   LIBCMTD:strstr.obj
 0001:00060e40       _fabs                      20061e40 f   LIBCMTD:fabs.obj
 0001:00060f40       _strcmp                    20061f40 f   LIBCMTD:strcmp.obj
 0001:00060fd0       _vsprintf                  20061fd0 f   LIBCMTD:vsprintf.obj
 0001:000610d0       _abs                       200620d0 f   LIBCMTD:abs.obj
 0001:00061110       _strchr                    20062110 f   LIBCMTD:strchr.obj
 0001:00061116       ___from_strstr_to_strchr   20062116 f   LIBCMTD:strchr.obj
 0001:000611d0       __CIsin                    200621d0 f   LIBCMTD:sin.obj
 0001:000611e4       _sin                       200621e4 f   LIBCMTD:sin.obj
 0001:00061280       __CIcos                    20062280 f   LIBCMTD:cos.obj
 0001:00061294       _cos                       20062294 f   LIBCMTD:cos.obj
 0001:00061330       __CIacos                   20062330 f   LIBCMTD:acos.obj
 0001:00061344       _acos                      20062344 f   LIBCMTD:acos.obj
 0001:00061400       __assert                   20062400 f   LIBCMTD:assert.obj
 0001:00061780       __chkstk                   20062780 f   LIBCMTD:chkstk.obj
 0001:00061780       __alloca_probe             20062780 f   LIBCMTD:chkstk.obj
 0001:000617b0       __tolower                  200627b0 f   LIBCMTD:tolower.obj
 0001:000617c0       _tolower                   200627c0 f   LIBCMTD:tolower.obj
 0001:00061860       __tolower_lk               20062860 f   LIBCMTD:tolower.obj
 0001:00061990       _ceil                      20062990 f   LIBCMTD:ceil.obj
 0001:00061ad0       _qsort                     20062ad0 f   LIBCMTD:qsort.obj
 0001:00061dd0       _atan2                     20062dd0 f   LIBCMTD:87ctriga.obj
 0001:00061dda       __CIatan2                  20062dda f   LIBCMTD:87ctriga.obj
 0001:00061df0       __CRT_INIT@12              20062df0 f   LIBCMTD:dllcrt0.obj
 0001:00061f30       __DllMainCRTStartup@12     20062f30 f   LIBCMTD:dllcrt0.obj
 0001:00062030       __amsg_exit                20063030 f   LIBCMTD:dllcrt0.obj
 0001:00062070       __isctype                  20063070 f   LIBCMTD:isctype.obj
 0001:00062130       __allmul                   20063130 f   LIBCMTD:llmul.obj
 0001:00062170       __mtinit                   20063170 f   LIBCMTD:tidtable.obj
 0001:00062200       __mtterm                   20063200 f   LIBCMTD:tidtable.obj
 0001:00062230       __initptd                  20063230 f   LIBCMTD:tidtable.obj
 0001:00062250       __getptd                   20063250 f   LIBCMTD:tidtable.obj
 0001:000622f0       __freeptd                  200632f0 f   LIBCMTD:tidtable.obj
 0001:00062400       ___threadid                20063400 f   LIBCMTD:tidtable.obj
 0001:00062410       ___threadhandle            20063410 f   LIBCMTD:tidtable.obj
 0001:00062420       __setdefaultprecision      20063420 f   LIBCMTD:fp8.obj
 0001:00062440       __ms_p5_test_fdiv          20063440 f   LIBCMTD:testfdiv.obj
 0001:000624a0       __ms_p5_mp_test_fdiv       200634a0 f   LIBCMTD:testfdiv.obj
 0001:000624f0       __forcdecpt                200634f0 f   LIBCMTD:cvt.obj
 0001:000625a0       __cropzeros                200635a0 f   LIBCMTD:cvt.obj
 0001:00062680       __positive                 20063680 f   LIBCMTD:cvt.obj
 0001:000626b0       __fassign                  200636b0 f   LIBCMTD:cvt.obj
[...]
 0003:00004300       __pow10neg                 200cc300     LIBCMTD:constpow.obj
 0003:0000445c       __timezone                 200cc45c     LIBCMTD:timeset.obj
 0003:00004460       __daylight                 200cc460     LIBCMTD:timeset.obj
 0003:00004464       __dstbias                  200cc464     LIBCMTD:timeset.obj
 0003:000044e8       __tzname                   200cc4e8     LIBCMTD:timeset.obj
 0003:0000450c       __lpdays                   200cc50c     LIBCMTD:days.obj
 0003:00004540       __days                     200cc540     LIBCMTD:days.obj
 0003:00004ca8       _pm                        200ccca8     <common>
 0003:00004cb0       _Gravity                   200cccb0     <common>
 0003:00004d18       _c_pmove                   200ccd18     bg_pmove.obj
 0003:00004d20       _WallWalk                  200ccd20     bg_pmove.obj
 0003:00004d24       _ceiling                   200ccd24     bg_pmove.obj
 0003:00006dc0       _pml                       200cedc0     <common>
 0003:00057dc0       _remapCount                2011fdc0     g_utils.obj
 0003:000581bc       _vec3_origin               201201bc     q_math.obj
 0003:00072ab4       ___fastflag                2013aab4     LIBCMTD:fpinit.obj
 0003:00072ab8       __adjust_fdiv              2013aab8     LIBCMTD:fpinit.obj
 0003:00072ac0       __aenvptr                  2013aac0     LIBCMTD:dllcrt0.obj
 0003:00072ac4       __wenvptr                  2013aac4     LIBCMTD:dllcrt0.obj
 0003:00072ac8       ___error_mode              2013aac8     LIBCMTD:dllcrt0.obj
 0003:00072acc       ___app_type                2013aacc     LIBCMTD:dllcrt0.obj
 0003:00072b44       ___lc_handle               2013ab44     LIBCMTD:nlsdata2.obj
 0003:00072b5c       ___lc_codepage             2013ab5c     LIBCMTD:nlsdata2.obj
 0003:00072b60       ___lc_collate_cp           2013ab60     LIBCMTD:nlsdata2.obj
 0003:00072b68       __umaskval                 2013ab68     LIBCMTD:crt0dat.obj
 0003:00072b6c       __osver                    2013ab6c     LIBCMTD:crt0dat.obj
 0003:00072b70       __winver                   2013ab70     LIBCMTD:crt0dat.obj
 0003:00072b74       __winmajor                 2013ab74     LIBCMTD:crt0dat.obj
 0003:00072b78       __winminor                 2013ab78     LIBCMTD:crt0dat.obj
 0003:00072b7c       ___argc                    2013ab7c     LIBCMTD:crt0dat.obj
 0003:00072b80       ___argv                    2013ab80     LIBCMTD:crt0dat.obj
 0003:00072b84       ___wargv                   2013ab84     LIBCMTD:crt0dat.obj
 0003:00072b88       __environ                  2013ab88     LIBCMTD:crt0dat.obj
 0003:00072b8c       ___initenv                 2013ab8c     LIBCMTD:crt0dat.obj
 0003:00072b90       __wenviron                 2013ab90     LIBCMTD:crt0dat.obj
 0003:00072b94       ___winitenv                2013ab94     LIBCMTD:crt0dat.obj
 0003:00072b98       __pgmptr                   2013ab98     LIBCMTD:crt0dat.obj
 0003:00072b9c       __wpgmptr                  2013ab9c     LIBCMTD:crt0dat.obj
 0003:00072ba0       __exitflag                 2013aba0     LIBCMTD:crt0dat.obj
 0003:00072ba4       __C_Termination_Done       2013aba4     LIBCMTD:crt0dat.obj
 0003:00072ba8       __C_Exit_Done              2013aba8     LIBCMTD:crt0dat.obj
 0003:00072bd0       __cflush                   2013abd0     LIBCMTD:_file.obj
 0003:00072cf0       __adbgmsg                  2013acf0     LIBCMTD:crt0msg.obj
 0003:00072cf8       ___lc_time_intl            2013acf8     LIBCMTD:inittime.obj
 0003:00072d14       ___lc_id                   2013ad14     LIBCMTD:nlsdata3.obj
 0003:00072d5c       __stdbuf                   2013ad5c     LIBCMTD:_sftbuf.obj
 0003:00072d64       __newmode                  2013ad64     LIBCMTD:_newmode.obj
 0003:00072d68       ?_pnhHeap@@3P6AHI@ZA       2013ad68     LIBCMTD:handler.obj
 0003:00072d78       ___lconv_static_null       2013ad78     LIBCMTD:lconv.obj
 0003:00072e60       _remappedShaders           2013ae60     <common>
 0003:00077d9c       _neutralObelisk            2013fd9c     <common>
 0003:00077dc0       _teamgame                  2013fdc0     <common>
 0003:00077de4       _pushed_p                  2013fde4     <common>
 0003:000797a0       _pushed                    201417a0     <common>
 0003:000817a0       _g_synchronousClients      201497a0     <common>
 0003:000ae640       _g_maxGameClients          20176640     <common>
 0003:000ae760       _g_fraglimit               20176760     <common>
 0003:000ae880       _g_gametype                20176880     <common>
 0003:000ae9a0       _g_password                201769a0     <common>
 0003:000aeac0       _g_dmflags                 20176ac0     <common>
 0003:000aebe0       _pmove_msec                20176be0     <common>
 0003:000aed00       _g_cheats                  20176d00     <common>
 0003:000aee20       _g_capturelimit            20176e20     <common>
 0003:000aef40       _g_weaponTeamRespawn       20176f40     <common>
 0003:000af060       _g_needpass                20177060     <common>
 0003:000af180       _g_speed                   20177180     <common>
 0003:000af2a0       _g_teamForceBalance        201772a0     <common>
 0003:000af3c0       _g_doWarmup                201773c0     <common>
 0003:000af4e0       _g_debugDamage             201774e0     <common>
 0003:000af600       _g_podiumDist              20177600     <common>
 0003:000af720       _g_banIPs                  20177720     <common>
 0003:000af840       _pmove_fixed               20177840     <common>
 0003:000af960       _g_rankings                20177960     <common>
 0003:000afa80       _g_knockback               20177a80     <common>
 0003:000afba0       _g_clients                 20177ba0     <common>
 0003:000bbda0       _g_maxclients              20183da0     <common>
 0003:000bbec0       _g_podiumDrop              20183ec0     <common>
 0003:000bbfe0       _g_timelimit               20183fe0     <common>
 0003:000bc100       _g_filterBan               20184100     <common>
 0003:000bc220       _g_smoothClients           20184220     <common>
 0003:000bc340       _g_debugAlloc              20184340     <common>
 0003:000bc460       _g_inactivity              20184460     <common>
 0003:000bc580       _level                     20184580     <common>
 0003:000be980       _g_restarted               20186980     <common>
 0003:000beaa0       _g_teamAutoJoin            20186aa0     <common>
 0003:000bebc0       _g_blood                   20186bc0     <common>
 0003:000bece0       _g_gravity                 20186ce0     <common>
 0003:000bee00       _g_listEntity              20186e00     <common>
 0003:000bef20       _g_allowVote               20186f20     <common>
 0003:000bf040       _g_entities                20187040     <common>
 0003:0018e040       _g_log                     20256040     <common>
 0003:0018e160       _g_friendlyFire            20256160     <common>
 0003:0018e280       _g_weaponRespawn           20256280     <common>
 0003:0018e3a0       _g_debugMove               202563a0     <common>
 0003:0018e4c0       _g_motd                    202564c0     <common>
 0003:0018e5e0       _g_forcerespawn            202565e0     <common>
 0003:0018e700       _g_warmup                  20256700     <common>
 0003:0018e820       _g_logSync                 20256820     <common>
 0003:0018e940       _g_quadfactor              20256940     <common>
 0003:0018ea60       _g_dedicated               20256a60     <common>
 0003:0018eb80       _itemRegistered            20256b80     <common>
 0003:0018f060       _bot_minplayers            20257060     <common>
 0003:0018f1b0       _g_numArenas               202571b0     <common>
 0003:0018f1b4       _podium2                   202571b4     <common>
 0003:0018f1c4       _podium3                   202571c4     <common>
 0003:0018f1c8       _podium1                   202571c8     <common>
 0003:0018f2c0       _ctftaskpreferences        202572c0     <common>
 0003:0018fee0       _bot_interbreedcycle       20257ee0     <common>
 0003:001902bc       _numbots                   202582bc     <common>
 0003:001902c0       _bot_testsolid             202582c0     <common>
 0003:001903e0       _bot_interbreedwrite       202583e0     <common>
 0003:00190500       _bot_developer             20258500     <common>
 0003:00190620       _bot_testclusters          20258620     <common>
 0003:00190730       _bot_interbreedmatchcount  20258730     <common>
 0003:00190740       _bot_saveroutingcache      20258740     <common>
 0003:00190860       _bot_thinktime             20258860     <common>
 0003:00190980       _botstates                 20258980     <common>
 0003:00190a80       _regularupdate_time        20258a80     <common>
 0003:00190a84       _bot_interbreed            20258a84     <common>
 0003:00190a88       _floattime                 20258a88     <common>
 0003:00190aa0       _bot_pause                 20258aa0     <common>
 0003:00190bc0       _bot_interbreedbots        20258bc0     <common>
 0003:00190ce0       _bot_memorydump            20258ce0     <common>
 0003:00190e00       _bot_report                20258e00     <common>
 0003:00190f20       _bot_interbreedchar        20258f20     <common>
 0003:00191030       _lastteleport_origin       20259030     <common>
 0003:00191d60       _ctf_blueflag              20259d60     <common>
 0003:00191da0       _g_spSkill                 20259da0     <common>
 0003:00191ec0       _bot_testrchat             20259ec0     <common>
 0003:00191fd0       _gametype                  20259fd0     <common>
 0003:00191fe0       _bot_nochat                20259fe0     <common>
 0003:001920f0       _max_bspmodelindex         2025a0f0     <common>
 0003:00192100       _bot_fastchat              2025a100     <common>
 0003:00192220       _bot_rocketjump            2025a220     <common>
 0003:00192340       _bot_predictobstacles      2025a340     <common>
 0003:00192460       _bot_challenge             2025a460     <common>
 0003:00192570       _red_numaltroutegoals      2025a570     <common>
 0003:00192580       _ctf_redflag               2025a580     <common>
 0003:001925b8       _botai_freewaypoints       2025a5b8     <common>
 0003:001925bc       _altroutegoals_setup       2025a5bc     <common>
 0003:001925c0       _lastteleport_time         2025a5c0     <common>
 0003:001925e0       _blue_altroutegoals        2025a5e0     <common>
 0003:001928e0       _blue_numaltroutegoals     2025a8e0     <common>
 0003:00192900       _botai_waypoints           2025a900     <common>
 0003:00195b00       _bot_grapple               2025db00     <common>
 0003:00195c20       _red_altroutegoals         2025dc20     <common>
 0003:00195f20       _maxclients                2025df20     <common>
 0003:00195f24       _numnodeswitches           2025df24     <common>
 0003:00196500       _nodeswitch                2025e500     <common>
 0003:001981c0       _notleader                 202601c0     <common>
 0003:001982fc       ___alternate_form          202602fc     <common>
 0003:0019830c       ___no_lead_zeros           2026030c     <common>
 0003:00198310       ___mbcodepage              20260310     <common>
 0003:00198390       ___mbulinfo                20260390     <common>
 0003:0019839c       ___ismbcodepage            2026039c     <common>
 0003:001983a0       __mbcasemap                202603a0     <common>
 0003:001984a0       __mbctype                  202604a0     <common>
 0003:001985a4       ___mblcid                  202605a4     <common>
 0003:001985a8       ___sbh_sizeHeaderList      202605a8     <common>
 0003:001985b8       ___sbh_indGroupDefer       202605b8     <common>
 0003:001985bc       ___sbh_pHeaderScan         202605bc     <common>
 0003:001985c0       ___sbh_pHeaderDefer        202605c0     <common>
 0003:001985c4       ___sbh_cntHeaderList       202605c4     <common>
 0003:001985c8       ___sbh_pHeaderList         202605c8     <common>
 0003:001985cc       __crtheap                  202605cc     <common>
 0003:001985d8       __pfnDumpClient            202605d8     <common>
 0003:00198600       ___pioinfo                 20260600     <common>
 0003:0019873c       __nhandle                  2026073c     <common>
 0003:00198740       ___piob                    20260740     <common>
 0003:00198a80       __bufin                    20260a80     <common>
 0003:00199a80       __nstream                  20261a80     <common>
 0003:00199a84       ___env_initialized         20261a84     <common>
 0003:00199a94       ___mbctype_initialized     20261a94     <common>
 0003:00199a98       ___onexitend               20261a98     <common>
 0003:00199a9c       ___onexitbegin             20261a9c     <common>
 0003:00199aa0       ___setlc_active            20261aa0     <common>
 0003:00199ab0       ___unguarded_readlc_active 20261ab0     <common>
 0003:00199ab4       __pfnReportHook            20261ab4     <common>
 0003:00199ac0       __acmdln                   20261ac0     <common>
 0003:00199ad0       __pRawDllMain              20261ad0     <common>
 0004:00000000       __IMPORT_DESCRIPTOR_KERNEL32 20262000     kernel32:KERNEL32.dll
 0004:00000014       __NULL_IMPORT_DESCRIPTOR   20262014     kernel32:KERNEL32.dll
 0004:000001bc       __imp__InterlockedDecrement@4 202621bc     kernel32:KERNEL32.dll
 0004:000001c0       __imp__InterlockedIncrement@4 202621c0     kernel32:KERNEL32.dll
 0004:000001c4       __imp__GetModuleFileNameA@12 202621c4     kernel32:KERNEL32.dll
 0004:000001c8       __imp__GetCommandLineA@0   202621c8     kernel32:KERNEL32.dll
 0004:000001cc       __imp__GetVersion@0        202621cc     kernel32:KERNEL32.dll
 0004:000001d0       __imp__GetCurrentThreadId@0 202621d0     kernel32:KERNEL32.dll
 0004:000001d4       __imp__TlsSetValue@8       202621d4     kernel32:KERNEL32.dll
 0004:000001d8       __imp__TlsAlloc@0          202621d8     kernel32:KERNEL32.dll
 0004:000001dc       __imp__TlsFree@4           202621dc     kernel32:KERNEL32.dll
 0004:000001e0       __imp__SetLastError@4      202621e0     kernel32:KERNEL32.dll
 0004:000001e4       __imp__TlsGetValue@4       202621e4     kernel32:KERNEL32.dll
 0004:000001e8       __imp__GetLastError@0      202621e8     kernel32:KERNEL32.dll
 0004:000001ec       __imp__GetCurrentThread@0  202621ec     kernel32:KERNEL32.dll
 0004:000001f0       __imp__GetProcAddress@8    202621f0     kernel32:KERNEL32.dll
 0004:000001f4       __imp__GetModuleHandleA@4  202621f4     kernel32:KERNEL32.dll
 0004:000001f8       __imp__DebugBreak@0        202621f8     kernel32:KERNEL32.dll
 0004:000001fc       __imp__GetStdHandle@4      202621fc     kernel32:KERNEL32.dll
 0004:00000200       __imp__WriteFile@20        20262200     kernel32:KERNEL32.dll
 0004:00000204       __imp__OutputDebugStringA@4 20262204     kernel32:KERNEL32.dll
 0004:00000208       __imp__LoadLibraryA@4      20262208     kernel32:KERNEL32.dll
 0004:0000020c       __imp__InitializeCriticalSection@4 2026220c     kernel32:KERNEL32.dll
 0004:00000210       __imp__DeleteCriticalSection@4 20262210     kernel32:KERNEL32.dll
 0004:00000214       __imp__EnterCriticalSection@4 20262214     kernel32:KERNEL32.dll
 0004:00000218       __imp__LeaveCriticalSection@4 20262218     kernel32:KERNEL32.dll
 0004:0000021c       __imp__ExitProcess@4       2026221c     kernel32:KERNEL32.dll
 0004:00000220       __imp__FatalAppExitA@8     20262220     kernel32:KERNEL32.dll
 0004:00000224       __imp__Sleep@4             20262224     kernel32:KERNEL32.dll
 0004:00000228       __imp__WideCharToMultiByte@32 20262228     kernel32:KERNEL32.dll
 0004:0000022c       __imp__MultiByteToWideChar@24 2026222c     kernel32:KERNEL32.dll
 0004:00000230       __imp__LCMapStringA@24     20262230     kernel32:KERNEL32.dll
 0004:00000234       __imp__LCMapStringW@24     20262234     kernel32:KERNEL32.dll
 0004:00000238       __imp__RaiseException@16   20262238     kernel32:KERNEL32.dll
 0004:0000023c       __imp__TerminateProcess@8  2026223c     kernel32:KERNEL32.dll
 0004:00000240       __imp__GetCurrentProcess@0 20262240     kernel32:KERNEL32.dll
 0004:00000244       __imp__SetConsoleCtrlHandler@8 20262244     kernel32:KERNEL32.dll
 0004:00000248       __imp__SetHandleCount@4    20262248     kernel32:KERNEL32.dll
 0004:0000024c       __imp__GetFileType@4       2026224c     kernel32:KERNEL32.dll
 0004:00000250       __imp__GetStartupInfoA@4   20262250     kernel32:KERNEL32.dll
 0004:00000254       __imp__IsBadWritePtr@8     20262254     kernel32:KERNEL32.dll
 0004:00000258       __imp__IsBadReadPtr@8      20262258     kernel32:KERNEL32.dll
 0004:0000025c       __imp__HeapValidate@12     2026225c     kernel32:KERNEL32.dll
 0004:00000260       __imp__FreeEnvironmentStringsA@4 20262260     kernel32:KERNEL32.dll
 0004:00000264       __imp__FreeEnvironmentStringsW@4 20262264     kernel32:KERNEL32.dll
 0004:00000268       __imp__GetEnvironmentStrings@0 20262268     kernel32:KERNEL32.dll
 0004:0000026c       __imp__GetEnvironmentStringsW@0 2026226c     kernel32:KERNEL32.dll
 0004:00000270       __imp__HeapDestroy@4       20262270     kernel32:KERNEL32.dll
 0004:00000274       __imp__HeapCreate@12       20262274     kernel32:KERNEL32.dll
 0004:00000278       __imp__HeapFree@12         20262278     kernel32:KERNEL32.dll
 0004:0000027c       __imp__VirtualFree@12      2026227c     kernel32:KERNEL32.dll
 0004:00000280       __imp__GetStringTypeA@20   20262280     kernel32:KERNEL32.dll
 0004:00000284       __imp__GetStringTypeW@16   20262284     kernel32:KERNEL32.dll
 0004:00000288       __imp__UnhandledExceptionFilter@4 20262288     kernel32:KERNEL32.dll
 0004:0000028c       __imp__GetCPInfo@8         2026228c     kernel32:KERNEL32.dll
 0004:00000290       __imp__IsValidLocale@8     20262290     kernel32:KERNEL32.dll
 0004:00000294       __imp__IsValidCodePage@4   20262294     kernel32:KERNEL32.dll
 0004:00000298       __imp__GetLocaleInfoA@16   20262298     kernel32:KERNEL32.dll
 0004:0000029c       __imp__EnumSystemLocalesA@8 2026229c     kernel32:KERNEL32.dll
 0004:000002a0       __imp__GetUserDefaultLCID@0 202622a0     kernel32:KERNEL32.dll
 0004:000002a4       __imp__GetVersionExA@4     202622a4     kernel32:KERNEL32.dll
 0004:000002a8       __imp__RtlUnwind@16        202622a8     kernel32:KERNEL32.dll
 0004:000002ac       __imp__SetFilePointer@16   202622ac     kernel32:KERNEL32.dll
 0004:000002b0       __imp__FlushFileBuffers@4  202622b0     kernel32:KERNEL32.dll
 0004:000002b4       __imp__HeapAlloc@12        202622b4     kernel32:KERNEL32.dll
 0004:000002b8       __imp__HeapReAlloc@16      202622b8     kernel32:KERNEL32.dll
 0004:000002bc       __imp__VirtualAlloc@16     202622bc     kernel32:KERNEL32.dll
 0004:000002c0       __imp__GetACP@0            202622c0     kernel32:KERNEL32.dll
 0004:000002c4       __imp__GetOEMCP@0          202622c4     kernel32:KERNEL32.dll
 0004:000002c8       __imp__ReadFile@20         202622c8     kernel32:KERNEL32.dll
 0004:000002cc       __imp__SetStdHandle@8      202622cc     kernel32:KERNEL32.dll
 0004:000002d0       __imp__GetTimeZoneInformation@4 202622d0     kernel32:KERNEL32.dll
 0004:000002d4       __imp__GetLocaleInfoW@16   202622d4     kernel32:KERNEL32.dll
 0004:000002d8       __imp__CloseHandle@4       202622d8     kernel32:KERNEL32.dll
 0004:000002dc       __imp__CompareStringA@24   202622dc     kernel32:KERNEL32.dll
 0004:000002e0       __imp__CompareStringW@24   202622e0     kernel32:KERNEL32.dll
 0004:000002e4       __imp__SetEnvironmentVariableA@8 202622e4     kernel32:KERNEL32.dll
 0004:000002e8       \177KERNEL32_NULL_THUNK_DATA 202622e8     kernel32:KERNEL32.dll

 entry point at        0001:00061f30

