 qagamex86

 Timestamp is 47dab41e (Fri Mar 14 13:21:34 2008)

 Preferred load address is 20000000

 Start         Length     Name                   Class
 0001:00000000 00080eecH .text                   CODE
 0001:00080eec 0003bb04H .textbss                CODE
 0002:00000000 00009c36H .rdata                  DATA
 0002:00009c40 0000016cH .edata                  DATA
 0003:00000000 00000104H .CRT$XCA                DATA
 0003:00000104 00000104H .CRT$XCZ                DATA
 0003:00000208 00000104H .CRT$XIA                DATA
 0003:0000030c 00000109H .CRT$XIC                DATA
 0003:00000418 00000104H .CRT$XIZ                DATA
 0003:0000051c 00000104H .CRT$XPA                DATA
 0003:00000620 00000104H .CRT$XPX                DATA
 0003:00000724 00000104H .CRT$XPZ                DATA
 0003:00000828 00000104H .CRT$XTA                DATA
 0003:0000092c 00000104H .CRT$XTZ                DATA
 0003:00000a30 0000417bH .data                   DATA
 0003:00004bb0 00194f24H .bss                    DATA
 0004:00000000 00000014H .idata$2                DATA
 0004:00000014 00000014H .idata$3                DATA
 0004:00000028 00000194H .idata$4                DATA
 0004:000001bc 00000194H .idata$5                DATA
 0004:00000350 000006d5H .idata$6                DATA

  Address         Publics by Value              Rva+Base     Lib:Object

 0001:00002620       _BotNumActivePlayers       20003620 f   ai_chat.obj
 0001:00002750       _BotIsFirstInRankings      20003750 f   ai_chat.obj
 0001:000028a0       _BotIsLastInRankings       200038a0 f   ai_chat.obj
 0001:000029f0       _BotFirstClientInRankings  200039f0 f   ai_chat.obj
 0001:00002b70       _BotLastClientInRankings   20003b70 f   ai_chat.obj
 0001:00002cf0       _BotRandomOpponentName     20003cf0 f   ai_chat.obj
 0001:00002f30       _BotMapTitle               20003f30 f   ai_chat.obj
 0001:00002fa0       _BotWeaponNameForMeansOfDeath 20003fa0 f   ai_chat.obj
 0001:000030a0       _BotRandomWeaponName       200040a0 f   ai_chat.obj
 0001:00003170       _BotVisibleEnemies         20004170 f   ai_chat.obj
 0001:000032c0       _BotValidChatPosition      200042c0 f   ai_chat.obj
 0001:000034f0       _BotChat_EnterGame         200044f0 f   ai_chat.obj
 0001:00003680       _BotChat_ExitGame          20004680 f   ai_chat.obj
 0001:000037f0       _BotChat_StartLevel        200047f0 f   ai_chat.obj
 0001:00003970       _BotChat_EndLevel          20004970 f   ai_chat.obj
 0001:00003c20       _BotChat_Death             20004c20 f   ai_chat.obj
 0001:000041d0       _BotChat_Kill              200051d0 f   ai_chat.obj
 0001:00004500       _BotChat_EnemySuicide      20005500 f   ai_chat.obj
 0001:000046c0       _BotChat_HitTalking        200056c0 f   ai_chat.obj
 0001:000048f0       _BotChat_HitNoDeath        200058f0 f   ai_chat.obj
 0001:00004b60       _BotChat_HitNoKill         20005b60 f   ai_chat.obj
 0001:00004d80       _BotChat_Random            20005d80 f   ai_chat.obj
 0001:000050f0       _BotChatTime               200060f0 f   ai_chat.obj
 0001:00005140       _BotChatTest               20006140 f   ai_chat.obj
 0001:000061f0       _BotPrintTeamGoal          200071f0 f   ai_cmd.obj
 0001:000064a0       _BotGetItemTeamGoal        200074a0 f   ai_cmd.obj
 0001:00006520       _BotGetMessageTeamGoal     20007520 f   ai_cmd.obj
 0001:000065b0       _BotGetTime                200075b0 f   ai_cmd.obj
 0001:00006730       _FindClientByName          20007730 f   ai_cmd.obj
 0001:00006850       _FindEnemyByName           20007850 f   ai_cmd.obj
 0001:000069b0       _NumPlayersOnSameTeam      200079b0 f   ai_cmd.obj
 0001:00006a90       _BotGetPatrolWaypoints     20007a90 f   ai_cmd.obj
 0001:00006df0       _BotAddressedToBot         20007df0 f   ai_cmd.obj
 0001:00007120       _BotGPSToPosition          20008120 f   ai_cmd.obj
 0001:00007270       _BotMatch_HelpAccompany    20008270 f   ai_cmd.obj
 0001:00007830       _BotMatch_DefendKeyArea    20008830 f   ai_cmd.obj
 0001:00007a10       _BotMatch_GetItem          20008a10 f   ai_cmd.obj
 0001:00007ba0       _BotMatch_Camp             20008ba0 f   ai_cmd.obj
 0001:00008070       _BotMatch_Patrol           20009070 f   ai_cmd.obj
 0001:00008210       _BotMatch_GetFlag          20009210 f   ai_cmd.obj
 0001:000083b0       _BotMatch_AttackEnemyBase  200093b0 f   ai_cmd.obj
 0001:00008520       _BotMatch_RushBase         20009520 f   ai_cmd.obj
 0001:00008690       _BotMatch_TaskPreference   20009690 f   ai_cmd.obj
 0001:000088b0       _BotMatch_ReturnFlag       200098b0 f   ai_cmd.obj
 0001:00008a00       _BotMatch_JoinSubteam      20009a00 f   ai_cmd.obj
 0001:00008b20       _BotMatch_LeaveSubteam     20009b20 f   ai_cmd.obj
 0001:00008c20       _BotMatch_WhichTeam        20009c20 f   ai_cmd.obj
 0001:00008ce0       _BotMatch_CheckPoint       20009ce0 f   ai_cmd.obj
 0001:00009050       _BotMatch_FormationSpace   2000a050 f   ai_cmd.obj
 0001:00009170       _BotMatch_Dismiss          2000a170 f   ai_cmd.obj
 0001:00009270       _BotMatch_Suicide          2000a270 f   ai_cmd.obj
 0001:00009340       _BotMatch_StartTeamLeaderShip 2000a340 f   ai_cmd.obj
 0001:00009430       _BotMatch_StopTeamLeaderShip 2000a430 f   ai_cmd.obj
 0001:00009540       _BotMatch_WhoIsTeamLeader  2000a540 f   ai_cmd.obj
 0001:000095d0       _BotMatch_WhatAreYouDoing  2000a5d0 f   ai_cmd.obj
 0001:00009900       _BotMatch_WhatIsMyCommand  2000a900 f   ai_cmd.obj
 0001:00009960       _BotNearestVisibleItem     2000a960 f   ai_cmd.obj
 0001:00009b30       _BotMatch_WhereAreYou      2000ab30 f   ai_cmd.obj
 0001:00009ec0       _BotMatch_LeadTheWay       2000aec0 f   ai_cmd.obj
 0001:0000a260       _BotMatch_Kill             2000b260 f   ai_cmd.obj
 0001:0000a410       _BotMatch_CTF              2000b410 f   ai_cmd.obj
 0001:0000a640       _BotMatch_EnterGame        2000b640 f   ai_cmd.obj
 0001:0000a6a0       _BotMatch_NewLeader        2000b6a0 f   ai_cmd.obj
 0001:0000a720       _BotMatchMessage           2000b720 f   ai_cmd.obj
 0001:0000abf0       _BotResetNodeSwitches      2000bbf0 f   ai_dmnet.obj
 0001:0000ac10       _BotDumpNodeSwitches       2000bc10 f   ai_dmnet.obj
 0001:0000acc0       _BotRecordNodeSwitch       2000bcc0 f   ai_dmnet.obj
 0001:0000ad80       _BotGetAirGoal             2000bd80 f   ai_dmnet.obj
 0001:0000af90       _BotGoForAir               2000bf90 f   ai_dmnet.obj
 0001:0000b0c0       _BotNearbyGoal             2000c0c0 f   ai_dmnet.obj
 0001:0000b1b0       _BotReachedGoal            2000c1b0 f   ai_dmnet.obj
 0001:0000b3e0       _BotGetItemLongTermGoal    2000c3e0 f   ai_dmnet.obj
 0001:0000b540       _BotGetLongTermGoal        2000c540 f   ai_dmnet.obj
 0001:0000daf0       _BotLongTermGoal           2000eaf0 f   ai_dmnet.obj
 0001:0000e140       _AIEnter_Intermission      2000f140 f   ai_dmnet.obj
 0001:0000e1d0       _AINode_Intermission       2000f1d0 f   ai_dmnet.obj
 0001:0000e270       _AIEnter_Observer          2000f270 f   ai_dmnet.obj
 0001:0000e2d0       _AINode_Observer           2000f2d0 f   ai_dmnet.obj
 0001:0000e320       _AIEnter_Stand             2000f320 f   ai_dmnet.obj
 0001:0000e380       _AINode_Stand              2000f380 f   ai_dmnet.obj
 0001:0000e4f0       _AIEnter_Respawn           2000f4f0 f   ai_dmnet.obj
 0001:0000e640       _AINode_Respawn            2000f640 f   ai_dmnet.obj
 0001:0000e790       _BotSelectActivateWeapon   2000f790 f   ai_dmnet.obj
 0001:0000e8c0       _BotClearPath              2000f8c0 f   ai_dmnet.obj
 0001:0000ee50       _AIEnter_Seek_ActivateEntity 2000fe50 f   ai_dmnet.obj
 0001:0000eea0       _AINode_Seek_ActivateEntity 2000fea0 f   ai_dmnet.obj
 0001:0000f8b0       _AIEnter_Seek_NBG          200108b0 f   ai_dmnet.obj
 0001:0000f960       _AINode_Seek_NBG           20010960 f   ai_dmnet.obj
 0001:0000ff40       _AIEnter_Seek_LTG          20010f40 f   ai_dmnet.obj
 0001:0000fff0       _AINode_Seek_LTG           20010ff0 f   ai_dmnet.obj
 0001:00010800       _AIEnter_Battle_Fight      20011800 f   ai_dmnet.obj
 0001:00010860       _AIEnter_Battle_SuicidalFight 20011860 f   ai_dmnet.obj
 0001:000108e0       _AINode_Battle_Fight       200118e0 f   ai_dmnet.obj
 0001:00010f80       _AIEnter_Battle_Chase      20011f80 f   ai_dmnet.obj
 0001:00010fe0       _AINode_Battle_Chase       20011fe0 f   ai_dmnet.obj
 0001:00011690       _AIEnter_Battle_Retreat    20012690 f   ai_dmnet.obj
 0001:000116e0       _AINode_Battle_Retreat     200126e0 f   ai_dmnet.obj
 0001:00011ec0       _AIEnter_Battle_NBG        20012ec0 f   ai_dmnet.obj
 0001:00011f10       _AINode_Battle_NBG         20012f10 f   ai_dmnet.obj
 0001:00012580       _BotSetUserInfo            20013580 f   ai_dmq3.obj
 0001:00012610       _BotCTFCarryingFlag        20013610 f   ai_dmq3.obj
 0001:00012670       _BotTeam                   20013670 f   ai_dmq3.obj
 0001:00012740       _BotOppositeTeam           20013740 f   ai_dmq3.obj
 0001:00012790       _BotEnemyFlag              20013790 f   ai_dmq3.obj
 0001:000127d0       _BotTeamFlag               200137d0 f   ai_dmq3.obj
 0001:00012810       _EntityIsDead              20013810 f   ai_dmq3.obj
 0001:00012870       _EntityCarriesFlag         20013870 f   ai_dmq3.obj
 0001:000128c0       _EntityIsInvisible         200138c0 f   ai_dmq3.obj
 0001:00012910       _EntityIsShooting          20013910 f   ai_dmq3.obj
 0001:00012950       _EntityIsChatting          20013950 f   ai_dmq3.obj
 0001:00012990       _EntityHasQuad             20013990 f   ai_dmq3.obj
 0001:000129c0       _BotRememberLastOrderedTask 200139c0 f   ai_dmq3.obj
 0001:00012a50       _BotSetTeamStatus          20013a50 f   ai_dmq3.obj
 0001:00012a70       _BotSetLastOrderedTask     20013a70 f   ai_dmq3.obj
 0001:00012ca0       _BotRefuseOrder            20013ca0 f   ai_dmq3.obj
 0001:00012d50       _BotCTFSeekGoals           20013d50 f   ai_dmq3.obj
 0001:00013b50       _BotCTFRetreatGoals        20014b50 f   ai_dmq3.obj
 0001:00013c10       _BotTeamGoals              20014c10 f   ai_dmq3.obj
 0001:00013c80       _BotPointAreaNum           20014c80 f   ai_dmq3.obj
 0001:00013d20       _ClientName                20014d20 f   ai_dmq3.obj
 0001:00013de0       _ClientSkin                20014de0 f   ai_dmq3.obj
 0001:00013e90       _ClientFromName            20014e90 f   ai_dmq3.obj
 0001:00013f70       _ClientOnSameTeamFromName  20014f70 f   ai_dmq3.obj
 0001:00014070       _stristr                   20015070 f   ai_dmq3.obj
 0001:00014130       _EasyClientName            20015130 f   ai_dmq3.obj
 0001:00014470       _BotSynonymContext         20015470 f   ai_dmq3.obj
 0001:000144d0       _BotChooseWeapon           200154d0 f   ai_dmq3.obj
 0001:000145a0       _BotSetupForMovement       200155a0 f   ai_dmq3.obj
 0001:00014760       _BotCheckItemPickup        20015760 f   ai_dmq3.obj
 0001:00014780       _BotUpdateInventory        20015780 f   ai_dmq3.obj
 0001:00014b40       _BotUpdateBattleInventory  20015b40 f   ai_dmq3.obj
 0001:00014bf0       _BotBattleUseItems         20015bf0 f   ai_dmq3.obj
 0001:00014c80       _BotSetTeleportTime        20015c80 f   ai_dmq3.obj
 0001:00014ce0       _BotIsDead                 20015ce0 f   ai_dmq3.obj
 0001:00014d10       _BotIsObserver             20015d10 f   ai_dmq3.obj
 0001:00014da0       _BotIntermission           20015da0 f   ai_dmq3.obj
 0001:00014e00       _BotInLavaOrSlime          20015e00 f   ai_dmq3.obj
 0001:00014e70       _BotCreateWayPoint         20015e70 f   ai_dmq3.obj
 0001:00014fb0       _BotFindWayPoint           20015fb0 f   ai_dmq3.obj
 0001:00015010       _BotFreeWaypoints          20016010 f   ai_dmq3.obj
 0001:00015060       _BotInitWaypoints          20016060 f   ai_dmq3.obj
 0001:000150d0       _TeamPlayIsOn              200160d0 f   ai_dmq3.obj
 0001:00015100       _BotAggression             20016100 f   ai_dmq3.obj
 0001:000152f0       _BotFeelingBad             200162f0 f   ai_dmq3.obj
 0001:00015370       _BotWantsToRetreat         20016370 f   ai_dmq3.obj
 0001:00015440       _BotWantsToChase           20016440 f   ai_dmq3.obj
 0001:00015500       _BotWantsToHelp            20016500 f   ai_dmq3.obj
 0001:00015520       _BotCanAndWantsToRocketJump 20016520 f   ai_dmq3.obj
 0001:00015600       _BotHasPersistantPowerupAndWeapon 20016600 f   ai_dmq3.obj
 0001:000157a0       _BotGoCamp                 200167a0 f   ai_dmq3.obj
 0001:000158e0       _BotWantsToCamp            200168e0 f   ai_dmq3.obj
 0001:00015bb0       _BotDontAvoid              20016bb0 f   ai_dmq3.obj
 0001:00015c20       _BotGoForPowerups          20016c20 f   ai_dmq3.obj
 0001:00015cb0       _BotRoamGoal               20016cb0 f   ai_dmq3.obj
 0001:000160f0       _BotAttackMove             200170f0 f   ai_dmq3.obj
 0001:000169b0       _BotSameTeam               200179b0 f   ai_dmq3.obj
 0001:00016ac0       _InFieldOfVision           20017ac0 f   ai_dmq3.obj
 0001:00016c10       _BotEntityVisible          20017c10 f   ai_dmq3.obj
 0001:000172e0       _BotFindEnemy              200182e0 f   ai_dmq3.obj
 0001:00017930       _BotTeamFlagCarrierVisible 20018930 f   ai_dmq3.obj
 0001:00017a50       _BotTeamFlagCarrier        20018a50 f   ai_dmq3.obj
 0001:00017b10       _BotEnemyFlagCarrierVisible 20018b10 f   ai_dmq3.obj
 0001:00017c30       _BotVisibleTeamMatesAndEnemies 20018c30 f   ai_dmq3.obj
 0001:00017e10       _BotAimAtEnemy             20018e10 f   ai_dmq3.obj
 0001:00019450       _BotCheckAttack            2001a450 f   ai_dmq3.obj
 0001:00019b10       _BotMapScripts             2001ab10 f   ai_dmq3.obj
 0001:0001a090       _BotSetMovedir             2001b090 f   ai_dmq3.obj
 0001:0001a1c0       _BotModelMinsMaxs          2001b1c0 f   ai_dmq3.obj
 0001:0001a3a0       _BotFuncButtonActivateGoal 2001b3a0 f   ai_dmq3.obj
 0001:0001b260       _BotFuncDoorActivateGoal   2001c260 f   ai_dmq3.obj
 0001:0001b4b0       _BotTriggerMultipleActivateGoal 2001c4b0 f   ai_dmq3.obj
 0001:0001b860       _BotPopFromActivateGoalStack 2001c860 f   ai_dmq3.obj
 0001:0001b8f0       _BotPushOntoActivateGoalStack 2001c8f0 f   ai_dmq3.obj
 0001:0001ba50       _BotClearActivateGoalStack 2001ca50 f   ai_dmq3.obj
 0001:0001ba90       _BotEnableActivateGoalAreas 2001ca90 f   ai_dmq3.obj
 0001:0001bb20       _BotIsGoingToActivateEntity 2001cb20 f   ai_dmq3.obj
 0001:0001bc30       _BotGetActivateGoal        2001cc30 f   ai_dmq3.obj
 0001:0001c6f0       _BotGoForActivateGoal      2001d6f0 f   ai_dmq3.obj
 0001:0001c7e0       _BotPrintActivateGoalInfo  2001d7e0 f   ai_dmq3.obj
 0001:0001c930       _BotRandomMove             2001d930 f   ai_dmq3.obj
 0001:0001c9f0       _BotAIBlocked              2001d9f0 f   ai_dmq3.obj
 0001:0001ce80       _BotAIPredictObstacles     2001de80 f   ai_dmq3.obj
 0001:0001d0a0       _BotCheckConsoleMessages   2001e0a0 f   ai_dmq3.obj
 0001:0001d600       _BotCheckForGrenades       2001e600 f   ai_dmq3.obj
 0001:0001d660       _BotCheckEvents            2001e660 f   ai_dmq3.obj
 0001:0001dc10       _BotCheckSnapshot          2001ec10 f   ai_dmq3.obj
 0001:0001dd30       _BotCheckAir               2001ed30 f   ai_dmq3.obj
 0001:0001dd90       _BotAlternateRoute         2001ed90 f   ai_dmq3.obj
 0001:0001de70       _BotGetAlternateRouteGoal  2001ee70 f   ai_dmq3.obj
 0001:0001e010       _BotSetupAlternativeRouteGoals 2001f010 f   ai_dmq3.obj
 0001:0001e040       _BotDeathmatchAI           2001f040 f   ai_dmq3.obj
 0001:0001e510       _BotSetEntityNumForGoalWithModel 2001f510 f   ai_dmq3.obj
 0001:0001e620       _BotSetEntityNumForGoal    2001f620 f   ai_dmq3.obj
 0001:0001e710       _BotGoalForBSPEntity       2001f710 f   ai_dmq3.obj
 0001:0001e920       _BotSetupDeathmatchAI      2001f920 f   ai_dmq3.obj
 0001:0001eb80       _BotShutdownDeathmatchAI   2001fb80 f   ai_dmq3.obj
 0001:0001eba0       _BotAI_Print               2001fba0 f   ai_main.obj
 0001:0001ece0       _BotAI_Trace               2001fce0 f   ai_main.obj
 0001:0001edf0       _BotAI_GetClientState      2001fdf0 f   ai_main.obj
 0001:0001ee70       _BotAI_GetEntityState      2001fe70 f   ai_main.obj
 0001:0001ef20       _BotAI_GetSnapshotEntity   2001ff20 f   ai_main.obj
 0001:0001ef90       _BotAI_BotInitialChat      2001ff90 f   ai_main.obj
 0001:0001f090       _BotTestAAS                20020090 f   ai_main.obj
 0001:0001f1a0       _BotReportStatus           200201a0 f   ai_main.obj
 0001:0001f6a0       _BotTeamplayReport         200206a0 f   ai_main.obj
 0001:0001f900       _BotSetInfoConfigString    20020900 f   ai_main.obj
 0001:0001fdb0       _BotUpdateInfoConfigStrings 20020db0 f   ai_main.obj
 0001:0001feb0       _BotInterbreedBots         20020eb0 f   ai_main.obj
 0001:000200e0       _BotWriteInterbreeded      200210e0 f   ai_main.obj
 0001:000201e0       _BotInterbreedEndMatch     200211e0 f   ai_main.obj
 0001:00020290       _BotInterbreeding          20021290 f   ai_main.obj
 0001:00020410       _BotEntityInfo             20021410 f   ai_main.obj
 0001:00020440       _NumBots                   20021440 f   ai_main.obj
 0001:00020460       _BotTeamLeader             20021460 f   ai_main.obj
 0001:000204d0       _AngleDifference           200214d0 f   ai_main.obj
 0001:00020550       _BotChangeViewAngle        20021550 f   ai_main.obj
 0001:00020670       _BotChangeViewAngles       20021670 f   ai_main.obj
 0001:00020aa0       _BotInputToUserCommand     20021aa0 f   ai_main.obj
 0001:00020fb0       _BotUpdateInput            20021fb0 f   ai_main.obj
 0001:00021140       _BotAIRegularUpdate        20022140 f   ai_main.obj
 0001:00021190       _RemoveColorEscapeSequences 20022190 f   ai_main.obj
 0001:00021270       _BotAI                     20022270 f   ai_main.obj
 0001:000217f0       _BotScheduleBotThink       200227f0 f   ai_main.obj
 0001:00021890       _BotWriteSessionData       20022890 f   ai_main.obj
 0001:00021a00       _BotReadSessionData        20022a00 f   ai_main.obj
 0001:00021b50       _BotAISetupClient          20022b50 f   ai_main.obj
 0001:00022100       _BotAIShutdownClient       20023100 f   ai_main.obj
 0001:00022280       _BotResetState             20023280 f   ai_main.obj
 0001:00022530       _BotAILoadMap              20023530 f   ai_main.obj
 0001:00022610       _BotAIStartFrame           20023610 f   ai_main.obj
 0001:00022e50       _BotInitLibrary            20023e50 f   ai_main.obj
 0001:00023430       _BotAISetup                20024430 f   ai_main.obj
 0001:00023620       _BotAIShutdown             20024620 f   ai_main.obj
 0001:000236b0       _BotValidTeamLeader        200246b0 f   ai_team.obj
 0001:00023710       _BotNumTeamMates           20024710 f   ai_team.obj
 0001:00023850       _BotClientTravelTimeToGoal 20024850 f   ai_team.obj
 0001:000238e0       _BotSortTeamMatesByBaseTravelTime 200248e0 f   ai_team.obj
 0001:00023b50       _BotSetTeamMateTaskPreference 20024b50 f   ai_team.obj
 0001:00023bb0       _BotGetTeamMateTaskPreference 20024bb0 f   ai_team.obj
 0001:00023c30       _BotSortTeamMatesByTaskPreference 20024c30 f   ai_team.obj
 0001:00023e50       _BotSayTeamOrderAlways     20024e50 f   ai_team.obj
 0001:00023f30       _BotSayTeamOrder           20024f30 f   ai_team.obj
 0001:00023f60       _BotVoiceChat              20024f60 f   ai_team.obj
 0001:00023f80       _BotVoiceChatOnly          20024f80 f   ai_team.obj
 0001:00023fa0       _BotSayVoiceTeamOrder      20024fa0 f   ai_team.obj
 0001:00023fc0       _BotCTFOrders_BothFlagsNotAtBase 20024fc0 f   ai_team.obj
 0001:000246a0       _BotCTFOrders_FlagNotAtBase 200256a0 f   ai_team.obj
 0001:00025000       _BotCTFOrders_EnemyFlagNotAtBase 20026000 f   ai_team.obj
 0001:00025610       _BotCTFOrders_BothFlagsAtBase 20026610 f   ai_team.obj
 0001:00025f70       _BotCTFOrders              20026f70 f   ai_team.obj
 0001:00026050       _BotCreateGroup            20027050 f   ai_team.obj
 0001:00026140       _BotTeamOrders             20027140 f   ai_team.obj
 0001:00026430       _FindHumanTeamLeader       20027430 f   ai_team.obj
 0001:00026520       _BotTeamAI                 20027520 f   ai_team.obj
 0001:00026ad0       _BotVoiceChat_GetFlag      20027ad0 f   ai_vcmd.obj
 0001:00026c00       _BotVoiceChat_Offense      20027c00 f   ai_vcmd.obj
 0001:00026d10       _BotVoiceChat_Defend       20027d10 f   ai_vcmd.obj
 0001:00026e70       _BotVoiceChat_DefendFlag   20027e70 f   ai_vcmd.obj
 0001:00026ea0       _BotVoiceChat_Patrol       20027ea0 f   ai_vcmd.obj
 0001:00026f60       _BotVoiceChat_Camp         20027f60 f   ai_vcmd.obj
 0001:000271d0       _BotVoiceChat_FollowMe     200281d0 f   ai_vcmd.obj
 0001:00027460       _BotVoiceChat_FollowFlagCarrier 20028460 f   ai_vcmd.obj
 0001:000274c0       _BotVoiceChat_ReturnFlag   200284c0 f   ai_vcmd.obj
 0001:000275b0       _BotVoiceChat_StartLeader  200285b0 f   ai_vcmd.obj
 0001:000275e0       _BotVoiceChat_StopLeader   200285e0 f   ai_vcmd.obj
 0001:00027650       _BotVoiceChat_WhoIsLeader  20028650 f   ai_vcmd.obj
 0001:00027710       _BotVoiceChat_WantOnDefense 20028710 f   ai_vcmd.obj
 0001:000277f0       _BotVoiceChat_WantOnOffense 200287f0 f   ai_vcmd.obj
 0001:000278d0       _BotVoiceChat_Dummy        200288d0 f   ai_vcmd.obj
 0001:000278f0       _BotVoiceChatCommand       200288f0 f   ai_vcmd.obj
 0001:00027bc0       _BG_FindItemForPowerup     20028bc0 f   bg_misc.obj
 0001:00027c60       _BG_FindItemForHoldable    20028c60 f   bg_misc.obj
 0001:00027cf0       _BG_FindItemForWeapon      20028cf0 f   bg_misc.obj
 0001:00027d60       _BG_FindItem               20028d60 f   bg_misc.obj
 0001:00027dc0       _BG_PlayerTouchesItem      20028dc0 f   bg_misc.obj
 0001:00027eb0       _BG_CanItemBeGrabbed       20028eb0 f   bg_misc.obj
 0001:00028170       _BG_EvaluateTrajectory     20029170 f   bg_misc.obj
 0001:00028460       _BG_EvaluateTrajectoryDelta 20029460 f   bg_misc.obj
 0001:00028690       _BG_AddPredictableEventToPlayerstate 20029690 f   bg_misc.obj
 0001:00028770       _BG_TouchJumpPad           20029770 f   bg_misc.obj
 0001:00028890       _BG_PlayerStateToEntityState 20029890 f   bg_misc.obj
 0001:00028d30       _BG_PlayerStateToEntityStateExtraPolate 20029d30 f   bg_misc.obj
 0001:000291e0       _Inv_GetVectorFromStat     2002a1e0 f   bg_pmove.obj
 0001:000292c0       _Inv_QuatNormalize         2002a2c0 f   bg_pmove.obj
 0001:00029390       _Inv_GetQuatFromStat       2002a390 f   bg_pmove.obj
 0001:000294a0       _Inv_MatrixToAngles        2002a4a0 f   bg_pmove.obj
 0001:000297d0       _Inv_AxisToQuat            2002a7d0 f   bg_pmove.obj
 0001:000298b0       _Inv_GetQuatMaxDelta       2002a8b0 f   bg_pmove.obj
 0001:00029930       _Inv_GetInvertAxis         2002a930 f   bg_pmove.obj
 0001:000299d0       _Inv_MulQuat               2002a9d0 f   bg_pmove.obj
 0001:00029b20       _Inv_FinbBestInvertAxisForQuat 2002ab20 f   bg_pmove.obj
 0001:00029cc0       _Inv_QuatToMatrix          2002acc0 f   bg_pmove.obj
 0001:00029ec0       _Inv_QuatMultiply          2002aec0 f   bg_pmove.obj
 0001:00029f40       _Inv_GetAngleDiff          2002af40 f   bg_pmove.obj
 0001:0002a110       _Inv_ComputeDynYaw         2002b110 f   bg_pmove.obj
 0001:0002a3b0       _Inv_QuatIntToStat         2002b3b0 f   bg_pmove.obj
 0001:0002a420       _Inv_FinishDynYaw          2002b420 f   bg_pmove.obj
 0001:0002a4c0       _Inv_QuatToInt             2002b4c0 f   bg_pmove.obj
 0001:0002a520       _Inv_ApplyGravityRotation  2002b520 f   bg_pmove.obj
 0001:0002aef0       _Inv_RemoveGravityComponent 2002bef0 f   bg_pmove.obj
 0001:0002af90       _PM_AddEvent               2002bf90 f   bg_pmove.obj
 0001:0002afc0       _PM_AddEventParm           2002bfc0 f   bg_pmove.obj
 0001:0002b000       _PM_AddTouchEnt            2002c000 f   bg_pmove.obj
 0001:0002b0b0       _PM_ClipVelocity           2002c0b0 f   bg_pmove.obj
 0001:0002b170       _PM_UpdateViewAngles       2002c170 f   bg_pmove.obj
 0001:0002b2b0       _PmoveSingle               2002c2b0 f   bg_pmove.obj
 0001:00031700       _Pmove                     20032700 f   bg_pmove.obj
 0001:00031830       _PM_SlideMove              20032830 f   bg_slidemove.obj
 0001:00032390       _PM_StepSlideMove          20033390 f   bg_slidemove.obj
 0001:00032ac0       _P_DamageFeedback          20033ac0 f   g_active.obj
 0001:00032cc0       _P_WorldEffects            20033cc0 f   g_active.obj
 0001:00033010       _G_SetClientSound          20034010 f   g_active.obj
 0001:00033080       _ClientImpacts             20034080 f   g_active.obj
 0001:000331c0       _G_TouchTriggers           200341c0 f   g_active.obj
 0001:00033600       _SpectatorThink            20034600 f   g_active.obj
 0001:000337a0       _ClientInactivityTimer     200347a0 f   g_active.obj
 0001:00033930       _ClientTimerActions        20034930 f   g_active.obj
 0001:00033b40       _ClientIntermissionThink   20034b40 f   g_active.obj
 0001:00033bf0       _ClientEvents              20034bf0 f   g_active.obj
 0001:00033f10       _SendPendingPredictableEvents 20034f10 f   g_active.obj
 0001:00034060       _ClientThink_real          20035060 f   g_active.obj
 0001:00034900       _ClientThink               20035900 f   g_active.obj
 0001:000349a0       _G_RunClient               200359a0 f   g_active.obj
 0001:00034a00       _G_ProxyTouch              20035a00 f   g_active.obj
 0001:00035170       _G_BouncePlayerProxy       20036170 f   g_active.obj
 0001:00035420       _G_RunPlayerProxy          20036420 f   g_active.obj
 0001:000355b0       _SpectatorClientEndFrame   200365b0 f   g_active.obj
 0001:00035790       _ClientEndFrame            20036790 f   g_active.obj
 0001:00035960       _UpdateTournamentInfo      20036960 f   g_arenas.obj
 0001:00035ca0       _SpawnModelsOnVictoryPads  20036ca0 f   g_arenas.obj
 0001:00036b60       _Svcmd_AbortPodium_f       20037b60 f   g_arenas.obj
 0001:00036bc0       _trap_Cvar_VariableValue   20037bc0 f   g_bot.obj
 0001:00036c10       _G_ParseInfos              20037c10 f   g_bot.obj
 0001:00036e50       _G_GetArenaInfoByMap       20037e50 f   g_bot.obj
 0001:00036ed0       _G_AddRandomBot            20037ed0 f   g_bot.obj
 0001:00037220       _G_RemoveRandomBot         20038220 f   g_bot.obj
 0001:00037320       _G_CountHumanPlayers       20038320 f   g_bot.obj
 0001:000373e0       _G_CountBotPlayers         200383e0 f   g_bot.obj
 0001:00037500       _G_CheckMinimumPlayers     20038500 f   g_bot.obj
 0001:000377a0       _G_CheckBotSpawn           200387a0 f   g_bot.obj
 0001:00037950       _G_RemoveQueuedBotBegin    20038950 f   g_bot.obj
 0001:000379b0       _G_BotConnect              200389b0 f   g_bot.obj
 0001:00037ac0       _Svcmd_AddBot_f            20038ac0 f   g_bot.obj
 0001:00038300       _Svcmd_BotList_f           20039300 f   g_bot.obj
 0001:00038500       _G_GetBotInfoByNumber      20039500 f   g_bot.obj
 0001:00038560       _G_GetBotInfoByName        20039560 f   g_bot.obj
 0001:000385f0       _G_InitBots                200395f0 f   g_bot.obj
 0001:00039000       _SP_info_player_deathmatch 2003a000 f   g_client.obj
 0001:00039090       _SP_info_player_start      2003a090 f   g_client.obj
 0001:000390d0       _SP_info_player_intermission 2003a0d0 f   g_client.obj
 0001:000390f0       _SpotWouldTelefrag         2003a0f0 f   g_client.obj
 0001:00039230       _SelectNearestDeathmatchSpawnPoint 2003a230 f   g_client.obj
 0001:00039350       _SelectRandomDeathmatchSpawnPoint 2003a350 f   g_client.obj
 0001:00039420       _SelectRandomFurthestSpawnPoint 2003a420 f   g_client.obj
 0001:00039850       _SelectSpawnPoint          2003a850 f   g_client.obj
 0001:00039880       _SelectInitialSpawnPoint   2003a880 f   g_client.obj
 0001:00039990       _SelectSpectatorSpawnPoint 2003a990 f   g_client.obj
 0001:00039a10       _InitBodyQue               2003aa10 f   g_client.obj
 0001:00039a90       _BodySink                  2003aa90 f   g_client.obj
 0001:00039b10       _CopyToBodyQue             2003ab10 f   g_client.obj
 0001:00039f70       _SetClientViewAngle        2003af70 f   g_client.obj
 0001:0003a080       _respawn                   2003b080 f   g_client.obj
 0001:0003a0f0       _TeamCount                 2003b0f0 f   g_client.obj
 0001:0003a1a0       _TeamLeader                2003b1a0 f   g_client.obj
 0001:0003a250       _PickTeam                  2003b250 f   g_client.obj
 0001:0003a2e0       _ClientUserinfoChanged     2003b2e0 f   g_client.obj
 0001:0003ac50       _ClientConnect             2003bc50 f   g_client.obj
 0001:0003af10       _ClientBegin               2003bf10 f   g_client.obj
 0001:0003b0c0       _ClientSpawn               2003c0c0 f   g_client.obj
 0001:0003ba20       _ClientDisconnect          2003ca20 f   g_client.obj
 0001:0003bcf0       _DeathmatchScoreboardMessage 2003ccf0 f   g_cmds.obj
 0001:0003c070       _Cmd_Score_f               2003d070 f   g_cmds.obj
 0001:0003c0a0       _CheatsOk                  2003d0a0 f   g_cmds.obj
 0001:0003c140       _ConcatArgs                2003d140 f   g_cmds.obj
 0001:0003c250       _SanitizeString            2003d250 f   g_cmds.obj
 0001:0003c2f0       _ClientNumberFromString    2003d2f0 f   g_cmds.obj
 0001:0003c4f0       _Cmd_Give_f                2003d4f0 f   g_cmds.obj
 0001:0003c910       _Cmd_God_f                 2003d910 f   g_cmds.obj
 0001:0003c9c0       _Cmd_Notarget_f            2003d9c0 f   g_cmds.obj
 0001:0003ca70       _Cmd_Noclip_f              2003da70 f   g_cmds.obj
 0001:0003cb30       _Cmd_LevelShot_f           2003db30 f   g_cmds.obj
 0001:0003cbc0       _Cmd_TeamTask_f            2003dbc0 f   g_cmds.obj
 0001:0003ccd0       _Cmd_Kill_f                2003dcd0 f   g_cmds.obj
 0001:0003cd80       _BroadcastTeamChange       2003dd80 f   g_cmds.obj
 0001:0003ce90       _SetTeam                   2003de90 f   g_cmds.obj
 0001:0003d3a0       _StopFollowing             2003e3a0 f   g_cmds.obj
 0001:0003d460       _Cmd_Team_f                2003e460 f   g_cmds.obj
 0001:0003d670       _Cmd_Follow_f              2003e670 f   g_cmds.obj
 0001:0003d800       _Cmd_FollowCycle_f         2003e800 f   g_cmds.obj
 0001:0003d990       _G_Say                     2003e990 f   g_cmds.obj
 0001:0003de00       _G_Voice                   2003ee00 f   g_cmds.obj
 0001:0003e020       _Cmd_GameCommand_f         2003f020 f   g_cmds.obj
 0001:0003e120       _Cmd_Where_f               2003f120 f   g_cmds.obj
 0001:0003e180       _Cmd_CallVote_f            2003f180 f   g_cmds.obj
 0001:0003e920       _Cmd_Vote_f                2003f920 f   g_cmds.obj
 0001:0003eaf0       _Cmd_CallTeamVote_f        2003faf0 f   g_cmds.obj
 0001:0003f320       _Cmd_TeamVote_f            20040320 f   g_cmds.obj
 0001:0003f560       _Cmd_SetViewpos_f          20040560 f   g_cmds.obj
 0001:0003f6e0       _Cmd_Stats_f               200406e0 f   g_cmds.obj
 0001:0003f700       _Cmd_ResetGrav             20040700 f   g_cmds.obj
 0001:0003f740       _ClientCommand             20040740 f   g_cmds.obj
 0001:000405d0       _ScorePlum                 200415d0 f   g_combat.obj
 0001:00040650       _AddScore                  20041650 f   g_combat.obj
 0001:00040720       _TossClientItems           20041720 f   g_combat.obj
 0001:00040910       _LookAtKiller              20041910 f   g_combat.obj
 0001:00040a30       _GibEntity                 20041a30 f   g_combat.obj
 0001:00040b30       _body_die                  20041b30 f   g_combat.obj
 0001:00040b90       _CheckAlmostCapture        20041b90 f   g_combat.obj
 0001:00040df0       _CheckAlmostScored         20041df0 f   g_combat.obj
 0001:00040f50       _player_die                20041f50 f   g_combat.obj
 0001:00041890       _CheckArmor                20042890 f   g_combat.obj
 0001:00041950       _RaySphereIntersections    20042950 f   g_combat.obj
 0001:00041be0       _G_Damage                  20042be0 f   g_combat.obj
 0001:000423b0       _CanDamage                 200433b0 f   g_combat.obj
 0001:000426c0       _G_RadiusDamage            200436c0 f   g_combat.obj
 0001:00042a60       _Pickup_Powerup            20043a60 f   g_items.obj
 0001:00042d30       _Pickup_Holdable           20043d30 f   g_items.obj
 0001:00042db0       _Add_Ammo                  20043db0 f   g_items.obj
 0001:00042e40       _Pickup_Ammo               20043e40 f   g_items.obj
 0001:00042ec0       _Pickup_Weapon             20043ec0 f   g_items.obj
 0001:00043060       _Pickup_Health             20044060 f   g_items.obj
 0001:00043180       _Pickup_Armor              20044180 f   g_items.obj
 0001:00043230       _RespawnItem               20044230 f   g_items.obj
 0001:000434c0       _Touch_Item                200444c0 f   g_items.obj
 0001:000439d0       _LaunchItem                200449d0 f   g_items.obj
 0001:00043be0       _Drop_Item                 20044be0 f   g_items.obj
 0001:00043cd0       _Use_Item                  20044cd0 f   g_items.obj
 0001:00043d00       _FinishSpawningItem        20044d00 f   g_items.obj
 0001:00044000       _G_CheckTeamItems          20045000 f   g_items.obj
 0001:000440c0       _ClearRegisteredItems      200450c0 f   g_items.obj
 0001:00044120       _RegisterItem              20045120 f   g_items.obj
 0001:00044170       _SaveRegisteredItems       20045170 f   g_items.obj
 0001:00044260       _G_ItemDisabled            20045260 f   g_items.obj
 0001:000442b0       _G_SpawnItem               200452b0 f   g_items.obj
 0001:000443c0       _G_BounceItem              200453c0 f   g_items.obj
 0001:00044670       _G_RunItem                 20045670 f   g_items.obj
 0001:00044860       _vmMain                    20045860 f   g_main.obj
 0001:000449c0       _G_Printf                  200459c0 f   g_main.obj
 0001:00044a20       _G_Error                   20045a20 f   g_main.obj
 0001:00044a80       _G_FindTeams               20045a80 f   g_main.obj
 0001:00044cc0       _G_RemapTeamShaders        20045cc0 f   g_main.obj
 0001:00044ce0       _G_RegisterCvars           20045ce0 f   g_main.obj
 0001:00044e00       _G_UpdateCvars             20045e00 f   g_main.obj
 0001:00044f00       _G_InitGame                20045f00 f   g_main.obj
 0001:00045260       _G_ShutdownGame            20046260 f   g_main.obj
 0001:000452f0       _Com_Error                 200462f0 f   g_main.obj
 0001:00045350       _Com_Printf                20046350 f   g_main.obj
 0001:000453b0       _AddTournamentPlayer       200463b0 f   g_main.obj
 0001:000454f0       _RemoveTournamentLoser     200464f0 f   g_main.obj
 0001:00045560       _RemoveTournamentWinner    20046560 f   g_main.obj
 0001:000455d0       _AdjustTournamentScores    200465d0 f   g_main.obj
 0001:000456d0       _SortRanks                 200466d0 f   g_main.obj
 0001:00045880       _CalculateRanks            20046880 f   g_main.obj
 0001:00045eb0       _SendScoreboardMessageToAllClients 20046eb0 f   g_main.obj
 0001:00045f30       _MoveClientToIntermission  20046f30 f   g_main.obj
 0001:000460d0       _FindIntermissionPoint     200470d0 f   g_main.obj
 0001:00046210       _BeginIntermission         20047210 f   g_main.obj
 0001:00046300       _ExitLevel                 20047300 f   g_main.obj
 0001:00046490       _G_LogPrintf               20047490 f   g_main.obj
 0001:00046600       _LogExit                   20047600 f   g_main.obj
 0001:00046780       _CheckIntermissionExit     20047780 f   g_main.obj
 0001:00046970       _ScoreIsTied               20047970 f   g_main.obj
 0001:00046a10       _CheckExitRules            20047a10 f   g_main.obj
 0001:00046cd0       _CheckTournament           20047cd0 f   g_main.obj
 0001:00047060       _CheckVote                 20048060 f   g_main.obj
 0001:00047190       _PrintTeam                 20048190 f   g_main.obj
 0001:00047210       _SetLeader                 20048210 f   g_main.obj
 0001:000473f0       _CheckTeamLeader           200483f0 f   g_main.obj
 0001:00047580       _CheckTeamVote             20048580 f   g_main.obj
 0001:00047730       _CheckCvars                20048730 f   g_main.obj
 0001:000477c0       _G_RunThink                200487c0 f   g_main.obj
 0001:000478d0       _G_RunFrame                200488d0 f   g_main.obj
 0001:00047c50       _G_Alloc                   20048c50 f   g_mem.obj
 0001:00047d00       _G_InitMemory              20048d00 f   g_mem.obj
 0001:00047d20       _Svcmd_GameMem_f           20048d20 f   g_mem.obj
 0001:00047d60       _SP_info_camp              20048d60 f   g_misc.obj
 0001:00047d90       _SP_info_null              20048d90 f   g_misc.obj
 0001:00047dc0       _SP_info_notnull           20048dc0 f   g_misc.obj
 0001:00047df0       _SP_light                  20048df0 f   g_misc.obj
 0001:00047e20       _TeleportPlayer            20048e20 f   g_misc.obj
 0001:000480e0       _TeleportEntity            200490e0 f   g_misc.obj
 0001:000483f0       _SP_misc_teleporter_dest   200493f0 f   g_misc.obj
 0001:00048410       _SP_misc_model             20049410 f   g_misc.obj
 0001:00048440       _locateCamera              20049440 f   g_misc.obj
 0001:00048620       _SP_misc_portal_surface    20049620 f   g_misc.obj
 0001:00048730       _SP_misc_portal_camera     20049730 f   g_misc.obj
 0001:00048800       _Use_Shooter               20049800 f   g_misc.obj
 0001:00048af0       _InitShooter               20049af0 f   g_misc.obj
 0001:00048c70       _SP_shooter_rocket         20049c70 f   g_misc.obj
 0001:00048ca0       _SP_shooter_plasma         20049ca0 f   g_misc.obj
 0001:00048cd0       _SP_shooter_grenade        20049cd0 f   g_misc.obj
 0001:00048d00       _G_BounceMissile           20049d00 f   g_missile.obj
 0001:00048fa0       _G_ExplodeMissile          20049fa0 f   g_missile.obj
 0001:00049160       _G_MissileImpact           2004a160 f   g_missile.obj
 0001:000497f0       _G_RunMissile              2004a7f0 f   g_missile.obj
 0001:00049bb0       _fire_plasma               2004abb0 f   g_missile.obj
 0001:00049e00       _fire_grenade              2004ae00 f   g_missile.obj
 0001:0004a060       _fire_bfg                  2004b060 f   g_missile.obj
 0001:0004a2b0       _fire_rocket               2004b2b0 f   g_missile.obj
 0001:0004a500       _fire_grapple              2004b500 f   g_missile.obj
 0001:0004a730       _G_TestEntityPosition      2004b730 f   g_mover.obj
 0001:0004a840       _G_CreateRotationMatrix    2004b840 f   g_mover.obj
 0001:0004a890       _G_TransposeMatrix         2004b890 f   g_mover.obj
 0001:0004a910       _G_RotatePoint             2004b910 f   g_mover.obj
 0001:0004a9d0       _G_TryPushingEntity        2004b9d0 f   g_mover.obj
 0001:0004b080       _G_CheckProxMinePosition   2004c080 f   g_mover.obj
 0001:0004b1a0       _G_TryPushingProxMine      2004c1a0 f   g_mover.obj
 0001:0004b3c0       _G_MoverPush               2004c3c0 f   g_mover.obj
 0001:0004bb30       _G_MoverTeam               2004cb30 f   g_mover.obj
 0001:0004bdd0       _G_RunMover                2004cdd0 f   g_mover.obj
 0001:0004be40       _SetMoverState             2004ce40 f   g_mover.obj
 0001:0004c120       _MatchTeam                 2004d120 f   g_mover.obj
 0001:0004c170       _ReturnToPos1              2004d170 f   g_mover.obj
 0001:0004c1e0       _Inv_WaitUnload            2004d1e0 f   g_mover.obj
 0001:0004c220       _Inv_Reverse               2004d220 f   g_mover.obj
 0001:0004c310       _Reached_BinaryMover       2004d310 f   g_mover.obj
 0001:0004c580       _Use_BinaryMover           2004d580 f   g_mover.obj
 0001:0004c9c0       _InitMover                 2004d9c0 f   g_mover.obj
 0001:0004cdc0       _Blocked_Door              2004ddc0 f   g_mover.obj
 0001:0004ced0       _Touch_DoorTrigger         2004ded0 f   g_mover.obj
 0001:0004cfb0       _Think_SpawnNewDoorTrigger 2004dfb0 f   g_mover.obj
 0001:0004d240       _Think_MatchTeam           2004e240 f   g_mover.obj
 0001:0004d280       _SP_func_door              2004e280 f   g_mover.obj
 0001:0004d6d0       _Touch_Plat                2004e6d0 f   g_mover.obj
 0001:0004d820       _Touch_PlatCenterTrigger   2004e820 f   g_mover.obj
 0001:0004d8f0       _SpawnPlatTrigger          2004e8f0 f   g_mover.obj
 0001:0004db20       _SP_func_plat              2004eb20 f   g_mover.obj
 0001:0004ddc0       _Touch_Button              2004edc0 f   g_mover.obj
 0001:0004de10       _SP_func_button            2004ee10 f   g_mover.obj
 0001:0004e0d0       _Think_BeginMoving         2004f0d0 f   g_mover.obj
 0001:0004e100       _Reached_Train             2004f100 f   g_mover.obj
 0001:0004e360       _Think_SetupTrainTargets   2004f360 f   g_mover.obj
 0001:0004e500       _SP_path_corner            2004f500 f   g_mover.obj
 0001:0004e560       _SP_func_train             2004f560 f   g_mover.obj
 0001:0004e6c0       _SP_func_static            2004f6c0 f   g_mover.obj
 0001:0004e770       _SP_func_rotating          2004f770 f   g_mover.obj
 0001:0004e920       _SP_func_bobbing           2004f920 f   g_mover.obj
 0001:0004eae0       _SP_func_pendulum          2004fae0 f   g_mover.obj
 0001:0004ece0       _G_WriteClientSessionData  2004fce0 f   g_session.obj
 0001:0004eda0       _G_ReadSessionData         2004fda0 f   g_session.obj
 0001:0004eeb0       _G_InitSessionData         2004feb0 f   g_session.obj
 0001:0004eff0       _G_InitWorldSession        2004fff0 f   g_session.obj
 0001:0004f070       _G_WriteSessionData        20050070 f   g_session.obj
 0001:0004f120       _G_SpawnString             20050120 f   g_spawn.obj
 0001:0004f1c0       _G_SpawnFloat              200501c0 f   g_spawn.obj
 0001:0004f210       _G_SpawnInt                20050210 f   g_spawn.obj
 0001:0004f260       _G_SpawnVector             20050260 f   g_spawn.obj
 0001:0004f2c0       _SP_item_botroam           200502c0 f   g_spawn.obj
 0001:0004f2e0       _G_CallSpawn               200502e0 f   g_spawn.obj
 0001:0004f400       _G_NewString               20050400 f   g_spawn.obj
 0001:0004f4f0       _G_ParseField              200504f0 f   g_spawn.obj
 0001:0004f6c0       _G_SpawnGEntityFromSpawnVars 200506c0 f   g_spawn.obj
 0001:0004f930       _G_AddSpawnVarToken        20050930 f   g_spawn.obj
 0001:0004f9d0       _G_ParseSpawnVars          200509d0 f   g_spawn.obj
 0001:0004fb80       _SP_worldspawn             20050b80 f   g_spawn.obj
 0001:0004fdc0       _G_SpawnEntitiesFromString 20050dc0 f   g_spawn.obj
 0001:0004fe30       _G_FilterPacket            20050e30 f   g_svcmds.obj
 0001:0004ff70       _G_ProcessIPBans           20050f70 f   g_svcmds.obj
 0001:000504d0       _Svcmd_AddIP_f             200514d0 f   g_svcmds.obj
 0001:00050540       _Svcmd_RemoveIP_f          20051540 f   g_svcmds.obj
 0001:00050650       _Svcmd_EntityList_f        20051650 f   g_svcmds.obj
 0001:00050880       _ClientForString           20051880 f   g_svcmds.obj
 0001:000509d0       _Svcmd_ForceTeam_f         200519d0 f   g_svcmds.obj
 0001:00050a80       _ConsoleCommand            20051a80 f   g_svcmds.obj
 0001:00050d10       _dllEntry                  20051d10 f   g_syscalls.obj
 0001:00050d30       _PASSFLOAT                 20051d30 f   g_syscalls.obj
 0001:00050d50       _trap_Printf               20051d50 f   g_syscalls.obj
 0001:00050d80       _trap_Error                20051d80 f   g_syscalls.obj
 0001:00050db0       _trap_Milliseconds         20051db0 f   g_syscalls.obj
 0001:00050de0       _trap_Argc                 20051de0 f   g_syscalls.obj
 0001:00050e10       _trap_Argv                 20051e10 f   g_syscalls.obj
 0001:00050e40       _trap_FS_FOpenFile         20051e40 f   g_syscalls.obj
 0001:00050e70       _trap_FS_Read              20051e70 f   g_syscalls.obj
 0001:00050ea0       _trap_FS_Write             20051ea0 f   g_syscalls.obj
 0001:00050ed0       _trap_FS_FCloseFile        20051ed0 f   g_syscalls.obj
 0001:00050f00       _trap_FS_GetFileList       20051f00 f   g_syscalls.obj
 0001:00050f40       _trap_FS_Seek              20051f40 f   g_syscalls.obj
 0001:00050f70       _trap_SendConsoleCommand   20051f70 f   g_syscalls.obj
 0001:00050fa0       _trap_Cvar_Register        20051fa0 f   g_syscalls.obj
 0001:00050fe0       _trap_Cvar_Update          20051fe0 f   g_syscalls.obj
 0001:00051010       _trap_Cvar_Set             20052010 f   g_syscalls.obj
 0001:00051040       _trap_Cvar_VariableIntegerValue 20052040 f   g_syscalls.obj
 0001:00051070       _trap_Cvar_VariableStringBuffer 20052070 f   g_syscalls.obj
 0001:000510a0       _trap_LocateGameData       200520a0 f   g_syscalls.obj
 0001:000510e0       _trap_DropClient           200520e0 f   g_syscalls.obj
 0001:00051110       _trap_SendServerCommand    20052110 f   g_syscalls.obj
 0001:00051140       _trap_SetConfigstring      20052140 f   g_syscalls.obj
 0001:00051170       _trap_GetConfigstring      20052170 f   g_syscalls.obj
 0001:000511a0       _trap_GetUserinfo          200521a0 f   g_syscalls.obj
 0001:000511d0       _trap_SetUserinfo          200521d0 f   g_syscalls.obj
 0001:00051200       _trap_GetServerinfo        20052200 f   g_syscalls.obj
 0001:00051230       _trap_SetBrushModel        20052230 f   g_syscalls.obj
 0001:00051260       _trap_Trace                20052260 f   g_syscalls.obj
 0001:000512b0       _trap_TraceCapsule         200522b0 f   g_syscalls.obj
 0001:00051300       _trap_PointContents        20052300 f   g_syscalls.obj
 0001:00051330       _trap_InPVS                20052330 f   g_syscalls.obj
 0001:00051360       _trap_InPVSIgnorePortals   20052360 f   g_syscalls.obj
 0001:00051390       _trap_AdjustAreaPortalState 20052390 f   g_syscalls.obj
 0001:000513c0       _trap_AreasConnected       200523c0 f   g_syscalls.obj
 0001:000513f0       _trap_LinkEntity           200523f0 f   g_syscalls.obj
 0001:00051420       _trap_UnlinkEntity         20052420 f   g_syscalls.obj
 0001:00051450       _trap_EntitiesInBox        20052450 f   g_syscalls.obj
 0001:00051490       _trap_EntityContact        20052490 f   g_syscalls.obj
 0001:000514c0       _trap_EntityContactCapsule 200524c0 f   g_syscalls.obj
 0001:000514f0       _trap_BotAllocateClient    200524f0 f   g_syscalls.obj
 0001:00051520       _trap_BotFreeClient        20052520 f   g_syscalls.obj
 0001:00051550       _trap_GetUsercmd           20052550 f   g_syscalls.obj
 0001:00051580       _trap_GetEntityToken       20052580 f   g_syscalls.obj
 0001:000515b0       _trap_DebugPolygonCreate   200525b0 f   g_syscalls.obj
 0001:000515e0       _trap_DebugPolygonDelete   200525e0 f   g_syscalls.obj
 0001:00051610       _trap_RealTime             20052610 f   g_syscalls.obj
 0001:00051640       _trap_SnapVector           20052640 f   g_syscalls.obj
 0001:00051670       _trap_BotLibSetup          20052670 f   g_syscalls.obj
 0001:000516a0       _trap_BotLibShutdown       200526a0 f   g_syscalls.obj
 0001:000516d0       _trap_BotLibVarSet         200526d0 f   g_syscalls.obj
 0001:00051700       _trap_BotLibVarGet         20052700 f   g_syscalls.obj
 0001:00051740       _trap_BotLibDefine         20052740 f   g_syscalls.obj
 0001:00051770       _trap_BotLibStartFrame     20052770 f   g_syscalls.obj
 0001:000517b0       _trap_BotLibLoadMap        200527b0 f   g_syscalls.obj
 0001:000517e0       _trap_BotLibUpdateEntity   200527e0 f   g_syscalls.obj
 0001:00051810       _trap_BotLibTest           20052810 f   g_syscalls.obj
 0001:00051850       _trap_BotGetSnapshotEntity 20052850 f   g_syscalls.obj
 0001:00051880       _trap_BotGetServerCommand  20052880 f   g_syscalls.obj
 0001:000518c0       _trap_BotUserCommand       200528c0 f   g_syscalls.obj
 0001:000518f0       _trap_AAS_EntityInfo       200528f0 f   g_syscalls.obj
 0001:00051920       _trap_AAS_Initialized      20052920 f   g_syscalls.obj
 0001:00051950       _trap_AAS_PresenceTypeBoundingBox 20052950 f   g_syscalls.obj
 0001:00051990       _trap_AAS_Time             20052990 f   g_syscalls.obj
 0001:000519c0       _trap_AAS_PointAreaNum     200529c0 f   g_syscalls.obj
 0001:000519f0       _trap_AAS_PointReachabilityAreaIndex 200529f0 f   g_syscalls.obj
 0001:00051a20       _trap_AAS_TraceAreas       20052a20 f   g_syscalls.obj
 0001:00051a60       _trap_AAS_BBoxAreas        20052a60 f   g_syscalls.obj
 0001:00051aa0       _trap_AAS_AreaInfo         20052aa0 f   g_syscalls.obj
 0001:00051ad0       _trap_AAS_PointContents    20052ad0 f   g_syscalls.obj
 0001:00051b00       _trap_AAS_NextBSPEntity    20052b00 f   g_syscalls.obj
 0001:00051b30       _trap_AAS_ValueForBSPEpairKey 20052b30 f   g_syscalls.obj
 0001:00051b70       _trap_AAS_VectorForBSPEpairKey 20052b70 f   g_syscalls.obj
 0001:00051bb0       _trap_AAS_FloatForBSPEpairKey 20052bb0 f   g_syscalls.obj
 0001:00051bf0       _trap_AAS_IntForBSPEpairKey 20052bf0 f   g_syscalls.obj
 0001:00051c30       _trap_AAS_AreaReachability 20052c30 f   g_syscalls.obj
 0001:00051c60       _trap_AAS_AreaTravelTimeToGoalArea 20052c60 f   g_syscalls.obj
 0001:00051ca0       _trap_AAS_EnableRoutingArea 20052ca0 f   g_syscalls.obj
 0001:00051cd0       _trap_AAS_PredictRoute     20052cd0 f   g_syscalls.obj
 0001:00051d30       _trap_AAS_AlternativeRouteGoals 20052d30 f   g_syscalls.obj
 0001:00051d80       _trap_AAS_Swimming         20052d80 f   g_syscalls.obj
 0001:00051db0       _trap_AAS_PredictClientMovement 20052db0 f   g_syscalls.obj
 0001:00051e30       _trap_EA_Say               20052e30 f   g_syscalls.obj
 0001:00051e60       _trap_EA_SayTeam           20052e60 f   g_syscalls.obj
 0001:00051e90       _trap_EA_Command           20052e90 f   g_syscalls.obj
 0001:00051ec0       _trap_EA_Action            20052ec0 f   g_syscalls.obj
 0001:00051ef0       _trap_EA_Gesture           20052ef0 f   g_syscalls.obj
 0001:00051f20       _trap_EA_Talk              20052f20 f   g_syscalls.obj
 0001:00051f50       _trap_EA_Attack            20052f50 f   g_syscalls.obj
 0001:00051f80       _trap_EA_Use               20052f80 f   g_syscalls.obj
 0001:00051fb0       _trap_EA_Respawn           20052fb0 f   g_syscalls.obj
 0001:00051fe0       _trap_EA_Crouch            20052fe0 f   g_syscalls.obj
 0001:00052010       _trap_EA_MoveUp            20053010 f   g_syscalls.obj
 0001:00052040       _trap_EA_MoveDown          20053040 f   g_syscalls.obj
 0001:00052070       _trap_EA_MoveForward       20053070 f   g_syscalls.obj
 0001:000520a0       _trap_EA_MoveBack          200530a0 f   g_syscalls.obj
 0001:000520d0       _trap_EA_MoveLeft          200530d0 f   g_syscalls.obj
 0001:00052100       _trap_EA_MoveRight         20053100 f   g_syscalls.obj
 0001:00052130       _trap_EA_SelectWeapon      20053130 f   g_syscalls.obj
 0001:00052160       _trap_EA_Jump              20053160 f   g_syscalls.obj
 0001:00052190       _trap_EA_DelayedJump       20053190 f   g_syscalls.obj
 0001:000521c0       _trap_EA_Move              200531c0 f   g_syscalls.obj
 0001:00052200       _trap_EA_View              20053200 f   g_syscalls.obj
 0001:00052230       _trap_EA_EndRegular        20053230 f   g_syscalls.obj
 0001:00052270       _trap_EA_GetInput          20053270 f   g_syscalls.obj
 0001:000522b0       _trap_EA_ResetInput        200532b0 f   g_syscalls.obj
 0001:000522e0       _trap_BotLoadCharacter     200532e0 f   g_syscalls.obj
 0001:00052320       _trap_BotFreeCharacter     20053320 f   g_syscalls.obj
 0001:00052350       _trap_Characteristic_Float 20053350 f   g_syscalls.obj
 0001:00052390       _trap_Characteristic_BFloat 20053390 f   g_syscalls.obj
 0001:000523f0       _trap_Characteristic_Integer 200533f0 f   g_syscalls.obj
 0001:00052420       _trap_Characteristic_BInteger 20053420 f   g_syscalls.obj
 0001:00052460       _trap_Characteristic_String 20053460 f   g_syscalls.obj
 0001:000524a0       _trap_BotAllocChatState    200534a0 f   g_syscalls.obj
 0001:000524d0       _trap_BotFreeChatState     200534d0 f   g_syscalls.obj
 0001:00052500       _trap_BotQueueConsoleMessage 20053500 f   g_syscalls.obj
 0001:00052540       _trap_BotRemoveConsoleMessage 20053540 f   g_syscalls.obj
 0001:00052570       _trap_BotNextConsoleMessage 20053570 f   g_syscalls.obj
 0001:000525a0       _trap_BotNumConsoleMessages 200535a0 f   g_syscalls.obj
 0001:000525d0       _trap_BotInitialChat       200535d0 f   g_syscalls.obj
 0001:00052630       _trap_BotNumInitialChats   20053630 f   g_syscalls.obj
 0001:00052660       _trap_BotReplyChat         20053660 f   g_syscalls.obj
 0001:000526d0       _trap_BotChatLength        200536d0 f   g_syscalls.obj
 0001:00052700       _trap_BotEnterChat         20053700 f   g_syscalls.obj
 0001:00052740       _trap_BotGetChatMessage    20053740 f   g_syscalls.obj
 0001:00052780       _trap_StringContains       20053780 f   g_syscalls.obj
 0001:000527c0       _trap_BotFindMatch         200537c0 f   g_syscalls.obj
 0001:00052800       _trap_BotMatchVariable     20053800 f   g_syscalls.obj
 0001:00052840       _trap_UnifyWhiteSpaces     20053840 f   g_syscalls.obj
 0001:00052870       _trap_BotReplaceSynonyms   20053870 f   g_syscalls.obj
 0001:000528a0       _trap_BotLoadChatFile      200538a0 f   g_syscalls.obj
 0001:000528e0       _trap_BotSetChatGender     200538e0 f   g_syscalls.obj
 0001:00052910       _trap_BotSetChatName       20053910 f   g_syscalls.obj
 0001:00052950       _trap_BotResetGoalState    20053950 f   g_syscalls.obj
 0001:00052980       _trap_BotResetAvoidGoals   20053980 f   g_syscalls.obj
 0001:000529b0       _trap_BotRemoveFromAvoidGoals 200539b0 f   g_syscalls.obj
 0001:000529e0       _trap_BotPushGoal          200539e0 f   g_syscalls.obj
 0001:00052a10       _trap_BotPopGoal           20053a10 f   g_syscalls.obj
 0001:00052a40       _trap_BotEmptyGoalStack    20053a40 f   g_syscalls.obj
 0001:00052a70       _trap_BotDumpAvoidGoals    20053a70 f   g_syscalls.obj
 0001:00052aa0       _trap_BotDumpGoalStack     20053aa0 f   g_syscalls.obj
 0001:00052ad0       _trap_BotGoalName          20053ad0 f   g_syscalls.obj
 0001:00052b10       _trap_BotGetTopGoal        20053b10 f   g_syscalls.obj
 0001:00052b40       _trap_BotGetSecondGoal     20053b40 f   g_syscalls.obj
 0001:00052b70       _trap_BotChooseLTGItem     20053b70 f   g_syscalls.obj
 0001:00052bb0       _trap_BotChooseNBGItem     20053bb0 f   g_syscalls.obj
 0001:00052c00       _trap_BotTouchingGoal      20053c00 f   g_syscalls.obj
 0001:00052c30       _trap_BotItemGoalInVisButNotVisible 20053c30 f   g_syscalls.obj
 0001:00052c70       _trap_BotGetLevelItemGoal  20053c70 f   g_syscalls.obj
 0001:00052cb0       _trap_BotGetNextCampSpotGoal 20053cb0 f   g_syscalls.obj
 0001:00052ce0       _trap_BotGetMapLocationGoal 20053ce0 f   g_syscalls.obj
 0001:00052d10       _trap_BotAvoidGoalTime     20053d10 f   g_syscalls.obj
 0001:00052d50       _trap_BotSetAvoidGoalTime  20053d50 f   g_syscalls.obj
 0001:00052d90       _trap_BotInitLevelItems    20053d90 f   g_syscalls.obj
 0001:00052dc0       _trap_BotUpdateEntityItems 20053dc0 f   g_syscalls.obj
 0001:00052df0       _trap_BotLoadItemWeights   20053df0 f   g_syscalls.obj
 0001:00052e20       _trap_BotFreeItemWeights   20053e20 f   g_syscalls.obj
 0001:00052e50       _trap_BotInterbreedGoalFuzzyLogic 20053e50 f   g_syscalls.obj
 0001:00052e90       _trap_BotSaveGoalFuzzyLogic 20053e90 f   g_syscalls.obj
 0001:00052ec0       _trap_BotMutateGoalFuzzyLogic 20053ec0 f   g_syscalls.obj
 0001:00052f00       _trap_BotAllocGoalState    20053f00 f   g_syscalls.obj
 0001:00052f30       _trap_BotFreeGoalState     20053f30 f   g_syscalls.obj
 0001:00052f60       _trap_BotResetMoveState    20053f60 f   g_syscalls.obj
 0001:00052f90       _trap_BotAddAvoidSpot      20053f90 f   g_syscalls.obj
 0001:00052fe0       _trap_BotMoveToGoal        20053fe0 f   g_syscalls.obj
 0001:00053020       _trap_BotMoveInDirection   20054020 f   g_syscalls.obj
 0001:00053070       _trap_BotResetAvoidReach   20054070 f   g_syscalls.obj
 0001:000530a0       _trap_BotResetLastAvoidReach 200540a0 f   g_syscalls.obj
 0001:000530d0       _trap_BotReachabilityArea  200540d0 f   g_syscalls.obj
 0001:00053100       _trap_BotMovementViewTarget 20054100 f   g_syscalls.obj
 0001:00053150       _trap_BotPredictVisiblePosition 20054150 f   g_syscalls.obj
 0001:00053190       _trap_BotAllocMoveState    20054190 f   g_syscalls.obj
 0001:000531c0       _trap_BotFreeMoveState     200541c0 f   g_syscalls.obj
 0001:000531f0       _trap_BotInitMoveState     200541f0 f   g_syscalls.obj
 0001:00053220       _trap_BotChooseBestFightWeapon 20054220 f   g_syscalls.obj
 0001:00053250       _trap_BotGetWeaponInfo     20054250 f   g_syscalls.obj
 0001:00053290       _trap_BotLoadWeaponWeights 20054290 f   g_syscalls.obj
 0001:000532c0       _trap_BotAllocWeaponState  200542c0 f   g_syscalls.obj
 0001:000532f0       _trap_BotFreeWeaponState   200542f0 f   g_syscalls.obj
 0001:00053320       _trap_BotResetWeaponState  20054320 f   g_syscalls.obj
 0001:00053350       _trap_GeneticParentsAndChildSelection 20054350 f   g_syscalls.obj
 0001:00053390       _trap_PC_LoadSource        20054390 f   g_syscalls.obj
 0001:000533c0       _trap_PC_FreeSource        200543c0 f   g_syscalls.obj
 0001:000533f0       _trap_PC_ReadToken         200543f0 f   g_syscalls.obj
 0001:00053420       _trap_PC_SourceFileAndLine 20054420 f   g_syscalls.obj
 0001:00053460       _Use_Target_Give           20054460 f   g_target.obj
 0001:00053530       _SP_target_give            20054530 f   g_target.obj
 0001:00053560       _Use_target_remove_powerups 20054560 f   g_target.obj
 0001:00053620       _SP_target_remove_powerups 20054620 f   g_target.obj
 0001:00053650       _Think_Target_Delay        20054650 f   g_target.obj
 0001:00053680       _Use_Target_Delay          20054680 f   g_target.obj
 0001:00053730       _SP_target_delay           20054730 f   g_target.obj
 0001:000537d0       _Use_Target_Score          200547d0 f   g_target.obj
 0001:00053810       _SP_target_score           20054810 f   g_target.obj
 0001:00053860       _Use_Target_Print          20054860 f   g_target.obj
 0001:000539a0       _SP_target_print           200549a0 f   g_target.obj
 0001:000539d0       _Use_Target_Speaker        200549d0 f   g_target.obj
 0001:00053ac0       _SP_target_speaker         20054ac0 f   g_target.obj
 0001:00053d10       _target_laser_think        20054d10 f   g_target.obj
 0001:00053fc0       _target_laser_on           20054fc0 f   g_target.obj
 0001:00054010       _target_laser_off          20055010 f   g_target.obj
 0001:00054050       _target_laser_use          20055050 f   g_target.obj
 0001:000540b0       _target_laser_start        200550b0 f   g_target.obj
 0001:000541f0       _SP_target_laser           200551f0 f   g_target.obj
 0001:00054230       _target_teleporter_use     20055230 f   g_target.obj
 0001:000542b0       _SP_target_teleporter      200552b0 f   g_target.obj
 0001:00054320       _target_relay_use          20055320 f   g_target.obj
 0001:00054430       _SP_target_relay           20055430 f   g_target.obj
 0001:00054460       _target_kill_use           20055460 f   g_target.obj
 0001:000544a0       _SP_target_kill            200554a0 f   g_target.obj
 0001:000544d0       _SP_target_position        200554d0 f   g_target.obj
 0001:00054500       _SP_target_location        20055500 f   g_target.obj
 0001:00054690       _Team_InitGame             20055690 f   g_team.obj
 0001:00054710       _OtherTeam                 20055710 f   g_team.obj
 0001:00054750       _TeamName                  20055750 f   g_team.obj
 0001:000547a0       _OtherTeamName             200557a0 f   g_team.obj
 0001:000547f0       _TeamColorString           200557f0 f   g_team.obj
 0001:00054840       _PrintMsg                  20055840 f   g_team.obj
 0001:00054940       _AddTeamScore              20055940 f   g_team.obj
 0001:00054a90       _OnSameTeam                20055a90 f   g_team.obj
 0001:00054b10       _Team_SetFlagStatus        20055b10 f   g_team.obj
 0001:00054c20       _Team_CheckDroppedItem     20055c20 f   g_team.obj
 0001:00054ca0       _Team_ForceGesture         20055ca0 f   g_team.obj
 0001:00054d50       _Team_FragBonuses          20055d50 f   g_team.obj
 0001:000559c0       _Team_CheckHurtCarrier     200569c0 f   g_team.obj
 0001:00055ae0       _Team_ResetFlag            20056ae0 f   g_team.obj
 0001:00055bd0       _Team_ResetFlags           20056bd0 f   g_team.obj
 0001:00055c10       _Team_ReturnFlagSound      20056c10 f   g_team.obj
 0001:00055ca0       _Team_TakeFlagSound        20056ca0 f   g_team.obj
 0001:00055dc0       _Team_CaptureFlagSound     20056dc0 f   g_team.obj
 0001:00055e50       _Team_ReturnFlag           20056e50 f   g_team.obj
 0001:00055ed0       _Team_FreeEntity           20056ed0 f   g_team.obj
 0001:00055f50       _Team_DroppedFlagThink     20056f50 f   g_team.obj
 0001:00055ff0       _Team_TouchOurFlag         20056ff0 f   g_team.obj
 0001:000565e0       _Team_TouchEnemyFlag       200575e0 f   g_team.obj
 0001:000566c0       _Pickup_Team               200576c0 f   g_team.obj
 0001:000567a0       _Team_GetLocation          200577a0 f   g_team.obj
 0001:000568e0       _Team_GetLocationMsg       200578e0 f   g_team.obj
 0001:000569d0       _SelectRandomTeamSpawnPoint 200579d0 f   g_team.obj
 0001:00056b20       _SelectCTFSpawnPoint       20057b20 f   g_team.obj
 0001:00056bf0       _TeamplayInfoMessage       20057bf0 f   g_team.obj
 0001:00056fe0       _CheckTeamStatus           20057fe0 f   g_team.obj
 0001:000571b0       _SP_team_CTF_redplayer     200581b0 f   g_team.obj
 0001:000571d0       _SP_team_CTF_blueplayer    200581d0 f   g_team.obj
 0001:000571f0       _SP_team_CTF_redspawn      200581f0 f   g_team.obj
 0001:00057210       _SP_team_CTF_bluespawn     20058210 f   g_team.obj
 0001:00057230       _InitTrigger               20058230 f   g_trigger.obj
 0001:000572c0       _multi_wait                200582c0 f   g_trigger.obj
 0001:000572f0       _multi_trigger             200582f0 f   g_trigger.obj
 0001:00057500       _Use_Multi                 20058500 f   g_trigger.obj
 0001:00057530       _Touch_Multi               20058530 f   g_trigger.obj
 0001:00057570       _SP_trigger_multiple       20058570 f   g_trigger.obj
 0001:00057670       _trigger_always_think      20058670 f   g_trigger.obj
 0001:000576b0       _SP_trigger_always         200586b0 f   g_trigger.obj
 0001:000576f0       _G_TouchJumpPad            200586f0 f   g_trigger.obj
 0001:00057840       _trigger_push_touch        20058840 f   g_trigger.obj
 0001:000578b0       _AimAtTarget               200588b0 f   g_trigger.obj
 0001:00057a90       _SP_trigger_push           20058a90 f   g_trigger.obj
 0001:00057b30       _Use_target_push           20058b30 f   g_trigger.obj
 0001:00057c20       _SP_target_push            20058c20 f   g_trigger.obj
 0001:00057dd0       _trigger_teleporter_touch  20058dd0 f   g_trigger.obj
 0001:00057f10       _SP_trigger_teleport       20058f10 f   g_trigger.obj
 0001:00057fc0       _hurt_use                  20058fc0 f   g_trigger.obj
 0001:00058010       _hurt_touch                20059010 f   g_trigger.obj
 0001:00058130       _SP_trigger_hurt           20059130 f   g_trigger.obj
 0001:00058200       _func_timer_think          20059200 f   g_trigger.obj
 0001:000582a0       _func_timer_use            200592a0 f   g_trigger.obj
 0001:00058300       _SP_func_timer             20059300 f   g_trigger.obj
 0001:00058430       _AddRemap                  20059430 f   g_utils.obj
 0001:00058560       _BuildShaderStateConfig    20059560 f   g_utils.obj
 0001:00058660       _G_FindConfigstringIndex   20059660 f   g_utils.obj
 0001:00058750       _G_ModelIndex              20059750 f   g_utils.obj
 0001:00058780       _G_SoundIndex              20059780 f   g_utils.obj
 0001:000587c0       _G_TeamCommand             200597c0 f   g_utils.obj
 0001:00058860       _G_Find                    20059860 f   g_utils.obj
 0001:00058910       _G_PickTarget              20059910 f   g_utils.obj
 0001:000589f0       _G_UseTargets              200599f0 f   g_utils.obj
 0001:00058b40       _tv                        20059b40 f   g_utils.obj
 0001:00058bb0       _vtos                      20059bb0 f   g_utils.obj
 0001:00058c40       _G_SetMovedir              20059c40 f   g_utils.obj
 0001:00058d90       _vectoyaw                  20059d90 f   g_utils.obj
 0001:00058e90       _G_InitGentity             20059e90 f   g_utils.obj
 0001:00058ef0       _G_Spawn                   20059ef0 f   g_utils.obj
 0001:000590c0       _G_EntitiesFree            2005a0c0 f   g_utils.obj
 0001:00059130       _G_FreeEntity              2005a130 f   g_utils.obj
 0001:000591b0       _G_TempEntity              2005a1b0 f   g_utils.obj
 0001:000592a0       _G_KillBox                 2005a2a0 f   g_utils.obj
 0001:00059440       _G_AddPredictableEvent     2005a440 f   g_utils.obj
 0001:00059490       _G_AddEvent                2005a490 f   g_utils.obj
 0001:000595c0       _G_Sound                   2005a5c0 f   g_utils.obj
 0001:00059600       _G_SetOrigin               2005a600 f   g_utils.obj
 0001:000596d0       _DebugLine                 2005a6d0 f   g_utils.obj
 0001:000599c0       _G_BounceProjectile        2005a9c0 f   g_weapon.obj
 0001:00059ae0       _Inv_CalcMuzzlePoint       2005aae0 f   g_weapon.obj
 0001:00059c80       _Weapon_Gauntlet           2005ac80 f   g_weapon.obj
 0001:00059ca0       _CheckGauntletAttack       2005aca0 f   g_weapon.obj
 0001:0005a010       _SnapVectorTowards         2005b010 f   g_weapon.obj
 0001:0005a0c0       _Bullet_Fire               2005b0c0 f   g_weapon.obj
 0001:0005a410       _BFG_Fire                  2005b410 f   g_weapon.obj
 0001:0005a490       _ShotgunPellet             2005b490 f   g_weapon.obj
 0001:0005a5e0       _ShotgunPattern            2005b5e0 f   g_weapon.obj
 0001:0005a850       _weapon_supershotgun_fire  2005b850 f   g_weapon.obj
 0001:0005a970       _weapon_grenadelauncher_fire 2005b970 f   g_weapon.obj
 0001:0005aa20       _Weapon_RocketLauncher_Fire 2005ba20 f   g_weapon.obj
 0001:0005aaa0       _Weapon_Plasmagun_Fire     2005baa0 f   g_weapon.obj
 0001:0005ab20       _weapon_railgun_fire       2005bb20 f   g_weapon.obj
 0001:0005afb0       _Weapon_GrapplingHook_Fire 2005bfb0 f   g_weapon.obj
 0001:0005b030       _Weapon_HookFree           2005c030 f   g_weapon.obj
 0001:0005b0b0       _Weapon_HookThink          2005c0b0 f   g_weapon.obj
 0001:0005b270       _Weapon_LightningFire      2005c270 f   g_weapon.obj
 0001:0005b4a0       _LogAccuracyHit            2005c4a0 f   g_weapon.obj
 0001:0005b540       _CalcMuzzlePoint           2005c540 f   g_weapon.obj
 0001:0005b650       _CalcMuzzlePointOrigin     2005c650 f   g_weapon.obj
 0001:0005b7b0       _FireWeapon                2005c7b0 f   g_weapon.obj
 0001:0005ba00       _Q_rand                    2005ca00 f   q_math.obj
 0001:0005ba40       _Q_random                  2005ca40 f   q_math.obj
 0001:0005ba80       _Q_crandom                 2005ca80 f   q_math.obj
 0001:0005bab0       _ClampChar                 2005cab0 f   q_math.obj
 0001:0005bae0       _ClampShort                2005cae0 f   q_math.obj
 0001:0005bb20       _DirToByte                 2005cb20 f   q_math.obj
 0001:0005bbf0       _ByteToDir                 2005cbf0 f   q_math.obj
 0001:0005bc90       _ColorBytes3               2005cc90 f   q_math.obj
 0001:0005bcf0       _ColorBytes4               2005ccf0 f   q_math.obj
 0001:0005bd60       _NormalizeColor            2005cd60 f   q_math.obj
 0001:0005be30       _PlaneFromPoints           2005ce30 f   q_math.obj
 0001:0005bfc0       _RotatePointAroundVector   2005cfc0 f   q_math.obj
 0001:0005c270       _RotateAroundDirection     2005d270 f   q_math.obj
 0001:0005c320       _vectoangles               2005d320 f   q_math.obj
 0001:0005c4f0       _AnglesToAxis              2005d4f0 f   q_math.obj
 0001:0005c560       _AxisClear                 2005d560 f   q_math.obj
 0001:0005c5f0       _AxisCopy                  2005d5f0 f   q_math.obj
 0001:0005c690       _ProjectPointOnPlane       2005d690 f   q_math.obj
 0001:0005c810       _MakeNormalVectors         2005d810 f   q_math.obj
 0001:0005c900       _VectorRotate              2005d900 f   q_math.obj
 0001:0005c9c0       _Q_rsqrt                   2005d9c0 f   q_math.obj
 0001:0005ca30       _Q_fabs                    2005da30 f   q_math.obj
 0001:0005ca60       _LerpAngle                 2005da60 f   q_math.obj
 0001:0005cae0       _AngleSubtract             2005dae0 f   q_math.obj
 0001:0005cb50       _AnglesSubtract            2005db50 f   q_math.obj
 0001:0005cbd0       _AngleMod                  2005dbd0 f   q_math.obj
 0001:0005cc10       _AngleNormalize360         2005dc10 f   q_math.obj
 0001:0005cc50       _AngleNormalize180         2005dc50 f   q_math.obj
 0001:0005cca0       _AngleDelta                2005dca0 f   q_math.obj
 0001:0005ccd0       _SetPlaneSignbits          2005dcd0 f   q_math.obj
 0001:0005cd50       _BoxOnPlaneSide            2005dd50 f   q_math.obj
 0001:0005d020       _RadiusFromBounds          2005e020 f   q_math.obj
 0001:0005d140       _ClearBounds               2005e140 f   q_math.obj
 0001:0005d1a0       _AddPointToBounds          2005e1a0 f   q_math.obj
 0001:0005d2a0       _VectorNormalize           2005e2a0 f   q_math.obj
 0001:0005d360       _VectorNormalize2          2005e360 f   q_math.obj
 0001:0005d440       __VectorMA                 2005e440 f   q_math.obj
 0001:0005d4a0       __DotProduct               2005e4a0 f   q_math.obj
 0001:0005d4f0       __VectorSubtract           2005e4f0 f   q_math.obj
 0001:0005d550       __VectorAdd                2005e550 f   q_math.obj
 0001:0005d5b0       __VectorCopy               2005e5b0 f   q_math.obj
 0001:0005d5f0       __VectorScale              2005e5f0 f   q_math.obj
 0001:0005d640       _Vector4Scale              2005e640 f   q_math.obj
 0001:0005d6a0       _Q_log2                    2005e6a0 f   q_math.obj
 0001:0005d6e0       _MatrixMultiply            2005e6e0 f   q_math.obj
 0001:0005d8f0       _AngleVectors              2005e8f0 f   q_math.obj
 0001:0005db50       _PerpendicularVector       2005eb50 f   q_math.obj
 0001:0005dc40       _TransposeMatrix           2005ec40 f   q_math.obj
 0001:0005dcc0       _Com_Clamp                 2005ecc0 f   q_shared.obj
 0001:0005dd10       _COM_SkipPath              2005ed10 f   q_shared.obj
 0001:0005dd70       _COM_StripExtension        2005ed70 f   q_shared.obj
 0001:0005ddd0       _COM_DefaultExtension      2005edd0 f   q_shared.obj
 0001:0005de80       _ShortSwap                 2005ee80 f   q_shared.obj
 0001:0005dee0       _ShortNoSwap               2005eee0 f   q_shared.obj
 0001:0005df00       _LongSwap                  2005ef00 f   q_shared.obj
 0001:0005dfa0       _LongNoSwap                2005efa0 f   q_shared.obj
 0001:0005dfc0       _Long64Swap                2005efc0 f   q_shared.obj
 0001:0005e020       _Long64NoSwap              2005f020 f   q_shared.obj
 0001:0005e040       _FloatSwap                 2005f040 f   q_shared.obj
 0001:0005e080       _FloatNoSwap               2005f080 f   q_shared.obj
 0001:0005e0a0       _COM_BeginParseSession     2005f0a0 f   q_shared.obj
 0001:0005e0f0       _COM_GetCurrentParseLine   2005f0f0 f   q_shared.obj
 0001:0005e110       _COM_Parse                 2005f110 f   q_shared.obj
 0001:0005e140       _COM_ParseError            2005f140 f   q_shared.obj
 0001:0005e1b0       _COM_ParseWarning          2005f1b0 f   q_shared.obj
 0001:0005e220       _COM_Compress              2005f220 f   q_shared.obj
 0001:0005e4a0       _COM_ParseExt              2005f4a0 f   q_shared.obj
 0001:0005e7d0       _COM_MatchToken            2005f7d0 f   q_shared.obj
 0001:0005e830       _SkipBracedSection         2005f830 f   q_shared.obj
 0001:0005e8c0       _SkipRestOfLine            2005f8c0 f   q_shared.obj
 0001:0005e930       _Parse1DMatrix             2005f930 f   q_shared.obj
 0001:0005e9c0       _Parse2DMatrix             2005f9c0 f   q_shared.obj
 0001:0005ea50       _Parse3DMatrix             2005fa50 f   q_shared.obj
 0001:0005eaf0       _Q_isprint                 2005faf0 f   q_shared.obj
 0001:0005eb20       _Q_islower                 2005fb20 f   q_shared.obj
 0001:0005eb50       _Q_isupper                 2005fb50 f   q_shared.obj
 0001:0005eb80       _Q_isalpha                 2005fb80 f   q_shared.obj
 0001:0005ebc0       _Q_strrchr                 2005fbc0 f   q_shared.obj
 0001:0005ec40       _Q_strncpyz                2005fc40 f   q_shared.obj
 0001:0005ecd0       _Q_stricmpn                2005fcd0 f   q_shared.obj
 0001:0005ede0       _Q_strncmp                 2005fde0 f   q_shared.obj
 0001:0005ee70       _Q_stricmp                 2005fe70 f   q_shared.obj
 0001:0005eec0       _Q_strlwr                  2005fec0 f   q_shared.obj
 0001:0005ef20       _Q_strupr                  2005ff20 f   q_shared.obj
 0001:0005ef80       _Q_strcat                  2005ff80 f   q_shared.obj
 0001:0005eff0       _Q_PrintStrlen             2005fff0 f   q_shared.obj
 0001:0005f090       _Q_CleanStr                20060090 f   q_shared.obj
 0001:0005f150       _Com_sprintf               20060150 f   q_shared.obj
 0001:0005f200       _va                        20060200 f   q_shared.obj
 0001:0005f270       _Info_ValueForKey          20060270 f   q_shared.obj
 0001:0005f450       _Info_NextPair             20060450 f   q_shared.obj
 0001:0005f560       _Info_RemoveKey            20060560 f   q_shared.obj
 0001:0005f730       _Info_RemoveKey_Big        20060730 f   q_shared.obj
 0001:0005f900       _Info_Validate             20060900 f   q_shared.obj
 0001:0005f960       _Info_SetValueForKey       20060960 f   q_shared.obj
 0001:0005fb40       _Info_SetValueForKey_Big   20060b40 f   q_shared.obj
 0001:0005fd10       _atol                      20060d10 f   LIBCMTD:atox.obj
 0001:0005fe10       _atoi                      20060e10 f   LIBCMTD:atox.obj
 0001:0005fe30       __atoi64                   20060e30 f   LIBCMTD:atox.obj
 0001:0005ff60       _strlen                    20060f60 f   LIBCMTD:strlen.obj
 0001:0005ffe0       _srand                     20060fe0 f   LIBCMTD:rand.obj
 0001:0005fff0       _rand                      20060ff0 f   LIBCMTD:rand.obj
 0001:00060030       __fpmath                   20061030 f   LIBCMTD:fpinit.obj
 0001:00060060       __fpclear                  20061060 f   LIBCMTD:fpinit.obj
 0001:00060070       __cfltcvt_init             20061070 f   LIBCMTD:fpinit.obj
 0001:000600c0       ___setfflag                200610c0 f   LIBCMTD:fpinit.obj
 0001:000600dc       __ftol                     200610dc f   LIBCMTD:ftol.obj
 0001:00060110       _strncpy                   20061110 f   LIBCMTD:strncpy.obj
 0001:00060210       _strcpy                    20061210 f   LIBCMTD:strcat.obj
 0001:00060220       _strcat                    20061220 f   LIBCMTD:strcat.obj
 0001:00060300       _memcpy                    20061300 f   LIBCMTD:memcpy.obj
 0001:00060640       _atof                      20061640 f   LIBCMTD:atof.obj
 0001:000606c0       _sscanf                    200616c0 f   LIBCMTD:sscanf.obj
 0001:00060780       __CIsqrt                   20061780 f   LIBCMTD:sqrt.obj
 0001:00060794       _sqrt                      20061794 f   LIBCMTD:sqrt.obj
 0001:00060840       _memset                    20061840 f   LIBCMTD:memset.obj
 0001:000608a0       __toupper                  200618a0 f   LIBCMTD:toupper.obj
 0001:000608b0       _toupper                   200618b0 f   LIBCMTD:toupper.obj
 0001:00060950       __toupper_lk               20061950 f   LIBCMTD:toupper.obj
 0001:00060a80       _memmove                   20061a80 f   LIBCMTD:memmove.obj
 0001:00060dc0       _strstr                    20061dc0 f   LIBCMTD:strstr.obj
 0001:00060e40       _fabs                      20061e40 f   LIBCMTD:fabs.obj
 0001:00060f40       _strcmp                    20061f40 f   LIBCMTD:strcmp.obj
 0001:00060fd0       _vsprintf                  20061fd0 f   LIBCMTD:vsprintf.obj
 0001:000610d0       _abs                       200620d0 f   LIBCMTD:abs.obj
 0001:00061110       _strchr                    20062110 f   LIBCMTD:strchr.obj
 0001:00061116       ___from_strstr_to_strchr   20062116 f   LIBCMTD:strchr.obj
 0001:000611d0       __CIsin                    200621d0 f   LIBCMTD:sin.obj
 0001:000611e4       _sin                       200621e4 f   LIBCMTD:sin.obj
 0001:00061280       __CIcos                    20062280 f   LIBCMTD:cos.obj
 0001:00061294       _cos                       20062294 f   LIBCMTD:cos.obj
 0001:00061330       __CIacos                   20062330 f   LIBCMTD:acos.obj
 0001:00061344       _acos                      20062344 f   LIBCMTD:acos.obj
 0001:00061400       __assert                   20062400 f   LIBCMTD:assert.obj
 0001:00061780       __alloca_probe             20062780 f   LIBCMTD:chkstk.obj
 0001:00061780       __chkstk                   20062780 f   LIBCMTD:chkstk.obj
 0001:000617b0       __tolower                  200627b0 f   LIBCMTD:tolower.obj
 0001:000617c0       _tolower                   200627c0 f   LIBCMTD:tolower.obj
 0001:00061860       __tolower_lk               20062860 f   LIBCMTD:tolower.obj
 0001:00061990       _ceil                      20062990 f   LIBCMTD:ceil.obj
 0001:00061ad0       _qsort                     20062ad0 f   LIBCMTD:qsort.obj
 0001:00061dd0       _atan2                     20062dd0 f   LIBCMTD:87ctriga.obj
 0001:00061dda       __CIatan2                  20062dda f   LIBCMTD:87ctriga.obj
 0001:00061df0       __CRT_INIT@12              20062df0 f   LIBCMTD:dllcrt0.obj
 0001:00061f30       __DllMainCRTStartup@12     20062f30 f   LIBCMTD:dllcrt0.obj
 0001:00062030       __amsg_exit                20063030 f   LIBCMTD:dllcrt0.obj
 0001:00062070       __isctype                  20063070 f   LIBCMTD:isctype.obj
 0001:00062130       __allmul                   20063130 f   LIBCMTD:llmul.obj
 0001:00062170       __mtinit                   20063170 f   LIBCMTD:tidtable.obj
 0001:00062200       __mtterm                   20063200 f   LIBCMTD:tidtable.obj
 0001:00062230       __initptd                  20063230 f   LIBCMTD:tidtable.obj
 0001:00062250       __getptd                   20063250 f   LIBCMTD:tidtable.obj
 0001:000622f0       __freeptd                  200632f0 f   LIBCMTD:tidtable.obj
 0001:00062400       ___threadid                20063400 f   LIBCMTD:tidtable.obj
 0001:00062410       ___threadhandle            20063410 f   LIBCMTD:tidtable.obj
 0001:00062420       __setdefaultprecision      20063420 f   LIBCMTD:fp8.obj
 0001:00062440       __ms_p5_test_fdiv          20063440 f   LIBCMTD:testfdiv.obj
 0001:000624a0       __ms_p5_mp_test_fdiv       200634a0 f   LIBCMTD:testfdiv.obj
 0001:000624f0       __forcdecpt                200634f0 f   LIBCMTD:cvt.obj
 0001:000625a0       __cropzeros                200635a0 f   LIBCMTD:cvt.obj
 0001:00062680       __positive                 20063680 f   LIBCMTD:cvt.obj
 0001:000626b0       __fassign                  200636b0 f   LIBCMTD:cvt.obj
 0001:00062700       __cftoe                    20063700 f   LIBCMTD:cvt.obj
 0001:000628f0       __cftof                    200638f0 f   LIBCMTD:cvt.obj
 0001:00062aa0       __cftog                    20063aa0 f   LIBCMTD:cvt.obj
[...]
 0003:00004300       __pow10neg                 200cc300     LIBCMTD:constpow.obj
 0003:0000445c       __timezone                 200cc45c     LIBCMTD:timeset.obj
 0003:00004460       __daylight                 200cc460     LIBCMTD:timeset.obj
 0003:00004464       __dstbias                  200cc464     LIBCMTD:timeset.obj
 0003:000044e8       __tzname                   200cc4e8     LIBCMTD:timeset.obj
 0003:0000450c       __lpdays                   200cc50c     LIBCMTD:days.obj
 0003:00004540       __days                     200cc540     LIBCMTD:days.obj
 0003:00004d18       _c_pmove                   200ccd18     bg_pmove.obj
 0003:00004d20       _WallWalk                  200ccd20     bg_pmove.obj
 0003:00004d24       _ceiling                   200ccd24     bg_pmove.obj
 0003:00057dc0       _remapCount                2011fdc0     g_utils.obj
 0003:000581bc       _vec3_origin               201201bc     q_math.obj
 0003:00072ab4       ___fastflag                2013aab4     LIBCMTD:fpinit.obj
 0003:00072ab8       __adjust_fdiv              2013aab8     LIBCMTD:fpinit.obj
 0003:00072ac0       __aenvptr                  2013aac0     LIBCMTD:dllcrt0.obj
 0003:00072ac4       __wenvptr                  2013aac4     LIBCMTD:dllcrt0.obj
 0003:00072ac8       ___error_mode              2013aac8     LIBCMTD:dllcrt0.obj
 0003:00072acc       ___app_type                2013aacc     LIBCMTD:dllcrt0.obj
 0003:00072b44       ___lc_handle               2013ab44     LIBCMTD:nlsdata2.obj
 0003:00072b5c       ___lc_codepage             2013ab5c     LIBCMTD:nlsdata2.obj
 0003:00072b60       ___lc_collate_cp           2013ab60     LIBCMTD:nlsdata2.obj
 0003:00072b68       __umaskval                 2013ab68     LIBCMTD:crt0dat.obj
 0003:00072b6c       __osver                    2013ab6c     LIBCMTD:crt0dat.obj
 0003:00072b70       __winver                   2013ab70     LIBCMTD:crt0dat.obj
 0003:00072b74       __winmajor                 2013ab74     LIBCMTD:crt0dat.obj
 0003:00072b78       __winminor                 2013ab78     LIBCMTD:crt0dat.obj
 0003:00072b7c       ___argc                    2013ab7c     LIBCMTD:crt0dat.obj
 0003:00072b80       ___argv                    2013ab80     LIBCMTD:crt0dat.obj
 0003:00072b84       ___wargv                   2013ab84     LIBCMTD:crt0dat.obj
 0003:00072b88       __environ                  2013ab88     LIBCMTD:crt0dat.obj
 0003:00072b8c       ___initenv                 2013ab8c     LIBCMTD:crt0dat.obj
 0003:00072b90       __wenviron                 2013ab90     LIBCMTD:crt0dat.obj
 0003:00072b94       ___winitenv                2013ab94     LIBCMTD:crt0dat.obj
 0003:00072b98       __pgmptr                   2013ab98     LIBCMTD:crt0dat.obj
 0003:00072b9c       __wpgmptr                  2013ab9c     LIBCMTD:crt0dat.obj
 0003:00072ba0       __exitflag                 2013aba0     LIBCMTD:crt0dat.obj
 0003:00072ba4       __C_Termination_Done       2013aba4     LIBCMTD:crt0dat.obj
 0003:00072ba8       __C_Exit_Done              2013aba8     LIBCMTD:crt0dat.obj
 0003:00072bd0       __cflush                   2013abd0     LIBCMTD:_file.obj
 0003:00072cf0       __adbgmsg                  2013acf0     LIBCMTD:crt0msg.obj
 0003:00072cf8       ___lc_time_intl            2013acf8     LIBCMTD:inittime.obj
 0003:00072d14       ___lc_id                   2013ad14     LIBCMTD:nlsdata3.obj
 0003:00072d5c       __stdbuf                   2013ad5c     LIBCMTD:_sftbuf.obj
 0003:00072d64       __newmode                  2013ad64     LIBCMTD:_newmode.obj
 0003:00072d68       ?_pnhHeap@@3P6AHI@ZA       2013ad68     LIBCMTD:handler.obj
 0003:00072d78       ___lconv_static_null       2013ad78     LIBCMTD:lconv.obj
 0003:00072e60       _remappedShaders           2013ae60     <common>
 0003:00077d9c       _neutralObelisk            2013fd9c     <common>
 0003:00077dc0       _teamgame                  2013fdc0     <common>
 0003:00077de4       _pushed_p                  2013fde4     <common>
 0003:000797a0       _pushed                    201417a0     <common>
 0003:000817a0       _g_synchronousClients      201497a0     <common>
 0003:000ae640       _g_maxGameClients          20176640     <common>
 0003:000ae760       _g_fraglimit               20176760     <common>
 0003:000ae880       _g_gametype                20176880     <common>
 0003:000ae9a0       _g_password                201769a0     <common>
 0003:000aeac0       _g_dmflags                 20176ac0     <common>
 0003:000aebe0       _pmove_msec                20176be0     <common>
 0003:000aed00       _g_cheats                  20176d00     <common>
 0003:000aee20       _g_capturelimit            20176e20     <common>
 0003:000aef40       _g_weaponTeamRespawn       20176f40     <common>
 0003:000af060       _g_needpass                20177060     <common>
 0003:000af180       _g_speed                   20177180     <common>
 0003:000af2a0       _g_teamForceBalance        201772a0     <common>
 0003:000af3c0       _g_doWarmup                201773c0     <common>
 0003:000af4e0       _g_debugDamage             201774e0     <common>
 0003:000af600       _g_podiumDist              20177600     <common>
 0003:000af720       _g_banIPs                  20177720     <common>
 0003:000af840       _pmove_fixed               20177840     <common>
 0003:000af960       _g_rankings                20177960     <common>
 0003:000afa80       _g_knockback               20177a80     <common>
 0003:000afba0       _g_clients                 20177ba0     <common>
 0003:000bbda0       _g_maxclients              20183da0     <common>
 0003:000bbec0       _g_podiumDrop              20183ec0     <common>
 0003:000bbfe0       _g_timelimit               20183fe0     <common>
 0003:000bc100       _g_filterBan               20184100     <common>
 0003:000bc220       _g_smoothClients           20184220     <common>
 0003:000bc340       _g_debugAlloc              20184340     <common>
 0003:000bc460       _g_inactivity              20184460     <common>
 0003:000bc580       _level                     20184580     <common>
 0003:000be980       _g_restarted               20186980     <common>
 0003:000beaa0       _g_teamAutoJoin            20186aa0     <common>
 0003:000bebc0       _g_blood                   20186bc0     <common>
 0003:000bece0       _g_gravity                 20186ce0     <common>
 0003:000bee00       _g_listEntity              20186e00     <common>
 0003:000bef20       _g_allowVote               20186f20     <common>
 0003:000bf040       _g_entities                20187040     <common>
 0003:0018e040       _g_log                     20256040     <common>
 0003:0018e160       _g_friendlyFire            20256160     <common>
 0003:0018e280       _g_weaponRespawn           20256280     <common>
 0003:0018e3a0       _g_debugMove               202563a0     <common>
 0003:0018e4c0       _g_motd                    202564c0     <common>
 0003:0018e5e0       _g_forcerespawn            202565e0     <common>
 0003:0018e700       _g_warmup                  20256700     <common>
 0003:0018e820       _g_logSync                 20256820     <common>
 0003:0018e940       _g_quadfactor              20256940     <common>
 0003:0018ea60       _g_dedicated               20256a60     <common>
 0003:0018eb80       _itemRegistered            20256b80     <common>
 0003:0018f060       _bot_minplayers            20257060     <common>
 0003:0018f1b0       _g_numArenas               202571b0     <common>
 0003:0018f1b4       _podium2                   202571b4     <common>
 0003:0018f1c4       _podium3                   202571c4     <common>
 0003:0018f1c8       _podium1                   202571c8     <common>
 0003:0018f1d0       _Gravity                   202571d0     <common>
 0003:0018f220       _pml                       20257220     <common>
 0003:0018f2ac       _pm                        202572ac     <common>
 0003:0018f2c0       _ctftaskpreferences        202572c0     <common>
 0003:0018fee0       _bot_interbreedcycle       20257ee0     <common>
 0003:001902bc       _numbots                   202582bc     <common>
 0003:001902c0       _bot_testsolid             202582c0     <common>
 0003:001903e0       _bot_interbreedwrite       202583e0     <common>
 0003:00190500       _bot_developer             20258500     <common>
 0003:00190620       _bot_testclusters          20258620     <common>
 0003:00190730       _bot_interbreedmatchcount  20258730     <common>
 0003:00190740       _bot_saveroutingcache      20258740     <common>
 0003:00190860       _bot_thinktime             20258860     <common>
 0003:00190980       _botstates                 20258980     <common>
 0003:00190a80       _regularupdate_time        20258a80     <common>
 0003:00190a84       _bot_interbreed            20258a84     <common>
 0003:00190a88       _floattime                 20258a88     <common>
 0003:00190aa0       _bot_pause                 20258aa0     <common>
 0003:00190bc0       _bot_interbreedbots        20258bc0     <common>
 0003:00190ce0       _bot_memorydump            20258ce0     <common>
 0003:00190e00       _bot_report                20258e00     <common>
 0003:00190f20       _bot_interbreedchar        20258f20     <common>
 0003:00191030       _lastteleport_origin       20259030     <common>
 0003:00191d60       _ctf_blueflag              20259d60     <common>
 0003:00191da0       _g_spSkill                 20259da0     <common>
 0003:00191ec0       _bot_testrchat             20259ec0     <common>
 0003:00191fd0       _gametype                  20259fd0     <common>
 0003:00191fe0       _bot_nochat                20259fe0     <common>
 0003:001920f0       _max_bspmodelindex         2025a0f0     <common>
 0003:00192100       _bot_fastchat              2025a100     <common>
 0003:00192220       _bot_rocketjump            2025a220     <common>
 0003:00192340       _bot_predictobstacles      2025a340     <common>
 0003:00192460       _bot_challenge             2025a460     <common>
 0003:00192570       _red_numaltroutegoals      2025a570     <common>
 0003:00192580       _ctf_redflag               2025a580     <common>
 0003:001925b8       _botai_freewaypoints       2025a5b8     <common>
 0003:001925bc       _altroutegoals_setup       2025a5bc     <common>
 0003:001925c0       _lastteleport_time         2025a5c0     <common>
 0003:001925e0       _blue_altroutegoals        2025a5e0     <common>
 0003:001928e0       _blue_numaltroutegoals     2025a8e0     <common>
 0003:00192900       _botai_waypoints           2025a900     <common>
 0003:00195b00       _bot_grapple               2025db00     <common>
 0003:00195c20       _red_altroutegoals         2025dc20     <common>
 0003:00195f20       _maxclients                2025df20     <common>
 0003:00195f24       _numnodeswitches           2025df24     <common>
 0003:00196500       _nodeswitch                2025e500     <common>
 0003:001981c0       _notleader                 202601c0     <common>
 0003:001982fc       ___alternate_form          202602fc     <common>
 0003:0019830c       ___no_lead_zeros           2026030c     <common>
 0003:00198310       ___mbcodepage              20260310     <common>
 0003:00198390       ___mbulinfo                20260390     <common>
 0003:0019839c       ___ismbcodepage            2026039c     <common>
 0003:001983a0       __mbcasemap                202603a0     <common>
 0003:001984a0       __mbctype                  202604a0     <common>
 0003:001985a4       ___mblcid                  202605a4     <common>
 0003:001985a8       ___sbh_sizeHeaderList      202605a8     <common>
 0003:001985b8       ___sbh_indGroupDefer       202605b8     <common>
 0003:001985bc       ___sbh_pHeaderScan         202605bc     <common>
 0003:001985c0       ___sbh_pHeaderDefer        202605c0     <common>
 0003:001985c4       ___sbh_cntHeaderList       202605c4     <common>
 0003:001985c8       ___sbh_pHeaderList         202605c8     <common>
 0003:001985cc       __crtheap                  202605cc     <common>
 0003:001985d8       __pfnDumpClient            202605d8     <common>
 0003:00198600       ___pioinfo                 20260600     <common>
 0003:0019873c       __nhandle                  2026073c     <common>
 0003:00198740       ___piob                    20260740     <common>
 0003:00198a80       __bufin                    20260a80     <common>
 0003:00199a80       __nstream                  20261a80     <common>
 0003:00199a84       ___env_initialized         20261a84     <common>
 0003:00199a94       ___mbctype_initialized     20261a94     <common>
 0003:00199a98       ___onexitend               20261a98     <common>
 0003:00199a9c       ___onexitbegin             20261a9c     <common>
 0003:00199aa0       ___setlc_active            20261aa0     <common>
 0003:00199ab0       ___unguarded_readlc_active 20261ab0     <common>
 0003:00199ab4       __pfnReportHook            20261ab4     <common>
 0003:00199ac0       __acmdln                   20261ac0     <common>
 0003:00199ad0       __pRawDllMain              20261ad0     <common>
 0004:00000000       __IMPORT_DESCRIPTOR_KERNEL32 20262000     kernel32:KERNEL32.dll
 0004:00000014       __NULL_IMPORT_DESCRIPTOR   20262014     kernel32:KERNEL32.dll
 0004:000001bc       __imp__InterlockedDecrement@4 202621bc     kernel32:KERNEL32.dll
 0004:000001c0       __imp__InterlockedIncrement@4 202621c0     kernel32:KERNEL32.dll
 0004:000001c4       __imp__GetModuleFileNameA@12 202621c4     kernel32:KERNEL32.dll
 0004:000001c8       __imp__GetCommandLineA@0   202621c8     kernel32:KERNEL32.dll
 0004:000001cc       __imp__GetVersion@0        202621cc     kernel32:KERNEL32.dll
 0004:000001d0       __imp__GetCurrentThreadId@0 202621d0     kernel32:KERNEL32.dll
 0004:000001d4       __imp__TlsSetValue@8       202621d4     kernel32:KERNEL32.dll
 0004:000001d8       __imp__TlsAlloc@0          202621d8     kernel32:KERNEL32.dll
 0004:000001dc       __imp__TlsFree@4           202621dc     kernel32:KERNEL32.dll
 0004:000001e0       __imp__SetLastError@4      202621e0     kernel32:KERNEL32.dll
 0004:000001e4       __imp__TlsGetValue@4       202621e4     kernel32:KERNEL32.dll
 0004:000001e8       __imp__GetLastError@0      202621e8     kernel32:KERNEL32.dll
 0004:000001ec       __imp__GetCurrentThread@0  202621ec     kernel32:KERNEL32.dll
 0004:000001f0       __imp__GetProcAddress@8    202621f0     kernel32:KERNEL32.dll
 0004:000001f4       __imp__GetModuleHandleA@4  202621f4     kernel32:KERNEL32.dll
 0004:000001f8       __imp__DebugBreak@0        202621f8     kernel32:KERNEL32.dll
 0004:000001fc       __imp__GetStdHandle@4      202621fc     kernel32:KERNEL32.dll
 0004:00000200       __imp__WriteFile@20        20262200     kernel32:KERNEL32.dll
 0004:00000204       __imp__OutputDebugStringA@4 20262204     kernel32:KERNEL32.dll
 0004:00000208       __imp__LoadLibraryA@4      20262208     kernel32:KERNEL32.dll
 0004:0000020c       __imp__InitializeCriticalSection@4 2026220c     kernel32:KERNEL32.dll
 0004:00000210       __imp__DeleteCriticalSection@4 20262210     kernel32:KERNEL32.dll
 0004:00000214       __imp__EnterCriticalSection@4 20262214     kernel32:KERNEL32.dll
 0004:00000218       __imp__LeaveCriticalSection@4 20262218     kernel32:KERNEL32.dll
 0004:0000021c       __imp__ExitProcess@4       2026221c     kernel32:KERNEL32.dll
 0004:00000220       __imp__FatalAppExitA@8     20262220     kernel32:KERNEL32.dll
 0004:00000224       __imp__Sleep@4             20262224     kernel32:KERNEL32.dll
 0004:00000228       __imp__WideCharToMultiByte@32 20262228     kernel32:KERNEL32.dll
 0004:0000022c       __imp__MultiByteToWideChar@24 2026222c     kernel32:KERNEL32.dll
 0004:00000230       __imp__LCMapStringA@24     20262230     kernel32:KERNEL32.dll
 0004:00000234       __imp__LCMapStringW@24     20262234     kernel32:KERNEL32.dll
 0004:00000238       __imp__RaiseException@16   20262238     kernel32:KERNEL32.dll
 0004:0000023c       __imp__TerminateProcess@8  2026223c     kernel32:KERNEL32.dll
 0004:00000240       __imp__GetCurrentProcess@0 20262240     kernel32:KERNEL32.dll
 0004:00000244       __imp__SetConsoleCtrlHandler@8 20262244     kernel32:KERNEL32.dll
 0004:00000248       __imp__SetHandleCount@4    20262248     kernel32:KERNEL32.dll
 0004:0000024c       __imp__GetFileType@4       2026224c     kernel32:KERNEL32.dll
 0004:00000250       __imp__GetStartupInfoA@4   20262250     kernel32:KERNEL32.dll
 0004:00000254       __imp__IsBadWritePtr@8     20262254     kernel32:KERNEL32.dll
 0004:00000258       __imp__IsBadReadPtr@8      20262258     kernel32:KERNEL32.dll
 0004:0000025c       __imp__HeapValidate@12     2026225c     kernel32:KERNEL32.dll
 0004:00000260       __imp__FreeEnvironmentStringsA@4 20262260     kernel32:KERNEL32.dll
 0004:00000264       __imp__FreeEnvironmentStringsW@4 20262264     kernel32:KERNEL32.dll
 0004:00000268       __imp__GetEnvironmentStrings@0 20262268     kernel32:KERNEL32.dll
 0004:0000026c       __imp__GetEnvironmentStringsW@0 2026226c     kernel32:KERNEL32.dll
 0004:00000270       __imp__HeapDestroy@4       20262270     kernel32:KERNEL32.dll
 0004:00000274       __imp__HeapCreate@12       20262274     kernel32:KERNEL32.dll
 0004:00000278       __imp__HeapFree@12         20262278     kernel32:KERNEL32.dll
 0004:0000027c       __imp__VirtualFree@12      2026227c     kernel32:KERNEL32.dll
 0004:00000280       __imp__GetStringTypeA@20   20262280     kernel32:KERNEL32.dll
 0004:00000284       __imp__GetStringTypeW@16   20262284     kernel32:KERNEL32.dll
 0004:00000288       __imp__UnhandledExceptionFilter@4 20262288     kernel32:KERNEL32.dll
 0004:0000028c       __imp__GetCPInfo@8         2026228c     kernel32:KERNEL32.dll
 0004:00000290       __imp__IsValidLocale@8     20262290     kernel32:KERNEL32.dll
 0004:00000294       __imp__IsValidCodePage@4   20262294     kernel32:KERNEL32.dll
 0004:00000298       __imp__GetLocaleInfoA@16   20262298     kernel32:KERNEL32.dll
 0004:0000029c       __imp__EnumSystemLocalesA@8 2026229c     kernel32:KERNEL32.dll
 0004:000002a0       __imp__GetUserDefaultLCID@0 202622a0     kernel32:KERNEL32.dll
 0004:000002a4       __imp__GetVersionExA@4     202622a4     kernel32:KERNEL32.dll
 0004:000002a8       __imp__RtlUnwind@16        202622a8     kernel32:KERNEL32.dll
 0004:000002ac       __imp__SetFilePointer@16   202622ac     kernel32:KERNEL32.dll
 0004:000002b0       __imp__FlushFileBuffers@4  202622b0     kernel32:KERNEL32.dll
 0004:000002b4       __imp__HeapAlloc@12        202622b4     kernel32:KERNEL32.dll
 0004:000002b8       __imp__HeapReAlloc@16      202622b8     kernel32:KERNEL32.dll
 0004:000002bc       __imp__VirtualAlloc@16     202622bc     kernel32:KERNEL32.dll
 0004:000002c0       __imp__GetACP@0            202622c0     kernel32:KERNEL32.dll
 0004:000002c4       __imp__GetOEMCP@0          202622c4     kernel32:KERNEL32.dll
 0004:000002c8       __imp__ReadFile@20         202622c8     kernel32:KERNEL32.dll
 0004:000002cc       __imp__SetStdHandle@8      202622cc     kernel32:KERNEL32.dll
 0004:000002d0       __imp__GetTimeZoneInformation@4 202622d0     kernel32:KERNEL32.dll
 0004:000002d4       __imp__GetLocaleInfoW@16   202622d4     kernel32:KERNEL32.dll
 0004:000002d8       __imp__CloseHandle@4       202622d8     kernel32:KERNEL32.dll
 0004:000002dc       __imp__CompareStringA@24   202622dc     kernel32:KERNEL32.dll
 0004:000002e0       __imp__CompareStringW@24   202622e0     kernel32:KERNEL32.dll
 0004:000002e4       __imp__SetEnvironmentVariableA@8 202622e4     kernel32:KERNEL32.dll
 0004:000002e8       \177KERNEL32_NULL_THUNK_DATA 202622e8     kernel32:KERNEL32.dll

 entry point at        0001:00061f30

