 qagamex86

 Timestamp is 593ab3b3 (Fri Jun 09 10:41:55 2017)

 Preferred load address is 20000000

 Start         Length     Name                   Class
 0001:00000000 00080ce8H .text                   CODE
 0001:00080ce8 0003ba08H .textbss                CODE
 0002:00000000 00009cbbH .rdata                  DATA
 0002:00009cc0 0000016cH .edata                  DATA
 0003:00000000 00000104H .CRT$XCA                DATA
 0003:00000104 00000104H .CRT$XCZ                DATA
 0003:00000208 00000104H .CRT$XIA                DATA
 0003:0000030c 00000109H .CRT$XIC                DATA
 0003:00000418 00000104H .CRT$XIZ                DATA
 0003:0000051c 00000104H .CRT$XPA                DATA
 0003:00000620 00000104H .CRT$XPX                DATA
 0003:00000724 00000104H .CRT$XPZ                DATA
 0003:00000828 00000104H .CRT$XTA                DATA
 0003:0000092c 00000104H .CRT$XTZ                DATA
 0003:00000a30 0000419aH .data                   DATA
 0003:00004bd0 00194f24H .bss                    DATA
 0004:00000000 00000014H .idata$2                DATA
 0004:00000014 00000014H .idata$3                DATA
 0004:00000028 00000194H .idata$4                DATA
 0004:000001bc 00000194H .idata$5                DATA
 0004:00000350 000006d5H .idata$6                DATA

  Address         Publics by Value              Rva+Base     Lib:Object

 0001:00002640       _BotNumActivePlayers       20003640 f   ai_chat.obj
 0001:00002770       _BotIsFirstInRankings      20003770 f   ai_chat.obj
 0001:000028c0       _BotIsLastInRankings       200038c0 f   ai_chat.obj
 0001:00002a10       _BotFirstClientInRankings  20003a10 f   ai_chat.obj
 0001:00002b90       _BotLastClientInRankings   20003b90 f   ai_chat.obj
 0001:00002d10       _BotRandomOpponentName     20003d10 f   ai_chat.obj
 0001:00002f50       _BotMapTitle               20003f50 f   ai_chat.obj
 0001:00002fc0       _BotWeaponNameForMeansOfDeath 20003fc0 f   ai_chat.obj
 0001:000030c0       _BotRandomWeaponName       200040c0 f   ai_chat.obj
 0001:00003190       _BotVisibleEnemies         20004190 f   ai_chat.obj
 0001:000032e0       _BotValidChatPosition      200042e0 f   ai_chat.obj
 0001:00003510       _BotChat_EnterGame         20004510 f   ai_chat.obj
 0001:00003690       _BotChat_ExitGame          20004690 f   ai_chat.obj
 0001:000037f0       _BotChat_StartLevel        200047f0 f   ai_chat.obj
 0001:00003960       _BotChat_EndLevel          20004960 f   ai_chat.obj
 0001:00003c00       _BotChat_Death             20004c00 f   ai_chat.obj
 0001:000041a0       _BotChat_Kill              200051a0 f   ai_chat.obj
 0001:000044b0       _BotChat_EnemySuicide      200054b0 f   ai_chat.obj
 0001:00004650       _BotChat_HitTalking        20005650 f   ai_chat.obj
 0001:00004860       _BotChat_HitNoDeath        20005860 f   ai_chat.obj
 0001:00004ac0       _BotChat_HitNoKill         20005ac0 f   ai_chat.obj
 0001:00004cd0       _BotChat_Random            20005cd0 f   ai_chat.obj
 0001:00005030       _BotChatTime               20006030 f   ai_chat.obj
 0001:00005080       _BotChatTest               20006080 f   ai_chat.obj
 0001:00006130       _BotPrintTeamGoal          20007130 f   ai_cmd.obj
 0001:000063e0       _BotGetItemTeamGoal        200073e0 f   ai_cmd.obj
 0001:00006460       _BotGetMessageTeamGoal     20007460 f   ai_cmd.obj
 0001:000064f0       _BotGetTime                200074f0 f   ai_cmd.obj
 0001:00006670       _FindClientByName          20007670 f   ai_cmd.obj
 0001:00006790       _FindEnemyByName           20007790 f   ai_cmd.obj
 0001:000068f0       _NumPlayersOnSameTeam      200078f0 f   ai_cmd.obj
 0001:000069d0       _BotGetPatrolWaypoints     200079d0 f   ai_cmd.obj
 0001:00006d30       _BotAddressedToBot         20007d30 f   ai_cmd.obj
 0001:00007060       _BotGPSToPosition          20008060 f   ai_cmd.obj
 0001:000071b0       _BotMatch_HelpAccompany    200081b0 f   ai_cmd.obj
 0001:00007770       _BotMatch_DefendKeyArea    20008770 f   ai_cmd.obj
 0001:00007950       _BotMatch_GetItem          20008950 f   ai_cmd.obj
 0001:00007ae0       _BotMatch_Camp             20008ae0 f   ai_cmd.obj
 0001:00007fb0       _BotMatch_Patrol           20008fb0 f   ai_cmd.obj
 0001:00008150       _BotMatch_GetFlag          20009150 f   ai_cmd.obj
 0001:000082f0       _BotMatch_AttackEnemyBase  200092f0 f   ai_cmd.obj
 0001:00008460       _BotMatch_RushBase         20009460 f   ai_cmd.obj
 0001:000085d0       _BotMatch_TaskPreference   200095d0 f   ai_cmd.obj
 0001:000087f0       _BotMatch_ReturnFlag       200097f0 f   ai_cmd.obj
 0001:00008940       _BotMatch_JoinSubteam      20009940 f   ai_cmd.obj
 0001:00008a60       _BotMatch_LeaveSubteam     20009a60 f   ai_cmd.obj
 0001:00008b60       _BotMatch_WhichTeam        20009b60 f   ai_cmd.obj
 0001:00008c20       _BotMatch_CheckPoint       20009c20 f   ai_cmd.obj
 0001:00008f90       _BotMatch_FormationSpace   20009f90 f   ai_cmd.obj
 0001:000090b0       _BotMatch_Dismiss          2000a0b0 f   ai_cmd.obj
 0001:000091b0       _BotMatch_Suicide          2000a1b0 f   ai_cmd.obj
 0001:00009280       _BotMatch_StartTeamLeaderShip 2000a280 f   ai_cmd.obj
 0001:00009370       _BotMatch_StopTeamLeaderShip 2000a370 f   ai_cmd.obj
 0001:00009480       _BotMatch_WhoIsTeamLeader  2000a480 f   ai_cmd.obj
 0001:00009510       _BotMatch_WhatAreYouDoing  2000a510 f   ai_cmd.obj
 0001:00009840       _BotMatch_WhatIsMyCommand  2000a840 f   ai_cmd.obj
 0001:000098a0       _BotNearestVisibleItem     2000a8a0 f   ai_cmd.obj
 0001:00009a70       _BotMatch_WhereAreYou      2000aa70 f   ai_cmd.obj
 0001:00009e00       _BotMatch_LeadTheWay       2000ae00 f   ai_cmd.obj
 0001:0000a1a0       _BotMatch_Kill             2000b1a0 f   ai_cmd.obj
 0001:0000a350       _BotMatch_CTF              2000b350 f   ai_cmd.obj
 0001:0000a580       _BotMatch_EnterGame        2000b580 f   ai_cmd.obj
 0001:0000a5e0       _BotMatch_NewLeader        2000b5e0 f   ai_cmd.obj
 0001:0000a660       _BotMatchMessage           2000b660 f   ai_cmd.obj
 0001:0000ab30       _BotResetNodeSwitches      2000bb30 f   ai_dmnet.obj
 0001:0000ab50       _BotDumpNodeSwitches       2000bb50 f   ai_dmnet.obj
 0001:0000ac00       _BotRecordNodeSwitch       2000bc00 f   ai_dmnet.obj
 0001:0000acc0       _BotGetAirGoal             2000bcc0 f   ai_dmnet.obj
 0001:0000aed0       _BotGoForAir               2000bed0 f   ai_dmnet.obj
 0001:0000b000       _BotNearbyGoal             2000c000 f   ai_dmnet.obj
 0001:0000b0f0       _BotReachedGoal            2000c0f0 f   ai_dmnet.obj
 0001:0000b320       _BotGetItemLongTermGoal    2000c320 f   ai_dmnet.obj
 0001:0000b480       _BotGetLongTermGoal        2000c480 f   ai_dmnet.obj
 0001:0000da30       _BotLongTermGoal           2000ea30 f   ai_dmnet.obj
 0001:0000e080       _AIEnter_Intermission      2000f080 f   ai_dmnet.obj
 0001:0000e110       _AINode_Intermission       2000f110 f   ai_dmnet.obj
 0001:0000e1b0       _AIEnter_Observer          2000f1b0 f   ai_dmnet.obj
 0001:0000e210       _AINode_Observer           2000f210 f   ai_dmnet.obj
 0001:0000e260       _AIEnter_Stand             2000f260 f   ai_dmnet.obj
 0001:0000e2c0       _AINode_Stand              2000f2c0 f   ai_dmnet.obj
 0001:0000e430       _AIEnter_Respawn           2000f430 f   ai_dmnet.obj
 0001:0000e580       _AINode_Respawn            2000f580 f   ai_dmnet.obj
 0001:0000e6d0       _BotSelectActivateWeapon   2000f6d0 f   ai_dmnet.obj
 0001:0000e800       _BotClearPath              2000f800 f   ai_dmnet.obj
 0001:0000ed90       _AIEnter_Seek_ActivateEntity 2000fd90 f   ai_dmnet.obj
 0001:0000ede0       _AINode_Seek_ActivateEntity 2000fde0 f   ai_dmnet.obj
 0001:0000f7f0       _AIEnter_Seek_NBG          200107f0 f   ai_dmnet.obj
 0001:0000f8a0       _AINode_Seek_NBG           200108a0 f   ai_dmnet.obj
 0001:0000fe80       _AIEnter_Seek_LTG          20010e80 f   ai_dmnet.obj
 0001:0000ff30       _AINode_Seek_LTG           20010f30 f   ai_dmnet.obj
 0001:00010740       _AIEnter_Battle_Fight      20011740 f   ai_dmnet.obj
 0001:000107a0       _AIEnter_Battle_SuicidalFight 200117a0 f   ai_dmnet.obj
 0001:00010820       _AINode_Battle_Fight       20011820 f   ai_dmnet.obj
 0001:00010ec0       _AIEnter_Battle_Chase      20011ec0 f   ai_dmnet.obj
 0001:00010f20       _AINode_Battle_Chase       20011f20 f   ai_dmnet.obj
 0001:000115d0       _AIEnter_Battle_Retreat    200125d0 f   ai_dmnet.obj
 0001:00011620       _AINode_Battle_Retreat     20012620 f   ai_dmnet.obj
 0001:00011e00       _AIEnter_Battle_NBG        20012e00 f   ai_dmnet.obj
 0001:00011e50       _AINode_Battle_NBG         20012e50 f   ai_dmnet.obj
 0001:000124c0       _BotSetUserInfo            200134c0 f   ai_dmq3.obj
 0001:00012550       _BotCTFCarryingFlag        20013550 f   ai_dmq3.obj
 0001:000125b0       _BotTeam                   200135b0 f   ai_dmq3.obj
 0001:00012680       _BotOppositeTeam           20013680 f   ai_dmq3.obj
 0001:000126d0       _BotEnemyFlag              200136d0 f   ai_dmq3.obj
 0001:00012710       _BotTeamFlag               20013710 f   ai_dmq3.obj
 0001:00012750       _EntityIsDead              20013750 f   ai_dmq3.obj
 0001:000127b0       _EntityCarriesFlag         200137b0 f   ai_dmq3.obj
 0001:00012800       _EntityIsInvisible         20013800 f   ai_dmq3.obj
 0001:00012850       _EntityIsShooting          20013850 f   ai_dmq3.obj
 0001:00012890       _EntityIsChatting          20013890 f   ai_dmq3.obj
 0001:000128d0       _EntityHasQuad             200138d0 f   ai_dmq3.obj
 0001:00012900       _BotRememberLastOrderedTask 20013900 f   ai_dmq3.obj
 0001:00012990       _BotSetTeamStatus          20013990 f   ai_dmq3.obj
 0001:000129b0       _BotSetLastOrderedTask     200139b0 f   ai_dmq3.obj
 0001:00012be0       _BotRefuseOrder            20013be0 f   ai_dmq3.obj
 0001:00012c90       _BotCTFSeekGoals           20013c90 f   ai_dmq3.obj
 0001:00013a90       _BotCTFRetreatGoals        20014a90 f   ai_dmq3.obj
 0001:00013b50       _BotTeamGoals              20014b50 f   ai_dmq3.obj
 0001:00013bc0       _BotPointAreaNum           20014bc0 f   ai_dmq3.obj
 0001:00013c60       _ClientName                20014c60 f   ai_dmq3.obj
 0001:00013d20       _ClientSkin                20014d20 f   ai_dmq3.obj
 0001:00013dd0       _ClientFromName            20014dd0 f   ai_dmq3.obj
 0001:00013eb0       _ClientOnSameTeamFromName  20014eb0 f   ai_dmq3.obj
 0001:00013fb0       _stristr                   20014fb0 f   ai_dmq3.obj
 0001:00014070       _EasyClientName            20015070 f   ai_dmq3.obj
 0001:000143b0       _BotSynonymContext         200153b0 f   ai_dmq3.obj
 0001:00014410       _BotChooseWeapon           20015410 f   ai_dmq3.obj
 0001:000144e0       _BotSetupForMovement       200154e0 f   ai_dmq3.obj
 0001:000146a0       _BotCheckItemPickup        200156a0 f   ai_dmq3.obj
 0001:000146c0       _BotUpdateInventory        200156c0 f   ai_dmq3.obj
 0001:00014a80       _BotUpdateBattleInventory  20015a80 f   ai_dmq3.obj
 0001:00014b30       _BotBattleUseItems         20015b30 f   ai_dmq3.obj
 0001:00014bc0       _BotSetTeleportTime        20015bc0 f   ai_dmq3.obj
 0001:00014c20       _BotIsDead                 20015c20 f   ai_dmq3.obj
 0001:00014c50       _BotIsObserver             20015c50 f   ai_dmq3.obj
 0001:00014ce0       _BotIntermission           20015ce0 f   ai_dmq3.obj
 0001:00014d40       _BotInLavaOrSlime          20015d40 f   ai_dmq3.obj
 0001:00014db0       _BotCreateWayPoint         20015db0 f   ai_dmq3.obj
 0001:00014ef0       _BotFindWayPoint           20015ef0 f   ai_dmq3.obj
 0001:00014f50       _BotFreeWaypoints          20015f50 f   ai_dmq3.obj
 0001:00014fa0       _BotInitWaypoints          20015fa0 f   ai_dmq3.obj
 0001:00015010       _TeamPlayIsOn              20016010 f   ai_dmq3.obj
 0001:00015040       _BotAggression             20016040 f   ai_dmq3.obj
 0001:00015230       _BotFeelingBad             20016230 f   ai_dmq3.obj
 0001:000152b0       _BotWantsToRetreat         200162b0 f   ai_dmq3.obj
 0001:00015380       _BotWantsToChase           20016380 f   ai_dmq3.obj
 0001:00015440       _BotWantsToHelp            20016440 f   ai_dmq3.obj
 0001:00015460       _BotCanAndWantsToRocketJump 20016460 f   ai_dmq3.obj
 0001:00015540       _BotHasPersistantPowerupAndWeapon 20016540 f   ai_dmq3.obj
 0001:000156e0       _BotGoCamp                 200166e0 f   ai_dmq3.obj
 0001:00015820       _BotWantsToCamp            20016820 f   ai_dmq3.obj
 0001:00015af0       _BotDontAvoid              20016af0 f   ai_dmq3.obj
 0001:00015b60       _BotGoForPowerups          20016b60 f   ai_dmq3.obj
 0001:00015bf0       _BotRoamGoal               20016bf0 f   ai_dmq3.obj
 0001:00016030       _BotAttackMove             20017030 f   ai_dmq3.obj
 0001:000168f0       _BotSameTeam               200178f0 f   ai_dmq3.obj
 0001:00016a00       _InFieldOfVision           20017a00 f   ai_dmq3.obj
 0001:00016b50       _BotEntityVisible          20017b50 f   ai_dmq3.obj
 0001:00017220       _BotFindEnemy              20018220 f   ai_dmq3.obj
 0001:00017870       _BotTeamFlagCarrierVisible 20018870 f   ai_dmq3.obj
 0001:00017990       _BotTeamFlagCarrier        20018990 f   ai_dmq3.obj
 0001:00017a50       _BotEnemyFlagCarrierVisible 20018a50 f   ai_dmq3.obj
 0001:00017b70       _BotVisibleTeamMatesAndEnemies 20018b70 f   ai_dmq3.obj
 0001:00017d50       _BotAimAtEnemy             20018d50 f   ai_dmq3.obj
 0001:00019390       _BotCheckAttack            2001a390 f   ai_dmq3.obj
 0001:00019a50       _BotMapScripts             2001aa50 f   ai_dmq3.obj
 0001:00019fd0       _BotSetMovedir             2001afd0 f   ai_dmq3.obj
 0001:0001a100       _BotModelMinsMaxs          2001b100 f   ai_dmq3.obj
 0001:0001a2e0       _BotFuncButtonActivateGoal 2001b2e0 f   ai_dmq3.obj
 0001:0001b1a0       _BotFuncDoorActivateGoal   2001c1a0 f   ai_dmq3.obj
 0001:0001b3f0       _BotTriggerMultipleActivateGoal 2001c3f0 f   ai_dmq3.obj
 0001:0001b7a0       _BotPopFromActivateGoalStack 2001c7a0 f   ai_dmq3.obj
 0001:0001b830       _BotPushOntoActivateGoalStack 2001c830 f   ai_dmq3.obj
 0001:0001b990       _BotClearActivateGoalStack 2001c990 f   ai_dmq3.obj
 0001:0001b9d0       _BotEnableActivateGoalAreas 2001c9d0 f   ai_dmq3.obj
 0001:0001ba60       _BotIsGoingToActivateEntity 2001ca60 f   ai_dmq3.obj
 0001:0001bb70       _BotGetActivateGoal        2001cb70 f   ai_dmq3.obj
 0001:0001c630       _BotGoForActivateGoal      2001d630 f   ai_dmq3.obj
 0001:0001c720       _BotPrintActivateGoalInfo  2001d720 f   ai_dmq3.obj
 0001:0001c870       _BotRandomMove             2001d870 f   ai_dmq3.obj
 0001:0001c930       _BotAIBlocked              2001d930 f   ai_dmq3.obj
 0001:0001cdc0       _BotAIPredictObstacles     2001ddc0 f   ai_dmq3.obj
 0001:0001cfe0       _BotCheckConsoleMessages   2001dfe0 f   ai_dmq3.obj
 0001:0001d540       _BotCheckForGrenades       2001e540 f   ai_dmq3.obj
 0001:0001d5a0       _BotCheckEvents            2001e5a0 f   ai_dmq3.obj
 0001:0001db50       _BotCheckSnapshot          2001eb50 f   ai_dmq3.obj
 0001:0001dc70       _BotCheckAir               2001ec70 f   ai_dmq3.obj
 0001:0001dcd0       _BotAlternateRoute         2001ecd0 f   ai_dmq3.obj
 0001:0001ddb0       _BotGetAlternateRouteGoal  2001edb0 f   ai_dmq3.obj
 0001:0001df50       _BotSetupAlternativeRouteGoals 2001ef50 f   ai_dmq3.obj
 0001:0001df80       _BotDeathmatchAI           2001ef80 f   ai_dmq3.obj
 0001:0001e450       _BotSetEntityNumForGoalWithModel 2001f450 f   ai_dmq3.obj
 0001:0001e560       _BotSetEntityNumForGoal    2001f560 f   ai_dmq3.obj
 0001:0001e650       _BotGoalForBSPEntity       2001f650 f   ai_dmq3.obj
 0001:0001e860       _BotSetupDeathmatchAI      2001f860 f   ai_dmq3.obj
 0001:0001eac0       _BotShutdownDeathmatchAI   2001fac0 f   ai_dmq3.obj
 0001:0001eae0       _BotAI_Print               2001fae0 f   ai_main.obj
 0001:0001ec20       _BotAI_Trace               2001fc20 f   ai_main.obj
 0001:0001ed30       _BotAI_GetClientState      2001fd30 f   ai_main.obj
 0001:0001edb0       _BotAI_GetEntityState      2001fdb0 f   ai_main.obj
 0001:0001ee60       _BotAI_GetSnapshotEntity   2001fe60 f   ai_main.obj
 0001:0001eed0       _BotAI_BotInitialChat      2001fed0 f   ai_main.obj
 0001:0001efd0       _BotTestAAS                2001ffd0 f   ai_main.obj
 0001:0001f0e0       _BotReportStatus           200200e0 f   ai_main.obj
 0001:0001f5e0       _BotTeamplayReport         200205e0 f   ai_main.obj
 0001:0001f840       _BotSetInfoConfigString    20020840 f   ai_main.obj
 0001:0001fcf0       _BotUpdateInfoConfigStrings 20020cf0 f   ai_main.obj
 0001:0001fdf0       _BotInterbreedBots         20020df0 f   ai_main.obj
 0001:00020020       _BotWriteInterbreeded      20021020 f   ai_main.obj
 0001:00020120       _BotInterbreedEndMatch     20021120 f   ai_main.obj
 0001:000201d0       _BotInterbreeding          200211d0 f   ai_main.obj
 0001:00020350       _BotEntityInfo             20021350 f   ai_main.obj
 0001:00020380       _NumBots                   20021380 f   ai_main.obj
 0001:000203a0       _BotTeamLeader             200213a0 f   ai_main.obj
 0001:00020410       _AngleDifference           20021410 f   ai_main.obj
 0001:00020490       _BotChangeViewAngle        20021490 f   ai_main.obj
 0001:000205b0       _BotChangeViewAngles       200215b0 f   ai_main.obj
 0001:000209e0       _BotInputToUserCommand     200219e0 f   ai_main.obj
 0001:00020ef0       _BotUpdateInput            20021ef0 f   ai_main.obj
 0001:00021080       _BotAIRegularUpdate        20022080 f   ai_main.obj
 0001:000210d0       _RemoveColorEscapeSequences 200220d0 f   ai_main.obj
 0001:000211b0       _BotAI                     200221b0 f   ai_main.obj
 0001:00021730       _BotScheduleBotThink       20022730 f   ai_main.obj
 0001:000217d0       _BotWriteSessionData       200227d0 f   ai_main.obj
 0001:00021940       _BotReadSessionData        20022940 f   ai_main.obj
 0001:00021a90       _BotAISetupClient          20022a90 f   ai_main.obj
 0001:00022040       _BotAIShutdownClient       20023040 f   ai_main.obj
 0001:000221c0       _BotResetState             200231c0 f   ai_main.obj
 0001:00022470       _BotAILoadMap              20023470 f   ai_main.obj
 0001:00022550       _BotAIStartFrame           20023550 f   ai_main.obj
 0001:00022d90       _BotInitLibrary            20023d90 f   ai_main.obj
 0001:00023370       _BotAISetup                20024370 f   ai_main.obj
 0001:00023560       _BotAIShutdown             20024560 f   ai_main.obj
 0001:000235f0       _BotValidTeamLeader        200245f0 f   ai_team.obj
 0001:00023650       _BotNumTeamMates           20024650 f   ai_team.obj
 0001:00023790       _BotClientTravelTimeToGoal 20024790 f   ai_team.obj
 0001:00023820       _BotSortTeamMatesByBaseTravelTime 20024820 f   ai_team.obj
 0001:00023a90       _BotSetTeamMateTaskPreference 20024a90 f   ai_team.obj
 0001:00023af0       _BotGetTeamMateTaskPreference 20024af0 f   ai_team.obj
 0001:00023b70       _BotSortTeamMatesByTaskPreference 20024b70 f   ai_team.obj
 0001:00023d90       _BotSayTeamOrderAlways     20024d90 f   ai_team.obj
 0001:00023e70       _BotSayTeamOrder           20024e70 f   ai_team.obj
 0001:00023ea0       _BotVoiceChat              20024ea0 f   ai_team.obj
 0001:00023ec0       _BotVoiceChatOnly          20024ec0 f   ai_team.obj
 0001:00023ee0       _BotSayVoiceTeamOrder      20024ee0 f   ai_team.obj
 0001:00023f00       _BotCTFOrders_BothFlagsNotAtBase 20024f00 f   ai_team.obj
 0001:000245e0       _BotCTFOrders_FlagNotAtBase 200255e0 f   ai_team.obj
 0001:00024f40       _BotCTFOrders_EnemyFlagNotAtBase 20025f40 f   ai_team.obj
 0001:00025550       _BotCTFOrders_BothFlagsAtBase 20026550 f   ai_team.obj
 0001:00025eb0       _BotCTFOrders              20026eb0 f   ai_team.obj
 0001:00025f90       _BotCreateGroup            20026f90 f   ai_team.obj
 0001:00026080       _BotTeamOrders             20027080 f   ai_team.obj
 0001:00026370       _FindHumanTeamLeader       20027370 f   ai_team.obj
 0001:00026460       _BotTeamAI                 20027460 f   ai_team.obj
 0001:00026a10       _BotVoiceChat_GetFlag      20027a10 f   ai_vcmd.obj
 0001:00026b40       _BotVoiceChat_Offense      20027b40 f   ai_vcmd.obj
 0001:00026c50       _BotVoiceChat_Defend       20027c50 f   ai_vcmd.obj
 0001:00026db0       _BotVoiceChat_DefendFlag   20027db0 f   ai_vcmd.obj
 0001:00026de0       _BotVoiceChat_Patrol       20027de0 f   ai_vcmd.obj
 0001:00026ea0       _BotVoiceChat_Camp         20027ea0 f   ai_vcmd.obj
 0001:00027110       _BotVoiceChat_FollowMe     20028110 f   ai_vcmd.obj
 0001:000273a0       _BotVoiceChat_FollowFlagCarrier 200283a0 f   ai_vcmd.obj
 0001:00027400       _BotVoiceChat_ReturnFlag   20028400 f   ai_vcmd.obj
 0001:000274f0       _BotVoiceChat_StartLeader  200284f0 f   ai_vcmd.obj
 0001:00027520       _BotVoiceChat_StopLeader   20028520 f   ai_vcmd.obj
 0001:00027590       _BotVoiceChat_WhoIsLeader  20028590 f   ai_vcmd.obj
 0001:00027650       _BotVoiceChat_WantOnDefense 20028650 f   ai_vcmd.obj
 0001:00027730       _BotVoiceChat_WantOnOffense 20028730 f   ai_vcmd.obj
 0001:00027810       _BotVoiceChat_Dummy        20028810 f   ai_vcmd.obj
 0001:00027830       _BotVoiceChatCommand       20028830 f   ai_vcmd.obj
 0001:00027b00       _BG_FindItemForPowerup     20028b00 f   bg_misc.obj
 0001:00027ba0       _BG_FindItemForHoldable    20028ba0 f   bg_misc.obj
 0001:00027c30       _BG_FindItemForWeapon      20028c30 f   bg_misc.obj
 0001:00027ca0       _BG_FindItem               20028ca0 f   bg_misc.obj
 0001:00027d00       _BG_PlayerTouchesItem      20028d00 f   bg_misc.obj
 0001:00027df0       _BG_CanItemBeGrabbed       20028df0 f   bg_misc.obj
 0001:000280b0       _BG_EvaluateTrajectory     200290b0 f   bg_misc.obj
 0001:000283a0       _BG_EvaluateTrajectoryDelta 200293a0 f   bg_misc.obj
 0001:000285d0       _BG_AddPredictableEventToPlayerstate 200295d0 f   bg_misc.obj
 0001:000286b0       _BG_TouchJumpPad           200296b0 f   bg_misc.obj
 0001:000286d0       _BG_PlayerStateToEntityState 200296d0 f   bg_misc.obj
 0001:00028b70       _BG_PlayerStateToEntityStateExtraPolate 20029b70 f   bg_misc.obj
 0001:00029020       _Inv_GetVectorFromStat     2002a020 f   bg_pmove.obj
 0001:00029100       _Inv_QuatNormalize         2002a100 f   bg_pmove.obj
 0001:000291d0       _Inv_GetQuatFromStat       2002a1d0 f   bg_pmove.obj
 0001:000292e0       _Inv_MatrixToAngles        2002a2e0 f   bg_pmove.obj
 0001:00029610       _Inv_AxisToQuat            2002a610 f   bg_pmove.obj
 0001:000296f0       _Inv_GetQuatMaxDelta       2002a6f0 f   bg_pmove.obj
 0001:00029770       _Inv_GetInvertAxis         2002a770 f   bg_pmove.obj
 0001:00029810       _Inv_MulQuat               2002a810 f   bg_pmove.obj
 0001:00029960       _Inv_FinbBestInvertAxisForQuat 2002a960 f   bg_pmove.obj
 0001:00029b00       _Inv_QuatToMatrix          2002ab00 f   bg_pmove.obj
 0001:00029d00       _Inv_QuatMultiply          2002ad00 f   bg_pmove.obj
 0001:00029d80       _Inv_GetAngleDiff          2002ad80 f   bg_pmove.obj
 0001:00029f50       _Inv_ComputeDynYaw         2002af50 f   bg_pmove.obj
 0001:0002a1f0       _Inv_QuatIntToStat         2002b1f0 f   bg_pmove.obj
 0001:0002a260       _Inv_FinishDynYaw          2002b260 f   bg_pmove.obj
 0001:0002a300       _Inv_QuatToInt             2002b300 f   bg_pmove.obj
 0001:0002a360       _Inv_ApplyGravityRotation  2002b360 f   bg_pmove.obj
 0001:0002ad30       _Inv_RemoveGravityComponent 2002bd30 f   bg_pmove.obj
 0001:0002add0       _PM_AddEvent               2002bdd0 f   bg_pmove.obj
 0001:0002ae00       _PM_AddEventParm           2002be00 f   bg_pmove.obj
 0001:0002ae40       _PM_AddTouchEnt            2002be40 f   bg_pmove.obj
 0001:0002aef0       _PM_ClipVelocity           2002bef0 f   bg_pmove.obj
 0001:0002afb0       _PM_UpdateViewAngles       2002bfb0 f   bg_pmove.obj
 0001:0002b0f0       _PmoveSingle               2002c0f0 f   bg_pmove.obj
 0001:00031930       _Pmove                     20032930 f   bg_pmove.obj
 0001:00031a60       _PM_SlideMove              20032a60 f   bg_slidemove.obj
 0001:000325d0       _PM_StepSlideMove          200335d0 f   bg_slidemove.obj
 0001:00032d30       _P_DamageFeedback          20033d30 f   g_active.obj
 0001:00032f30       _P_WorldEffects            20033f30 f   g_active.obj
 0001:00032f50       _G_SetClientSound          20033f50 f   g_active.obj
 0001:00032fc0       _ClientImpacts             20033fc0 f   g_active.obj
 0001:00033100       _G_TouchTriggers           20034100 f   g_active.obj
 0001:00033540       _SpectatorThink            20034540 f   g_active.obj
 0001:000336e0       _ClientInactivityTimer     200346e0 f   g_active.obj
 0001:00033870       _ClientTimerActions        20034870 f   g_active.obj
 0001:000339b0       _ClientIntermissionThink   200349b0 f   g_active.obj
 0001:00033a60       _ClientEvents              20034a60 f   g_active.obj
 0001:00033fa0       _SendPendingPredictableEvents 20034fa0 f   g_active.obj
 0001:000340f0       _ClientThink_real          200350f0 f   g_active.obj
 0001:00034bf0       _ClientThink               20035bf0 f   g_active.obj
 0001:00034c90       _G_RunClient               20035c90 f   g_active.obj
 0001:00034cf0       _G_ProxyTouch              20035cf0 f   g_active.obj
 0001:00035460       _G_BouncePlayerProxy       20036460 f   g_active.obj
 0001:00035710       _G_RunPlayerProxy          20036710 f   g_active.obj
 0001:000358a0       _SpectatorClientEndFrame   200368a0 f   g_active.obj
 0001:00035a80       _ClientEndFrame            20036a80 f   g_active.obj
 0001:00035c50       _UpdateTournamentInfo      20036c50 f   g_arenas.obj
 0001:00035f90       _SpawnModelsOnVictoryPads  20036f90 f   g_arenas.obj
 0001:00036e50       _Svcmd_AbortPodium_f       20037e50 f   g_arenas.obj
 0001:00036eb0       _trap_Cvar_VariableValue   20037eb0 f   g_bot.obj
 0001:00036f00       _G_ParseInfos              20037f00 f   g_bot.obj
 0001:00037140       _G_GetArenaInfoByMap       20038140 f   g_bot.obj
 0001:000371c0       _G_AddRandomBot            200381c0 f   g_bot.obj
 0001:00037510       _G_RemoveRandomBot         20038510 f   g_bot.obj
 0001:00037610       _G_CountHumanPlayers       20038610 f   g_bot.obj
 0001:000376d0       _G_CountBotPlayers         200386d0 f   g_bot.obj
 0001:000377f0       _G_CheckMinimumPlayers     200387f0 f   g_bot.obj
 0001:00037a00       _G_CheckBotSpawn           20038a00 f   g_bot.obj
 0001:00037bb0       _G_RemoveQueuedBotBegin    20038bb0 f   g_bot.obj
 0001:00037c10       _G_BotConnect              20038c10 f   g_bot.obj
 0001:00037d20       _Svcmd_AddBot_f            20038d20 f   g_bot.obj
 0001:00038560       _Svcmd_BotList_f           20039560 f   g_bot.obj
 0001:00038760       _G_GetBotInfoByNumber      20039760 f   g_bot.obj
 0001:000387c0       _G_GetBotInfoByName        200397c0 f   g_bot.obj
 0001:00038850       _G_InitBots                20039850 f   g_bot.obj
 0001:00039260       _SP_info_player_deathmatch 2003a260 f   g_client.obj
 0001:000392f0       _SP_info_player_start      2003a2f0 f   g_client.obj
 0001:00039330       _SP_info_player_intermission 2003a330 f   g_client.obj
 0001:00039350       _SpotWouldTelefrag         2003a350 f   g_client.obj
 0001:00039490       _SelectNearestDeathmatchSpawnPoint 2003a490 f   g_client.obj
 0001:000395b0       _SelectRandomDeathmatchSpawnPoint 2003a5b0 f   g_client.obj
 0001:00039680       _SelectRandomFurthestSpawnPoint 2003a680 f   g_client.obj
 0001:00039ab0       _SelectSpawnPoint          2003aab0 f   g_client.obj
 0001:00039ae0       _SelectInitialSpawnPoint   2003aae0 f   g_client.obj
 0001:00039bf0       _SelectSpectatorSpawnPoint 2003abf0 f   g_client.obj
 0001:00039c70       _InitBodyQue               2003ac70 f   g_client.obj
 0001:00039cf0       _BodySink                  2003acf0 f   g_client.obj
 0001:00039d70       _CopyToBodyQue             2003ad70 f   g_client.obj
 0001:0003a1d0       _SetClientViewAngle        2003b1d0 f   g_client.obj
 0001:0003a2e0       _respawn                   2003b2e0 f   g_client.obj
 0001:0003a380       _TeamCount                 2003b380 f   g_client.obj
 0001:0003a430       _TeamLeader                2003b430 f   g_client.obj
 0001:0003a4e0       _PickTeam                  2003b4e0 f   g_client.obj
 0001:0003a570       _ClientUserinfoChanged     2003b570 f   g_client.obj
 0001:0003af40       _ClientConnect             2003bf40 f   g_client.obj
 0001:0003b200       _ClientBegin               2003c200 f   g_client.obj
 0001:0003b3a0       _ClientSpawn               2003c3a0 f   g_client.obj
 0001:0003bce0       _ClientDisconnect          2003cce0 f   g_client.obj
 0001:0003bf30       _DeathmatchScoreboardMessage 2003cf30 f   g_cmds.obj
 0001:0003c2b0       _Cmd_Score_f               2003d2b0 f   g_cmds.obj
 0001:0003c2e0       _CheatsOk                  2003d2e0 f   g_cmds.obj
 0001:0003c380       _ConcatArgs                2003d380 f   g_cmds.obj
 0001:0003c490       _SanitizeString            2003d490 f   g_cmds.obj
 0001:0003c530       _ClientNumberFromString    2003d530 f   g_cmds.obj
 0001:0003c730       _Cmd_Give_f                2003d730 f   g_cmds.obj
 0001:0003c9e0       _Cmd_God_f                 2003d9e0 f   g_cmds.obj
 0001:0003ca90       _Cmd_Notarget_f            2003da90 f   g_cmds.obj
 0001:0003cb40       _Cmd_Noclip_f              2003db40 f   g_cmds.obj
 0001:0003cc00       _Cmd_LevelShot_f           2003dc00 f   g_cmds.obj
 0001:0003cc90       _Cmd_TeamTask_f            2003dc90 f   g_cmds.obj
 0001:0003cda0       _Cmd_Kill_f                2003dda0 f   g_cmds.obj
 0001:0003ce50       _BroadcastTeamChange       2003de50 f   g_cmds.obj
 0001:0003cf60       _SetTeam                   2003df60 f   g_cmds.obj
 0001:0003d470       _StopFollowing             2003e470 f   g_cmds.obj
 0001:0003d530       _Cmd_Team_f                2003e530 f   g_cmds.obj
 0001:0003d6f0       _Cmd_Follow_f              2003e6f0 f   g_cmds.obj
 0001:0003d830       _Cmd_FollowCycle_f         2003e830 f   g_cmds.obj
 0001:0003d970       _G_Say                     2003e970 f   g_cmds.obj
 0001:0003dda0       _G_Voice                   2003eda0 f   g_cmds.obj
 0001:0003dfb0       _Cmd_GameCommand_f         2003efb0 f   g_cmds.obj
 0001:0003e0b0       _Cmd_Where_f               2003f0b0 f   g_cmds.obj
 0001:0003e110       _Cmd_CallVote_f            2003f110 f   g_cmds.obj
 0001:0003e8b0       _Cmd_Vote_f                2003f8b0 f   g_cmds.obj
 0001:0003ea80       _Cmd_CallTeamVote_f        2003fa80 f   g_cmds.obj
 0001:0003f2b0       _Cmd_TeamVote_f            200402b0 f   g_cmds.obj
 0001:0003f4f0       _Cmd_SetViewpos_f          200404f0 f   g_cmds.obj
 0001:0003f670       _Cmd_Stats_f               20040670 f   g_cmds.obj
 0001:0003f690       _Cmd_ResetGrav             20040690 f   g_cmds.obj
 0001:0003f6d0       _ClientCommand             200406d0 f   g_cmds.obj
 0001:00040560       _ScorePlum                 20041560 f   g_combat.obj
 0001:000405e0       _AddScore                  200415e0 f   g_combat.obj
 0001:000406b0       _TossClientItems           200416b0 f   g_combat.obj
 0001:000407d0       _LookAtKiller              200417d0 f   g_combat.obj
 0001:000408f0       _GibEntity                 200418f0 f   g_combat.obj
 0001:000409f0       _body_die                  200419f0 f   g_combat.obj
 0001:00040a60       _CheckAlmostCapture        20041a60 f   g_combat.obj
 0001:00040cc0       _CheckAlmostScored         20041cc0 f   g_combat.obj
 0001:00040e20       _player_die                20041e20 f   g_combat.obj
 0001:00041630       _CheckArmor                20042630 f   g_combat.obj
 0001:000416f0       _RaySphereIntersections    200426f0 f   g_combat.obj
 0001:00041980       _G_Damage                  20042980 f   g_combat.obj
 0001:00042150       _CanDamage                 20043150 f   g_combat.obj
 0001:00042460       _G_RadiusDamage            20043460 f   g_combat.obj
 0001:00042800       _Pickup_Powerup            20043800 f   g_items.obj
 0001:00042ad0       _Pickup_Holdable           20043ad0 f   g_items.obj
 0001:00042b50       _Add_Ammo                  20043b50 f   g_items.obj
 0001:00042be0       _Pickup_Ammo               20043be0 f   g_items.obj
 0001:00042c60       _Pickup_Weapon             20043c60 f   g_items.obj
 0001:00042e00       _Pickup_Health             20043e00 f   g_items.obj
 0001:00042f20       _Pickup_Armor              20043f20 f   g_items.obj
 0001:00042fd0       _RespawnItem               20043fd0 f   g_items.obj
 0001:00043260       _Touch_Item                20044260 f   g_items.obj
 0001:00043770       _LaunchItem                20044770 f   g_items.obj
 0001:00043980       _Drop_Item                 20044980 f   g_items.obj
 0001:00043a70       _Use_Item                  20044a70 f   g_items.obj
 0001:00043aa0       _FinishSpawningItem        20044aa0 f   g_items.obj
 0001:00043da0       _G_CheckTeamItems          20044da0 f   g_items.obj
 0001:00043e60       _ClearRegisteredItems      20044e60 f   g_items.obj
 0001:00043f30       _RegisterItem              20044f30 f   g_items.obj
 0001:00043f80       _SaveRegisteredItems       20044f80 f   g_items.obj
 0001:00044070       _G_ItemDisabled            20045070 f   g_items.obj
 0001:000440c0       _G_SpawnItem               200450c0 f   g_items.obj
 0001:00044200       _G_BounceItem              20045200 f   g_items.obj
 0001:000444b0       _G_RunItem                 200454b0 f   g_items.obj
 0001:000446a0       _vmMain                    200456a0 f   g_main.obj
 0001:00044800       _G_Printf                  20045800 f   g_main.obj
 0001:00044860       _G_Error                   20045860 f   g_main.obj
 0001:000448c0       _G_FindTeams               200458c0 f   g_main.obj
 0001:00044b00       _G_RemapTeamShaders        20045b00 f   g_main.obj
 0001:00044b20       _G_RegisterCvars           20045b20 f   g_main.obj
 0001:00044c40       _G_UpdateCvars             20045c40 f   g_main.obj
 0001:00044d40       _G_InitGame                20045d40 f   g_main.obj
 0001:000450a0       _G_ShutdownGame            200460a0 f   g_main.obj
 0001:00045130       _Com_Error                 20046130 f   g_main.obj
 0001:00045190       _Com_Printf                20046190 f   g_main.obj
 0001:000451f0       _AddTournamentPlayer       200461f0 f   g_main.obj
 0001:00045330       _RemoveTournamentLoser     20046330 f   g_main.obj
 0001:000453a0       _RemoveTournamentWinner    200463a0 f   g_main.obj
 0001:00045410       _AdjustTournamentScores    20046410 f   g_main.obj
 0001:00045510       _SortRanks                 20046510 f   g_main.obj
 0001:000456c0       _CalculateRanks            200466c0 f   g_main.obj
 0001:00045cf0       _SendScoreboardMessageToAllClients 20046cf0 f   g_main.obj
 0001:00045d70       _MoveClientToIntermission  20046d70 f   g_main.obj
 0001:00045f10       _FindIntermissionPoint     20046f10 f   g_main.obj
 0001:00046050       _BeginIntermission         20047050 f   g_main.obj
 0001:00046120       _ExitLevel                 20047120 f   g_main.obj
 0001:00046250       _G_LogPrintf               20047250 f   g_main.obj
 0001:000463c0       _LogExit                   200473c0 f   g_main.obj
 0001:00046540       _CheckIntermissionExit     20047540 f   g_main.obj
 0001:00046730       _ScoreIsTied               20047730 f   g_main.obj
 0001:000467d0       _CheckExitRules            200477d0 f   g_main.obj
 0001:00046a90       _CheckTournament           20047a90 f   g_main.obj
 0001:00046ab0       _CheckVote                 20047ab0 f   g_main.obj
 0001:00046be0       _PrintTeam                 20047be0 f   g_main.obj
 0001:00046c60       _SetLeader                 20047c60 f   g_main.obj
 0001:00046e40       _CheckTeamLeader           20047e40 f   g_main.obj
 0001:00046fd0       _CheckTeamVote             20047fd0 f   g_main.obj
 0001:00047180       _CheckCvars                20048180 f   g_main.obj
 0001:00047210       _G_RunThink                20048210 f   g_main.obj
 0001:00047320       _G_RunFrame                20048320 f   g_main.obj
 0001:000476a0       _G_Alloc                   200486a0 f   g_mem.obj
 0001:00047750       _G_InitMemory              20048750 f   g_mem.obj
 0001:00047770       _Svcmd_GameMem_f           20048770 f   g_mem.obj
 0001:000477b0       _SP_info_camp              200487b0 f   g_misc.obj
 0001:000477e0       _SP_info_null              200487e0 f   g_misc.obj
 0001:00047810       _SP_info_notnull           20048810 f   g_misc.obj
 0001:00047840       _SP_light                  20048840 f   g_misc.obj
 0001:00047870       _TeleportPlayer            20048870 f   g_misc.obj
 0001:00047b30       _TeleportEntity            20048b30 f   g_misc.obj
 0001:00047e40       _SP_misc_teleporter_dest   20048e40 f   g_misc.obj
 0001:00047e60       _SP_misc_model             20048e60 f   g_misc.obj
 0001:00047e90       _locateCamera              20048e90 f   g_misc.obj
 0001:00048070       _SP_misc_portal_surface    20049070 f   g_misc.obj
 0001:00048180       _SP_misc_portal_camera     20049180 f   g_misc.obj
 0001:00048250       _Use_Shooter               20049250 f   g_misc.obj
 0001:00048540       _InitShooter               20049540 f   g_misc.obj
 0001:000486c0       _SP_shooter_rocket         200496c0 f   g_misc.obj
 0001:000486f0       _SP_shooter_plasma         200496f0 f   g_misc.obj
 0001:00048720       _SP_shooter_grenade        20049720 f   g_misc.obj
 0001:00048750       _G_BounceMissile           20049750 f   g_missile.obj
 0001:000489f0       _G_ExplodeMissile          200499f0 f   g_missile.obj
 0001:00048bb0       _G_MissileImpact           20049bb0 f   g_missile.obj
 0001:00049240       _G_RunMissile              2004a240 f   g_missile.obj
 0001:00049600       _fire_plasma               2004a600 f   g_missile.obj
 0001:00049850       _fire_grenade              2004a850 f   g_missile.obj
 0001:00049ab0       _fire_bfg                  2004aab0 f   g_missile.obj
 0001:00049d00       _fire_rocket               2004ad00 f   g_missile.obj
 0001:00049f50       _fire_grapple              2004af50 f   g_missile.obj
 0001:0004a180       _G_TestEntityPosition      2004b180 f   g_mover.obj
 0001:0004a290       _G_CreateRotationMatrix    2004b290 f   g_mover.obj
 0001:0004a2e0       _G_TransposeMatrix         2004b2e0 f   g_mover.obj
 0001:0004a360       _G_RotatePoint             2004b360 f   g_mover.obj
 0001:0004a420       _G_TryPushingEntity        2004b420 f   g_mover.obj
 0001:0004aad0       _G_CheckProxMinePosition   2004bad0 f   g_mover.obj
 0001:0004abf0       _G_TryPushingProxMine      2004bbf0 f   g_mover.obj
 0001:0004ae10       _G_MoverPush               2004be10 f   g_mover.obj
 0001:0004b580       _G_MoverTeam               2004c580 f   g_mover.obj
 0001:0004b820       _G_RunMover                2004c820 f   g_mover.obj
 0001:0004b890       _SetMoverState             2004c890 f   g_mover.obj
 0001:0004bb70       _MatchTeam                 2004cb70 f   g_mover.obj
 0001:0004bbc0       _ReturnToPos1              2004cbc0 f   g_mover.obj
 0001:0004bc30       _Inv_WaitUnload            2004cc30 f   g_mover.obj
 0001:0004bc70       _Inv_Reverse               2004cc70 f   g_mover.obj
 0001:0004bd60       _Reached_BinaryMover       2004cd60 f   g_mover.obj
 0001:0004bfd0       _Use_BinaryMover           2004cfd0 f   g_mover.obj
 0001:0004c410       _InitMover                 2004d410 f   g_mover.obj
 0001:0004c810       _Blocked_Door              2004d810 f   g_mover.obj
 0001:0004c920       _Touch_DoorTrigger         2004d920 f   g_mover.obj
 0001:0004ca00       _Think_SpawnNewDoorTrigger 2004da00 f   g_mover.obj
 0001:0004cc90       _Think_MatchTeam           2004dc90 f   g_mover.obj
 0001:0004ccd0       _SP_func_door              2004dcd0 f   g_mover.obj
 0001:0004d120       _Touch_Plat                2004e120 f   g_mover.obj
 0001:0004d270       _Touch_PlatCenterTrigger   2004e270 f   g_mover.obj
 0001:0004d340       _SpawnPlatTrigger          2004e340 f   g_mover.obj
 0001:0004d570       _SP_func_plat              2004e570 f   g_mover.obj
 0001:0004d810       _Touch_Button              2004e810 f   g_mover.obj
 0001:0004d860       _SP_func_button            2004e860 f   g_mover.obj
 0001:0004db20       _Think_BeginMoving         2004eb20 f   g_mover.obj
 0001:0004db50       _Reached_Train             2004eb50 f   g_mover.obj
 0001:0004ddb0       _Think_SetupTrainTargets   2004edb0 f   g_mover.obj
 0001:0004df50       _SP_path_corner            2004ef50 f   g_mover.obj
 0001:0004dfb0       _SP_func_train             2004efb0 f   g_mover.obj
 0001:0004e110       _SP_func_static            2004f110 f   g_mover.obj
 0001:0004e1c0       _SP_func_rotating          2004f1c0 f   g_mover.obj
 0001:0004e370       _SP_func_bobbing           2004f370 f   g_mover.obj
 0001:0004e530       _SP_func_pendulum          2004f530 f   g_mover.obj
 0001:0004e730       _G_WriteClientSessionData  2004f730 f   g_session.obj
 0001:0004e7f0       _G_ReadSessionData         2004f7f0 f   g_session.obj
 0001:0004e900       _G_InitSessionData         2004f900 f   g_session.obj
 0001:0004ea10       _G_InitWorldSession        2004fa10 f   g_session.obj
 0001:0004ea90       _G_WriteSessionData        2004fa90 f   g_session.obj
 0001:0004eb40       _G_SpawnString             2004fb40 f   g_spawn.obj
 0001:0004ebe0       _G_SpawnFloat              2004fbe0 f   g_spawn.obj
 0001:0004ec30       _G_SpawnInt                2004fc30 f   g_spawn.obj
 0001:0004ec80       _G_SpawnVector             2004fc80 f   g_spawn.obj
 0001:0004ece0       _SP_item_botroam           2004fce0 f   g_spawn.obj
 0001:0004ed00       _G_CallSpawn               2004fd00 f   g_spawn.obj
 0001:0004ee60       _G_NewString               2004fe60 f   g_spawn.obj
 0001:0004ef50       _G_ParseField              2004ff50 f   g_spawn.obj
 0001:0004f120       _G_SpawnGEntityFromSpawnVars 20050120 f   g_spawn.obj
 0001:0004f390       _G_AddSpawnVarToken        20050390 f   g_spawn.obj
 0001:0004f430       _G_ParseSpawnVars          20050430 f   g_spawn.obj
 0001:0004f5e0       _SP_worldspawn             200505e0 f   g_spawn.obj
 0001:0004f7f0       _G_SpawnEntitiesFromString 200507f0 f   g_spawn.obj
 0001:0004f860       _G_FilterPacket            20050860 f   g_svcmds.obj
 0001:0004f9a0       _G_ProcessIPBans           200509a0 f   g_svcmds.obj
 0001:0004ff00       _Svcmd_AddIP_f             20050f00 f   g_svcmds.obj
 0001:0004ff70       _Svcmd_RemoveIP_f          20050f70 f   g_svcmds.obj
 0001:00050080       _Svcmd_EntityList_f        20051080 f   g_svcmds.obj
 0001:000502b0       _ClientForString           200512b0 f   g_svcmds.obj
 0001:00050400       _Svcmd_ForceTeam_f         20051400 f   g_svcmds.obj
 0001:000504b0       _ConsoleCommand            200514b0 f   g_svcmds.obj
 0001:00050740       _dllEntry                  20051740 f   g_syscalls.obj
 0001:00050760       _PASSFLOAT                 20051760 f   g_syscalls.obj
 0001:00050780       _trap_Printf               20051780 f   g_syscalls.obj
 0001:000507b0       _trap_Error                200517b0 f   g_syscalls.obj
 0001:000507e0       _trap_Milliseconds         200517e0 f   g_syscalls.obj
 0001:00050810       _trap_Argc                 20051810 f   g_syscalls.obj
 0001:00050840       _trap_Argv                 20051840 f   g_syscalls.obj
 0001:00050870       _trap_FS_FOpenFile         20051870 f   g_syscalls.obj
 0001:000508a0       _trap_FS_Read              200518a0 f   g_syscalls.obj
 0001:000508d0       _trap_FS_Write             200518d0 f   g_syscalls.obj
 0001:00050900       _trap_FS_FCloseFile        20051900 f   g_syscalls.obj
 0001:00050930       _trap_FS_GetFileList       20051930 f   g_syscalls.obj
 0001:00050970       _trap_FS_Seek              20051970 f   g_syscalls.obj
 0001:000509a0       _trap_SendConsoleCommand   200519a0 f   g_syscalls.obj
 0001:000509d0       _trap_Cvar_Register        200519d0 f   g_syscalls.obj
 0001:00050a10       _trap_Cvar_Update          20051a10 f   g_syscalls.obj
 0001:00050a40       _trap_Cvar_Set             20051a40 f   g_syscalls.obj
 0001:00050a70       _trap_Cvar_VariableIntegerValue 20051a70 f   g_syscalls.obj
 0001:00050aa0       _trap_Cvar_VariableStringBuffer 20051aa0 f   g_syscalls.obj
 0001:00050ad0       _trap_LocateGameData       20051ad0 f   g_syscalls.obj
 0001:00050b10       _trap_DropClient           20051b10 f   g_syscalls.obj
 0001:00050b40       _trap_SendServerCommand    20051b40 f   g_syscalls.obj
 0001:00050b70       _trap_SetConfigstring      20051b70 f   g_syscalls.obj
 0001:00050ba0       _trap_GetConfigstring      20051ba0 f   g_syscalls.obj
 0001:00050bd0       _trap_GetUserinfo          20051bd0 f   g_syscalls.obj
 0001:00050c00       _trap_SetUserinfo          20051c00 f   g_syscalls.obj
 0001:00050c30       _trap_GetServerinfo        20051c30 f   g_syscalls.obj
 0001:00050c60       _trap_SetBrushModel        20051c60 f   g_syscalls.obj
 0001:00050c90       _trap_Trace                20051c90 f   g_syscalls.obj
 0001:00050ce0       _trap_TraceCapsule         20051ce0 f   g_syscalls.obj
 0001:00050d30       _trap_PointContents        20051d30 f   g_syscalls.obj
 0001:00050d60       _trap_InPVS                20051d60 f   g_syscalls.obj
 0001:00050d90       _trap_InPVSIgnorePortals   20051d90 f   g_syscalls.obj
 0001:00050dc0       _trap_AdjustAreaPortalState 20051dc0 f   g_syscalls.obj
 0001:00050df0       _trap_AreasConnected       20051df0 f   g_syscalls.obj
 0001:00050e20       _trap_LinkEntity           20051e20 f   g_syscalls.obj
 0001:00050e50       _trap_UnlinkEntity         20051e50 f   g_syscalls.obj
 0001:00050e80       _trap_EntitiesInBox        20051e80 f   g_syscalls.obj
 0001:00050ec0       _trap_EntityContact        20051ec0 f   g_syscalls.obj
 0001:00050ef0       _trap_EntityContactCapsule 20051ef0 f   g_syscalls.obj
 0001:00050f20       _trap_BotAllocateClient    20051f20 f   g_syscalls.obj
 0001:00050f50       _trap_BotFreeClient        20051f50 f   g_syscalls.obj
 0001:00050f80       _trap_GetUsercmd           20051f80 f   g_syscalls.obj
 0001:00050fb0       _trap_GetEntityToken       20051fb0 f   g_syscalls.obj
 0001:00050fe0       _trap_DebugPolygonCreate   20051fe0 f   g_syscalls.obj
 0001:00051010       _trap_DebugPolygonDelete   20052010 f   g_syscalls.obj
 0001:00051040       _trap_RealTime             20052040 f   g_syscalls.obj
 0001:00051070       _trap_SnapVector           20052070 f   g_syscalls.obj
 0001:000510a0       _trap_BotLibSetup          200520a0 f   g_syscalls.obj
 0001:000510d0       _trap_BotLibShutdown       200520d0 f   g_syscalls.obj
 0001:00051100       _trap_BotLibVarSet         20052100 f   g_syscalls.obj
 0001:00051130       _trap_BotLibVarGet         20052130 f   g_syscalls.obj
 0001:00051170       _trap_BotLibDefine         20052170 f   g_syscalls.obj
 0001:000511a0       _trap_BotLibStartFrame     200521a0 f   g_syscalls.obj
 0001:000511e0       _trap_BotLibLoadMap        200521e0 f   g_syscalls.obj
 0001:00051210       _trap_BotLibUpdateEntity   20052210 f   g_syscalls.obj
 0001:00051240       _trap_BotLibTest           20052240 f   g_syscalls.obj
 0001:00051280       _trap_BotGetSnapshotEntity 20052280 f   g_syscalls.obj
 0001:000512b0       _trap_BotGetServerCommand  200522b0 f   g_syscalls.obj
 0001:000512f0       _trap_BotUserCommand       200522f0 f   g_syscalls.obj
 0001:00051320       _trap_AAS_EntityInfo       20052320 f   g_syscalls.obj
 0001:00051350       _trap_AAS_Initialized      20052350 f   g_syscalls.obj
 0001:00051380       _trap_AAS_PresenceTypeBoundingBox 20052380 f   g_syscalls.obj
 0001:000513c0       _trap_AAS_Time             200523c0 f   g_syscalls.obj
 0001:000513f0       _trap_AAS_PointAreaNum     200523f0 f   g_syscalls.obj
 0001:00051420       _trap_AAS_PointReachabilityAreaIndex 20052420 f   g_syscalls.obj
 0001:00051450       _trap_AAS_TraceAreas       20052450 f   g_syscalls.obj
 0001:00051490       _trap_AAS_BBoxAreas        20052490 f   g_syscalls.obj
 0001:000514d0       _trap_AAS_AreaInfo         200524d0 f   g_syscalls.obj
 0001:00051500       _trap_AAS_PointContents    20052500 f   g_syscalls.obj
 0001:00051530       _trap_AAS_NextBSPEntity    20052530 f   g_syscalls.obj
 0001:00051560       _trap_AAS_ValueForBSPEpairKey 20052560 f   g_syscalls.obj
 0001:000515a0       _trap_AAS_VectorForBSPEpairKey 200525a0 f   g_syscalls.obj
 0001:000515e0       _trap_AAS_FloatForBSPEpairKey 200525e0 f   g_syscalls.obj
 0001:00051620       _trap_AAS_IntForBSPEpairKey 20052620 f   g_syscalls.obj
 0001:00051660       _trap_AAS_AreaReachability 20052660 f   g_syscalls.obj
 0001:00051690       _trap_AAS_AreaTravelTimeToGoalArea 20052690 f   g_syscalls.obj
 0001:000516d0       _trap_AAS_EnableRoutingArea 200526d0 f   g_syscalls.obj
 0001:00051700       _trap_AAS_PredictRoute     20052700 f   g_syscalls.obj
 0001:00051760       _trap_AAS_AlternativeRouteGoals 20052760 f   g_syscalls.obj
 0001:000517b0       _trap_AAS_Swimming         200527b0 f   g_syscalls.obj
 0001:000517e0       _trap_AAS_PredictClientMovement 200527e0 f   g_syscalls.obj
 0001:00051860       _trap_EA_Say               20052860 f   g_syscalls.obj
 0001:00051890       _trap_EA_SayTeam           20052890 f   g_syscalls.obj
 0001:000518c0       _trap_EA_Command           200528c0 f   g_syscalls.obj
 0001:000518f0       _trap_EA_Action            200528f0 f   g_syscalls.obj
 0001:00051920       _trap_EA_Gesture           20052920 f   g_syscalls.obj
 0001:00051950       _trap_EA_Talk              20052950 f   g_syscalls.obj
 0001:00051980       _trap_EA_Attack            20052980 f   g_syscalls.obj
 0001:000519b0       _trap_EA_Use               200529b0 f   g_syscalls.obj
 0001:000519e0       _trap_EA_Respawn           200529e0 f   g_syscalls.obj
 0001:00051a10       _trap_EA_Crouch            20052a10 f   g_syscalls.obj
 0001:00051a40       _trap_EA_MoveUp            20052a40 f   g_syscalls.obj
 0001:00051a70       _trap_EA_MoveDown          20052a70 f   g_syscalls.obj
 0001:00051aa0       _trap_EA_MoveForward       20052aa0 f   g_syscalls.obj
 0001:00051ad0       _trap_EA_MoveBack          20052ad0 f   g_syscalls.obj
 0001:00051b00       _trap_EA_MoveLeft          20052b00 f   g_syscalls.obj
 0001:00051b30       _trap_EA_MoveRight         20052b30 f   g_syscalls.obj
 0001:00051b60       _trap_EA_SelectWeapon      20052b60 f   g_syscalls.obj
 0001:00051b90       _trap_EA_Jump              20052b90 f   g_syscalls.obj
 0001:00051bc0       _trap_EA_DelayedJump       20052bc0 f   g_syscalls.obj
 0001:00051bf0       _trap_EA_Move              20052bf0 f   g_syscalls.obj
 0001:00051c30       _trap_EA_View              20052c30 f   g_syscalls.obj
 0001:00051c60       _trap_EA_EndRegular        20052c60 f   g_syscalls.obj
 0001:00051ca0       _trap_EA_GetInput          20052ca0 f   g_syscalls.obj
 0001:00051ce0       _trap_EA_ResetInput        20052ce0 f   g_syscalls.obj
 0001:00051d10       _trap_BotLoadCharacter     20052d10 f   g_syscalls.obj
 0001:00051d50       _trap_BotFreeCharacter     20052d50 f   g_syscalls.obj
 0001:00051d80       _trap_Characteristic_Float 20052d80 f   g_syscalls.obj
 0001:00051dc0       _trap_Characteristic_BFloat 20052dc0 f   g_syscalls.obj
 0001:00051e20       _trap_Characteristic_Integer 20052e20 f   g_syscalls.obj
 0001:00051e50       _trap_Characteristic_BInteger 20052e50 f   g_syscalls.obj
 0001:00051e90       _trap_Characteristic_String 20052e90 f   g_syscalls.obj
 0001:00051ed0       _trap_BotAllocChatState    20052ed0 f   g_syscalls.obj
 0001:00051f00       _trap_BotFreeChatState     20052f00 f   g_syscalls.obj
 0001:00051f30       _trap_BotQueueConsoleMessage 20052f30 f   g_syscalls.obj
 0001:00051f70       _trap_BotRemoveConsoleMessage 20052f70 f   g_syscalls.obj
 0001:00051fa0       _trap_BotNextConsoleMessage 20052fa0 f   g_syscalls.obj
 0001:00051fd0       _trap_BotNumConsoleMessages 20052fd0 f   g_syscalls.obj
 0001:00052000       _trap_BotInitialChat       20053000 f   g_syscalls.obj
 0001:00052060       _trap_BotNumInitialChats   20053060 f   g_syscalls.obj
 0001:00052090       _trap_BotReplyChat         20053090 f   g_syscalls.obj
 0001:00052100       _trap_BotChatLength        20053100 f   g_syscalls.obj
 0001:00052130       _trap_BotEnterChat         20053130 f   g_syscalls.obj
 0001:00052170       _trap_BotGetChatMessage    20053170 f   g_syscalls.obj
 0001:000521b0       _trap_StringContains       200531b0 f   g_syscalls.obj
 0001:000521f0       _trap_BotFindMatch         200531f0 f   g_syscalls.obj
 0001:00052230       _trap_BotMatchVariable     20053230 f   g_syscalls.obj
 0001:00052270       _trap_UnifyWhiteSpaces     20053270 f   g_syscalls.obj
 0001:000522a0       _trap_BotReplaceSynonyms   200532a0 f   g_syscalls.obj
 0001:000522d0       _trap_BotLoadChatFile      200532d0 f   g_syscalls.obj
 0001:00052310       _trap_BotSetChatGender     20053310 f   g_syscalls.obj
 0001:00052340       _trap_BotSetChatName       20053340 f   g_syscalls.obj
 0001:00052380       _trap_BotResetGoalState    20053380 f   g_syscalls.obj
 0001:000523b0       _trap_BotResetAvoidGoals   200533b0 f   g_syscalls.obj
 0001:000523e0       _trap_BotRemoveFromAvoidGoals 200533e0 f   g_syscalls.obj
 0001:00052410       _trap_BotPushGoal          20053410 f   g_syscalls.obj
 0001:00052440       _trap_BotPopGoal           20053440 f   g_syscalls.obj
 0001:00052470       _trap_BotEmptyGoalStack    20053470 f   g_syscalls.obj
 0001:000524a0       _trap_BotDumpAvoidGoals    200534a0 f   g_syscalls.obj
 0001:000524d0       _trap_BotDumpGoalStack     200534d0 f   g_syscalls.obj
 0001:00052500       _trap_BotGoalName          20053500 f   g_syscalls.obj
 0001:00052540       _trap_BotGetTopGoal        20053540 f   g_syscalls.obj
 0001:00052570       _trap_BotGetSecondGoal     20053570 f   g_syscalls.obj
 0001:000525a0       _trap_BotChooseLTGItem     200535a0 f   g_syscalls.obj
 0001:000525e0       _trap_BotChooseNBGItem     200535e0 f   g_syscalls.obj
 0001:00052630       _trap_BotTouchingGoal      20053630 f   g_syscalls.obj
 0001:00052660       _trap_BotItemGoalInVisButNotVisible 20053660 f   g_syscalls.obj
 0001:000526a0       _trap_BotGetLevelItemGoal  200536a0 f   g_syscalls.obj
 0001:000526e0       _trap_BotGetNextCampSpotGoal 200536e0 f   g_syscalls.obj
 0001:00052710       _trap_BotGetMapLocationGoal 20053710 f   g_syscalls.obj
 0001:00052740       _trap_BotAvoidGoalTime     20053740 f   g_syscalls.obj
 0001:00052780       _trap_BotSetAvoidGoalTime  20053780 f   g_syscalls.obj
 0001:000527c0       _trap_BotInitLevelItems    200537c0 f   g_syscalls.obj
 0001:000527f0       _trap_BotUpdateEntityItems 200537f0 f   g_syscalls.obj
 0001:00052820       _trap_BotLoadItemWeights   20053820 f   g_syscalls.obj
 0001:00052850       _trap_BotFreeItemWeights   20053850 f   g_syscalls.obj
 0001:00052880       _trap_BotInterbreedGoalFuzzyLogic 20053880 f   g_syscalls.obj
 0001:000528c0       _trap_BotSaveGoalFuzzyLogic 200538c0 f   g_syscalls.obj
 0001:000528f0       _trap_BotMutateGoalFuzzyLogic 200538f0 f   g_syscalls.obj
 0001:00052930       _trap_BotAllocGoalState    20053930 f   g_syscalls.obj
 0001:00052960       _trap_BotFreeGoalState     20053960 f   g_syscalls.obj
 0001:00052990       _trap_BotResetMoveState    20053990 f   g_syscalls.obj
 0001:000529c0       _trap_BotAddAvoidSpot      200539c0 f   g_syscalls.obj
 0001:00052a10       _trap_BotMoveToGoal        20053a10 f   g_syscalls.obj
 0001:00052a50       _trap_BotMoveInDirection   20053a50 f   g_syscalls.obj
 0001:00052aa0       _trap_BotResetAvoidReach   20053aa0 f   g_syscalls.obj
 0001:00052ad0       _trap_BotResetLastAvoidReach 20053ad0 f   g_syscalls.obj
 0001:00052b00       _trap_BotReachabilityArea  20053b00 f   g_syscalls.obj
 0001:00052b30       _trap_BotMovementViewTarget 20053b30 f   g_syscalls.obj
 0001:00052b80       _trap_BotPredictVisiblePosition 20053b80 f   g_syscalls.obj
 0001:00052bc0       _trap_BotAllocMoveState    20053bc0 f   g_syscalls.obj
 0001:00052bf0       _trap_BotFreeMoveState     20053bf0 f   g_syscalls.obj
 0001:00052c20       _trap_BotInitMoveState     20053c20 f   g_syscalls.obj
 0001:00052c50       _trap_BotChooseBestFightWeapon 20053c50 f   g_syscalls.obj
 0001:00052c80       _trap_BotGetWeaponInfo     20053c80 f   g_syscalls.obj
 0001:00052cc0       _trap_BotLoadWeaponWeights 20053cc0 f   g_syscalls.obj
 0001:00052cf0       _trap_BotAllocWeaponState  20053cf0 f   g_syscalls.obj
 0001:00052d20       _trap_BotFreeWeaponState   20053d20 f   g_syscalls.obj
 0001:00052d50       _trap_BotResetWeaponState  20053d50 f   g_syscalls.obj
 0001:00052d80       _trap_GeneticParentsAndChildSelection 20053d80 f   g_syscalls.obj
 0001:00052dc0       _trap_PC_LoadSource        20053dc0 f   g_syscalls.obj
 0001:00052df0       _trap_PC_FreeSource        20053df0 f   g_syscalls.obj
 0001:00052e20       _trap_PC_ReadToken         20053e20 f   g_syscalls.obj
 0001:00052e50       _trap_PC_SourceFileAndLine 20053e50 f   g_syscalls.obj
 0001:00052e90       _Use_Target_Give           20053e90 f   g_target.obj
 0001:00052f60       _SP_target_give            20053f60 f   g_target.obj
 0001:00052f90       _Use_target_remove_powerups 20053f90 f   g_target.obj
 0001:00053050       _SP_target_remove_powerups 20054050 f   g_target.obj
 0001:00053080       _Think_Target_Delay        20054080 f   g_target.obj
 0001:000530b0       _Use_Target_Delay          200540b0 f   g_target.obj
 0001:00053160       _SP_target_delay           20054160 f   g_target.obj
 0001:00053200       _Use_Target_Score          20054200 f   g_target.obj
 0001:00053240       _SP_target_score           20054240 f   g_target.obj
 0001:00053290       _Use_Target_Print          20054290 f   g_target.obj
 0001:000533d0       _SP_target_print           200543d0 f   g_target.obj
 0001:00053400       _Use_Target_Speaker        20054400 f   g_target.obj
 0001:000534f0       _SP_target_speaker         200544f0 f   g_target.obj
 0001:00053740       _target_laser_think        20054740 f   g_target.obj
 0001:000539f0       _target_laser_on           200549f0 f   g_target.obj
 0001:00053a40       _target_laser_off          20054a40 f   g_target.obj
 0001:00053a80       _target_laser_use          20054a80 f   g_target.obj
 0001:00053ae0       _target_laser_start        20054ae0 f   g_target.obj
 0001:00053c20       _SP_target_laser           20054c20 f   g_target.obj
 0001:00053c60       _target_teleporter_use     20054c60 f   g_target.obj
 0001:00053ce0       _SP_target_teleporter      20054ce0 f   g_target.obj
 0001:00053d50       _target_relay_use          20054d50 f   g_target.obj
 0001:00053e60       _SP_target_relay           20054e60 f   g_target.obj
 0001:00053e90       _target_kill_use           20054e90 f   g_target.obj
 0001:00053ed0       _SP_target_kill            20054ed0 f   g_target.obj
 0001:00053f00       _SP_target_position        20054f00 f   g_target.obj
 0001:00053f30       _SP_target_location        20054f30 f   g_target.obj
 0001:000540c0       _Team_InitGame             200550c0 f   g_team.obj
 0001:00054140       _OtherTeam                 20055140 f   g_team.obj
 0001:00054180       _TeamName                  20055180 f   g_team.obj
 0001:000541d0       _OtherTeamName             200551d0 f   g_team.obj
 0001:00054220       _TeamColorString           20055220 f   g_team.obj
 0001:00054270       _PrintMsg                  20055270 f   g_team.obj
 0001:00054370       _AddTeamScore              20055370 f   g_team.obj
 0001:000544c0       _OnSameTeam                200554c0 f   g_team.obj
 0001:00054540       _Team_SetFlagStatus        20055540 f   g_team.obj
 0001:00054650       _Team_CheckDroppedItem     20055650 f   g_team.obj
 0001:000546d0       _Team_ForceGesture         200556d0 f   g_team.obj
 0001:00054780       _Team_FragBonuses          20055780 f   g_team.obj
 0001:00055340       _Team_CheckHurtCarrier     20056340 f   g_team.obj
 0001:00055460       _Team_ResetFlag            20056460 f   g_team.obj
 0001:00055550       _Team_ResetFlags           20056550 f   g_team.obj
 0001:00055590       _Team_ReturnFlagSound      20056590 f   g_team.obj
 0001:00055620       _Team_TakeFlagSound        20056620 f   g_team.obj
 0001:00055740       _Team_CaptureFlagSound     20056740 f   g_team.obj
 0001:000557d0       _Team_ReturnFlag           200567d0 f   g_team.obj
 0001:00055850       _Team_FreeEntity           20056850 f   g_team.obj
 0001:000558d0       _Team_DroppedFlagThink     200568d0 f   g_team.obj
 0001:00055970       _Team_TouchOurFlag         20056970 f   g_team.obj
 0001:00055f60       _Team_TouchEnemyFlag       20056f60 f   g_team.obj
 0001:00056040       _Pickup_Team               20057040 f   g_team.obj
 0001:00056120       _Team_GetLocation          20057120 f   g_team.obj
 0001:00056260       _Team_GetLocationMsg       20057260 f   g_team.obj
 0001:00056350       _SelectRandomTeamSpawnPoint 20057350 f   g_team.obj
 0001:000564a0       _SelectCTFSpawnPoint       200574a0 f   g_team.obj
 0001:00056570       _TeamplayInfoMessage       20057570 f   g_team.obj
 0001:00056960       _CheckTeamStatus           20057960 f   g_team.obj
 0001:00056b30       _SP_team_CTF_redplayer     20057b30 f   g_team.obj
 0001:00056b50       _SP_team_CTF_blueplayer    20057b50 f   g_team.obj
 0001:00056b70       _SP_team_CTF_redspawn      20057b70 f   g_team.obj
 0001:00056b90       _SP_team_CTF_bluespawn     20057b90 f   g_team.obj
 0001:00056bb0       _InitTrigger               20057bb0 f   g_trigger.obj
 0001:00056c40       _multi_wait                20057c40 f   g_trigger.obj
 0001:00056c70       _multi_trigger             20057c70 f   g_trigger.obj
 0001:00056e80       _Use_Multi                 20057e80 f   g_trigger.obj
 0001:00056eb0       _Touch_Multi               20057eb0 f   g_trigger.obj
 0001:00056ef0       _SP_trigger_multiple       20057ef0 f   g_trigger.obj
 0001:00056ff0       _trigger_always_think      20057ff0 f   g_trigger.obj
 0001:00057030       _SP_trigger_always         20058030 f   g_trigger.obj
 0001:00057070       _G_TouchJumpPad            20058070 f   g_trigger.obj
 0001:000571c0       _trigger_push_touch        200581c0 f   g_trigger.obj
 0001:00057230       _AimAtTarget               20058230 f   g_trigger.obj
 0001:00057410       _SP_trigger_push           20058410 f   g_trigger.obj
 0001:000574b0       _Use_target_push           200584b0 f   g_trigger.obj
 0001:000574d0       _SP_target_push            200584d0 f   g_trigger.obj
 0001:00057680       _trigger_teleporter_touch  20058680 f   g_trigger.obj
 0001:000577c0       _SP_trigger_teleport       200587c0 f   g_trigger.obj
 0001:00057870       _hurt_use                  20058870 f   g_trigger.obj
 0001:000578c0       _hurt_touch                200588c0 f   g_trigger.obj
 0001:000579e0       _SP_trigger_hurt           200589e0 f   g_trigger.obj
 0001:00057ab0       _func_timer_think          20058ab0 f   g_trigger.obj
 0001:00057b50       _func_timer_use            20058b50 f   g_trigger.obj
 0001:00057bb0       _SP_func_timer             20058bb0 f   g_trigger.obj
 0001:00057ce0       _AddRemap                  20058ce0 f   g_utils.obj
 0001:00057e10       _BuildShaderStateConfig    20058e10 f   g_utils.obj
 0001:00057f10       _G_FindConfigstringIndex   20058f10 f   g_utils.obj
 0001:00058000       _G_ModelIndex              20059000 f   g_utils.obj
 0001:00058030       _G_SoundIndex              20059030 f   g_utils.obj
 0001:00058070       _G_TeamCommand             20059070 f   g_utils.obj
 0001:00058110       _G_Find                    20059110 f   g_utils.obj
 0001:000581c0       _G_PickTarget              200591c0 f   g_utils.obj
 0001:000582a0       _G_UseTargets              200592a0 f   g_utils.obj
 0001:000583f0       _tv                        200593f0 f   g_utils.obj
 0001:00058460       _vtos                      20059460 f   g_utils.obj
 0001:000584f0       _G_SetMovedir              200594f0 f   g_utils.obj
 0001:00058640       _vectoyaw                  20059640 f   g_utils.obj
 0001:00058740       _G_InitGentity             20059740 f   g_utils.obj
 0001:000587a0       _G_Spawn                   200597a0 f   g_utils.obj
 0001:00058970       _G_EntitiesFree            20059970 f   g_utils.obj
 0001:000589e0       _G_FreeEntity              200599e0 f   g_utils.obj
 0001:00058a60       _G_TempEntity              20059a60 f   g_utils.obj
 0001:00058b50       _G_KillBox                 20059b50 f   g_utils.obj
 0001:00058cf0       _G_AddPredictableEvent     20059cf0 f   g_utils.obj
 0001:00058d40       _G_AddEvent                20059d40 f   g_utils.obj
 0001:00058e70       _G_Sound                   20059e70 f   g_utils.obj
 0001:00058eb0       _G_SetOrigin               20059eb0 f   g_utils.obj
 0001:00058f80       _DebugLine                 20059f80 f   g_utils.obj
 0001:00059270       _G_BounceProjectile        2005a270 f   g_weapon.obj
 0001:00059390       _Inv_CalcMuzzlePoint       2005a390 f   g_weapon.obj
 0001:00059530       _Weapon_Gauntlet           2005a530 f   g_weapon.obj
 0001:00059550       _CheckGauntletAttack       2005a550 f   g_weapon.obj
 0001:000598c0       _SnapVectorTowards         2005a8c0 f   g_weapon.obj
 0001:00059970       _Bullet_Fire               2005a970 f   g_weapon.obj
 0001:00059cc0       _BFG_Fire                  2005acc0 f   g_weapon.obj
 0001:00059d40       _ShotgunPellet             2005ad40 f   g_weapon.obj
 0001:00059e90       _ShotgunPattern            2005ae90 f   g_weapon.obj
 0001:0005a100       _weapon_supershotgun_fire  2005b100 f   g_weapon.obj
 0001:0005a220       _weapon_grenadelauncher_fire 2005b220 f   g_weapon.obj
 0001:0005a2d0       _Weapon_RocketLauncher_Fire 2005b2d0 f   g_weapon.obj
 0001:0005a350       _Weapon_Plasmagun_Fire     2005b350 f   g_weapon.obj
 0001:0005a3d0       _weapon_railgun_fire       2005b3d0 f   g_weapon.obj
 0001:0005a730       _Weapon_GrapplingHook_Fire 2005b730 f   g_weapon.obj
 0001:0005a7b0       _Weapon_HookFree           2005b7b0 f   g_weapon.obj
 0001:0005a830       _Weapon_HookThink          2005b830 f   g_weapon.obj
 0001:0005a9f0       _Weapon_LightningFire      2005b9f0 f   g_weapon.obj
 0001:0005ac20       _LogAccuracyHit            2005bc20 f   g_weapon.obj
 0001:0005acc0       _CalcMuzzlePoint           2005bcc0 f   g_weapon.obj
 0001:0005add0       _CalcMuzzlePointOrigin     2005bdd0 f   g_weapon.obj
 0001:0005af30       _FireWeapon                2005bf30 f   g_weapon.obj
 0001:0005b3d0       _Q_rand                    2005c3d0 f   q_math.obj
 0001:0005b410       _Q_random                  2005c410 f   q_math.obj
 0001:0005b450       _Q_crandom                 2005c450 f   q_math.obj
 0001:0005b480       _ClampChar                 2005c480 f   q_math.obj
 0001:0005b4b0       _ClampShort                2005c4b0 f   q_math.obj
 0001:0005b4f0       _DirToByte                 2005c4f0 f   q_math.obj
 0001:0005b5c0       _ByteToDir                 2005c5c0 f   q_math.obj
 0001:0005b660       _ColorBytes3               2005c660 f   q_math.obj
 0001:0005b6c0       _ColorBytes4               2005c6c0 f   q_math.obj
 0001:0005b730       _NormalizeColor            2005c730 f   q_math.obj
 0001:0005b800       _PlaneFromPoints           2005c800 f   q_math.obj
 0001:0005b990       _RotatePointAroundVector   2005c990 f   q_math.obj
 0001:0005bc40       _RotateAroundDirection     2005cc40 f   q_math.obj
 0001:0005bcf0       _vectoangles               2005ccf0 f   q_math.obj
 0001:0005bec0       _AnglesToAxis              2005cec0 f   q_math.obj
 0001:0005bf30       _AxisClear                 2005cf30 f   q_math.obj
 0001:0005bfc0       _AxisCopy                  2005cfc0 f   q_math.obj
 0001:0005c060       _ProjectPointOnPlane       2005d060 f   q_math.obj
 0001:0005c1e0       _MakeNormalVectors         2005d1e0 f   q_math.obj
 0001:0005c2d0       _VectorRotate              2005d2d0 f   q_math.obj
 0001:0005c390       _Q_rsqrt                   2005d390 f   q_math.obj
 0001:0005c400       _Q_fabs                    2005d400 f   q_math.obj
 0001:0005c430       _LerpAngle                 2005d430 f   q_math.obj
 0001:0005c4b0       _AngleSubtract             2005d4b0 f   q_math.obj
 0001:0005c520       _AnglesSubtract            2005d520 f   q_math.obj
 0001:0005c5a0       _AngleMod                  2005d5a0 f   q_math.obj
 0001:0005c5e0       _AngleNormalize360         2005d5e0 f   q_math.obj
 0001:0005c620       _AngleNormalize180         2005d620 f   q_math.obj
 0001:0005c670       _AngleDelta                2005d670 f   q_math.obj
 0001:0005c6a0       _SetPlaneSignbits          2005d6a0 f   q_math.obj
 0001:0005c720       _BoxOnPlaneSide            2005d720 f   q_math.obj
 0001:0005c9f0       _RadiusFromBounds          2005d9f0 f   q_math.obj
 0001:0005cb10       _ClearBounds               2005db10 f   q_math.obj
 0001:0005cb70       _AddPointToBounds          2005db70 f   q_math.obj
 0001:0005cc70       _VectorNormalize           2005dc70 f   q_math.obj
 0001:0005cd30       _VectorNormalize2          2005dd30 f   q_math.obj
 0001:0005ce10       __VectorMA                 2005de10 f   q_math.obj
 0001:0005ce70       __DotProduct               2005de70 f   q_math.obj
 0001:0005cec0       __VectorSubtract           2005dec0 f   q_math.obj
 0001:0005cf20       __VectorAdd                2005df20 f   q_math.obj
 0001:0005cf80       __VectorCopy               2005df80 f   q_math.obj
 0001:0005cfc0       __VectorScale              2005dfc0 f   q_math.obj
 0001:0005d010       _Vector4Scale              2005e010 f   q_math.obj
 0001:0005d070       _Q_log2                    2005e070 f   q_math.obj
 0001:0005d0b0       _MatrixMultiply            2005e0b0 f   q_math.obj
 0001:0005d2c0       _AngleVectors              2005e2c0 f   q_math.obj
 0001:0005d520       _PerpendicularVector       2005e520 f   q_math.obj
 0001:0005d610       _TransposeMatrix           2005e610 f   q_math.obj
 0001:0005d690       _Com_Clamp                 2005e690 f   q_shared.obj
 0001:0005d6e0       _COM_SkipPath              2005e6e0 f   q_shared.obj
 0001:0005d740       _COM_StripExtension        2005e740 f   q_shared.obj
 0001:0005d7a0       _COM_DefaultExtension      2005e7a0 f   q_shared.obj
 0001:0005d850       _ShortSwap                 2005e850 f   q_shared.obj
 0001:0005d8b0       _ShortNoSwap               2005e8b0 f   q_shared.obj
 0001:0005d8d0       _LongSwap                  2005e8d0 f   q_shared.obj
 0001:0005d970       _LongNoSwap                2005e970 f   q_shared.obj
 0001:0005d990       _Long64Swap                2005e990 f   q_shared.obj
 0001:0005d9f0       _Long64NoSwap              2005e9f0 f   q_shared.obj
 0001:0005da10       _FloatSwap                 2005ea10 f   q_shared.obj
 0001:0005da50       _FloatNoSwap               2005ea50 f   q_shared.obj
 0001:0005da70       _COM_BeginParseSession     2005ea70 f   q_shared.obj
 0001:0005dac0       _COM_GetCurrentParseLine   2005eac0 f   q_shared.obj
 0001:0005dae0       _COM_Parse                 2005eae0 f   q_shared.obj
 0001:0005db10       _COM_ParseError            2005eb10 f   q_shared.obj
 0001:0005db80       _COM_ParseWarning          2005eb80 f   q_shared.obj
 0001:0005dbf0       _COM_Compress              2005ebf0 f   q_shared.obj
 0001:0005de70       _COM_ParseExt              2005ee70 f   q_shared.obj
 0001:0005e1a0       _COM_MatchToken            2005f1a0 f   q_shared.obj
 0001:0005e200       _SkipBracedSection         2005f200 f   q_shared.obj
 0001:0005e290       _SkipRestOfLine            2005f290 f   q_shared.obj
 0001:0005e300       _Parse1DMatrix             2005f300 f   q_shared.obj
 0001:0005e390       _Parse2DMatrix             2005f390 f   q_shared.obj
 0001:0005e420       _Parse3DMatrix             2005f420 f   q_shared.obj
 0001:0005e4c0       _Q_isprint                 2005f4c0 f   q_shared.obj
 0001:0005e4f0       _Q_islower                 2005f4f0 f   q_shared.obj
 0001:0005e520       _Q_isupper                 2005f520 f   q_shared.obj
 0001:0005e550       _Q_isalpha                 2005f550 f   q_shared.obj
 0001:0005e590       _Q_strrchr                 2005f590 f   q_shared.obj
 0001:0005e610       _Q_strncpyz                2005f610 f   q_shared.obj
 0001:0005e6a0       _Q_stricmpn                2005f6a0 f   q_shared.obj
 0001:0005e7b0       _Q_strncmp                 2005f7b0 f   q_shared.obj
 0001:0005e840       _Q_stricmp                 2005f840 f   q_shared.obj
 0001:0005e890       _Q_strlwr                  2005f890 f   q_shared.obj
 0001:0005e8f0       _Q_strupr                  2005f8f0 f   q_shared.obj
 0001:0005e950       _Q_strcat                  2005f950 f   q_shared.obj
 0001:0005e9c0       _Q_PrintStrlen             2005f9c0 f   q_shared.obj
 0001:0005ea60       _Q_CleanStr                2005fa60 f   q_shared.obj
 0001:0005eb20       _Com_sprintf               2005fb20 f   q_shared.obj
 0001:0005ebd0       _va                        2005fbd0 f   q_shared.obj
 0001:0005ec40       _Info_ValueForKey          2005fc40 f   q_shared.obj
 0001:0005ee20       _Info_NextPair             2005fe20 f   q_shared.obj
 0001:0005ef30       _Info_RemoveKey            2005ff30 f   q_shared.obj
 0001:0005f100       _Info_RemoveKey_Big        20060100 f   q_shared.obj
 0001:0005f2d0       _Info_Validate             200602d0 f   q_shared.obj
 0001:0005f330       _Info_SetValueForKey       20060330 f   q_shared.obj
 0001:0005f510       _Info_SetValueForKey_Big   20060510 f   q_shared.obj
 0001:0005f6e0       _CalcMuzzlePointStuff      200606e0 f   SPAAACE.obj
 0001:0005f820       _Inv_CalcMuzzleStuff       20060820 f   SPAAACE.obj
 0001:0005f870       _CalcMuzzlePointOriginStuff 20060870 f   SPAAACE.obj
 0001:0005fa00       _CalcVecDir                20060a00 f   SPAAACE.obj
 0001:0005fb10       _atol                      20060b10 f   LIBCMTD:atox.obj
 0001:0005fc10       _atoi                      20060c10 f   LIBCMTD:atox.obj
 0001:0005fc30       __atoi64                   20060c30 f   LIBCMTD:atox.obj
 0001:0005fd60       _strlen                    20060d60 f   LIBCMTD:strlen.obj
 0001:0005fde0       _srand                     20060de0 f   LIBCMTD:rand.obj
 0001:0005fdf0       _rand                      20060df0 f   LIBCMTD:rand.obj
 0001:0005fe30       __fpmath                   20060e30 f   LIBCMTD:fpinit.obj
 0001:0005fe60       __fpclear                  20060e60 f   LIBCMTD:fpinit.obj
 0001:0005fe70       __cfltcvt_init             20060e70 f   LIBCMTD:fpinit.obj
 0001:0005fec0       ___setfflag                20060ec0 f   LIBCMTD:fpinit.obj
 0001:0005fedc       __ftol                     20060edc f   LIBCMTD:ftol.obj
 0001:0005ff10       _strncpy                   20060f10 f   LIBCMTD:strncpy.obj
 0001:00060010       _strcpy                    20061010 f   LIBCMTD:strcat.obj
 0001:00060020       _strcat                    20061020 f   LIBCMTD:strcat.obj
 0001:00060100       _memcpy                    20061100 f   LIBCMTD:memcpy.obj
 0001:00060440       _atof                      20061440 f   LIBCMTD:atof.obj
 0001:000604c0       _sscanf                    200614c0 f   LIBCMTD:sscanf.obj
 0001:00060580       __CIsqrt                   20061580 f   LIBCMTD:sqrt.obj
 0001:00060594       _sqrt                      20061594 f   LIBCMTD:sqrt.obj
 0001:00060640       _memset                    20061640 f   LIBCMTD:memset.obj
 0001:000606a0       __toupper                  200616a0 f   LIBCMTD:toupper.obj
 0001:000606b0       _toupper                   200616b0 f   LIBCMTD:toupper.obj
 0001:00060750       __toupper_lk               20061750 f   LIBCMTD:toupper.obj
 0001:00060880       _memmove                   20061880 f   LIBCMTD:memmove.obj
 0001:00060bc0       _strstr                    20061bc0 f   LIBCMTD:strstr.obj
 0001:00060c40       _fabs                      20061c40 f   LIBCMTD:fabs.obj
 0001:00060d40       _strcmp                    20061d40 f   LIBCMTD:strcmp.obj
 0001:00060dd0       _vsprintf                  20061dd0 f   LIBCMTD:vsprintf.obj
 0001:00060ed0       _abs                       20061ed0 f   LIBCMTD:abs.obj
 0001:00060f10       _strchr                    20061f10 f   LIBCMTD:strchr.obj
 0001:00060f16       ___from_strstr_to_strchr   20061f16 f   LIBCMTD:strchr.obj
 0001:00060fd0       __CIsin                    20061fd0 f   LIBCMTD:sin.obj
 0001:00060fe4       _sin                       20061fe4 f   LIBCMTD:sin.obj
 0001:00061080       __CIcos                    20062080 f   LIBCMTD:cos.obj
 0001:00061094       _cos                       20062094 f   LIBCMTD:cos.obj
 0001:00061130       __CIacos                   20062130 f   LIBCMTD:acos.obj
 0001:00061144       _acos                      20062144 f   LIBCMTD:acos.obj
 0001:00061200       __assert                   20062200 f   LIBCMTD:assert.obj
 0001:00061580       __alloca_probe             20062580 f   LIBCMTD:chkstk.obj
 0001:00061580       __chkstk                   20062580 f   LIBCMTD:chkstk.obj
 0001:000615b0       __tolower                  200625b0 f   LIBCMTD:tolower.obj
 0001:000615c0       _tolower                   200625c0 f   LIBCMTD:tolower.obj
 0001:00061660       __tolower_lk               20062660 f   LIBCMTD:tolower.obj
 0001:00061790       _ceil                      20062790 f   LIBCMTD:ceil.obj
 0001:000618d0       _qsort                     200628d0 f   LIBCMTD:qsort.obj
 0001:00061bd0       _atan2                     20062bd0 f   LIBCMTD:87ctriga.obj
 0001:00061bda       __CIatan2                  20062bda f   LIBCMTD:87ctriga.obj
 0001:00061bf0       __CRT_INIT@12              20062bf0 f   LIBCMTD:dllcrt0.obj
 0001:00061d30       __DllMainCRTStartup@12     20062d30 f   LIBCMTD:dllcrt0.obj
 0001:00061e30       __amsg_exit                20062e30 f   LIBCMTD:dllcrt0.obj
 0001:00061e70       __isctype                  20062e70 f   LIBCMTD:isctype.obj
 0001:00061f30       __allmul                   20062f30 f   LIBCMTD:llmul.obj
 0001:00061f70       __mtinit                   20062f70 f   LIBCMTD:tidtable.obj
 0001:00062000       __mtterm                   20063000 f   LIBCMTD:tidtable.obj
 0001:00062030       __initptd                  20063030 f   LIBCMTD:tidtable.obj
 0001:00062050       __getptd                   20063050 f   LIBCMTD:tidtable.obj
 0001:000620f0       __freeptd                  200630f0 f   LIBCMTD:tidtable.obj
 0001:00062200       ___threadid                20063200 f   LIBCMTD:tidtable.obj
 0001:00062210       ___threadhandle            20063210 f   LIBCMTD:tidtable.obj
 0001:00062220       __setdefaultprecision      20063220 f   LIBCMTD:fp8.obj
 0001:00062240       __ms_p5_test_fdiv          20063240 f   LIBCMTD:testfdiv.obj
 0001:000622a0       __ms_p5_mp_test_fdiv       200632a0 f   LIBCMTD:testfdiv.obj
 0001:000622f0       __forcdecpt                200632f0 f   LIBCMTD:cvt.obj
 0001:000623a0       __cropzeros                200633a0 f   LIBCMTD:cvt.obj
 0001:00062480       __positive                 20063480 f   LIBCMTD:cvt.obj
 0001:000624b0       __fassign                  200634b0 f   LIBCMTD:cvt.obj
[...]
 0003:00004320       __pow10neg                 200cc320     LIBCMTD:constpow.obj
 0003:0000447c       __timezone                 200cc47c     LIBCMTD:timeset.obj
 0003:00004480       __daylight                 200cc480     LIBCMTD:timeset.obj
 0003:00004484       __dstbias                  200cc484     LIBCMTD:timeset.obj
 0003:00004508       __tzname                   200cc508     LIBCMTD:timeset.obj
 0003:0000452c       __lpdays                   200cc52c     LIBCMTD:days.obj
 0003:00004560       __days                     200cc560     LIBCMTD:days.obj
 0003:00004d38       _c_pmove                   200ccd38     bg_pmove.obj
 0003:00004d40       _WallWalk                  200ccd40     bg_pmove.obj
 0003:00004d44       _ceiling                   200ccd44     bg_pmove.obj
 0003:00004d48       _toggletimer               200ccd48     bg_pmove.obj
 0003:00057de0       _remapCount                2011fde0     g_utils.obj
 0003:000581dc       _vec3_origin               201201dc     q_math.obj
 0003:00072ad4       ___fastflag                2013aad4     LIBCMTD:fpinit.obj
 0003:00072ad8       __adjust_fdiv              2013aad8     LIBCMTD:fpinit.obj
 0003:00072ae0       __aenvptr                  2013aae0     LIBCMTD:dllcrt0.obj
 0003:00072ae4       __wenvptr                  2013aae4     LIBCMTD:dllcrt0.obj
 0003:00072ae8       ___error_mode              2013aae8     LIBCMTD:dllcrt0.obj
 0003:00072aec       ___app_type                2013aaec     LIBCMTD:dllcrt0.obj
 0003:00072b64       ___lc_handle               2013ab64     LIBCMTD:nlsdata2.obj
 0003:00072b7c       ___lc_codepage             2013ab7c     LIBCMTD:nlsdata2.obj
 0003:00072b80       ___lc_collate_cp           2013ab80     LIBCMTD:nlsdata2.obj
 0003:00072b88       __umaskval                 2013ab88     LIBCMTD:crt0dat.obj
 0003:00072b8c       __osver                    2013ab8c     LIBCMTD:crt0dat.obj
 0003:00072b90       __winver                   2013ab90     LIBCMTD:crt0dat.obj
 0003:00072b94       __winmajor                 2013ab94     LIBCMTD:crt0dat.obj
 0003:00072b98       __winminor                 2013ab98     LIBCMTD:crt0dat.obj
 0003:00072b9c       ___argc                    2013ab9c     LIBCMTD:crt0dat.obj
 0003:00072ba0       ___argv                    2013aba0     LIBCMTD:crt0dat.obj
 0003:00072ba4       ___wargv                   2013aba4     LIBCMTD:crt0dat.obj
 0003:00072ba8       __environ                  2013aba8     LIBCMTD:crt0dat.obj
 0003:00072bac       ___initenv                 2013abac     LIBCMTD:crt0dat.obj
 0003:00072bb0       __wenviron                 2013abb0     LIBCMTD:crt0dat.obj
 0003:00072bb4       ___winitenv                2013abb4     LIBCMTD:crt0dat.obj
 0003:00072bb8       __pgmptr                   2013abb8     LIBCMTD:crt0dat.obj
 0003:00072bbc       __wpgmptr                  2013abbc     LIBCMTD:crt0dat.obj
 0003:00072bc0       __exitflag                 2013abc0     LIBCMTD:crt0dat.obj
 0003:00072bc4       __C_Termination_Done       2013abc4     LIBCMTD:crt0dat.obj
 0003:00072bc8       __C_Exit_Done              2013abc8     LIBCMTD:crt0dat.obj
 0003:00072bf0       __cflush                   2013abf0     LIBCMTD:_file.obj
 0003:00072d10       __adbgmsg                  2013ad10     LIBCMTD:crt0msg.obj
 0003:00072d18       ___lc_time_intl            2013ad18     LIBCMTD:inittime.obj
 0003:00072d34       ___lc_id                   2013ad34     LIBCMTD:nlsdata3.obj
 0003:00072d7c       __stdbuf                   2013ad7c     LIBCMTD:_sftbuf.obj
 0003:00072d84       __newmode                  2013ad84     LIBCMTD:_newmode.obj
 0003:00072d88       ?_pnhHeap@@3P6AHI@ZA       2013ad88     LIBCMTD:handler.obj
 0003:00072d98       ___lconv_static_null       2013ad98     LIBCMTD:lconv.obj
 0003:00072e80       _remappedShaders           2013ae80     <common>
 0003:00077dbc       _neutralObelisk            2013fdbc     <common>
 0003:00077de0       _teamgame                  2013fde0     <common>
 0003:00077e04       _pushed_p                  2013fe04     <common>
 0003:000797c0       _pushed                    201417c0     <common>
 0003:000817c0       _g_synchronousClients      201497c0     <common>
 0003:000ae660       _g_maxGameClients          20176660     <common>
 0003:000ae780       _g_fraglimit               20176780     <common>
 0003:000ae8a0       _g_gametype                201768a0     <common>
 0003:000ae9c0       _g_password                201769c0     <common>
 0003:000aeae0       _g_dmflags                 20176ae0     <common>
 0003:000aec00       _pmove_msec                20176c00     <common>
 0003:000aed20       _g_cheats                  20176d20     <common>
 0003:000aee40       _g_capturelimit            20176e40     <common>
 0003:000aef60       _g_weaponTeamRespawn       20176f60     <common>
 0003:000af080       _g_needpass                20177080     <common>
 0003:000af1a0       _g_speed                   201771a0     <common>
 0003:000af2c0       _g_teamForceBalance        201772c0     <common>
 0003:000af3e0       _g_doWarmup                201773e0     <common>
 0003:000af500       _g_debugDamage             20177500     <common>
 0003:000af620       _g_podiumDist              20177620     <common>
 0003:000af740       _g_banIPs                  20177740     <common>
 0003:000af860       _pmove_fixed               20177860     <common>
 0003:000af980       _g_rankings                20177980     <common>
 0003:000afaa0       _g_knockback               20177aa0     <common>
 0003:000afbc0       _g_clients                 20177bc0     <common>
 0003:000bbdc0       _g_maxclients              20183dc0     <common>
 0003:000bbee0       _g_podiumDrop              20183ee0     <common>
 0003:000bc000       _g_timelimit               20184000     <common>
 0003:000bc120       _g_filterBan               20184120     <common>
 0003:000bc240       _g_smoothClients           20184240     <common>
 0003:000bc360       _g_debugAlloc              20184360     <common>
 0003:000bc480       _g_inactivity              20184480     <common>
 0003:000bc5a0       _level                     201845a0     <common>
 0003:000be9a0       _g_restarted               201869a0     <common>
 0003:000beac0       _g_teamAutoJoin            20186ac0     <common>
 0003:000bebe0       _g_blood                   20186be0     <common>
 0003:000bed00       _g_gravity                 20186d00     <common>
 0003:000bee20       _g_listEntity              20186e20     <common>
 0003:000bef40       _g_allowVote               20186f40     <common>
 0003:000bf060       _g_entities                20187060     <common>
 0003:0018e060       _g_log                     20256060     <common>
 0003:0018e180       _g_friendlyFire            20256180     <common>
 0003:0018e2a0       _g_weaponRespawn           202562a0     <common>
 0003:0018e3c0       _g_debugMove               202563c0     <common>
 0003:0018e4e0       _g_motd                    202564e0     <common>
 0003:0018e600       _g_forcerespawn            20256600     <common>
 0003:0018e720       _g_warmup                  20256720     <common>
 0003:0018e840       _g_logSync                 20256840     <common>
 0003:0018e960       _g_quadfactor              20256960     <common>
 0003:0018ea80       _g_dedicated               20256a80     <common>
 0003:0018eba0       _itemRegistered            20256ba0     <common>
 0003:0018f080       _bot_minplayers            20257080     <common>
 0003:0018f1d0       _g_numArenas               202571d0     <common>
 0003:0018f1d4       _podium2                   202571d4     <common>
 0003:0018f1e4       _podium3                   202571e4     <common>
 0003:0018f1e8       _podium1                   202571e8     <common>
 0003:0018f1f0       _Gravity                   202571f0     <common>
 0003:0018f240       _pml                       20257240     <common>
 0003:0018f2cc       _pm                        202572cc     <common>
 0003:0018f2e0       _ctftaskpreferences        202572e0     <common>
 0003:0018ff00       _bot_interbreedcycle       20257f00     <common>
 0003:001902dc       _numbots                   202582dc     <common>
 0003:001902e0       _bot_testsolid             202582e0     <common>
 0003:00190400       _bot_interbreedwrite       20258400     <common>
 0003:00190520       _bot_developer             20258520     <common>
 0003:00190640       _bot_testclusters          20258640     <common>
 0003:00190750       _bot_interbreedmatchcount  20258750     <common>
 0003:00190760       _bot_saveroutingcache      20258760     <common>
 0003:00190880       _bot_thinktime             20258880     <common>
 0003:001909a0       _botstates                 202589a0     <common>
 0003:00190aa0       _regularupdate_time        20258aa0     <common>
 0003:00190aa4       _bot_interbreed            20258aa4     <common>
 0003:00190aa8       _floattime                 20258aa8     <common>
 0003:00190ac0       _bot_pause                 20258ac0     <common>
 0003:00190be0       _bot_interbreedbots        20258be0     <common>
 0003:00190d00       _bot_memorydump            20258d00     <common>
 0003:00190e20       _bot_report                20258e20     <common>
 0003:00190f40       _bot_interbreedchar        20258f40     <common>
 0003:00191050       _lastteleport_origin       20259050     <common>
 0003:00191d80       _ctf_blueflag              20259d80     <common>
 0003:00191dc0       _g_spSkill                 20259dc0     <common>
 0003:00191ee0       _bot_testrchat             20259ee0     <common>
 0003:00191ff0       _gametype                  20259ff0     <common>
 0003:00192000       _bot_nochat                2025a000     <common>
 0003:00192110       _max_bspmodelindex         2025a110     <common>
 0003:00192120       _bot_fastchat              2025a120     <common>
 0003:00192240       _bot_rocketjump            2025a240     <common>
 0003:00192360       _bot_predictobstacles      2025a360     <common>
 0003:00192480       _bot_challenge             2025a480     <common>
 0003:00192590       _red_numaltroutegoals      2025a590     <common>
 0003:001925a0       _ctf_redflag               2025a5a0     <common>
 0003:001925d8       _botai_freewaypoints       2025a5d8     <common>
 0003:001925dc       _altroutegoals_setup       2025a5dc     <common>
 0003:001925e0       _lastteleport_time         2025a5e0     <common>
 0003:00192600       _blue_altroutegoals        2025a600     <common>
 0003:00192900       _blue_numaltroutegoals     2025a900     <common>
 0003:00192920       _botai_waypoints           2025a920     <common>
 0003:00195b20       _bot_grapple               2025db20     <common>
 0003:00195c40       _red_altroutegoals         2025dc40     <common>
 0003:00195f40       _maxclients                2025df40     <common>
 0003:00195f44       _numnodeswitches           2025df44     <common>
 0003:00196520       _nodeswitch                2025e520     <common>
 0003:001981e0       _notleader                 202601e0     <common>
 0003:0019831c       ___alternate_form          2026031c     <common>
 0003:0019832c       ___no_lead_zeros           2026032c     <common>
 0003:00198330       ___mbcodepage              20260330     <common>
 0003:001983b0       ___mbulinfo                202603b0     <common>
 0003:001983bc       ___ismbcodepage            202603bc     <common>
 0003:001983c0       __mbcasemap                202603c0     <common>
 0003:001984c0       __mbctype                  202604c0     <common>
 0003:001985c4       ___mblcid                  202605c4     <common>
 0003:001985c8       ___sbh_sizeHeaderList      202605c8     <common>
 0003:001985d8       ___sbh_indGroupDefer       202605d8     <common>
 0003:001985dc       ___sbh_pHeaderScan         202605dc     <common>
 0003:001985e0       ___sbh_pHeaderDefer        202605e0     <common>
 0003:001985e4       ___sbh_cntHeaderList       202605e4     <common>
 0003:001985e8       ___sbh_pHeaderList         202605e8     <common>
 0003:001985ec       __crtheap                  202605ec     <common>
 0003:001985f8       __pfnDumpClient            202605f8     <common>
 0003:00198620       ___pioinfo                 20260620     <common>
 0003:0019875c       __nhandle                  2026075c     <common>
 0003:00198760       ___piob                    20260760     <common>
 0003:00198aa0       __bufin                    20260aa0     <common>
 0003:00199aa0       __nstream                  20261aa0     <common>
 0003:00199aa4       ___env_initialized         20261aa4     <common>
 0003:00199ab4       ___mbctype_initialized     20261ab4     <common>
 0003:00199ab8       ___onexitend               20261ab8     <common>
 0003:00199abc       ___onexitbegin             20261abc     <common>
 0003:00199ac0       ___setlc_active            20261ac0     <common>
 0003:00199ad0       ___unguarded_readlc_active 20261ad0     <common>
 0003:00199ad4       __pfnReportHook            20261ad4     <common>
 0003:00199ae0       __acmdln                   20261ae0     <common>
 0003:00199af0       __pRawDllMain              20261af0     <common>
 0004:00000000       __IMPORT_DESCRIPTOR_KERNEL32 20262000     kernel32:KERNEL32.dll
 0004:00000014       __NULL_IMPORT_DESCRIPTOR   20262014     kernel32:KERNEL32.dll
 0004:000001bc       __imp__InterlockedDecrement@4 202621bc     kernel32:KERNEL32.dll
 0004:000001c0       __imp__InterlockedIncrement@4 202621c0     kernel32:KERNEL32.dll
 0004:000001c4       __imp__GetModuleFileNameA@12 202621c4     kernel32:KERNEL32.dll
 0004:000001c8       __imp__GetCommandLineA@0   202621c8     kernel32:KERNEL32.dll
 0004:000001cc       __imp__GetVersion@0        202621cc     kernel32:KERNEL32.dll
 0004:000001d0       __imp__GetCurrentThreadId@0 202621d0     kernel32:KERNEL32.dll
 0004:000001d4       __imp__TlsSetValue@8       202621d4     kernel32:KERNEL32.dll
 0004:000001d8       __imp__TlsAlloc@0          202621d8     kernel32:KERNEL32.dll
 0004:000001dc       __imp__TlsFree@4           202621dc     kernel32:KERNEL32.dll
 0004:000001e0       __imp__SetLastError@4      202621e0     kernel32:KERNEL32.dll
 0004:000001e4       __imp__TlsGetValue@4       202621e4     kernel32:KERNEL32.dll
 0004:000001e8       __imp__GetLastError@0      202621e8     kernel32:KERNEL32.dll
 0004:000001ec       __imp__GetCurrentThread@0  202621ec     kernel32:KERNEL32.dll
 0004:000001f0       __imp__GetProcAddress@8    202621f0     kernel32:KERNEL32.dll
 0004:000001f4       __imp__GetModuleHandleA@4  202621f4     kernel32:KERNEL32.dll
 0004:000001f8       __imp__DebugBreak@0        202621f8     kernel32:KERNEL32.dll
 0004:000001fc       __imp__GetStdHandle@4      202621fc     kernel32:KERNEL32.dll
 0004:00000200       __imp__WriteFile@20        20262200     kernel32:KERNEL32.dll
 0004:00000204       __imp__OutputDebugStringA@4 20262204     kernel32:KERNEL32.dll
 0004:00000208       __imp__LoadLibraryA@4      20262208     kernel32:KERNEL32.dll
 0004:0000020c       __imp__InitializeCriticalSection@4 2026220c     kernel32:KERNEL32.dll
 0004:00000210       __imp__DeleteCriticalSection@4 20262210     kernel32:KERNEL32.dll
 0004:00000214       __imp__EnterCriticalSection@4 20262214     kernel32:KERNEL32.dll
 0004:00000218       __imp__LeaveCriticalSection@4 20262218     kernel32:KERNEL32.dll
 0004:0000021c       __imp__ExitProcess@4       2026221c     kernel32:KERNEL32.dll
 0004:00000220       __imp__FatalAppExitA@8     20262220     kernel32:KERNEL32.dll
 0004:00000224       __imp__Sleep@4             20262224     kernel32:KERNEL32.dll
 0004:00000228       __imp__WideCharToMultiByte@32 20262228     kernel32:KERNEL32.dll
 0004:0000022c       __imp__MultiByteToWideChar@24 2026222c     kernel32:KERNEL32.dll
 0004:00000230       __imp__LCMapStringA@24     20262230     kernel32:KERNEL32.dll
 0004:00000234       __imp__LCMapStringW@24     20262234     kernel32:KERNEL32.dll
 0004:00000238       __imp__RaiseException@16   20262238     kernel32:KERNEL32.dll
 0004:0000023c       __imp__TerminateProcess@8  2026223c     kernel32:KERNEL32.dll
 0004:00000240       __imp__GetCurrentProcess@0 20262240     kernel32:KERNEL32.dll
 0004:00000244       __imp__SetConsoleCtrlHandler@8 20262244     kernel32:KERNEL32.dll
 0004:00000248       __imp__SetHandleCount@4    20262248     kernel32:KERNEL32.dll
 0004:0000024c       __imp__GetFileType@4       2026224c     kernel32:KERNEL32.dll
 0004:00000250       __imp__GetStartupInfoA@4   20262250     kernel32:KERNEL32.dll
 0004:00000254       __imp__IsBadWritePtr@8     20262254     kernel32:KERNEL32.dll
 0004:00000258       __imp__IsBadReadPtr@8      20262258     kernel32:KERNEL32.dll
 0004:0000025c       __imp__HeapValidate@12     2026225c     kernel32:KERNEL32.dll
 0004:00000260       __imp__FreeEnvironmentStringsA@4 20262260     kernel32:KERNEL32.dll
 0004:00000264       __imp__FreeEnvironmentStringsW@4 20262264     kernel32:KERNEL32.dll
 0004:00000268       __imp__GetEnvironmentStrings@0 20262268     kernel32:KERNEL32.dll
 0004:0000026c       __imp__GetEnvironmentStringsW@0 2026226c     kernel32:KERNEL32.dll
 0004:00000270       __imp__HeapDestroy@4       20262270     kernel32:KERNEL32.dll
 0004:00000274       __imp__HeapCreate@12       20262274     kernel32:KERNEL32.dll
 0004:00000278       __imp__HeapFree@12         20262278     kernel32:KERNEL32.dll
 0004:0000027c       __imp__VirtualFree@12      2026227c     kernel32:KERNEL32.dll
 0004:00000280       __imp__GetStringTypeA@20   20262280     kernel32:KERNEL32.dll
 0004:00000284       __imp__GetStringTypeW@16   20262284     kernel32:KERNEL32.dll
 0004:00000288       __imp__UnhandledExceptionFilter@4 20262288     kernel32:KERNEL32.dll
 0004:0000028c       __imp__GetCPInfo@8         2026228c     kernel32:KERNEL32.dll
 0004:00000290       __imp__IsValidLocale@8     20262290     kernel32:KERNEL32.dll
 0004:00000294       __imp__IsValidCodePage@4   20262294     kernel32:KERNEL32.dll
 0004:00000298       __imp__GetLocaleInfoA@16   20262298     kernel32:KERNEL32.dll
 0004:0000029c       __imp__EnumSystemLocalesA@8 2026229c     kernel32:KERNEL32.dll
 0004:000002a0       __imp__GetUserDefaultLCID@0 202622a0     kernel32:KERNEL32.dll
 0004:000002a4       __imp__GetVersionExA@4     202622a4     kernel32:KERNEL32.dll
 0004:000002a8       __imp__RtlUnwind@16        202622a8     kernel32:KERNEL32.dll
 0004:000002ac       __imp__SetFilePointer@16   202622ac     kernel32:KERNEL32.dll
 0004:000002b0       __imp__FlushFileBuffers@4  202622b0     kernel32:KERNEL32.dll
 0004:000002b4       __imp__HeapAlloc@12        202622b4     kernel32:KERNEL32.dll
 0004:000002b8       __imp__HeapReAlloc@16      202622b8     kernel32:KERNEL32.dll
 0004:000002bc       __imp__VirtualAlloc@16     202622bc     kernel32:KERNEL32.dll
 0004:000002c0       __imp__GetACP@0            202622c0     kernel32:KERNEL32.dll
 0004:000002c4       __imp__GetOEMCP@0          202622c4     kernel32:KERNEL32.dll
 0004:000002c8       __imp__ReadFile@20         202622c8     kernel32:KERNEL32.dll
 0004:000002cc       __imp__SetStdHandle@8      202622cc     kernel32:KERNEL32.dll
 0004:000002d0       __imp__GetTimeZoneInformation@4 202622d0     kernel32:KERNEL32.dll
 0004:000002d4       __imp__GetLocaleInfoW@16   202622d4     kernel32:KERNEL32.dll
 0004:000002d8       __imp__CloseHandle@4       202622d8     kernel32:KERNEL32.dll
 0004:000002dc       __imp__CompareStringA@24   202622dc     kernel32:KERNEL32.dll
 0004:000002e0       __imp__CompareStringW@24   202622e0     kernel32:KERNEL32.dll
 0004:000002e4       __imp__SetEnvironmentVariableA@8 202622e4     kernel32:KERNEL32.dll
 0004:000002e8       \177KERNEL32_NULL_THUNK_DATA 202622e8     kernel32:KERNEL32.dll

 entry point at        0001:00061d30

