 qagamex86

 Timestamp is 58c6b538 (Mon Mar 13 11:05:28 2017)

 Preferred load address is 20000000

 Start         Length     Name                   Class
 0001:00000000 000811e7H .text                   CODE
 0001:000811e7 0003bd09H .textbss                CODE
 0002:00000000 00009c24H .rdata                  DATA
 0002:00009c30 0000016cH .edata                  DATA
 0003:00000000 00000104H .CRT$XCA                DATA
 0003:00000104 00000104H .CRT$XCZ                DATA
 0003:00000208 00000104H .CRT$XIA                DATA
 0003:0000030c 00000109H .CRT$XIC                DATA
 0003:00000418 00000104H .CRT$XIZ                DATA
 0003:0000051c 00000104H .CRT$XPA                DATA
 0003:00000620 00000104H .CRT$XPX                DATA
 0003:00000724 00000104H .CRT$XPZ                DATA
 0003:00000828 00000104H .CRT$XTA                DATA
 0003:0000092c 00000104H .CRT$XTZ                DATA
 0003:00000a30 0000417bH .data                   DATA
 0003:00004bb0 00194f24H .bss                    DATA
 0004:00000000 00000014H .idata$2                DATA
 0004:00000014 00000014H .idata$3                DATA
 0004:00000028 00000194H .idata$4                DATA
 0004:000001bc 00000194H .idata$5                DATA
 0004:00000350 000006d5H .idata$6                DATA

  Address         Publics by Value              Rva+Base     Lib:Object

 0001:00002630       _BotNumActivePlayers       20003630 f   ai_chat.obj
 0001:00002760       _BotIsFirstInRankings      20003760 f   ai_chat.obj
 0001:000028b0       _BotIsLastInRankings       200038b0 f   ai_chat.obj
 0001:00002a00       _BotFirstClientInRankings  20003a00 f   ai_chat.obj
 0001:00002b80       _BotLastClientInRankings   20003b80 f   ai_chat.obj
 0001:00002d00       _BotRandomOpponentName     20003d00 f   ai_chat.obj
 0001:00002f40       _BotMapTitle               20003f40 f   ai_chat.obj
 0001:00002fb0       _BotWeaponNameForMeansOfDeath 20003fb0 f   ai_chat.obj
 0001:000030b0       _BotRandomWeaponName       200040b0 f   ai_chat.obj
 0001:00003180       _BotVisibleEnemies         20004180 f   ai_chat.obj
 0001:000032d0       _BotValidChatPosition      200042d0 f   ai_chat.obj
 0001:00003500       _BotChat_EnterGame         20004500 f   ai_chat.obj
 0001:00003690       _BotChat_ExitGame          20004690 f   ai_chat.obj
 0001:00003800       _BotChat_StartLevel        20004800 f   ai_chat.obj
 0001:00003980       _BotChat_EndLevel          20004980 f   ai_chat.obj
 0001:00003c30       _BotChat_Death             20004c30 f   ai_chat.obj
 0001:000041e0       _BotChat_Kill              200051e0 f   ai_chat.obj
 0001:00004510       _BotChat_EnemySuicide      20005510 f   ai_chat.obj
 0001:000046d0       _BotChat_HitTalking        200056d0 f   ai_chat.obj
 0001:00004900       _BotChat_HitNoDeath        20005900 f   ai_chat.obj
 0001:00004b70       _BotChat_HitNoKill         20005b70 f   ai_chat.obj
 0001:00004d90       _BotChat_Random            20005d90 f   ai_chat.obj
 0001:00005100       _BotChatTime               20006100 f   ai_chat.obj
 0001:00005150       _BotChatTest               20006150 f   ai_chat.obj
 0001:00006200       _BotPrintTeamGoal          20007200 f   ai_cmd.obj
 0001:000064b0       _BotGetItemTeamGoal        200074b0 f   ai_cmd.obj
 0001:00006530       _BotGetMessageTeamGoal     20007530 f   ai_cmd.obj
 0001:000065c0       _BotGetTime                200075c0 f   ai_cmd.obj
 0001:00006740       _FindClientByName          20007740 f   ai_cmd.obj
 0001:00006860       _FindEnemyByName           20007860 f   ai_cmd.obj
 0001:000069c0       _NumPlayersOnSameTeam      200079c0 f   ai_cmd.obj
 0001:00006aa0       _BotGetPatrolWaypoints     20007aa0 f   ai_cmd.obj
 0001:00006e00       _BotAddressedToBot         20007e00 f   ai_cmd.obj
 0001:00007130       _BotGPSToPosition          20008130 f   ai_cmd.obj
 0001:00007280       _BotMatch_HelpAccompany    20008280 f   ai_cmd.obj
 0001:00007840       _BotMatch_DefendKeyArea    20008840 f   ai_cmd.obj
 0001:00007a20       _BotMatch_GetItem          20008a20 f   ai_cmd.obj
 0001:00007bb0       _BotMatch_Camp             20008bb0 f   ai_cmd.obj
 0001:00008080       _BotMatch_Patrol           20009080 f   ai_cmd.obj
 0001:00008220       _BotMatch_GetFlag          20009220 f   ai_cmd.obj
 0001:000083c0       _BotMatch_AttackEnemyBase  200093c0 f   ai_cmd.obj
 0001:00008530       _BotMatch_RushBase         20009530 f   ai_cmd.obj
 0001:000086a0       _BotMatch_TaskPreference   200096a0 f   ai_cmd.obj
 0001:000088c0       _BotMatch_ReturnFlag       200098c0 f   ai_cmd.obj
 0001:00008a10       _BotMatch_JoinSubteam      20009a10 f   ai_cmd.obj
 0001:00008b30       _BotMatch_LeaveSubteam     20009b30 f   ai_cmd.obj
 0001:00008c30       _BotMatch_WhichTeam        20009c30 f   ai_cmd.obj
 0001:00008cf0       _BotMatch_CheckPoint       20009cf0 f   ai_cmd.obj
 0001:00009060       _BotMatch_FormationSpace   2000a060 f   ai_cmd.obj
 0001:00009180       _BotMatch_Dismiss          2000a180 f   ai_cmd.obj
 0001:00009280       _BotMatch_Suicide          2000a280 f   ai_cmd.obj
 0001:00009350       _BotMatch_StartTeamLeaderShip 2000a350 f   ai_cmd.obj
 0001:00009440       _BotMatch_StopTeamLeaderShip 2000a440 f   ai_cmd.obj
 0001:00009550       _BotMatch_WhoIsTeamLeader  2000a550 f   ai_cmd.obj
 0001:000095e0       _BotMatch_WhatAreYouDoing  2000a5e0 f   ai_cmd.obj
 0001:00009910       _BotMatch_WhatIsMyCommand  2000a910 f   ai_cmd.obj
 0001:00009970       _BotNearestVisibleItem     2000a970 f   ai_cmd.obj
 0001:00009b40       _BotMatch_WhereAreYou      2000ab40 f   ai_cmd.obj
 0001:00009ed0       _BotMatch_LeadTheWay       2000aed0 f   ai_cmd.obj
 0001:0000a270       _BotMatch_Kill             2000b270 f   ai_cmd.obj
 0001:0000a420       _BotMatch_CTF              2000b420 f   ai_cmd.obj
 0001:0000a650       _BotMatch_EnterGame        2000b650 f   ai_cmd.obj
 0001:0000a6b0       _BotMatch_NewLeader        2000b6b0 f   ai_cmd.obj
 0001:0000a730       _BotMatchMessage           2000b730 f   ai_cmd.obj
 0001:0000ac00       _BotResetNodeSwitches      2000bc00 f   ai_dmnet.obj
 0001:0000ac20       _BotDumpNodeSwitches       2000bc20 f   ai_dmnet.obj
 0001:0000acd0       _BotRecordNodeSwitch       2000bcd0 f   ai_dmnet.obj
 0001:0000ad90       _BotGetAirGoal             2000bd90 f   ai_dmnet.obj
 0001:0000afa0       _BotGoForAir               2000bfa0 f   ai_dmnet.obj
 0001:0000b0d0       _BotNearbyGoal             2000c0d0 f   ai_dmnet.obj
 0001:0000b1c0       _BotReachedGoal            2000c1c0 f   ai_dmnet.obj
 0001:0000b3f0       _BotGetItemLongTermGoal    2000c3f0 f   ai_dmnet.obj
 0001:0000b550       _BotGetLongTermGoal        2000c550 f   ai_dmnet.obj
 0001:0000db00       _BotLongTermGoal           2000eb00 f   ai_dmnet.obj
 0001:0000e150       _AIEnter_Intermission      2000f150 f   ai_dmnet.obj
 0001:0000e1e0       _AINode_Intermission       2000f1e0 f   ai_dmnet.obj
 0001:0000e280       _AIEnter_Observer          2000f280 f   ai_dmnet.obj
 0001:0000e2e0       _AINode_Observer           2000f2e0 f   ai_dmnet.obj
 0001:0000e330       _AIEnter_Stand             2000f330 f   ai_dmnet.obj
 0001:0000e390       _AINode_Stand              2000f390 f   ai_dmnet.obj
 0001:0000e500       _AIEnter_Respawn           2000f500 f   ai_dmnet.obj
 0001:0000e650       _AINode_Respawn            2000f650 f   ai_dmnet.obj
 0001:0000e7a0       _BotSelectActivateWeapon   2000f7a0 f   ai_dmnet.obj
 0001:0000e8d0       _BotClearPath              2000f8d0 f   ai_dmnet.obj
 0001:0000ee60       _AIEnter_Seek_ActivateEntity 2000fe60 f   ai_dmnet.obj
 0001:0000eeb0       _AINode_Seek_ActivateEntity 2000feb0 f   ai_dmnet.obj
 0001:0000f8c0       _AIEnter_Seek_NBG          200108c0 f   ai_dmnet.obj
 0001:0000f970       _AINode_Seek_NBG           20010970 f   ai_dmnet.obj
 0001:0000ff50       _AIEnter_Seek_LTG          20010f50 f   ai_dmnet.obj
 0001:00010000       _AINode_Seek_LTG           20011000 f   ai_dmnet.obj
 0001:00010810       _AIEnter_Battle_Fight      20011810 f   ai_dmnet.obj
 0001:00010870       _AIEnter_Battle_SuicidalFight 20011870 f   ai_dmnet.obj
 0001:000108f0       _AINode_Battle_Fight       200118f0 f   ai_dmnet.obj
 0001:00010f90       _AIEnter_Battle_Chase      20011f90 f   ai_dmnet.obj
 0001:00010ff0       _AINode_Battle_Chase       20011ff0 f   ai_dmnet.obj
 0001:000116a0       _AIEnter_Battle_Retreat    200126a0 f   ai_dmnet.obj
 0001:000116f0       _AINode_Battle_Retreat     200126f0 f   ai_dmnet.obj
 0001:00011ed0       _AIEnter_Battle_NBG        20012ed0 f   ai_dmnet.obj
 0001:00011f20       _AINode_Battle_NBG         20012f20 f   ai_dmnet.obj
 0001:00012590       _BotSetUserInfo            20013590 f   ai_dmq3.obj
 0001:00012620       _BotCTFCarryingFlag        20013620 f   ai_dmq3.obj
 0001:00012680       _BotTeam                   20013680 f   ai_dmq3.obj
 0001:00012750       _BotOppositeTeam           20013750 f   ai_dmq3.obj
 0001:000127a0       _BotEnemyFlag              200137a0 f   ai_dmq3.obj
 0001:000127e0       _BotTeamFlag               200137e0 f   ai_dmq3.obj
 0001:00012820       _EntityIsDead              20013820 f   ai_dmq3.obj
 0001:00012880       _EntityCarriesFlag         20013880 f   ai_dmq3.obj
 0001:000128d0       _EntityIsInvisible         200138d0 f   ai_dmq3.obj
 0001:00012920       _EntityIsShooting          20013920 f   ai_dmq3.obj
 0001:00012960       _EntityIsChatting          20013960 f   ai_dmq3.obj
 0001:000129a0       _EntityHasQuad             200139a0 f   ai_dmq3.obj
 0001:000129d0       _BotRememberLastOrderedTask 200139d0 f   ai_dmq3.obj
 0001:00012a60       _BotSetTeamStatus          20013a60 f   ai_dmq3.obj
 0001:00012a80       _BotSetLastOrderedTask     20013a80 f   ai_dmq3.obj
 0001:00012cb0       _BotRefuseOrder            20013cb0 f   ai_dmq3.obj
 0001:00012d60       _BotCTFSeekGoals           20013d60 f   ai_dmq3.obj
 0001:00013b60       _BotCTFRetreatGoals        20014b60 f   ai_dmq3.obj
 0001:00013c20       _BotTeamGoals              20014c20 f   ai_dmq3.obj
 0001:00013c90       _BotPointAreaNum           20014c90 f   ai_dmq3.obj
 0001:00013d30       _ClientName                20014d30 f   ai_dmq3.obj
 0001:00013df0       _ClientSkin                20014df0 f   ai_dmq3.obj
 0001:00013ea0       _ClientFromName            20014ea0 f   ai_dmq3.obj
 0001:00013f80       _ClientOnSameTeamFromName  20014f80 f   ai_dmq3.obj
 0001:00014080       _stristr                   20015080 f   ai_dmq3.obj
 0001:00014140       _EasyClientName            20015140 f   ai_dmq3.obj
 0001:00014480       _BotSynonymContext         20015480 f   ai_dmq3.obj
 0001:000144e0       _BotChooseWeapon           200154e0 f   ai_dmq3.obj
 0001:000145b0       _BotSetupForMovement       200155b0 f   ai_dmq3.obj
 0001:00014770       _BotCheckItemPickup        20015770 f   ai_dmq3.obj
 0001:00014790       _BotUpdateInventory        20015790 f   ai_dmq3.obj
 0001:00014b50       _BotUpdateBattleInventory  20015b50 f   ai_dmq3.obj
 0001:00014c00       _BotBattleUseItems         20015c00 f   ai_dmq3.obj
 0001:00014c90       _BotSetTeleportTime        20015c90 f   ai_dmq3.obj
 0001:00014cf0       _BotIsDead                 20015cf0 f   ai_dmq3.obj
 0001:00014d20       _BotIsObserver             20015d20 f   ai_dmq3.obj
 0001:00014db0       _BotIntermission           20015db0 f   ai_dmq3.obj
 0001:00014e10       _BotInLavaOrSlime          20015e10 f   ai_dmq3.obj
 0001:00014e80       _BotCreateWayPoint         20015e80 f   ai_dmq3.obj
 0001:00014fc0       _BotFindWayPoint           20015fc0 f   ai_dmq3.obj
 0001:00015020       _BotFreeWaypoints          20016020 f   ai_dmq3.obj
 0001:00015070       _BotInitWaypoints          20016070 f   ai_dmq3.obj
 0001:000150e0       _TeamPlayIsOn              200160e0 f   ai_dmq3.obj
 0001:00015110       _BotAggression             20016110 f   ai_dmq3.obj
 0001:00015300       _BotFeelingBad             20016300 f   ai_dmq3.obj
 0001:00015380       _BotWantsToRetreat         20016380 f   ai_dmq3.obj
 0001:00015450       _BotWantsToChase           20016450 f   ai_dmq3.obj
 0001:00015510       _BotWantsToHelp            20016510 f   ai_dmq3.obj
 0001:00015530       _BotCanAndWantsToRocketJump 20016530 f   ai_dmq3.obj
 0001:00015610       _BotHasPersistantPowerupAndWeapon 20016610 f   ai_dmq3.obj
 0001:000157b0       _BotGoCamp                 200167b0 f   ai_dmq3.obj
 0001:000158f0       _BotWantsToCamp            200168f0 f   ai_dmq3.obj
 0001:00015bc0       _BotDontAvoid              20016bc0 f   ai_dmq3.obj
 0001:00015c30       _BotGoForPowerups          20016c30 f   ai_dmq3.obj
 0001:00015cc0       _BotRoamGoal               20016cc0 f   ai_dmq3.obj
 0001:00016100       _BotAttackMove             20017100 f   ai_dmq3.obj
 0001:000169c0       _BotSameTeam               200179c0 f   ai_dmq3.obj
 0001:00016ad0       _InFieldOfVision           20017ad0 f   ai_dmq3.obj
 0001:00016c20       _BotEntityVisible          20017c20 f   ai_dmq3.obj
 0001:000172f0       _BotFindEnemy              200182f0 f   ai_dmq3.obj
 0001:00017940       _BotTeamFlagCarrierVisible 20018940 f   ai_dmq3.obj
 0001:00017a60       _BotTeamFlagCarrier        20018a60 f   ai_dmq3.obj
 0001:00017b20       _BotEnemyFlagCarrierVisible 20018b20 f   ai_dmq3.obj
 0001:00017c40       _BotVisibleTeamMatesAndEnemies 20018c40 f   ai_dmq3.obj
 0001:00017e20       _BotAimAtEnemy             20018e20 f   ai_dmq3.obj
 0001:00019460       _BotCheckAttack            2001a460 f   ai_dmq3.obj
 0001:00019b20       _BotMapScripts             2001ab20 f   ai_dmq3.obj
 0001:0001a0a0       _BotSetMovedir             2001b0a0 f   ai_dmq3.obj
 0001:0001a1d0       _BotModelMinsMaxs          2001b1d0 f   ai_dmq3.obj
 0001:0001a3b0       _BotFuncButtonActivateGoal 2001b3b0 f   ai_dmq3.obj
 0001:0001b270       _BotFuncDoorActivateGoal   2001c270 f   ai_dmq3.obj
 0001:0001b4c0       _BotTriggerMultipleActivateGoal 2001c4c0 f   ai_dmq3.obj
 0001:0001b870       _BotPopFromActivateGoalStack 2001c870 f   ai_dmq3.obj
 0001:0001b900       _BotPushOntoActivateGoalStack 2001c900 f   ai_dmq3.obj
 0001:0001ba60       _BotClearActivateGoalStack 2001ca60 f   ai_dmq3.obj
 0001:0001baa0       _BotEnableActivateGoalAreas 2001caa0 f   ai_dmq3.obj
 0001:0001bb30       _BotIsGoingToActivateEntity 2001cb30 f   ai_dmq3.obj
 0001:0001bc40       _BotGetActivateGoal        2001cc40 f   ai_dmq3.obj
 0001:0001c700       _BotGoForActivateGoal      2001d700 f   ai_dmq3.obj
 0001:0001c7f0       _BotPrintActivateGoalInfo  2001d7f0 f   ai_dmq3.obj
 0001:0001c940       _BotRandomMove             2001d940 f   ai_dmq3.obj
 0001:0001ca00       _BotAIBlocked              2001da00 f   ai_dmq3.obj
 0001:0001ce90       _BotAIPredictObstacles     2001de90 f   ai_dmq3.obj
 0001:0001d0b0       _BotCheckConsoleMessages   2001e0b0 f   ai_dmq3.obj
 0001:0001d610       _BotCheckForGrenades       2001e610 f   ai_dmq3.obj
 0001:0001d670       _BotCheckEvents            2001e670 f   ai_dmq3.obj
 0001:0001dc20       _BotCheckSnapshot          2001ec20 f   ai_dmq3.obj
 0001:0001dd40       _BotCheckAir               2001ed40 f   ai_dmq3.obj
 0001:0001dda0       _BotAlternateRoute         2001eda0 f   ai_dmq3.obj
 0001:0001de80       _BotGetAlternateRouteGoal  2001ee80 f   ai_dmq3.obj
 0001:0001e020       _BotSetupAlternativeRouteGoals 2001f020 f   ai_dmq3.obj
 0001:0001e050       _BotDeathmatchAI           2001f050 f   ai_dmq3.obj
 0001:0001e520       _BotSetEntityNumForGoalWithModel 2001f520 f   ai_dmq3.obj
 0001:0001e630       _BotSetEntityNumForGoal    2001f630 f   ai_dmq3.obj
 0001:0001e720       _BotGoalForBSPEntity       2001f720 f   ai_dmq3.obj
 0001:0001e930       _BotSetupDeathmatchAI      2001f930 f   ai_dmq3.obj
 0001:0001eb90       _BotShutdownDeathmatchAI   2001fb90 f   ai_dmq3.obj
 0001:0001ebb0       _BotAI_Print               2001fbb0 f   ai_main.obj
 0001:0001ecf0       _BotAI_Trace               2001fcf0 f   ai_main.obj
 0001:0001ee00       _BotAI_GetClientState      2001fe00 f   ai_main.obj
 0001:0001ee80       _BotAI_GetEntityState      2001fe80 f   ai_main.obj
 0001:0001ef30       _BotAI_GetSnapshotEntity   2001ff30 f   ai_main.obj
 0001:0001efa0       _BotAI_BotInitialChat      2001ffa0 f   ai_main.obj
 0001:0001f0a0       _BotTestAAS                200200a0 f   ai_main.obj
 0001:0001f1b0       _BotReportStatus           200201b0 f   ai_main.obj
 0001:0001f6b0       _BotTeamplayReport         200206b0 f   ai_main.obj
 0001:0001f910       _BotSetInfoConfigString    20020910 f   ai_main.obj
 0001:0001fdc0       _BotUpdateInfoConfigStrings 20020dc0 f   ai_main.obj
 0001:0001fec0       _BotInterbreedBots         20020ec0 f   ai_main.obj
 0001:000200f0       _BotWriteInterbreeded      200210f0 f   ai_main.obj
 0001:000201f0       _BotInterbreedEndMatch     200211f0 f   ai_main.obj
 0001:000202a0       _BotInterbreeding          200212a0 f   ai_main.obj
 0001:00020420       _BotEntityInfo             20021420 f   ai_main.obj
 0001:00020450       _NumBots                   20021450 f   ai_main.obj
 0001:00020470       _BotTeamLeader             20021470 f   ai_main.obj
 0001:000204e0       _AngleDifference           200214e0 f   ai_main.obj
 0001:00020560       _BotChangeViewAngle        20021560 f   ai_main.obj
 0001:00020680       _BotChangeViewAngles       20021680 f   ai_main.obj
 0001:00020ab0       _BotInputToUserCommand     20021ab0 f   ai_main.obj
 0001:00020fc0       _BotUpdateInput            20021fc0 f   ai_main.obj
 0001:00021150       _BotAIRegularUpdate        20022150 f   ai_main.obj
 0001:000211a0       _RemoveColorEscapeSequences 200221a0 f   ai_main.obj
 0001:00021280       _BotAI                     20022280 f   ai_main.obj
 0001:00021800       _BotScheduleBotThink       20022800 f   ai_main.obj
 0001:000218a0       _BotWriteSessionData       200228a0 f   ai_main.obj
 0001:00021a10       _BotReadSessionData        20022a10 f   ai_main.obj
 0001:00021b60       _BotAISetupClient          20022b60 f   ai_main.obj
 0001:00022110       _BotAIShutdownClient       20023110 f   ai_main.obj
 0001:00022290       _BotResetState             20023290 f   ai_main.obj
 0001:00022540       _BotAILoadMap              20023540 f   ai_main.obj
 0001:00022620       _BotAIStartFrame           20023620 f   ai_main.obj
 0001:00022e60       _BotInitLibrary            20023e60 f   ai_main.obj
 0001:00023440       _BotAISetup                20024440 f   ai_main.obj
 0001:00023630       _BotAIShutdown             20024630 f   ai_main.obj
 0001:000236c0       _BotValidTeamLeader        200246c0 f   ai_team.obj
 0001:00023720       _BotNumTeamMates           20024720 f   ai_team.obj
 0001:00023860       _BotClientTravelTimeToGoal 20024860 f   ai_team.obj
 0001:000238f0       _BotSortTeamMatesByBaseTravelTime 200248f0 f   ai_team.obj
 0001:00023b60       _BotSetTeamMateTaskPreference 20024b60 f   ai_team.obj
 0001:00023bc0       _BotGetTeamMateTaskPreference 20024bc0 f   ai_team.obj
 0001:00023c40       _BotSortTeamMatesByTaskPreference 20024c40 f   ai_team.obj
 0001:00023e60       _BotSayTeamOrderAlways     20024e60 f   ai_team.obj
 0001:00023f40       _BotSayTeamOrder           20024f40 f   ai_team.obj
 0001:00023f70       _BotVoiceChat              20024f70 f   ai_team.obj
 0001:00023f90       _BotVoiceChatOnly          20024f90 f   ai_team.obj
 0001:00023fb0       _BotSayVoiceTeamOrder      20024fb0 f   ai_team.obj
 0001:00023fd0       _BotCTFOrders_BothFlagsNotAtBase 20024fd0 f   ai_team.obj
 0001:000246b0       _BotCTFOrders_FlagNotAtBase 200256b0 f   ai_team.obj
 0001:00025010       _BotCTFOrders_EnemyFlagNotAtBase 20026010 f   ai_team.obj
 0001:00025620       _BotCTFOrders_BothFlagsAtBase 20026620 f   ai_team.obj
 0001:00025f80       _BotCTFOrders              20026f80 f   ai_team.obj
 0001:00026060       _BotCreateGroup            20027060 f   ai_team.obj
 0001:00026150       _BotTeamOrders             20027150 f   ai_team.obj
 0001:00026440       _FindHumanTeamLeader       20027440 f   ai_team.obj
 0001:00026530       _BotTeamAI                 20027530 f   ai_team.obj
 0001:00026ae0       _BotVoiceChat_GetFlag      20027ae0 f   ai_vcmd.obj
 0001:00026c10       _BotVoiceChat_Offense      20027c10 f   ai_vcmd.obj
 0001:00026d20       _BotVoiceChat_Defend       20027d20 f   ai_vcmd.obj
 0001:00026e80       _BotVoiceChat_DefendFlag   20027e80 f   ai_vcmd.obj
 0001:00026eb0       _BotVoiceChat_Patrol       20027eb0 f   ai_vcmd.obj
 0001:00026f70       _BotVoiceChat_Camp         20027f70 f   ai_vcmd.obj
 0001:000271e0       _BotVoiceChat_FollowMe     200281e0 f   ai_vcmd.obj
 0001:00027470       _BotVoiceChat_FollowFlagCarrier 20028470 f   ai_vcmd.obj
 0001:000274d0       _BotVoiceChat_ReturnFlag   200284d0 f   ai_vcmd.obj
 0001:000275c0       _BotVoiceChat_StartLeader  200285c0 f   ai_vcmd.obj
 0001:000275f0       _BotVoiceChat_StopLeader   200285f0 f   ai_vcmd.obj
 0001:00027660       _BotVoiceChat_WhoIsLeader  20028660 f   ai_vcmd.obj
 0001:00027720       _BotVoiceChat_WantOnDefense 20028720 f   ai_vcmd.obj
 0001:00027800       _BotVoiceChat_WantOnOffense 20028800 f   ai_vcmd.obj
 0001:000278e0       _BotVoiceChat_Dummy        200288e0 f   ai_vcmd.obj
 0001:00027900       _BotVoiceChatCommand       20028900 f   ai_vcmd.obj
 0001:00027bd0       _BG_FindItemForPowerup     20028bd0 f   bg_misc.obj
 0001:00027c70       _BG_FindItemForHoldable    20028c70 f   bg_misc.obj
 0001:00027d00       _BG_FindItemForWeapon      20028d00 f   bg_misc.obj
 0001:00027d70       _BG_FindItem               20028d70 f   bg_misc.obj
 0001:00027dd0       _BG_PlayerTouchesItem      20028dd0 f   bg_misc.obj
 0001:00027ec0       _BG_CanItemBeGrabbed       20028ec0 f   bg_misc.obj
 0001:00028180       _BG_EvaluateTrajectory     20029180 f   bg_misc.obj
 0001:00028470       _BG_EvaluateTrajectoryDelta 20029470 f   bg_misc.obj
 0001:000286a0       _BG_AddPredictableEventToPlayerstate 200296a0 f   bg_misc.obj
 0001:00028780       _BG_TouchJumpPad           20029780 f   bg_misc.obj
 0001:000287a0       _BG_PlayerStateToEntityState 200297a0 f   bg_misc.obj
 0001:00028c40       _BG_PlayerStateToEntityStateExtraPolate 20029c40 f   bg_misc.obj
 0001:000290f0       _Inv_GetVectorFromStat     2002a0f0 f   bg_pmove.obj
 0001:000291d0       _Inv_QuatNormalize         2002a1d0 f   bg_pmove.obj
 0001:000292a0       _Inv_GetQuatFromStat       2002a2a0 f   bg_pmove.obj
 0001:000293b0       _Inv_MatrixToAngles        2002a3b0 f   bg_pmove.obj
 0001:000296e0       _Inv_AxisToQuat            2002a6e0 f   bg_pmove.obj
 0001:000297c0       _Inv_GetQuatMaxDelta       2002a7c0 f   bg_pmove.obj
 0001:00029840       _Inv_GetInvertAxis         2002a840 f   bg_pmove.obj
 0001:000298e0       _Inv_MulQuat               2002a8e0 f   bg_pmove.obj
 0001:00029a30       _Inv_FinbBestInvertAxisForQuat 2002aa30 f   bg_pmove.obj
 0001:00029bd0       _Inv_QuatToMatrix          2002abd0 f   bg_pmove.obj
 0001:00029dd0       _Inv_QuatMultiply          2002add0 f   bg_pmove.obj
 0001:00029e50       _Inv_GetAngleDiff          2002ae50 f   bg_pmove.obj
 0001:0002a020       _Inv_ComputeDynYaw         2002b020 f   bg_pmove.obj
 0001:0002a2c0       _Inv_QuatIntToStat         2002b2c0 f   bg_pmove.obj
 0001:0002a330       _Inv_FinishDynYaw          2002b330 f   bg_pmove.obj
 0001:0002a3d0       _Inv_QuatToInt             2002b3d0 f   bg_pmove.obj
 0001:0002a430       _Inv_ApplyGravityRotation  2002b430 f   bg_pmove.obj
 0001:0002ae00       _Inv_RemoveGravityComponent 2002be00 f   bg_pmove.obj
 0001:0002aea0       _PM_AddEvent               2002bea0 f   bg_pmove.obj
 0001:0002aed0       _PM_AddEventParm           2002bed0 f   bg_pmove.obj
 0001:0002af10       _PM_AddTouchEnt            2002bf10 f   bg_pmove.obj
 0001:0002afc0       _PM_ClipVelocity           2002bfc0 f   bg_pmove.obj
 0001:0002b080       _PM_UpdateViewAngles       2002c080 f   bg_pmove.obj
 0001:0002b1c0       _PmoveSingle               2002c1c0 f   bg_pmove.obj
 0001:00031780       _Pmove                     20032780 f   bg_pmove.obj
 0001:000318b0       _PM_SlideMove              200328b0 f   bg_slidemove.obj
 0001:00032410       _PM_StepSlideMove          20033410 f   bg_slidemove.obj
 0001:00032b40       _P_DamageFeedback          20033b40 f   g_active.obj
 0001:00032d40       _P_WorldEffects            20033d40 f   g_active.obj
 0001:00033090       _G_SetClientSound          20034090 f   g_active.obj
 0001:00033100       _ClientImpacts             20034100 f   g_active.obj
 0001:00033240       _G_TouchTriggers           20034240 f   g_active.obj
 0001:00033680       _SpectatorThink            20034680 f   g_active.obj
 0001:00033820       _ClientInactivityTimer     20034820 f   g_active.obj
 0001:000339b0       _ClientTimerActions        200349b0 f   g_active.obj
 0001:00033bf0       _ClientIntermissionThink   20034bf0 f   g_active.obj
 0001:00033ca0       _ClientEvents              20034ca0 f   g_active.obj
 0001:00033fc0       _SendPendingPredictableEvents 20034fc0 f   g_active.obj
 0001:00034110       _ClientThink_real          20035110 f   g_active.obj
 0001:000349b0       _ClientThink               200359b0 f   g_active.obj
 0001:00034a50       _G_RunClient               20035a50 f   g_active.obj
 0001:00034ab0       _G_ProxyTouch              20035ab0 f   g_active.obj
 0001:00035220       _G_BouncePlayerProxy       20036220 f   g_active.obj
 0001:000354d0       _G_RunPlayerProxy          200364d0 f   g_active.obj
 0001:00035660       _SpectatorClientEndFrame   20036660 f   g_active.obj
 0001:00035840       _ClientEndFrame            20036840 f   g_active.obj
 0001:00035a10       _UpdateTournamentInfo      20036a10 f   g_arenas.obj
 0001:00035d50       _SpawnModelsOnVictoryPads  20036d50 f   g_arenas.obj
 0001:00036c10       _Svcmd_AbortPodium_f       20037c10 f   g_arenas.obj
 0001:00036c70       _trap_Cvar_VariableValue   20037c70 f   g_bot.obj
 0001:00036cc0       _G_ParseInfos              20037cc0 f   g_bot.obj
 0001:00036f00       _G_GetArenaInfoByMap       20037f00 f   g_bot.obj
 0001:00036f80       _G_AddRandomBot            20037f80 f   g_bot.obj
 0001:000372d0       _G_RemoveRandomBot         200382d0 f   g_bot.obj
 0001:000373d0       _G_CountHumanPlayers       200383d0 f   g_bot.obj
 0001:00037490       _G_CountBotPlayers         20038490 f   g_bot.obj
 0001:000375b0       _G_CheckMinimumPlayers     200385b0 f   g_bot.obj
 0001:00037850       _G_CheckBotSpawn           20038850 f   g_bot.obj
 0001:00037a00       _G_RemoveQueuedBotBegin    20038a00 f   g_bot.obj
 0001:00037a60       _G_BotConnect              20038a60 f   g_bot.obj
 0001:00037b70       _Svcmd_AddBot_f            20038b70 f   g_bot.obj
 0001:000383b0       _Svcmd_BotList_f           200393b0 f   g_bot.obj
 0001:000385b0       _G_GetBotInfoByNumber      200395b0 f   g_bot.obj
 0001:00038610       _G_GetBotInfoByName        20039610 f   g_bot.obj
 0001:000386a0       _G_InitBots                200396a0 f   g_bot.obj
 0001:000390b0       _SP_info_player_deathmatch 2003a0b0 f   g_client.obj
 0001:00039140       _SP_info_player_start      2003a140 f   g_client.obj
 0001:00039180       _SP_info_player_intermission 2003a180 f   g_client.obj
 0001:000391a0       _SpotWouldTelefrag         2003a1a0 f   g_client.obj
 0001:000392e0       _SelectNearestDeathmatchSpawnPoint 2003a2e0 f   g_client.obj
 0001:00039400       _SelectRandomDeathmatchSpawnPoint 2003a400 f   g_client.obj
 0001:000394d0       _SelectRandomFurthestSpawnPoint 2003a4d0 f   g_client.obj
 0001:00039900       _SelectSpawnPoint          2003a900 f   g_client.obj
 0001:00039930       _SelectInitialSpawnPoint   2003a930 f   g_client.obj
 0001:00039a40       _SelectSpectatorSpawnPoint 2003aa40 f   g_client.obj
 0001:00039ac0       _InitBodyQue               2003aac0 f   g_client.obj
 0001:00039b40       _BodySink                  2003ab40 f   g_client.obj
 0001:00039bc0       _CopyToBodyQue             2003abc0 f   g_client.obj
 0001:0003a020       _SetClientViewAngle        2003b020 f   g_client.obj
 0001:0003a130       _respawn                   2003b130 f   g_client.obj
 0001:0003a1a0       _TeamCount                 2003b1a0 f   g_client.obj
 0001:0003a250       _TeamLeader                2003b250 f   g_client.obj
 0001:0003a300       _PickTeam                  2003b300 f   g_client.obj
 0001:0003a390       _ClientUserinfoChanged     2003b390 f   g_client.obj
 0001:0003ad00       _ClientConnect             2003bd00 f   g_client.obj
 0001:0003afc0       _ClientBegin               2003bfc0 f   g_client.obj
 0001:0003b170       _ClientSpawn               2003c170 f   g_client.obj
 0001:0003ba70       _ClientDisconnect          2003ca70 f   g_client.obj
 0001:0003bd40       _DeathmatchScoreboardMessage 2003cd40 f   g_cmds.obj
 0001:0003c0c0       _Cmd_Score_f               2003d0c0 f   g_cmds.obj
 0001:0003c0f0       _CheatsOk                  2003d0f0 f   g_cmds.obj
 0001:0003c190       _ConcatArgs                2003d190 f   g_cmds.obj
 0001:0003c2a0       _SanitizeString            2003d2a0 f   g_cmds.obj
 0001:0003c340       _ClientNumberFromString    2003d340 f   g_cmds.obj
 0001:0003c540       _Cmd_Give_f                2003d540 f   g_cmds.obj
 0001:0003c960       _Cmd_God_f                 2003d960 f   g_cmds.obj
 0001:0003ca10       _Cmd_Notarget_f            2003da10 f   g_cmds.obj
 0001:0003cac0       _Cmd_Noclip_f              2003dac0 f   g_cmds.obj
 0001:0003cb80       _Cmd_LevelShot_f           2003db80 f   g_cmds.obj
 0001:0003cc10       _Cmd_TeamTask_f            2003dc10 f   g_cmds.obj
 0001:0003cd20       _Cmd_Kill_f                2003dd20 f   g_cmds.obj
 0001:0003cdd0       _BroadcastTeamChange       2003ddd0 f   g_cmds.obj
 0001:0003cee0       _SetTeam                   2003dee0 f   g_cmds.obj
 0001:0003d3f0       _StopFollowing             2003e3f0 f   g_cmds.obj
 0001:0003d4b0       _Cmd_Team_f                2003e4b0 f   g_cmds.obj
 0001:0003d6c0       _Cmd_Follow_f              2003e6c0 f   g_cmds.obj
 0001:0003d850       _Cmd_FollowCycle_f         2003e850 f   g_cmds.obj
 0001:0003d9e0       _G_Say                     2003e9e0 f   g_cmds.obj
 0001:0003de50       _G_Voice                   2003ee50 f   g_cmds.obj
 0001:0003e070       _Cmd_GameCommand_f         2003f070 f   g_cmds.obj
 0001:0003e170       _Cmd_Where_f               2003f170 f   g_cmds.obj
 0001:0003e1d0       _Cmd_CallVote_f            2003f1d0 f   g_cmds.obj
 0001:0003e970       _Cmd_Vote_f                2003f970 f   g_cmds.obj
 0001:0003eb40       _Cmd_CallTeamVote_f        2003fb40 f   g_cmds.obj
 0001:0003f370       _Cmd_TeamVote_f            20040370 f   g_cmds.obj
 0001:0003f5b0       _Cmd_SetViewpos_f          200405b0 f   g_cmds.obj
 0001:0003f730       _Cmd_Stats_f               20040730 f   g_cmds.obj
 0001:0003f750       _Cmd_ResetGrav             20040750 f   g_cmds.obj
 0001:0003f790       _ClientCommand             20040790 f   g_cmds.obj
 0001:00040620       _ScorePlum                 20041620 f   g_combat.obj
 0001:000406a0       _AddScore                  200416a0 f   g_combat.obj
 0001:00040770       _TossClientItems           20041770 f   g_combat.obj
 0001:00040960       _LookAtKiller              20041960 f   g_combat.obj
 0001:00040a80       _GibEntity                 20041a80 f   g_combat.obj
 0001:00040b80       _body_die                  20041b80 f   g_combat.obj
 0001:00040be0       _CheckAlmostCapture        20041be0 f   g_combat.obj
 0001:00040e40       _CheckAlmostScored         20041e40 f   g_combat.obj
 0001:00040fa0       _player_die                20041fa0 f   g_combat.obj
 0001:000418e0       _CheckArmor                200428e0 f   g_combat.obj
 0001:000419a0       _RaySphereIntersections    200429a0 f   g_combat.obj
 0001:00041c30       _G_Damage                  20042c30 f   g_combat.obj
 0001:00042400       _CanDamage                 20043400 f   g_combat.obj
 0001:00042710       _G_RadiusDamage            20043710 f   g_combat.obj
 0001:00042ab0       _Pickup_Powerup            20043ab0 f   g_items.obj
 0001:00042d80       _Pickup_Holdable           20043d80 f   g_items.obj
 0001:00042e00       _Add_Ammo                  20043e00 f   g_items.obj
 0001:00042e90       _Pickup_Ammo               20043e90 f   g_items.obj
 0001:00042f10       _Pickup_Weapon             20043f10 f   g_items.obj
 0001:000430b0       _Pickup_Health             200440b0 f   g_items.obj
 0001:000431d0       _Pickup_Armor              200441d0 f   g_items.obj
 0001:00043280       _RespawnItem               20044280 f   g_items.obj
 0001:00043510       _Touch_Item                20044510 f   g_items.obj
 0001:00043a20       _LaunchItem                20044a20 f   g_items.obj
 0001:00043c30       _Drop_Item                 20044c30 f   g_items.obj
 0001:00043d20       _Use_Item                  20044d20 f   g_items.obj
 0001:00043d50       _FinishSpawningItem        20044d50 f   g_items.obj
 0001:00044050       _G_CheckTeamItems          20045050 f   g_items.obj
 0001:00044110       _ClearRegisteredItems      20045110 f   g_items.obj
 0001:00044170       _RegisterItem              20045170 f   g_items.obj
 0001:000441c0       _SaveRegisteredItems       200451c0 f   g_items.obj
 0001:000442b0       _G_ItemDisabled            200452b0 f   g_items.obj
 0001:00044300       _G_SpawnItem               20045300 f   g_items.obj
 0001:00044430       _G_BounceItem              20045430 f   g_items.obj
 0001:000446e0       _G_RunItem                 200456e0 f   g_items.obj
 0001:000448d0       _vmMain                    200458d0 f   g_main.obj
 0001:00044a30       _G_Printf                  20045a30 f   g_main.obj
 0001:00044a90       _G_Error                   20045a90 f   g_main.obj
 0001:00044af0       _G_FindTeams               20045af0 f   g_main.obj
 0001:00044d30       _G_RemapTeamShaders        20045d30 f   g_main.obj
 0001:00044d50       _G_RegisterCvars           20045d50 f   g_main.obj
 0001:00044e70       _G_UpdateCvars             20045e70 f   g_main.obj
 0001:00044f70       _G_InitGame                20045f70 f   g_main.obj
 0001:000452d0       _G_ShutdownGame            200462d0 f   g_main.obj
 0001:00045360       _Com_Error                 20046360 f   g_main.obj
 0001:000453c0       _Com_Printf                200463c0 f   g_main.obj
 0001:00045420       _AddTournamentPlayer       20046420 f   g_main.obj
 0001:00045560       _RemoveTournamentLoser     20046560 f   g_main.obj
 0001:000455d0       _RemoveTournamentWinner    200465d0 f   g_main.obj
 0001:00045640       _AdjustTournamentScores    20046640 f   g_main.obj
 0001:00045740       _SortRanks                 20046740 f   g_main.obj
 0001:000458f0       _CalculateRanks            200468f0 f   g_main.obj
 0001:00045f20       _SendScoreboardMessageToAllClients 20046f20 f   g_main.obj
 0001:00045fa0       _MoveClientToIntermission  20046fa0 f   g_main.obj
 0001:00046140       _FindIntermissionPoint     20047140 f   g_main.obj
 0001:00046280       _BeginIntermission         20047280 f   g_main.obj
 0001:00046370       _ExitLevel                 20047370 f   g_main.obj
 0001:00046500       _G_LogPrintf               20047500 f   g_main.obj
 0001:00046670       _LogExit                   20047670 f   g_main.obj
 0001:000467f0       _CheckIntermissionExit     200477f0 f   g_main.obj
 0001:000469e0       _ScoreIsTied               200479e0 f   g_main.obj
 0001:00046a80       _CheckExitRules            20047a80 f   g_main.obj
 0001:00046d40       _CheckTournament           20047d40 f   g_main.obj
 0001:000470d0       _CheckVote                 200480d0 f   g_main.obj
 0001:00047200       _PrintTeam                 20048200 f   g_main.obj
 0001:00047280       _SetLeader                 20048280 f   g_main.obj
 0001:00047460       _CheckTeamLeader           20048460 f   g_main.obj
 0001:000475f0       _CheckTeamVote             200485f0 f   g_main.obj
 0001:000477a0       _CheckCvars                200487a0 f   g_main.obj
 0001:00047830       _G_RunThink                20048830 f   g_main.obj
 0001:00047940       _G_RunFrame                20048940 f   g_main.obj
 0001:00047cc0       _G_Alloc                   20048cc0 f   g_mem.obj
 0001:00047d70       _G_InitMemory              20048d70 f   g_mem.obj
 0001:00047d90       _Svcmd_GameMem_f           20048d90 f   g_mem.obj
 0001:00047dd0       _SP_info_camp              20048dd0 f   g_misc.obj
 0001:00047e00       _SP_info_null              20048e00 f   g_misc.obj
 0001:00047e30       _SP_info_notnull           20048e30 f   g_misc.obj
 0001:00047e60       _SP_light                  20048e60 f   g_misc.obj
 0001:00047e90       _TeleportPlayer            20048e90 f   g_misc.obj
 0001:00048150       _TeleportEntity            20049150 f   g_misc.obj
 0001:00048460       _SP_misc_teleporter_dest   20049460 f   g_misc.obj
 0001:00048480       _SP_misc_model             20049480 f   g_misc.obj
 0001:000484b0       _locateCamera              200494b0 f   g_misc.obj
 0001:00048690       _SP_misc_portal_surface    20049690 f   g_misc.obj
 0001:000487a0       _SP_misc_portal_camera     200497a0 f   g_misc.obj
 0001:00048870       _Use_Shooter               20049870 f   g_misc.obj
 0001:00048b60       _InitShooter               20049b60 f   g_misc.obj
 0001:00048ce0       _SP_shooter_rocket         20049ce0 f   g_misc.obj
 0001:00048d10       _SP_shooter_plasma         20049d10 f   g_misc.obj
 0001:00048d40       _SP_shooter_grenade        20049d40 f   g_misc.obj
 0001:00048d70       _G_BounceMissile           20049d70 f   g_missile.obj
 0001:00049010       _G_ExplodeMissile          2004a010 f   g_missile.obj
 0001:000491d0       _G_MissileImpact           2004a1d0 f   g_missile.obj
 0001:00049860       _G_RunMissile              2004a860 f   g_missile.obj
 0001:00049c20       _fire_plasma               2004ac20 f   g_missile.obj
 0001:00049e70       _fire_grenade              2004ae70 f   g_missile.obj
 0001:0004a0d0       _fire_bfg                  2004b0d0 f   g_missile.obj
 0001:0004a320       _fire_rocket               2004b320 f   g_missile.obj
 0001:0004a570       _fire_grapple              2004b570 f   g_missile.obj
 0001:0004a7a0       _G_TestEntityPosition      2004b7a0 f   g_mover.obj
 0001:0004a8b0       _G_CreateRotationMatrix    2004b8b0 f   g_mover.obj
 0001:0004a950       _G_TransposeMatrix         2004b950 f   g_mover.obj
 0001:0004a9d0       _G_RotatePoint             2004b9d0 f   g_mover.obj
 0001:0004aa90       _G_TryPushingEntity        2004ba90 f   g_mover.obj
 0001:0004b0f0       _G_CheckProxMinePosition   2004c0f0 f   g_mover.obj
 0001:0004b210       _G_TryPushingProxMine      2004c210 f   g_mover.obj
 0001:0004b430       _G_MoverPush               2004c430 f   g_mover.obj
 0001:0004bba0       _G_MoverTeam               2004cba0 f   g_mover.obj
 0001:0004be40       _G_RunMover                2004ce40 f   g_mover.obj
 0001:0004beb0       _SetMoverState             2004ceb0 f   g_mover.obj
 0001:0004c190       _MatchTeam                 2004d190 f   g_mover.obj
 0001:0004c1e0       _ReturnToPos1              2004d1e0 f   g_mover.obj
 0001:0004c250       _Inv_WaitUnload            2004d250 f   g_mover.obj
 0001:0004c290       _Inv_Reverse               2004d290 f   g_mover.obj
 0001:0004c380       _Reached_BinaryMover       2004d380 f   g_mover.obj
 0001:0004c5f0       _Use_BinaryMover           2004d5f0 f   g_mover.obj
 0001:0004ca30       _InitMover                 2004da30 f   g_mover.obj
 0001:0004ce30       _Blocked_Door              2004de30 f   g_mover.obj
 0001:0004cf40       _Touch_DoorTrigger         2004df40 f   g_mover.obj
 0001:0004d020       _Think_SpawnNewDoorTrigger 2004e020 f   g_mover.obj
 0001:0004d2b0       _Think_MatchTeam           2004e2b0 f   g_mover.obj
 0001:0004d2f0       _SP_func_door              2004e2f0 f   g_mover.obj
 0001:0004d740       _Touch_Plat                2004e740 f   g_mover.obj
 0001:0004d890       _Touch_PlatCenterTrigger   2004e890 f   g_mover.obj
 0001:0004d960       _SpawnPlatTrigger          2004e960 f   g_mover.obj
 0001:0004db90       _SP_func_plat              2004eb90 f   g_mover.obj
 0001:0004de30       _Touch_Button              2004ee30 f   g_mover.obj
 0001:0004de80       _SP_func_button            2004ee80 f   g_mover.obj
 0001:0004e140       _Think_BeginMoving         2004f140 f   g_mover.obj
 0001:0004e170       _Reached_Train             2004f170 f   g_mover.obj
 0001:0004e3d0       _Think_SetupTrainTargets   2004f3d0 f   g_mover.obj
 0001:0004e570       _SP_path_corner            2004f570 f   g_mover.obj
 0001:0004e5d0       _SP_func_train             2004f5d0 f   g_mover.obj
 0001:0004e730       _SP_func_static            2004f730 f   g_mover.obj
 0001:0004e7e0       _SP_func_rotating          2004f7e0 f   g_mover.obj
 0001:0004e990       _SP_func_bobbing           2004f990 f   g_mover.obj
 0001:0004eb50       _SP_func_pendulum          2004fb50 f   g_mover.obj
 0001:0004ed50       _G_WriteClientSessionData  2004fd50 f   g_session.obj
 0001:0004ee10       _G_ReadSessionData         2004fe10 f   g_session.obj
 0001:0004ef20       _G_InitSessionData         2004ff20 f   g_session.obj
 0001:0004f060       _G_InitWorldSession        20050060 f   g_session.obj
 0001:0004f0e0       _G_WriteSessionData        200500e0 f   g_session.obj
 0001:0004f190       _G_SpawnString             20050190 f   g_spawn.obj
 0001:0004f230       _G_SpawnFloat              20050230 f   g_spawn.obj
 0001:0004f280       _G_SpawnInt                20050280 f   g_spawn.obj
 0001:0004f2d0       _G_SpawnVector             200502d0 f   g_spawn.obj
 0001:0004f330       _SP_item_botroam           20050330 f   g_spawn.obj
 0001:0004f350       _G_CallSpawn               20050350 f   g_spawn.obj
 0001:0004f470       _G_NewString               20050470 f   g_spawn.obj
 0001:0004f560       _G_ParseField              20050560 f   g_spawn.obj
 0001:0004f730       _G_SpawnGEntityFromSpawnVars 20050730 f   g_spawn.obj
 0001:0004f9a0       _G_AddSpawnVarToken        200509a0 f   g_spawn.obj
 0001:0004fa40       _G_ParseSpawnVars          20050a40 f   g_spawn.obj
 0001:0004fbf0       _SP_worldspawn             20050bf0 f   g_spawn.obj
 0001:0004fe00       _G_SpawnEntitiesFromString 20050e00 f   g_spawn.obj
 0001:0004fe70       _G_FilterPacket            20050e70 f   g_svcmds.obj
 0001:0004ffb0       _G_ProcessIPBans           20050fb0 f   g_svcmds.obj
 0001:00050510       _Svcmd_AddIP_f             20051510 f   g_svcmds.obj
 0001:00050580       _Svcmd_RemoveIP_f          20051580 f   g_svcmds.obj
 0001:00050690       _Svcmd_EntityList_f        20051690 f   g_svcmds.obj
 0001:000508c0       _ClientForString           200518c0 f   g_svcmds.obj
 0001:00050a10       _Svcmd_ForceTeam_f         20051a10 f   g_svcmds.obj
 0001:00050ac0       _ConsoleCommand            20051ac0 f   g_svcmds.obj
 0001:00050d50       _dllEntry                  20051d50 f   g_syscalls.obj
 0001:00050d70       _PASSFLOAT                 20051d70 f   g_syscalls.obj
 0001:00050d90       _trap_Printf               20051d90 f   g_syscalls.obj
 0001:00050dc0       _trap_Error                20051dc0 f   g_syscalls.obj
 0001:00050df0       _trap_Milliseconds         20051df0 f   g_syscalls.obj
 0001:00050e20       _trap_Argc                 20051e20 f   g_syscalls.obj
 0001:00050e50       _trap_Argv                 20051e50 f   g_syscalls.obj
 0001:00050e80       _trap_FS_FOpenFile         20051e80 f   g_syscalls.obj
 0001:00050eb0       _trap_FS_Read              20051eb0 f   g_syscalls.obj
 0001:00050ee0       _trap_FS_Write             20051ee0 f   g_syscalls.obj
 0001:00050f10       _trap_FS_FCloseFile        20051f10 f   g_syscalls.obj
 0001:00050f40       _trap_FS_GetFileList       20051f40 f   g_syscalls.obj
 0001:00050f80       _trap_FS_Seek              20051f80 f   g_syscalls.obj
 0001:00050fb0       _trap_SendConsoleCommand   20051fb0 f   g_syscalls.obj
 0001:00050fe0       _trap_Cvar_Register        20051fe0 f   g_syscalls.obj
 0001:00051020       _trap_Cvar_Update          20052020 f   g_syscalls.obj
 0001:00051050       _trap_Cvar_Set             20052050 f   g_syscalls.obj
 0001:00051080       _trap_Cvar_VariableIntegerValue 20052080 f   g_syscalls.obj
 0001:000510b0       _trap_Cvar_VariableStringBuffer 200520b0 f   g_syscalls.obj
 0001:000510e0       _trap_LocateGameData       200520e0 f   g_syscalls.obj
 0001:00051120       _trap_DropClient           20052120 f   g_syscalls.obj
 0001:00051150       _trap_SendServerCommand    20052150 f   g_syscalls.obj
 0001:00051180       _trap_SetConfigstring      20052180 f   g_syscalls.obj
 0001:000511b0       _trap_GetConfigstring      200521b0 f   g_syscalls.obj
 0001:000511e0       _trap_GetUserinfo          200521e0 f   g_syscalls.obj
 0001:00051210       _trap_SetUserinfo          20052210 f   g_syscalls.obj
 0001:00051240       _trap_GetServerinfo        20052240 f   g_syscalls.obj
 0001:00051270       _trap_SetBrushModel        20052270 f   g_syscalls.obj
 0001:000512a0       _trap_Trace                200522a0 f   g_syscalls.obj
 0001:000512f0       _trap_TraceCapsule         200522f0 f   g_syscalls.obj
 0001:00051340       _trap_PointContents        20052340 f   g_syscalls.obj
 0001:00051370       _trap_InPVS                20052370 f   g_syscalls.obj
 0001:000513a0       _trap_InPVSIgnorePortals   200523a0 f   g_syscalls.obj
 0001:000513d0       _trap_AdjustAreaPortalState 200523d0 f   g_syscalls.obj
 0001:00051400       _trap_AreasConnected       20052400 f   g_syscalls.obj
 0001:00051430       _trap_LinkEntity           20052430 f   g_syscalls.obj
 0001:00051460       _trap_UnlinkEntity         20052460 f   g_syscalls.obj
 0001:00051490       _trap_EntitiesInBox        20052490 f   g_syscalls.obj
 0001:000514d0       _trap_EntityContact        200524d0 f   g_syscalls.obj
 0001:00051500       _trap_EntityContactCapsule 20052500 f   g_syscalls.obj
 0001:00051530       _trap_BotAllocateClient    20052530 f   g_syscalls.obj
 0001:00051560       _trap_BotFreeClient        20052560 f   g_syscalls.obj
 0001:00051590       _trap_GetUsercmd           20052590 f   g_syscalls.obj
 0001:000515c0       _trap_GetEntityToken       200525c0 f   g_syscalls.obj
 0001:000515f0       _trap_DebugPolygonCreate   200525f0 f   g_syscalls.obj
 0001:00051620       _trap_DebugPolygonDelete   20052620 f   g_syscalls.obj
 0001:00051650       _trap_RealTime             20052650 f   g_syscalls.obj
 0001:00051680       _trap_SnapVector           20052680 f   g_syscalls.obj
 0001:000516b0       _trap_BotLibSetup          200526b0 f   g_syscalls.obj
 0001:000516e0       _trap_BotLibShutdown       200526e0 f   g_syscalls.obj
 0001:00051710       _trap_BotLibVarSet         20052710 f   g_syscalls.obj
 0001:00051740       _trap_BotLibVarGet         20052740 f   g_syscalls.obj
 0001:00051780       _trap_BotLibDefine         20052780 f   g_syscalls.obj
 0001:000517b0       _trap_BotLibStartFrame     200527b0 f   g_syscalls.obj
 0001:000517f0       _trap_BotLibLoadMap        200527f0 f   g_syscalls.obj
 0001:00051820       _trap_BotLibUpdateEntity   20052820 f   g_syscalls.obj
 0001:00051850       _trap_BotLibTest           20052850 f   g_syscalls.obj
 0001:00051890       _trap_BotGetSnapshotEntity 20052890 f   g_syscalls.obj
 0001:000518c0       _trap_BotGetServerCommand  200528c0 f   g_syscalls.obj
 0001:00051900       _trap_BotUserCommand       20052900 f   g_syscalls.obj
 0001:00051930       _trap_AAS_EntityInfo       20052930 f   g_syscalls.obj
 0001:00051960       _trap_AAS_Initialized      20052960 f   g_syscalls.obj
 0001:00051990       _trap_AAS_PresenceTypeBoundingBox 20052990 f   g_syscalls.obj
 0001:000519d0       _trap_AAS_Time             200529d0 f   g_syscalls.obj
 0001:00051a00       _trap_AAS_PointAreaNum     20052a00 f   g_syscalls.obj
 0001:00051a30       _trap_AAS_PointReachabilityAreaIndex 20052a30 f   g_syscalls.obj
 0001:00051a60       _trap_AAS_TraceAreas       20052a60 f   g_syscalls.obj
 0001:00051aa0       _trap_AAS_BBoxAreas        20052aa0 f   g_syscalls.obj
 0001:00051ae0       _trap_AAS_AreaInfo         20052ae0 f   g_syscalls.obj
 0001:00051b10       _trap_AAS_PointContents    20052b10 f   g_syscalls.obj
 0001:00051b40       _trap_AAS_NextBSPEntity    20052b40 f   g_syscalls.obj
 0001:00051b70       _trap_AAS_ValueForBSPEpairKey 20052b70 f   g_syscalls.obj
 0001:00051bb0       _trap_AAS_VectorForBSPEpairKey 20052bb0 f   g_syscalls.obj
 0001:00051bf0       _trap_AAS_FloatForBSPEpairKey 20052bf0 f   g_syscalls.obj
 0001:00051c30       _trap_AAS_IntForBSPEpairKey 20052c30 f   g_syscalls.obj
 0001:00051c70       _trap_AAS_AreaReachability 20052c70 f   g_syscalls.obj
 0001:00051ca0       _trap_AAS_AreaTravelTimeToGoalArea 20052ca0 f   g_syscalls.obj
 0001:00051ce0       _trap_AAS_EnableRoutingArea 20052ce0 f   g_syscalls.obj
 0001:00051d10       _trap_AAS_PredictRoute     20052d10 f   g_syscalls.obj
 0001:00051d70       _trap_AAS_AlternativeRouteGoals 20052d70 f   g_syscalls.obj
 0001:00051dc0       _trap_AAS_Swimming         20052dc0 f   g_syscalls.obj
 0001:00051df0       _trap_AAS_PredictClientMovement 20052df0 f   g_syscalls.obj
 0001:00051e70       _trap_EA_Say               20052e70 f   g_syscalls.obj
 0001:00051ea0       _trap_EA_SayTeam           20052ea0 f   g_syscalls.obj
 0001:00051ed0       _trap_EA_Command           20052ed0 f   g_syscalls.obj
 0001:00051f00       _trap_EA_Action            20052f00 f   g_syscalls.obj
 0001:00051f30       _trap_EA_Gesture           20052f30 f   g_syscalls.obj
 0001:00051f60       _trap_EA_Talk              20052f60 f   g_syscalls.obj
 0001:00051f90       _trap_EA_Attack            20052f90 f   g_syscalls.obj
 0001:00051fc0       _trap_EA_Use               20052fc0 f   g_syscalls.obj
 0001:00051ff0       _trap_EA_Respawn           20052ff0 f   g_syscalls.obj
 0001:00052020       _trap_EA_Crouch            20053020 f   g_syscalls.obj
 0001:00052050       _trap_EA_MoveUp            20053050 f   g_syscalls.obj
 0001:00052080       _trap_EA_MoveDown          20053080 f   g_syscalls.obj
 0001:000520b0       _trap_EA_MoveForward       200530b0 f   g_syscalls.obj
 0001:000520e0       _trap_EA_MoveBack          200530e0 f   g_syscalls.obj
 0001:00052110       _trap_EA_MoveLeft          20053110 f   g_syscalls.obj
 0001:00052140       _trap_EA_MoveRight         20053140 f   g_syscalls.obj
 0001:00052170       _trap_EA_SelectWeapon      20053170 f   g_syscalls.obj
 0001:000521a0       _trap_EA_Jump              200531a0 f   g_syscalls.obj
 0001:000521d0       _trap_EA_DelayedJump       200531d0 f   g_syscalls.obj
 0001:00052200       _trap_EA_Move              20053200 f   g_syscalls.obj
 0001:00052240       _trap_EA_View              20053240 f   g_syscalls.obj
 0001:00052270       _trap_EA_EndRegular        20053270 f   g_syscalls.obj
 0001:000522b0       _trap_EA_GetInput          200532b0 f   g_syscalls.obj
 0001:000522f0       _trap_EA_ResetInput        200532f0 f   g_syscalls.obj
 0001:00052320       _trap_BotLoadCharacter     20053320 f   g_syscalls.obj
 0001:00052360       _trap_BotFreeCharacter     20053360 f   g_syscalls.obj
 0001:00052390       _trap_Characteristic_Float 20053390 f   g_syscalls.obj
 0001:000523d0       _trap_Characteristic_BFloat 200533d0 f   g_syscalls.obj
 0001:00052430       _trap_Characteristic_Integer 20053430 f   g_syscalls.obj
 0001:00052460       _trap_Characteristic_BInteger 20053460 f   g_syscalls.obj
 0001:000524a0       _trap_Characteristic_String 200534a0 f   g_syscalls.obj
 0001:000524e0       _trap_BotAllocChatState    200534e0 f   g_syscalls.obj
 0001:00052510       _trap_BotFreeChatState     20053510 f   g_syscalls.obj
 0001:00052540       _trap_BotQueueConsoleMessage 20053540 f   g_syscalls.obj
 0001:00052580       _trap_BotRemoveConsoleMessage 20053580 f   g_syscalls.obj
 0001:000525b0       _trap_BotNextConsoleMessage 200535b0 f   g_syscalls.obj
 0001:000525e0       _trap_BotNumConsoleMessages 200535e0 f   g_syscalls.obj
 0001:00052610       _trap_BotInitialChat       20053610 f   g_syscalls.obj
 0001:00052670       _trap_BotNumInitialChats   20053670 f   g_syscalls.obj
 0001:000526a0       _trap_BotReplyChat         200536a0 f   g_syscalls.obj
 0001:00052710       _trap_BotChatLength        20053710 f   g_syscalls.obj
 0001:00052740       _trap_BotEnterChat         20053740 f   g_syscalls.obj
 0001:00052780       _trap_BotGetChatMessage    20053780 f   g_syscalls.obj
 0001:000527c0       _trap_StringContains       200537c0 f   g_syscalls.obj
 0001:00052800       _trap_BotFindMatch         20053800 f   g_syscalls.obj
 0001:00052840       _trap_BotMatchVariable     20053840 f   g_syscalls.obj
 0001:00052880       _trap_UnifyWhiteSpaces     20053880 f   g_syscalls.obj
 0001:000528b0       _trap_BotReplaceSynonyms   200538b0 f   g_syscalls.obj
 0001:000528e0       _trap_BotLoadChatFile      200538e0 f   g_syscalls.obj
 0001:00052920       _trap_BotSetChatGender     20053920 f   g_syscalls.obj
 0001:00052950       _trap_BotSetChatName       20053950 f   g_syscalls.obj
 0001:00052990       _trap_BotResetGoalState    20053990 f   g_syscalls.obj
 0001:000529c0       _trap_BotResetAvoidGoals   200539c0 f   g_syscalls.obj
 0001:000529f0       _trap_BotRemoveFromAvoidGoals 200539f0 f   g_syscalls.obj
 0001:00052a20       _trap_BotPushGoal          20053a20 f   g_syscalls.obj
 0001:00052a50       _trap_BotPopGoal           20053a50 f   g_syscalls.obj
 0001:00052a80       _trap_BotEmptyGoalStack    20053a80 f   g_syscalls.obj
 0001:00052ab0       _trap_BotDumpAvoidGoals    20053ab0 f   g_syscalls.obj
 0001:00052ae0       _trap_BotDumpGoalStack     20053ae0 f   g_syscalls.obj
 0001:00052b10       _trap_BotGoalName          20053b10 f   g_syscalls.obj
 0001:00052b50       _trap_BotGetTopGoal        20053b50 f   g_syscalls.obj
 0001:00052b80       _trap_BotGetSecondGoal     20053b80 f   g_syscalls.obj
 0001:00052bb0       _trap_BotChooseLTGItem     20053bb0 f   g_syscalls.obj
 0001:00052bf0       _trap_BotChooseNBGItem     20053bf0 f   g_syscalls.obj
 0001:00052c40       _trap_BotTouchingGoal      20053c40 f   g_syscalls.obj
 0001:00052c70       _trap_BotItemGoalInVisButNotVisible 20053c70 f   g_syscalls.obj
 0001:00052cb0       _trap_BotGetLevelItemGoal  20053cb0 f   g_syscalls.obj
 0001:00052cf0       _trap_BotGetNextCampSpotGoal 20053cf0 f   g_syscalls.obj
 0001:00052d20       _trap_BotGetMapLocationGoal 20053d20 f   g_syscalls.obj
 0001:00052d50       _trap_BotAvoidGoalTime     20053d50 f   g_syscalls.obj
 0001:00052d90       _trap_BotSetAvoidGoalTime  20053d90 f   g_syscalls.obj
 0001:00052dd0       _trap_BotInitLevelItems    20053dd0 f   g_syscalls.obj
 0001:00052e00       _trap_BotUpdateEntityItems 20053e00 f   g_syscalls.obj
 0001:00052e30       _trap_BotLoadItemWeights   20053e30 f   g_syscalls.obj
 0001:00052e60       _trap_BotFreeItemWeights   20053e60 f   g_syscalls.obj
 0001:00052e90       _trap_BotInterbreedGoalFuzzyLogic 20053e90 f   g_syscalls.obj
 0001:00052ed0       _trap_BotSaveGoalFuzzyLogic 20053ed0 f   g_syscalls.obj
 0001:00052f00       _trap_BotMutateGoalFuzzyLogic 20053f00 f   g_syscalls.obj
 0001:00052f40       _trap_BotAllocGoalState    20053f40 f   g_syscalls.obj
 0001:00052f70       _trap_BotFreeGoalState     20053f70 f   g_syscalls.obj
 0001:00052fa0       _trap_BotResetMoveState    20053fa0 f   g_syscalls.obj
 0001:00052fd0       _trap_BotAddAvoidSpot      20053fd0 f   g_syscalls.obj
 0001:00053020       _trap_BotMoveToGoal        20054020 f   g_syscalls.obj
 0001:00053060       _trap_BotMoveInDirection   20054060 f   g_syscalls.obj
 0001:000530b0       _trap_BotResetAvoidReach   200540b0 f   g_syscalls.obj
 0001:000530e0       _trap_BotResetLastAvoidReach 200540e0 f   g_syscalls.obj
 0001:00053110       _trap_BotReachabilityArea  20054110 f   g_syscalls.obj
 0001:00053140       _trap_BotMovementViewTarget 20054140 f   g_syscalls.obj
 0001:00053190       _trap_BotPredictVisiblePosition 20054190 f   g_syscalls.obj
 0001:000531d0       _trap_BotAllocMoveState    200541d0 f   g_syscalls.obj
 0001:00053200       _trap_BotFreeMoveState     20054200 f   g_syscalls.obj
 0001:00053230       _trap_BotInitMoveState     20054230 f   g_syscalls.obj
 0001:00053260       _trap_BotChooseBestFightWeapon 20054260 f   g_syscalls.obj
 0001:00053290       _trap_BotGetWeaponInfo     20054290 f   g_syscalls.obj
 0001:000532d0       _trap_BotLoadWeaponWeights 200542d0 f   g_syscalls.obj
 0001:00053300       _trap_BotAllocWeaponState  20054300 f   g_syscalls.obj
 0001:00053330       _trap_BotFreeWeaponState   20054330 f   g_syscalls.obj
 0001:00053360       _trap_BotResetWeaponState  20054360 f   g_syscalls.obj
 0001:00053390       _trap_GeneticParentsAndChildSelection 20054390 f   g_syscalls.obj
 0001:000533d0       _trap_PC_LoadSource        200543d0 f   g_syscalls.obj
 0001:00053400       _trap_PC_FreeSource        20054400 f   g_syscalls.obj
 0001:00053430       _trap_PC_ReadToken         20054430 f   g_syscalls.obj
 0001:00053460       _trap_PC_SourceFileAndLine 20054460 f   g_syscalls.obj
 0001:000534a0       _Use_Target_Give           200544a0 f   g_target.obj
 0001:00053570       _SP_target_give            20054570 f   g_target.obj
 0001:000535a0       _Use_target_remove_powerups 200545a0 f   g_target.obj
 0001:00053660       _SP_target_remove_powerups 20054660 f   g_target.obj
 0001:00053690       _Think_Target_Delay        20054690 f   g_target.obj
 0001:000536c0       _Use_Target_Delay          200546c0 f   g_target.obj
 0001:00053770       _SP_target_delay           20054770 f   g_target.obj
 0001:00053810       _Use_Target_Score          20054810 f   g_target.obj
 0001:00053850       _SP_target_score           20054850 f   g_target.obj
 0001:000538a0       _Use_Target_Print          200548a0 f   g_target.obj
 0001:000539e0       _SP_target_print           200549e0 f   g_target.obj
 0001:00053a10       _Use_Target_Speaker        20054a10 f   g_target.obj
 0001:00053b00       _SP_target_speaker         20054b00 f   g_target.obj
 0001:00053d50       _target_laser_think        20054d50 f   g_target.obj
 0001:00054000       _target_laser_on           20055000 f   g_target.obj
 0001:00054050       _target_laser_off          20055050 f   g_target.obj
 0001:00054090       _target_laser_use          20055090 f   g_target.obj
 0001:000540f0       _target_laser_start        200550f0 f   g_target.obj
 0001:00054230       _SP_target_laser           20055230 f   g_target.obj
 0001:00054270       _target_teleporter_use     20055270 f   g_target.obj
 0001:000542f0       _SP_target_teleporter      200552f0 f   g_target.obj
 0001:00054360       _target_relay_use          20055360 f   g_target.obj
 0001:00054470       _SP_target_relay           20055470 f   g_target.obj
 0001:000544a0       _target_kill_use           200554a0 f   g_target.obj
 0001:000544e0       _SP_target_kill            200554e0 f   g_target.obj
 0001:00054510       _SP_target_position        20055510 f   g_target.obj
 0001:00054540       _SP_target_location        20055540 f   g_target.obj
 0001:000546d0       _Team_InitGame             200556d0 f   g_team.obj
 0001:00054750       _OtherTeam                 20055750 f   g_team.obj
 0001:00054790       _TeamName                  20055790 f   g_team.obj
 0001:000547e0       _OtherTeamName             200557e0 f   g_team.obj
 0001:00054830       _TeamColorString           20055830 f   g_team.obj
 0001:00054880       _PrintMsg                  20055880 f   g_team.obj
 0001:00054980       _AddTeamScore              20055980 f   g_team.obj
 0001:00054ad0       _OnSameTeam                20055ad0 f   g_team.obj
 0001:00054b50       _Team_SetFlagStatus        20055b50 f   g_team.obj
 0001:00054c60       _Team_CheckDroppedItem     20055c60 f   g_team.obj
 0001:00054ce0       _Team_ForceGesture         20055ce0 f   g_team.obj
 0001:00054d90       _Team_FragBonuses          20055d90 f   g_team.obj
 0001:00055a00       _Team_CheckHurtCarrier     20056a00 f   g_team.obj
 0001:00055b20       _Team_ResetFlag            20056b20 f   g_team.obj
 0001:00055c10       _Team_ResetFlags           20056c10 f   g_team.obj
 0001:00055c50       _Team_ReturnFlagSound      20056c50 f   g_team.obj
 0001:00055ce0       _Team_TakeFlagSound        20056ce0 f   g_team.obj
 0001:00055e00       _Team_CaptureFlagSound     20056e00 f   g_team.obj
 0001:00055e90       _Team_ReturnFlag           20056e90 f   g_team.obj
 0001:00055f10       _Team_FreeEntity           20056f10 f   g_team.obj
 0001:00055f90       _Team_DroppedFlagThink     20056f90 f   g_team.obj
 0001:00056030       _Team_TouchOurFlag         20057030 f   g_team.obj
 0001:00056620       _Team_TouchEnemyFlag       20057620 f   g_team.obj
 0001:00056700       _Pickup_Team               20057700 f   g_team.obj
 0001:000567e0       _Team_GetLocation          200577e0 f   g_team.obj
 0001:00056920       _Team_GetLocationMsg       20057920 f   g_team.obj
 0001:00056a10       _SelectRandomTeamSpawnPoint 20057a10 f   g_team.obj
 0001:00056b60       _SelectCTFSpawnPoint       20057b60 f   g_team.obj
 0001:00056c30       _TeamplayInfoMessage       20057c30 f   g_team.obj
 0001:00057020       _CheckTeamStatus           20058020 f   g_team.obj
 0001:000571f0       _SP_team_CTF_redplayer     200581f0 f   g_team.obj
 0001:00057210       _SP_team_CTF_blueplayer    20058210 f   g_team.obj
 0001:00057230       _SP_team_CTF_redspawn      20058230 f   g_team.obj
 0001:00057250       _SP_team_CTF_bluespawn     20058250 f   g_team.obj
 0001:00057270       _InitTrigger               20058270 f   g_trigger.obj
 0001:00057370       _multi_wait                20058370 f   g_trigger.obj
 0001:000573a0       _multi_trigger             200583a0 f   g_trigger.obj
 0001:00057540       _Use_Multi                 20058540 f   g_trigger.obj
 0001:00057570       _Touch_Multi               20058570 f   g_trigger.obj
 0001:000575b0       _SP_trigger_multiple       200585b0 f   g_trigger.obj
 0001:000576b0       _trigger_always_think      200586b0 f   g_trigger.obj
 0001:000576f0       _SP_trigger_always         200586f0 f   g_trigger.obj
 0001:00057730       _G_TouchJumpPad            20058730 f   g_trigger.obj
 0001:00057880       _trigger_push_touch        20058880 f   g_trigger.obj
 0001:000578f0       _AimAtTarget               200588f0 f   g_trigger.obj
 0001:00057ad0       _SP_trigger_push           20058ad0 f   g_trigger.obj
 0001:00057b70       _Use_target_push           20058b70 f   g_trigger.obj
 0001:00057b90       _SP_target_push            20058b90 f   g_trigger.obj
 0001:00057d40       _trigger_teleporter_touch  20058d40 f   g_trigger.obj
 0001:00057e80       _SP_trigger_teleport       20058e80 f   g_trigger.obj
 0001:00057f30       _hurt_use                  20058f30 f   g_trigger.obj
 0001:00057f80       _hurt_touch                20058f80 f   g_trigger.obj
 0001:000580a0       _SP_trigger_hurt           200590a0 f   g_trigger.obj
 0001:00058170       _func_timer_think          20059170 f   g_trigger.obj
 0001:00058210       _func_timer_use            20059210 f   g_trigger.obj
 0001:00058270       _SP_func_timer             20059270 f   g_trigger.obj
 0001:000583a0       _AddRemap                  200593a0 f   g_utils.obj
 0001:000584d0       _BuildShaderStateConfig    200594d0 f   g_utils.obj
 0001:000585d0       _G_FindConfigstringIndex   200595d0 f   g_utils.obj
 0001:000586c0       _G_ModelIndex              200596c0 f   g_utils.obj
 0001:000586f0       _G_SoundIndex              200596f0 f   g_utils.obj
 0001:00058730       _G_TeamCommand             20059730 f   g_utils.obj
 0001:000587d0       _G_Find                    200597d0 f   g_utils.obj
 0001:00058880       _G_PickTarget              20059880 f   g_utils.obj
 0001:00058960       _G_UseTargets              20059960 f   g_utils.obj
 0001:00058ab0       _tv                        20059ab0 f   g_utils.obj
 0001:00058b20       _vtos                      20059b20 f   g_utils.obj
 0001:00058bb0       _G_SetMovedir              20059bb0 f   g_utils.obj
 0001:00058d00       _vectoyaw                  20059d00 f   g_utils.obj
 0001:00058e00       _G_InitGentity             20059e00 f   g_utils.obj
 0001:00058e60       _G_Spawn                   20059e60 f   g_utils.obj
 0001:00059030       _G_EntitiesFree            2005a030 f   g_utils.obj
 0001:000590a0       _G_FreeEntity              2005a0a0 f   g_utils.obj
 0001:00059120       _G_TempEntity              2005a120 f   g_utils.obj
 0001:00059210       _G_KillBox                 2005a210 f   g_utils.obj
 0001:000593b0       _G_AddPredictableEvent     2005a3b0 f   g_utils.obj
 0001:00059400       _G_AddEvent                2005a400 f   g_utils.obj
 0001:00059530       _G_Sound                   2005a530 f   g_utils.obj
 0001:00059570       _G_SetOrigin               2005a570 f   g_utils.obj
 0001:00059640       _DebugLine                 2005a640 f   g_utils.obj
 0001:00059930       _G_BounceProjectile        2005a930 f   g_weapon.obj
 0001:00059a50       _Inv_CalcMuzzlePoint       2005aa50 f   g_weapon.obj
 0001:00059bf0       _Weapon_Gauntlet           2005abf0 f   g_weapon.obj
 0001:00059c10       _CheckGauntletAttack       2005ac10 f   g_weapon.obj
 0001:00059f80       _SnapVectorTowards         2005af80 f   g_weapon.obj
 0001:0005a030       _Bullet_Fire               2005b030 f   g_weapon.obj
 0001:0005a380       _BFG_Fire                  2005b380 f   g_weapon.obj
 0001:0005a400       _ShotgunPellet             2005b400 f   g_weapon.obj
 0001:0005a550       _ShotgunPattern            2005b550 f   g_weapon.obj
 0001:0005a7c0       _weapon_supershotgun_fire  2005b7c0 f   g_weapon.obj
 0001:0005a8e0       _weapon_grenadelauncher_fire 2005b8e0 f   g_weapon.obj
 0001:0005a990       _Weapon_RocketLauncher_Fire 2005b990 f   g_weapon.obj
 0001:0005aa10       _Weapon_Plasmagun_Fire     2005ba10 f   g_weapon.obj
 0001:0005aa90       _weapon_railgun_fire       2005ba90 f   g_weapon.obj
 0001:0005adf0       _Weapon_GrapplingHook_Fire 2005bdf0 f   g_weapon.obj
 0001:0005ae70       _Weapon_HookFree           2005be70 f   g_weapon.obj
 0001:0005aef0       _Weapon_HookThink          2005bef0 f   g_weapon.obj
 0001:0005b0b0       _Weapon_LightningFire      2005c0b0 f   g_weapon.obj
 0001:0005b2e0       _LogAccuracyHit            2005c2e0 f   g_weapon.obj
 0001:0005b380       _CalcMuzzlePoint           2005c380 f   g_weapon.obj
 0001:0005b490       _CalcMuzzlePointOrigin     2005c490 f   g_weapon.obj
 0001:0005b5f0       _FireWeapon                2005c5f0 f   g_weapon.obj
 0001:0005b9e0       _Q_rand                    2005c9e0 f   q_math.obj
 0001:0005ba20       _Q_random                  2005ca20 f   q_math.obj
 0001:0005ba60       _Q_crandom                 2005ca60 f   q_math.obj
 0001:0005ba90       _ClampChar                 2005ca90 f   q_math.obj
 0001:0005bac0       _ClampShort                2005cac0 f   q_math.obj
 0001:0005bb00       _DirToByte                 2005cb00 f   q_math.obj
 0001:0005bbd0       _ByteToDir                 2005cbd0 f   q_math.obj
 0001:0005bc70       _ColorBytes3               2005cc70 f   q_math.obj
 0001:0005bcd0       _ColorBytes4               2005ccd0 f   q_math.obj
 0001:0005bd40       _NormalizeColor            2005cd40 f   q_math.obj
 0001:0005be10       _PlaneFromPoints           2005ce10 f   q_math.obj
 0001:0005bfa0       _RotatePointAroundVector   2005cfa0 f   q_math.obj
 0001:0005c250       _RotateAroundDirection     2005d250 f   q_math.obj
 0001:0005c300       _vectoangles               2005d300 f   q_math.obj
 0001:0005c4d0       _AnglesToAxis              2005d4d0 f   q_math.obj
 0001:0005c540       _AxisClear                 2005d540 f   q_math.obj
 0001:0005c5d0       _AxisCopy                  2005d5d0 f   q_math.obj
 0001:0005c670       _ProjectPointOnPlane       2005d670 f   q_math.obj
 0001:0005c7f0       _MakeNormalVectors         2005d7f0 f   q_math.obj
 0001:0005c8e0       _VectorRotate              2005d8e0 f   q_math.obj
 0001:0005c9a0       _Q_rsqrt                   2005d9a0 f   q_math.obj
 0001:0005ca10       _Q_fabs                    2005da10 f   q_math.obj
 0001:0005ca40       _LerpAngle                 2005da40 f   q_math.obj
 0001:0005cac0       _AngleSubtract             2005dac0 f   q_math.obj
 0001:0005cb30       _AnglesSubtract            2005db30 f   q_math.obj
 0001:0005cbb0       _AngleMod                  2005dbb0 f   q_math.obj
 0001:0005cbf0       _AngleNormalize360         2005dbf0 f   q_math.obj
 0001:0005cc30       _AngleNormalize180         2005dc30 f   q_math.obj
 0001:0005cc80       _AngleDelta                2005dc80 f   q_math.obj
 0001:0005ccb0       _SetPlaneSignbits          2005dcb0 f   q_math.obj
 0001:0005cd30       _BoxOnPlaneSide            2005dd30 f   q_math.obj
 0001:0005d000       _RadiusFromBounds          2005e000 f   q_math.obj
 0001:0005d120       _ClearBounds               2005e120 f   q_math.obj
 0001:0005d180       _AddPointToBounds          2005e180 f   q_math.obj
 0001:0005d280       _VectorNormalize           2005e280 f   q_math.obj
 0001:0005d340       _VectorNormalize2          2005e340 f   q_math.obj
 0001:0005d420       __VectorMA                 2005e420 f   q_math.obj
 0001:0005d480       __DotProduct               2005e480 f   q_math.obj
 0001:0005d4d0       __VectorSubtract           2005e4d0 f   q_math.obj
 0001:0005d530       __VectorAdd                2005e530 f   q_math.obj
 0001:0005d590       __VectorCopy               2005e590 f   q_math.obj
 0001:0005d5d0       __VectorScale              2005e5d0 f   q_math.obj
 0001:0005d620       _Vector4Scale              2005e620 f   q_math.obj
 0001:0005d680       _Q_log2                    2005e680 f   q_math.obj
 0001:0005d6c0       _MatrixMultiply            2005e6c0 f   q_math.obj
 0001:0005d8d0       _AngleVectors              2005e8d0 f   q_math.obj
 0001:0005db30       _PerpendicularVector       2005eb30 f   q_math.obj
 0001:0005dc20       _TransposeMatrix           2005ec20 f   q_math.obj
 0001:0005dca0       _Com_Clamp                 2005eca0 f   q_shared.obj
 0001:0005dcf0       _COM_SkipPath              2005ecf0 f   q_shared.obj
 0001:0005dd50       _COM_StripExtension        2005ed50 f   q_shared.obj
 0001:0005ddb0       _COM_DefaultExtension      2005edb0 f   q_shared.obj
 0001:0005de60       _ShortSwap                 2005ee60 f   q_shared.obj
 0001:0005dec0       _ShortNoSwap               2005eec0 f   q_shared.obj
 0001:0005dee0       _LongSwap                  2005eee0 f   q_shared.obj
 0001:0005df80       _LongNoSwap                2005ef80 f   q_shared.obj
 0001:0005dfa0       _Long64Swap                2005efa0 f   q_shared.obj
 0001:0005e000       _Long64NoSwap              2005f000 f   q_shared.obj
 0001:0005e020       _FloatSwap                 2005f020 f   q_shared.obj
 0001:0005e060       _FloatNoSwap               2005f060 f   q_shared.obj
 0001:0005e080       _COM_BeginParseSession     2005f080 f   q_shared.obj
 0001:0005e0d0       _COM_GetCurrentParseLine   2005f0d0 f   q_shared.obj
 0001:0005e0f0       _COM_Parse                 2005f0f0 f   q_shared.obj
 0001:0005e120       _COM_ParseError            2005f120 f   q_shared.obj
 0001:0005e190       _COM_ParseWarning          2005f190 f   q_shared.obj
 0001:0005e200       _COM_Compress              2005f200 f   q_shared.obj
 0001:0005e480       _COM_ParseExt              2005f480 f   q_shared.obj
 0001:0005e7b0       _COM_MatchToken            2005f7b0 f   q_shared.obj
 0001:0005e810       _SkipBracedSection         2005f810 f   q_shared.obj
 0001:0005e8a0       _SkipRestOfLine            2005f8a0 f   q_shared.obj
 0001:0005e910       _Parse1DMatrix             2005f910 f   q_shared.obj
 0001:0005e9a0       _Parse2DMatrix             2005f9a0 f   q_shared.obj
 0001:0005ea30       _Parse3DMatrix             2005fa30 f   q_shared.obj
 0001:0005ead0       _Q_isprint                 2005fad0 f   q_shared.obj
 0001:0005eb00       _Q_islower                 2005fb00 f   q_shared.obj
 0001:0005eb30       _Q_isupper                 2005fb30 f   q_shared.obj
 0001:0005eb60       _Q_isalpha                 2005fb60 f   q_shared.obj
 0001:0005eba0       _Q_strrchr                 2005fba0 f   q_shared.obj
 0001:0005ec20       _Q_strncpyz                2005fc20 f   q_shared.obj
 0001:0005ecb0       _Q_stricmpn                2005fcb0 f   q_shared.obj
 0001:0005edc0       _Q_strncmp                 2005fdc0 f   q_shared.obj
 0001:0005ee50       _Q_stricmp                 2005fe50 f   q_shared.obj
 0001:0005eea0       _Q_strlwr                  2005fea0 f   q_shared.obj
 0001:0005ef00       _Q_strupr                  2005ff00 f   q_shared.obj
 0001:0005ef60       _Q_strcat                  2005ff60 f   q_shared.obj
 0001:0005efd0       _Q_PrintStrlen             2005ffd0 f   q_shared.obj
 0001:0005f070       _Q_CleanStr                20060070 f   q_shared.obj
 0001:0005f130       _Com_sprintf               20060130 f   q_shared.obj
 0001:0005f1e0       _va                        200601e0 f   q_shared.obj
 0001:0005f250       _Info_ValueForKey          20060250 f   q_shared.obj
 0001:0005f430       _Info_NextPair             20060430 f   q_shared.obj
 0001:0005f540       _Info_RemoveKey            20060540 f   q_shared.obj
 0001:0005f710       _Info_RemoveKey_Big        20060710 f   q_shared.obj
 0001:0005f8e0       _Info_Validate             200608e0 f   q_shared.obj
 0001:0005f940       _Info_SetValueForKey       20060940 f   q_shared.obj
 0001:0005fb20       _Info_SetValueForKey_Big   20060b20 f   q_shared.obj
 0001:0005fcf0       _CalcMuzzlePointStuff      20060cf0 f   SPAAACE.obj
 0001:0005fe30       _Inv_CalcMuzzleStuff       20060e30 f   SPAAACE.obj
 0001:0005fe80       _CalcMuzzlePointOriginStuff 20060e80 f   SPAAACE.obj
 0001:00060010       _atol                      20061010 f   LIBCMTD:atox.obj
 0001:00060110       _atoi                      20061110 f   LIBCMTD:atox.obj
 0001:00060130       __atoi64                   20061130 f   LIBCMTD:atox.obj
 0001:00060260       _strlen                    20061260 f   LIBCMTD:strlen.obj
 0001:000602e0       _srand                     200612e0 f   LIBCMTD:rand.obj
 0001:000602f0       _rand                      200612f0 f   LIBCMTD:rand.obj
 0001:00060330       __fpmath                   20061330 f   LIBCMTD:fpinit.obj
 0001:00060360       __fpclear                  20061360 f   LIBCMTD:fpinit.obj
 0001:00060370       __cfltcvt_init             20061370 f   LIBCMTD:fpinit.obj
 0001:000603c0       ___setfflag                200613c0 f   LIBCMTD:fpinit.obj
 0001:000603dc       __ftol                     200613dc f   LIBCMTD:ftol.obj
 0001:00060410       _strncpy                   20061410 f   LIBCMTD:strncpy.obj
 0001:00060510       _strcpy                    20061510 f   LIBCMTD:strcat.obj
 0001:00060520       _strcat                    20061520 f   LIBCMTD:strcat.obj
 0001:00060600       _memcpy                    20061600 f   LIBCMTD:memcpy.obj
 0001:00060940       _atof                      20061940 f   LIBCMTD:atof.obj
 0001:000609c0       _sscanf                    200619c0 f   LIBCMTD:sscanf.obj
 0001:00060a80       __CIsqrt                   20061a80 f   LIBCMTD:sqrt.obj
 0001:00060a94       _sqrt                      20061a94 f   LIBCMTD:sqrt.obj
 0001:00060b40       _memset                    20061b40 f   LIBCMTD:memset.obj
 0001:00060ba0       __toupper                  20061ba0 f   LIBCMTD:toupper.obj
 0001:00060bb0       _toupper                   20061bb0 f   LIBCMTD:toupper.obj
 0001:00060c50       __toupper_lk               20061c50 f   LIBCMTD:toupper.obj
 0001:00060d80       _memmove                   20061d80 f   LIBCMTD:memmove.obj
 0001:000610c0       _strstr                    200620c0 f   LIBCMTD:strstr.obj
 0001:00061140       _fabs                      20062140 f   LIBCMTD:fabs.obj
 0001:00061240       _strcmp                    20062240 f   LIBCMTD:strcmp.obj
 0001:000612d0       _vsprintf                  200622d0 f   LIBCMTD:vsprintf.obj
 0001:000613d0       _abs                       200623d0 f   LIBCMTD:abs.obj
 0001:00061410       _strchr                    20062410 f   LIBCMTD:strchr.obj
 0001:00061416       ___from_strstr_to_strchr   20062416 f   LIBCMTD:strchr.obj
 0001:000614d0       __CIsin                    200624d0 f   LIBCMTD:sin.obj
 0001:000614e4       _sin                       200624e4 f   LIBCMTD:sin.obj
 0001:00061580       __CIcos                    20062580 f   LIBCMTD:cos.obj
 0001:00061594       _cos                       20062594 f   LIBCMTD:cos.obj
 0001:00061630       __CIacos                   20062630 f   LIBCMTD:acos.obj
 0001:00061644       _acos                      20062644 f   LIBCMTD:acos.obj
 0001:00061700       __assert                   20062700 f   LIBCMTD:assert.obj
 0001:00061a80       __chkstk                   20062a80 f   LIBCMTD:chkstk.obj
 0001:00061a80       __alloca_probe             20062a80 f   LIBCMTD:chkstk.obj
 0001:00061ab0       __tolower                  20062ab0 f   LIBCMTD:tolower.obj
 0001:00061ac0       _tolower                   20062ac0 f   LIBCMTD:tolower.obj
 0001:00061b60       __tolower_lk               20062b60 f   LIBCMTD:tolower.obj
 0001:00061c90       _ceil                      20062c90 f   LIBCMTD:ceil.obj
 0001:00061dd0       _qsort                     20062dd0 f   LIBCMTD:qsort.obj
 0001:000620d0       _atan2                     200630d0 f   LIBCMTD:87ctriga.obj
 0001:000620da       __CIatan2                  200630da f   LIBCMTD:87ctriga.obj
 0001:000620f0       __CRT_INIT@12              200630f0 f   LIBCMTD:dllcrt0.obj
 0001:00062230       __DllMainCRTStartup@12     20063230 f   LIBCMTD:dllcrt0.obj
 0001:00062330       __amsg_exit                20063330 f   LIBCMTD:dllcrt0.obj
 0001:00062370       __isctype                  20063370 f   LIBCMTD:isctype.obj
 0001:00062430       __allmul                   20063430 f   LIBCMTD:llmul.obj
 0001:00062470       __mtinit                   20063470 f   LIBCMTD:tidtable.obj
 0001:00062500       __mtterm                   20063500 f   LIBCMTD:tidtable.obj
 0001:00062530       __initptd                  20063530 f   LIBCMTD:tidtable.obj
 0001:00062550       __getptd                   20063550 f   LIBCMTD:tidtable.obj
 0001:000625f0       __freeptd                  200635f0 f   LIBCMTD:tidtable.obj
 0001:00062700       ___threadid                20063700 f   LIBCMTD:tidtable.obj
 0001:00062710       ___threadhandle            20063710 f   LIBCMTD:tidtable.obj
 0001:00062720       __setdefaultprecision      20063720 f   LIBCMTD:fp8.obj
 0001:00062740       __ms_p5_test_fdiv          20063740 f   LIBCMTD:testfdiv.obj
 0001:000627a0       __ms_p5_mp_test_fdiv       200637a0 f   LIBCMTD:testfdiv.obj
 0001:000627f0       __forcdecpt                200637f0 f   LIBCMTD:cvt.obj
 0001:000628a0       __cropzeros                200638a0 f   LIBCMTD:cvt.obj
 0001:00062980       __positive                 20063980 f   LIBCMTD:cvt.obj
 0001:000629b0       __fassign                  200639b0 f   LIBCMTD:cvt.obj
[...]
 0003:00004300       __pow10neg                 200cc300     LIBCMTD:constpow.obj
 0003:0000445c       __timezone                 200cc45c     LIBCMTD:timeset.obj
 0003:00004460       __daylight                 200cc460     LIBCMTD:timeset.obj
 0003:00004464       __dstbias                  200cc464     LIBCMTD:timeset.obj
 0003:000044e8       __tzname                   200cc4e8     LIBCMTD:timeset.obj
 0003:0000450c       __lpdays                   200cc50c     LIBCMTD:days.obj
 0003:00004540       __days                     200cc540     LIBCMTD:days.obj
 0003:00004d18       _c_pmove                   200ccd18     bg_pmove.obj
 0003:00004d20       _WallWalk                  200ccd20     bg_pmove.obj
 0003:00004d24       _ceiling                   200ccd24     bg_pmove.obj
 0003:00057dc0       _remapCount                2011fdc0     g_utils.obj
 0003:000581bc       _vec3_origin               201201bc     q_math.obj
 0003:00072ab4       ___fastflag                2013aab4     LIBCMTD:fpinit.obj
 0003:00072ab8       __adjust_fdiv              2013aab8     LIBCMTD:fpinit.obj
 0003:00072ac0       __aenvptr                  2013aac0     LIBCMTD:dllcrt0.obj
 0003:00072ac4       __wenvptr                  2013aac4     LIBCMTD:dllcrt0.obj
 0003:00072ac8       ___error_mode              2013aac8     LIBCMTD:dllcrt0.obj
 0003:00072acc       ___app_type                2013aacc     LIBCMTD:dllcrt0.obj
 0003:00072b44       ___lc_handle               2013ab44     LIBCMTD:nlsdata2.obj
 0003:00072b5c       ___lc_codepage             2013ab5c     LIBCMTD:nlsdata2.obj
 0003:00072b60       ___lc_collate_cp           2013ab60     LIBCMTD:nlsdata2.obj
 0003:00072b68       __umaskval                 2013ab68     LIBCMTD:crt0dat.obj
 0003:00072b6c       __osver                    2013ab6c     LIBCMTD:crt0dat.obj
 0003:00072b70       __winver                   2013ab70     LIBCMTD:crt0dat.obj
 0003:00072b74       __winmajor                 2013ab74     LIBCMTD:crt0dat.obj
 0003:00072b78       __winminor                 2013ab78     LIBCMTD:crt0dat.obj
 0003:00072b7c       ___argc                    2013ab7c     LIBCMTD:crt0dat.obj
 0003:00072b80       ___argv                    2013ab80     LIBCMTD:crt0dat.obj
 0003:00072b84       ___wargv                   2013ab84     LIBCMTD:crt0dat.obj
 0003:00072b88       __environ                  2013ab88     LIBCMTD:crt0dat.obj
 0003:00072b8c       ___initenv                 2013ab8c     LIBCMTD:crt0dat.obj
 0003:00072b90       __wenviron                 2013ab90     LIBCMTD:crt0dat.obj
 0003:00072b94       ___winitenv                2013ab94     LIBCMTD:crt0dat.obj
 0003:00072b98       __pgmptr                   2013ab98     LIBCMTD:crt0dat.obj
 0003:00072b9c       __wpgmptr                  2013ab9c     LIBCMTD:crt0dat.obj
 0003:00072ba0       __exitflag                 2013aba0     LIBCMTD:crt0dat.obj
 0003:00072ba4       __C_Termination_Done       2013aba4     LIBCMTD:crt0dat.obj
 0003:00072ba8       __C_Exit_Done              2013aba8     LIBCMTD:crt0dat.obj
 0003:00072bd0       __cflush                   2013abd0     LIBCMTD:_file.obj
 0003:00072cf0       __adbgmsg                  2013acf0     LIBCMTD:crt0msg.obj
 0003:00072cf8       ___lc_time_intl            2013acf8     LIBCMTD:inittime.obj
 0003:00072d14       ___lc_id                   2013ad14     LIBCMTD:nlsdata3.obj
 0003:00072d5c       __stdbuf                   2013ad5c     LIBCMTD:_sftbuf.obj
 0003:00072d64       __newmode                  2013ad64     LIBCMTD:_newmode.obj
 0003:00072d68       ?_pnhHeap@@3P6AHI@ZA       2013ad68     LIBCMTD:handler.obj
 0003:00072d78       ___lconv_static_null       2013ad78     LIBCMTD:lconv.obj
 0003:00072e60       _remappedShaders           2013ae60     <common>
 0003:00077d9c       _neutralObelisk            2013fd9c     <common>
 0003:00077dc0       _teamgame                  2013fdc0     <common>
 0003:00077de4       _pushed_p                  2013fde4     <common>
 0003:000797a0       _pushed                    201417a0     <common>
 0003:000817a0       _g_synchronousClients      201497a0     <common>
 0003:000ae640       _g_maxGameClients          20176640     <common>
 0003:000ae760       _g_fraglimit               20176760     <common>
 0003:000ae880       _g_gametype                20176880     <common>
 0003:000ae9a0       _g_password                201769a0     <common>
 0003:000aeac0       _g_dmflags                 20176ac0     <common>
 0003:000aebe0       _pmove_msec                20176be0     <common>
 0003:000aed00       _g_cheats                  20176d00     <common>
 0003:000aee20       _g_capturelimit            20176e20     <common>
 0003:000aef40       _g_weaponTeamRespawn       20176f40     <common>
 0003:000af060       _g_needpass                20177060     <common>
 0003:000af180       _g_speed                   20177180     <common>
 0003:000af2a0       _g_teamForceBalance        201772a0     <common>
 0003:000af3c0       _g_doWarmup                201773c0     <common>
 0003:000af4e0       _g_debugDamage             201774e0     <common>
 0003:000af600       _g_podiumDist              20177600     <common>
 0003:000af720       _g_banIPs                  20177720     <common>
 0003:000af840       _pmove_fixed               20177840     <common>
 0003:000af960       _g_rankings                20177960     <common>
 0003:000afa80       _g_knockback               20177a80     <common>
 0003:000afba0       _g_clients                 20177ba0     <common>
 0003:000bbda0       _g_maxclients              20183da0     <common>
 0003:000bbec0       _g_podiumDrop              20183ec0     <common>
 0003:000bbfe0       _g_timelimit               20183fe0     <common>
 0003:000bc100       _g_filterBan               20184100     <common>
 0003:000bc220       _g_smoothClients           20184220     <common>
 0003:000bc340       _g_debugAlloc              20184340     <common>
 0003:000bc460       _g_inactivity              20184460     <common>
 0003:000bc580       _level                     20184580     <common>
 0003:000be980       _g_restarted               20186980     <common>
 0003:000beaa0       _g_teamAutoJoin            20186aa0     <common>
 0003:000bebc0       _g_blood                   20186bc0     <common>
 0003:000bece0       _g_gravity                 20186ce0     <common>
 0003:000bee00       _g_listEntity              20186e00     <common>
 0003:000bef20       _g_allowVote               20186f20     <common>
 0003:000bf040       _g_entities                20187040     <common>
 0003:0018e040       _g_log                     20256040     <common>
 0003:0018e160       _g_friendlyFire            20256160     <common>
 0003:0018e280       _g_weaponRespawn           20256280     <common>
 0003:0018e3a0       _g_debugMove               202563a0     <common>
 0003:0018e4c0       _g_motd                    202564c0     <common>
 0003:0018e5e0       _g_forcerespawn            202565e0     <common>
 0003:0018e700       _g_warmup                  20256700     <common>
 0003:0018e820       _g_logSync                 20256820     <common>
 0003:0018e940       _g_quadfactor              20256940     <common>
 0003:0018ea60       _g_dedicated               20256a60     <common>
 0003:0018eb80       _itemRegistered            20256b80     <common>
 0003:0018f060       _bot_minplayers            20257060     <common>
 0003:0018f1b0       _g_numArenas               202571b0     <common>
 0003:0018f1b4       _podium2                   202571b4     <common>
 0003:0018f1c4       _podium3                   202571c4     <common>
 0003:0018f1c8       _podium1                   202571c8     <common>
 0003:0018f1d0       _Gravity                   202571d0     <common>
 0003:0018f220       _pml                       20257220     <common>
 0003:0018f2ac       _pm                        202572ac     <common>
 0003:0018f2c0       _ctftaskpreferences        202572c0     <common>
 0003:0018fee0       _bot_interbreedcycle       20257ee0     <common>
 0003:001902bc       _numbots                   202582bc     <common>
 0003:001902c0       _bot_testsolid             202582c0     <common>
 0003:001903e0       _bot_interbreedwrite       202583e0     <common>
 0003:00190500       _bot_developer             20258500     <common>
 0003:00190620       _bot_testclusters          20258620     <common>
 0003:00190730       _bot_interbreedmatchcount  20258730     <common>
 0003:00190740       _bot_saveroutingcache      20258740     <common>
 0003:00190860       _bot_thinktime             20258860     <common>
 0003:00190980       _botstates                 20258980     <common>
 0003:00190a80       _regularupdate_time        20258a80     <common>
 0003:00190a84       _bot_interbreed            20258a84     <common>
 0003:00190a88       _floattime                 20258a88     <common>
 0003:00190aa0       _bot_pause                 20258aa0     <common>
 0003:00190bc0       _bot_interbreedbots        20258bc0     <common>
 0003:00190ce0       _bot_memorydump            20258ce0     <common>
 0003:00190e00       _bot_report                20258e00     <common>
 0003:00190f20       _bot_interbreedchar        20258f20     <common>
 0003:00191030       _lastteleport_origin       20259030     <common>
 0003:00191d60       _ctf_blueflag              20259d60     <common>
 0003:00191da0       _g_spSkill                 20259da0     <common>
 0003:00191ec0       _bot_testrchat             20259ec0     <common>
 0003:00191fd0       _gametype                  20259fd0     <common>
 0003:00191fe0       _bot_nochat                20259fe0     <common>
 0003:001920f0       _max_bspmodelindex         2025a0f0     <common>
 0003:00192100       _bot_fastchat              2025a100     <common>
 0003:00192220       _bot_rocketjump            2025a220     <common>
 0003:00192340       _bot_predictobstacles      2025a340     <common>
 0003:00192460       _bot_challenge             2025a460     <common>
 0003:00192570       _red_numaltroutegoals      2025a570     <common>
 0003:00192580       _ctf_redflag               2025a580     <common>
 0003:001925b8       _botai_freewaypoints       2025a5b8     <common>
 0003:001925bc       _altroutegoals_setup       2025a5bc     <common>
 0003:001925c0       _lastteleport_time         2025a5c0     <common>
 0003:001925e0       _blue_altroutegoals        2025a5e0     <common>
 0003:001928e0       _blue_numaltroutegoals     2025a8e0     <common>
 0003:00192900       _botai_waypoints           2025a900     <common>
 0003:00195b00       _bot_grapple               2025db00     <common>
 0003:00195c20       _red_altroutegoals         2025dc20     <common>
 0003:00195f20       _maxclients                2025df20     <common>
 0003:00195f24       _numnodeswitches           2025df24     <common>
 0003:00196500       _nodeswitch                2025e500     <common>
 0003:001981c0       _notleader                 202601c0     <common>
 0003:001982fc       ___alternate_form          202602fc     <common>
 0003:0019830c       ___no_lead_zeros           2026030c     <common>
 0003:00198310       ___mbcodepage              20260310     <common>
 0003:00198390       ___mbulinfo                20260390     <common>
 0003:0019839c       ___ismbcodepage            2026039c     <common>
 0003:001983a0       __mbcasemap                202603a0     <common>
 0003:001984a0       __mbctype                  202604a0     <common>
 0003:001985a4       ___mblcid                  202605a4     <common>
 0003:001985a8       ___sbh_sizeHeaderList      202605a8     <common>
 0003:001985b8       ___sbh_indGroupDefer       202605b8     <common>
 0003:001985bc       ___sbh_pHeaderScan         202605bc     <common>
 0003:001985c0       ___sbh_pHeaderDefer        202605c0     <common>
 0003:001985c4       ___sbh_cntHeaderList       202605c4     <common>
 0003:001985c8       ___sbh_pHeaderList         202605c8     <common>
 0003:001985cc       __crtheap                  202605cc     <common>
 0003:001985d8       __pfnDumpClient            202605d8     <common>
 0003:00198600       ___pioinfo                 20260600     <common>
 0003:0019873c       __nhandle                  2026073c     <common>
 0003:00198740       ___piob                    20260740     <common>
 0003:00198a80       __bufin                    20260a80     <common>
 0003:00199a80       __nstream                  20261a80     <common>
 0003:00199a84       ___env_initialized         20261a84     <common>
 0003:00199a94       ___mbctype_initialized     20261a94     <common>
 0003:00199a98       ___onexitend               20261a98     <common>
 0003:00199a9c       ___onexitbegin             20261a9c     <common>
 0003:00199aa0       ___setlc_active            20261aa0     <common>
 0003:00199ab0       ___unguarded_readlc_active 20261ab0     <common>
 0003:00199ab4       __pfnReportHook            20261ab4     <common>
 0003:00199ac0       __acmdln                   20261ac0     <common>
 0003:00199ad0       __pRawDllMain              20261ad0     <common>
 0004:00000000       __IMPORT_DESCRIPTOR_KERNEL32 20262000     kernel32:KERNEL32.dll
 0004:00000014       __NULL_IMPORT_DESCRIPTOR   20262014     kernel32:KERNEL32.dll
 0004:000001bc       __imp__InterlockedDecrement@4 202621bc     kernel32:KERNEL32.dll
 0004:000001c0       __imp__InterlockedIncrement@4 202621c0     kernel32:KERNEL32.dll
 0004:000001c4       __imp__GetModuleFileNameA@12 202621c4     kernel32:KERNEL32.dll
 0004:000001c8       __imp__GetCommandLineA@0   202621c8     kernel32:KERNEL32.dll
 0004:000001cc       __imp__GetVersion@0        202621cc     kernel32:KERNEL32.dll
 0004:000001d0       __imp__GetCurrentThreadId@0 202621d0     kernel32:KERNEL32.dll
 0004:000001d4       __imp__TlsSetValue@8       202621d4     kernel32:KERNEL32.dll
 0004:000001d8       __imp__TlsAlloc@0          202621d8     kernel32:KERNEL32.dll
 0004:000001dc       __imp__TlsFree@4           202621dc     kernel32:KERNEL32.dll
 0004:000001e0       __imp__SetLastError@4      202621e0     kernel32:KERNEL32.dll
 0004:000001e4       __imp__TlsGetValue@4       202621e4     kernel32:KERNEL32.dll
 0004:000001e8       __imp__GetLastError@0      202621e8     kernel32:KERNEL32.dll
 0004:000001ec       __imp__GetCurrentThread@0  202621ec     kernel32:KERNEL32.dll
 0004:000001f0       __imp__GetProcAddress@8    202621f0     kernel32:KERNEL32.dll
 0004:000001f4       __imp__GetModuleHandleA@4  202621f4     kernel32:KERNEL32.dll
 0004:000001f8       __imp__DebugBreak@0        202621f8     kernel32:KERNEL32.dll
 0004:000001fc       __imp__GetStdHandle@4      202621fc     kernel32:KERNEL32.dll
 0004:00000200       __imp__WriteFile@20        20262200     kernel32:KERNEL32.dll
 0004:00000204       __imp__OutputDebugStringA@4 20262204     kernel32:KERNEL32.dll
 0004:00000208       __imp__LoadLibraryA@4      20262208     kernel32:KERNEL32.dll
 0004:0000020c       __imp__InitializeCriticalSection@4 2026220c     kernel32:KERNEL32.dll
 0004:00000210       __imp__DeleteCriticalSection@4 20262210     kernel32:KERNEL32.dll
 0004:00000214       __imp__EnterCriticalSection@4 20262214     kernel32:KERNEL32.dll
 0004:00000218       __imp__LeaveCriticalSection@4 20262218     kernel32:KERNEL32.dll
 0004:0000021c       __imp__ExitProcess@4       2026221c     kernel32:KERNEL32.dll
 0004:00000220       __imp__FatalAppExitA@8     20262220     kernel32:KERNEL32.dll
 0004:00000224       __imp__Sleep@4             20262224     kernel32:KERNEL32.dll
 0004:00000228       __imp__WideCharToMultiByte@32 20262228     kernel32:KERNEL32.dll
 0004:0000022c       __imp__MultiByteToWideChar@24 2026222c     kernel32:KERNEL32.dll
 0004:00000230       __imp__LCMapStringA@24     20262230     kernel32:KERNEL32.dll
 0004:00000234       __imp__LCMapStringW@24     20262234     kernel32:KERNEL32.dll
 0004:00000238       __imp__RaiseException@16   20262238     kernel32:KERNEL32.dll
 0004:0000023c       __imp__TerminateProcess@8  2026223c     kernel32:KERNEL32.dll
 0004:00000240       __imp__GetCurrentProcess@0 20262240     kernel32:KERNEL32.dll
 0004:00000244       __imp__SetConsoleCtrlHandler@8 20262244     kernel32:KERNEL32.dll
 0004:00000248       __imp__SetHandleCount@4    20262248     kernel32:KERNEL32.dll
 0004:0000024c       __imp__GetFileType@4       2026224c     kernel32:KERNEL32.dll
 0004:00000250       __imp__GetStartupInfoA@4   20262250     kernel32:KERNEL32.dll
 0004:00000254       __imp__IsBadWritePtr@8     20262254     kernel32:KERNEL32.dll
 0004:00000258       __imp__IsBadReadPtr@8      20262258     kernel32:KERNEL32.dll
 0004:0000025c       __imp__HeapValidate@12     2026225c     kernel32:KERNEL32.dll
 0004:00000260       __imp__FreeEnvironmentStringsA@4 20262260     kernel32:KERNEL32.dll
 0004:00000264       __imp__FreeEnvironmentStringsW@4 20262264     kernel32:KERNEL32.dll
 0004:00000268       __imp__GetEnvironmentStrings@0 20262268     kernel32:KERNEL32.dll
 0004:0000026c       __imp__GetEnvironmentStringsW@0 2026226c     kernel32:KERNEL32.dll
 0004:00000270       __imp__HeapDestroy@4       20262270     kernel32:KERNEL32.dll
 0004:00000274       __imp__HeapCreate@12       20262274     kernel32:KERNEL32.dll
 0004:00000278       __imp__HeapFree@12         20262278     kernel32:KERNEL32.dll
 0004:0000027c       __imp__VirtualFree@12      2026227c     kernel32:KERNEL32.dll
 0004:00000280       __imp__GetStringTypeA@20   20262280     kernel32:KERNEL32.dll
 0004:00000284       __imp__GetStringTypeW@16   20262284     kernel32:KERNEL32.dll
 0004:00000288       __imp__UnhandledExceptionFilter@4 20262288     kernel32:KERNEL32.dll
 0004:0000028c       __imp__GetCPInfo@8         2026228c     kernel32:KERNEL32.dll
 0004:00000290       __imp__IsValidLocale@8     20262290     kernel32:KERNEL32.dll
 0004:00000294       __imp__IsValidCodePage@4   20262294     kernel32:KERNEL32.dll
 0004:00000298       __imp__GetLocaleInfoA@16   20262298     kernel32:KERNEL32.dll
 0004:0000029c       __imp__EnumSystemLocalesA@8 2026229c     kernel32:KERNEL32.dll
 0004:000002a0       __imp__GetUserDefaultLCID@0 202622a0     kernel32:KERNEL32.dll
 0004:000002a4       __imp__GetVersionExA@4     202622a4     kernel32:KERNEL32.dll
 0004:000002a8       __imp__RtlUnwind@16        202622a8     kernel32:KERNEL32.dll
 0004:000002ac       __imp__SetFilePointer@16   202622ac     kernel32:KERNEL32.dll
 0004:000002b0       __imp__FlushFileBuffers@4  202622b0     kernel32:KERNEL32.dll
 0004:000002b4       __imp__HeapAlloc@12        202622b4     kernel32:KERNEL32.dll
 0004:000002b8       __imp__HeapReAlloc@16      202622b8     kernel32:KERNEL32.dll
 0004:000002bc       __imp__VirtualAlloc@16     202622bc     kernel32:KERNEL32.dll
 0004:000002c0       __imp__GetACP@0            202622c0     kernel32:KERNEL32.dll
 0004:000002c4       __imp__GetOEMCP@0          202622c4     kernel32:KERNEL32.dll
 0004:000002c8       __imp__ReadFile@20         202622c8     kernel32:KERNEL32.dll
 0004:000002cc       __imp__SetStdHandle@8      202622cc     kernel32:KERNEL32.dll
 0004:000002d0       __imp__GetTimeZoneInformation@4 202622d0     kernel32:KERNEL32.dll
 0004:000002d4       __imp__GetLocaleInfoW@16   202622d4     kernel32:KERNEL32.dll
 0004:000002d8       __imp__CloseHandle@4       202622d8     kernel32:KERNEL32.dll
 0004:000002dc       __imp__CompareStringA@24   202622dc     kernel32:KERNEL32.dll
 0004:000002e0       __imp__CompareStringW@24   202622e0     kernel32:KERNEL32.dll
 0004:000002e4       __imp__SetEnvironmentVariableA@8 202622e4     kernel32:KERNEL32.dll
 0004:000002e8       \177KERNEL32_NULL_THUNK_DATA 202622e8     kernel32:KERNEL32.dll

 entry point at        0001:00062230

